Time Elapsed 00:02:15.11
