  Determining projects to restore...
F:\Berry-Work\dev\DiffusionTool\BerryAIGen.Toolkit\BerryAIGen.Toolkit.csproj : warning NU1701: Package 'FontAwesome.WPF 4.7.0.9' was restored using '.NETFramework,Version=v4.6.1, .NETFramework,Version=v4.6.2, .NETFramework,Version=v4.7, .NETFramework,Version=v4.7.1, .NETFramework,Version=v4.7.2, .NETFramework,Version=v4.8, .NETFramework,Version=v4.8.1' instead of the project target framework 'net8.0-windows7.0'. This package may not be fully compatible with your project. [F:\Berry-Work\dev\DiffusionTool\BerryAIGen.sln]
F:\Berry-Work\dev\DiffusionTool\TestBed\TestBed.csproj : warning NU1701: Package 'FontAwesome.WPF 4.7.0.9' was restored using '.NETFramework,Version=v4.6.1, .NETFramework,Version=v4.6.2, .NETFramework,Version=v4.7, .NETFramework,Version=v4.7.1, .NETFramework,Version=v4.7.2, .NETFramework,Version=v4.8, .NETFramework,Version=v4.8.1' instead of the project target framework 'net8.0-windows7.0'. This package may not be fully compatible with your project. [F:\Berry-Work\dev\DiffusionTool\BerryAIGen.sln]
  All projects are up-to-date for restore.
F:\Berry-Work\dev\DiffusionTool\TestBed\TestBed.csproj : warning NU1701: Package 'FontAwesome.WPF 4.7.0.9' was restored using '.NETFramework,Version=v4.6.1, .NETFramework,Version=v4.6.2, .NETFramework,Version=v4.7, .NETFramework,Version=v4.7.1, .NETFramework,Version=v4.7.2, .NETFramework,Version=v4.8, .NETFramework,Version=v4.8.1' instead of the project target framework 'net8.0-windows7.0'. This package may not be fully compatible with your project.
  BerryAIGen.Scripting -> F:\Berry-Work\dev\DiffusionTool\BerryAIGen.Scripting\bin\Debug\net8.0\BerryAIGen.Scripting.dll
  BerryAIGen.Civitai -> F:\Berry-Work\dev\DiffusionTool\BerryAIGen.Civitai\bin\Debug\net8.0\BerryAIGen.Civitai.dll
  BerryAIGen.Video -> F:\Berry-Work\dev\DiffusionTool\BerryAIGen.Video\bin\Debug\net8.0-windows\BerryAIGen.Video.dll
  BerryAIGen.Github -> F:\Berry-Work\dev\DiffusionTool\BerryAIGen.Github\bin\Debug\net8.0\BerryAIGen.Github.dll
F:\Berry-Work\dev\DiffusionTool\BerryAIGen.Toolkit\BerryAIGen.Toolkit.csproj : warning NU1701: Package 'FontAwesome.WPF 4.7.0.9' was restored using '.NETFramework,Version=v4.6.1, .NETFramework,Version=v4.6.2, .NETFramework,Version=v4.7, .NETFramework,Version=v4.7.1, .NETFramework,Version=v4.7.2, .NETFramework,Version=v4.8, .NETFramework,Version=v4.8.1' instead of the project target framework 'net8.0-windows7.0'. This package may not be fully compatible with your project.
  BerryAIGen.Common -> F:\Berry-Work\dev\DiffusionTool\BerryAIGen.Common\bin\Debug\net8.0\BerryAIGen.Common.dll
  BerryAIGen.Updater -> F:\Berry-Work\dev\DiffusionTool\BerryAIGen.Updater\bin\Debug\net8.0-windows\BerryAIGen.Updater.dll
  BerryAIGen.IO -> F:\Berry-Work\dev\DiffusionTool\BerryAIGen.IO\bin\Debug\net8.0\BerryAIGen.IO.dll
  BerryAIGen.Database -> F:\Berry-Work\dev\DiffusionTool\BerryAIGen.Database\bin\Debug\net8.0\BerryAIGen.Database.dll
  TestHarness -> F:\Berry-Work\dev\DiffusionTool\TestHarness\bin\Debug\net8.0\TestHarness.dll
F:\Berry-Work\dev\DiffusionTool\BerryAIGen.Toolkit\BerryAIGen.Toolkit_b3ao1qf4_wpftmp.csproj : warning NU1701: Package 'FontAwesome.WPF 4.7.0.9' was restored using '.NETFramework,Version=v4.6.1, .NETFramework,Version=v4.6.2, .NETFramework,Version=v4.7, .NETFramework,Version=v4.7.1, .NETFramework,Version=v4.7.2, .NETFramework,Version=v4.8, .NETFramework,Version=v4.8.1' instead of the project target framework 'net8.0-windows7.0'. This package may not be fully compatible with your project.
F:\Berry-Work\dev\DiffusionTool\BerryAIGen.Toolkit\AlbumSortWindow.xaml.cs(6,7): warning CS0105: The using directive for 'BerryAIGen.Toolkit.Common' appeared previously in this namespace [F:\Berry-Work\dev\DiffusionTool\BerryAIGen.Toolkit\BerryAIGen.Toolkit_b3ao1qf4_wpftmp.csproj]
F:\Berry-Work\dev\DiffusionTool\BerryAIGen.Toolkit\Controls\FilterControlModel.cs(16,7): warning CS0105: The using directive for 'BerryAIGen.Toolkit.Common' appeared previously in this namespace [F:\Berry-Work\dev\DiffusionTool\BerryAIGen.Toolkit\BerryAIGen.Toolkit_b3ao1qf4_wpftmp.csproj]
F:\Berry-Work\dev\DiffusionTool\BerryAIGen.Toolkit\Controls\PreviewPane.xaml.cs(5,7): warning CS0105: The using directive for 'BerryAIGen.Toolkit.Common' appeared previously in this namespace [F:\Berry-Work\dev\DiffusionTool\BerryAIGen.Toolkit\BerryAIGen.Toolkit_b3ao1qf4_wpftmp.csproj]
F:\Berry-Work\dev\DiffusionTool\BerryAIGen.Toolkit\Controls\ThumbnailView.xaml.DependencyProperties.cs(9,7): warning CS0105: The using directive for 'BerryAIGen.Toolkit.Common' appeared previously in this namespace [F:\Berry-Work\dev\DiffusionTool\BerryAIGen.Toolkit\BerryAIGen.Toolkit_b3ao1qf4_wpftmp.csproj]
F:\Berry-Work\dev\DiffusionTool\BerryAIGen.Toolkit\Controls\ThumbnailView.xaml.DependencyProperties.cs(13,7): warning CS0105: The using directive for 'BerryAIGen.Toolkit.Common' appeared previously in this namespace [F:\Berry-Work\dev\DiffusionTool\BerryAIGen.Toolkit\BerryAIGen.Toolkit_b3ao1qf4_wpftmp.csproj]
F:\Berry-Work\dev\DiffusionTool\BerryAIGen.Toolkit\Controls\ThumbnailViewModel.cs(6,7): warning CS0105: The using directive for 'BerryAIGen.Toolkit.Common' appeared previously in this namespace [F:\Berry-Work\dev\DiffusionTool\BerryAIGen.Toolkit\BerryAIGen.Toolkit_b3ao1qf4_wpftmp.csproj]
F:\Berry-Work\dev\DiffusionTool\BerryAIGen.Toolkit\MainWindow.xaml.Events.cs(19,7): warning CS0105: The using directive for 'BerryAIGen.Toolkit.Common' appeared previously in this namespace [F:\Berry-Work\dev\DiffusionTool\BerryAIGen.Toolkit\BerryAIGen.Toolkit_b3ao1qf4_wpftmp.csproj]
F:\Berry-Work\dev\DiffusionTool\BerryAIGen.Toolkit\MainWindow.xaml.Folders.cs(8,7): warning CS0105: The using directive for 'BerryAIGen.Toolkit.Common' appeared previously in this namespace [F:\Berry-Work\dev\DiffusionTool\BerryAIGen.Toolkit\BerryAIGen.Toolkit_b3ao1qf4_wpftmp.csproj]
F:\Berry-Work\dev\DiffusionTool\BerryAIGen.Toolkit\Models\SearchModel.cs(11,7): warning CS0105: The using directive for 'BerryAIGen.Toolkit.Common' appeared previously in this namespace [F:\Berry-Work\dev\DiffusionTool\BerryAIGen.Toolkit\BerryAIGen.Toolkit_b3ao1qf4_wpftmp.csproj]
F:\Berry-Work\dev\DiffusionTool\BerryAIGen.Toolkit\Pages\Prompts.xaml.cs(15,7): warning CS0105: The using directive for 'BerryAIGen.Toolkit.Common' appeared previously in this namespace [F:\Berry-Work\dev\DiffusionTool\BerryAIGen.Toolkit\BerryAIGen.Toolkit_b3ao1qf4_wpftmp.csproj]
F:\Berry-Work\dev\DiffusionTool\BerryAIGen.Toolkit\Preview.xaml.cs(14,7): warning CS0105: The using directive for 'BerryAIGen.Toolkit.Common' appeared previously in this namespace [F:\Berry-Work\dev\DiffusionTool\BerryAIGen.Toolkit\BerryAIGen.Toolkit_b3ao1qf4_wpftmp.csproj]
F:\Berry-Work\dev\DiffusionTool\BerryAIGen.Toolkit\ReleaseNotes.xaml.cs(11,7): warning CS0105: The using directive for 'BerryAIGen.Toolkit.Common' appeared previously in this namespace [F:\Berry-Work\dev\DiffusionTool\BerryAIGen.Toolkit\BerryAIGen.Toolkit_b3ao1qf4_wpftmp.csproj]
F:\Berry-Work\dev\DiffusionTool\BerryAIGen.Toolkit\Services\FolderService.cs(19,7): warning CS0105: The using directive for 'BerryAIGen.Toolkit.Common' appeared previously in this namespace [F:\Berry-Work\dev\DiffusionTool\BerryAIGen.Toolkit\BerryAIGen.Toolkit_b3ao1qf4_wpftmp.csproj]
F:\Berry-Work\dev\DiffusionTool\BerryAIGen.Toolkit\Services\ServiceLocator.cs(4,7): warning CS0105: The using directive for 'BerryAIGen.Toolkit.Common' appeared previously in this namespace [F:\Berry-Work\dev\DiffusionTool\BerryAIGen.Toolkit\BerryAIGen.Toolkit_b3ao1qf4_wpftmp.csproj]
F:\Berry-Work\dev\DiffusionTool\BerryAIGen.Toolkit\Services\ServiceLocator.cs(5,7): warning CS0105: The using directive for 'BerryAIGen.Toolkit.Common' appeared previously in this namespace [F:\Berry-Work\dev\DiffusionTool\BerryAIGen.Toolkit\BerryAIGen.Toolkit_b3ao1qf4_wpftmp.csproj]
F:\Berry-Work\dev\DiffusionTool\BerryAIGen.Toolkit\Common\RelayCommand.cs(53,17): warning CS8767: Nullability of reference types in type of parameter 'parameter' of 'bool RelayCommand<T>.CanExecute(object parameter)' doesn't match implicitly implemented member 'bool ICommand.CanExecute(object? parameter)' (possibly because of nullability attributes). [F:\Berry-Work\dev\DiffusionTool\BerryAIGen.Toolkit\BerryAIGen.Toolkit_b3ao1qf4_wpftmp.csproj]
F:\Berry-Work\dev\DiffusionTool\BerryAIGen.Toolkit\Common\RelayCommand.cs(71,17): warning CS8767: Nullability of reference types in type of parameter 'parameter' of 'void RelayCommand<T>.Execute(object parameter)' doesn't match implicitly implemented member 'void ICommand.Execute(object? parameter)' (possibly because of nullability attributes). [F:\Berry-Work\dev\DiffusionTool\BerryAIGen.Toolkit\BerryAIGen.Toolkit_b3ao1qf4_wpftmp.csproj]
F:\Berry-Work\dev\DiffusionTool\BerryAIGen.Toolkit\Common\RelayCommand.cs(61,31): warning CS8612: Nullability of reference types in type of 'event EventHandler RelayCommand<T>.CanExecuteChanged' doesn't match implicitly implemented member 'event EventHandler? ICommand.CanExecuteChanged'. [F:\Berry-Work\dev\DiffusionTool\BerryAIGen.Toolkit\BerryAIGen.Toolkit_b3ao1qf4_wpftmp.csproj]
F:\Berry-Work\dev\DiffusionTool\BerryAIGen.Toolkit\Preview.xaml.cs(28,31): warning CS0108: 'PreviewWindow.OnDrop' hides inherited member 'UIElement.OnDrop(DragEventArgs)'. Use the new keyword if hiding was intended. [F:\Berry-Work\dev\DiffusionTool\BerryAIGen.Toolkit\BerryAIGen.Toolkit_b3ao1qf4_wpftmp.csproj]
F:\Berry-Work\dev\DiffusionTool\BerryAIGen.Toolkit\Controls\PreviewPane.xaml(143,57): warning CS0108: 'PreviewPane.Content' hides inherited member 'ContentControl.Content'. Use the new keyword if hiding was intended. [F:\Berry-Work\dev\DiffusionTool\BerryAIGen.Toolkit\BerryAIGen.Toolkit_b3ao1qf4_wpftmp.csproj]
F:\Berry-Work\dev\DiffusionTool\BerryAIGen.Toolkit\AlbumListModel.cs(11,21): warning CS8618: Non-nullable property 'Escape' must contain a non-null value when exiting constructor. Consider adding the 'required' modifier or declaring the property as nullable. [F:\Berry-Work\dev\DiffusionTool\BerryAIGen.Toolkit\BerryAIGen.Toolkit_b3ao1qf4_wpftmp.csproj]
F:\Berry-Work\dev\DiffusionTool\BerryAIGen.Toolkit\AlbumListModel.cs(31,19): warning CS9264: Non-nullable property 'AlbumName' must contain a non-null value when exiting constructor. Consider adding the 'required' modifier, or declaring the property as nullable, or safely handling the case where 'field' is null in the 'get' accessor. [F:\Berry-Work\dev\DiffusionTool\BerryAIGen.Toolkit\BerryAIGen.Toolkit_b3ao1qf4_wpftmp.csproj]
F:\Berry-Work\dev\DiffusionTool\BerryAIGen.Toolkit\AlbumListModel.cs(37,31): warning CS9264: Non-nullable property 'Albums' must contain a non-null value when exiting constructor. Consider adding the 'required' modifier, or declaring the property as nullable, or safely handling the case where 'field' is null in the 'get' accessor. [F:\Berry-Work\dev\DiffusionTool\BerryAIGen.Toolkit\BerryAIGen.Toolkit_b3ao1qf4_wpftmp.csproj]
F:\Berry-Work\dev\DiffusionTool\BerryAIGen.Toolkit\AlbumListWindow.xaml.cs(26,16): warning CS8618: Non-nullable property 'AlbumName' must contain a non-null value when exiting constructor. Consider adding the 'required' modifier or declaring the property as nullable. [F:\Berry-Work\dev\DiffusionTool\BerryAIGen.Toolkit\BerryAIGen.Toolkit_b3ao1qf4_wpftmp.csproj]
F:\Berry-Work\dev\DiffusionTool\BerryAIGen.Toolkit\AlbumListWindow.xaml.cs(26,16): warning CS8618: Non-nullable property 'SelectedAlbum' must contain a non-null value when exiting constructor. Consider adding the 'required' modifier or declaring the property as nullable. [F:\Berry-Work\dev\DiffusionTool\BerryAIGen.Toolkit\BerryAIGen.Toolkit_b3ao1qf4_wpftmp.csproj]
F:\Berry-Work\dev\DiffusionTool\BerryAIGen.Toolkit\AlbumSortModel.cs(15,21): warning CS8618: Non-nullable property 'Escape' must contain a non-null value when exiting constructor. Consider adding the 'required' modifier or declaring the property as nullable. [F:\Berry-Work\dev\DiffusionTool\BerryAIGen.Toolkit\BerryAIGen.Toolkit_b3ao1qf4_wpftmp.csproj]
F:\Berry-Work\dev\DiffusionTool\BerryAIGen.Toolkit\AlbumSortModel.cs(17,19): warning CS9264: Non-nullable property 'SortAlbumsBy' must contain a non-null value when exiting constructor. Consider adding the 'required' modifier, or declaring the property as nullable, or safely handling the case where 'field' is null in the 'get' accessor. [F:\Berry-Work\dev\DiffusionTool\BerryAIGen.Toolkit\BerryAIGen.Toolkit_b3ao1qf4_wpftmp.csproj]
F:\Berry-Work\dev\DiffusionTool\BerryAIGen.Toolkit\AlbumSortModel.cs(29,40): warning CS9264: Non-nullable property 'Albums' must contain a non-null value when exiting constructor. Consider adding the 'required' modifier, or declaring the property as nullable, or safely handling the case where 'field' is null in the 'get' accessor. [F:\Berry-Work\dev\DiffusionTool\BerryAIGen.Toolkit\BerryAIGen.Toolkit_b3ao1qf4_wpftmp.csproj]
F:\Berry-Work\dev\DiffusionTool\BerryAIGen.Toolkit\AlbumSortModel.cs(35,40): warning CS9264: Non-nullable property 'SortedAlbums' must contain a non-null value when exiting constructor. Consider adding the 'required' modifier, or declaring the property as nullable, or safely handling the case where 'field' is null in the 'get' accessor. [F:\Berry-Work\dev\DiffusionTool\BerryAIGen.Toolkit\BerryAIGen.Toolkit_b3ao1qf4_wpftmp.csproj]
F:\Berry-Work\dev\DiffusionTool\BerryAIGen.Toolkit\AlbumSortModel.cs(41,21): warning CS8618: Non-nullable property 'MoveUpCommand' must contain a non-null value when exiting constructor. Consider adding the 'required' modifier or declaring the property as nullable. [F:\Berry-Work\dev\DiffusionTool\BerryAIGen.Toolkit\BerryAIGen.Toolkit_b3ao1qf4_wpftmp.csproj]
F:\Berry-Work\dev\DiffusionTool\BerryAIGen.Toolkit\AlbumSortModel.cs(42,21): warning CS8618: Non-nullable property 'MoveDownCommand' must contain a non-null value when exiting constructor. Consider adding the 'required' modifier or declaring the property as nullable. [F:\Berry-Work\dev\DiffusionTool\BerryAIGen.Toolkit\BerryAIGen.Toolkit_b3ao1qf4_wpftmp.csproj]
F:\Berry-Work\dev\DiffusionTool\BerryAIGen.Toolkit\AlbumListWindow.xaml.cs(66,29): warning CS8601: Possible null reference assignment. [F:\Berry-Work\dev\DiffusionTool\BerryAIGen.Toolkit\BerryAIGen.Toolkit_b3ao1qf4_wpftmp.csproj]
F:\Berry-Work\dev\DiffusionTool\BerryAIGen.Toolkit\Common\RelayCommand.cs(24,25): warning CS8625: Cannot convert null literal to non-nullable reference type. [F:\Berry-Work\dev\DiffusionTool\BerryAIGen.Toolkit\BerryAIGen.Toolkit_b3ao1qf4_wpftmp.csproj]
F:\Berry-Work\dev\DiffusionTool\BerryAIGen.Toolkit\Common\RelayCommand.cs(11,35): warning CS8625: Cannot convert null literal to non-nullable reference type. [F:\Berry-Work\dev\DiffusionTool\BerryAIGen.Toolkit\BerryAIGen.Toolkit_b3ao1qf4_wpftmp.csproj]
F:\Berry-Work\dev\DiffusionTool\BerryAIGen.Toolkit\Common\RelayCommand.cs(12,41): warning CS8625: Cannot convert null literal to non-nullable reference type. [F:\Berry-Work\dev\DiffusionTool\BerryAIGen.Toolkit\BerryAIGen.Toolkit_b3ao1qf4_wpftmp.csproj]
F:\Berry-Work\dev\DiffusionTool\BerryAIGen.Toolkit\Behaviors\ScrollSpeed.cs(69,39): warning CS8600: Converting null literal or possible null value to non-nullable type. [F:\Berry-Work\dev\DiffusionTool\BerryAIGen.Toolkit\BerryAIGen.Toolkit_b3ao1qf4_wpftmp.csproj]
F:\Berry-Work\dev\DiffusionTool\BerryAIGen.Toolkit\Behaviors\ScrollSpeed.cs(71,39): warning CS8602: Dereference of a possibly null reference. [F:\Berry-Work\dev\DiffusionTool\BerryAIGen.Toolkit\BerryAIGen.Toolkit_b3ao1qf4_wpftmp.csproj]
F:\Berry-Work\dev\DiffusionTool\BerryAIGen.Toolkit\Behaviors\ScrollSpeed.cs(73,37): warning CS8600: Converting null literal or possible null value to non-nullable type. [F:\Berry-Work\dev\DiffusionTool\BerryAIGen.Toolkit\BerryAIGen.Toolkit_b3ao1qf4_wpftmp.csproj]
F:\Berry-Work\dev\DiffusionTool\BerryAIGen.Toolkit\Common\VisibilityAnimation.cs(80,45): warning CS8600: Converting null literal or possible null value to non-nullable type. [F:\Berry-Work\dev\DiffusionTool\BerryAIGen.Toolkit\BerryAIGen.Toolkit_b3ao1qf4_wpftmp.csproj]
F:\Berry-Work\dev\DiffusionTool\BerryAIGen.Toolkit\WelcomeWindow.xaml.cs(144,16): warning CS8618: Non-nullable property 'SelectedPaths' must contain a non-null value when exiting constructor. Consider adding the 'required' modifier or declaring the property as nullable. [F:\Berry-Work\dev\DiffusionTool\BerryAIGen.Toolkit\BerryAIGen.Toolkit_b3ao1qf4_wpftmp.csproj]
F:\Berry-Work\dev\DiffusionTool\BerryAIGen.Toolkit\WelcomeWindow.xaml.cs(180,42): warning CS0168: The variable 'e' is declared but never used [F:\Berry-Work\dev\DiffusionTool\BerryAIGen.Toolkit\BerryAIGen.Toolkit_b3ao1qf4_wpftmp.csproj]
F:\Berry-Work\dev\DiffusionTool\BerryAIGen.Toolkit\WelcomeWindow.xaml.cs(192,30): warning CS0168: The variable 'e' is declared but never used [F:\Berry-Work\dev\DiffusionTool\BerryAIGen.Toolkit\BerryAIGen.Toolkit_b3ao1qf4_wpftmp.csproj]
F:\Berry-Work\dev\DiffusionTool\BerryAIGen.Toolkit\Common\NavigatorService.cs(68,12): warning CS8618: Non-nullable event 'OnNavigate' must contain a non-null value when exiting constructor. Consider adding the 'required' modifier or declaring the event as nullable. [F:\Berry-Work\dev\DiffusionTool\BerryAIGen.Toolkit\BerryAIGen.Toolkit_b3ao1qf4_wpftmp.csproj]
F:\Berry-Work\dev\DiffusionTool\BerryAIGen.Toolkit\BorderlessWindow.cs(166,29): warning CS8622: Nullability of reference types in type of parameter 'sender' of 'void BorderlessWindow.OnStateChanged(object sender, EventArgs e)' doesn't match the target delegate 'EventHandler' (possibly because of nullability attributes). [F:\Berry-Work\dev\DiffusionTool\BerryAIGen.Toolkit\BerryAIGen.Toolkit_b3ao1qf4_wpftmp.csproj]
F:\Berry-Work\dev\DiffusionTool\BerryAIGen.Toolkit\BorderlessWindow.cs(158,16): warning CS8618: Non-nullable property 'WindowRoot' must contain a non-null value when exiting constructor. Consider adding the 'required' modifier or declaring the property as nullable. [F:\Berry-Work\dev\DiffusionTool\BerryAIGen.Toolkit\BerryAIGen.Toolkit_b3ao1qf4_wpftmp.csproj]
F:\Berry-Work\dev\DiffusionTool\BerryAIGen.Toolkit\BorderlessWindow.cs(158,16): warning CS8618: Non-nullable property 'LayoutRoot' must contain a non-null value when exiting constructor. Consider adding the 'required' modifier or declaring the property as nullable. [F:\Berry-Work\dev\DiffusionTool\BerryAIGen.Toolkit\BerryAIGen.Toolkit_b3ao1qf4_wpftmp.csproj]
F:\Berry-Work\dev\DiffusionTool\BerryAIGen.Toolkit\BorderlessWindow.cs(158,16): warning CS8618: Non-nullable property 'MinimizeButton' must contain a non-null value when exiting constructor. Consider adding the 'required' modifier or declaring the property as nullable. [F:\Berry-Work\dev\DiffusionTool\BerryAIGen.Toolkit\BerryAIGen.Toolkit_b3ao1qf4_wpftmp.csproj]
F:\Berry-Work\dev\DiffusionTool\BerryAIGen.Toolkit\BorderlessWindow.cs(158,16): warning CS8618: Non-nullable property 'MaximizeButton' must contain a non-null value when exiting constructor. Consider adding the 'required' modifier or declaring the property as nullable. [F:\Berry-Work\dev\DiffusionTool\BerryAIGen.Toolkit\BerryAIGen.Toolkit_b3ao1qf4_wpftmp.csproj]
F:\Berry-Work\dev\DiffusionTool\BerryAIGen.Toolkit\BorderlessWindow.cs(158,16): warning CS8618: Non-nullable property 'RestoreButton' must contain a non-null value when exiting constructor. Consider adding the 'required' modifier or declaring the property as nullable. [F:\Berry-Work\dev\DiffusionTool\BerryAIGen.Toolkit\BerryAIGen.Toolkit_b3ao1qf4_wpftmp.csproj]
F:\Berry-Work\dev\DiffusionTool\BerryAIGen.Toolkit\BorderlessWindow.cs(158,16): warning CS8618: Non-nullable property 'CloseButton' must contain a non-null value when exiting constructor. Consider adding the 'required' modifier or declaring the property as nullable. [F:\Berry-Work\dev\DiffusionTool\BerryAIGen.Toolkit\BerryAIGen.Toolkit_b3ao1qf4_wpftmp.csproj]
F:\Berry-Work\dev\DiffusionTool\BerryAIGen.Toolkit\BorderlessWindow.cs(158,16): warning CS8618: Non-nullable property 'HeaderBar' must contain a non-null value when exiting constructor. Consider adding the 'required' modifier or declaring the property as nullable. [F:\Berry-Work\dev\DiffusionTool\BerryAIGen.Toolkit\BerryAIGen.Toolkit_b3ao1qf4_wpftmp.csproj]
F:\Berry-Work\dev\DiffusionTool\BerryAIGen.Toolkit\BorderlessWindow.cs(158,16): warning CS8618: Non-nullable property 'TitleBar' must contain a non-null value when exiting constructor. Consider adding the 'required' modifier or declaring the property as nullable. [F:\Berry-Work\dev\DiffusionTool\BerryAIGen.Toolkit\BerryAIGen.Toolkit_b3ao1qf4_wpftmp.csproj]
F:\Berry-Work\dev\DiffusionTool\BerryAIGen.Toolkit\Common\VisibilityAnimation.cs(158,45): warning CS8600: Converting null literal or possible null value to non-nullable type. [F:\Berry-Work\dev\DiffusionTool\BerryAIGen.Toolkit\BerryAIGen.Toolkit_b3ao1qf4_wpftmp.csproj]
F:\Berry-Work\dev\DiffusionTool\BerryAIGen.Toolkit\Common\NavigatorService.cs(105,30): warning CS8601: Possible null reference assignment. [F:\Berry-Work\dev\DiffusionTool\BerryAIGen.Toolkit\BerryAIGen.Toolkit_b3ao1qf4_wpftmp.csproj]
F:\Berry-Work\dev\DiffusionTool\BerryAIGen.Toolkit\Configuration\ExternalApplication.cs(6,19): warning CS8618: Non-nullable property 'Name' must contain a non-null value when exiting constructor. Consider adding the 'required' modifier or declaring the property as nullable. [F:\Berry-Work\dev\DiffusionTool\BerryAIGen.Toolkit\BerryAIGen.Toolkit_b3ao1qf4_wpftmp.csproj]
F:\Berry-Work\dev\DiffusionTool\BerryAIGen.Toolkit\Configuration\ExternalApplication.cs(7,19): warning CS8618: Non-nullable property 'Path' must contain a non-null value when exiting constructor. Consider adding the 'required' modifier or declaring the property as nullable. [F:\Berry-Work\dev\DiffusionTool\BerryAIGen.Toolkit\BerryAIGen.Toolkit_b3ao1qf4_wpftmp.csproj]
F:\Berry-Work\dev\DiffusionTool\BerryAIGen.Toolkit\Configuration\ExternalApplication.cs(8,19): warning CS8618: Non-nullable property 'CommandLineArgs' must contain a non-null value when exiting constructor. Consider adding the 'required' modifier or declaring the property as nullable. [F:\Berry-Work\dev\DiffusionTool\BerryAIGen.Toolkit\BerryAIGen.Toolkit_b3ao1qf4_wpftmp.csproj]
F:\Berry-Work\dev\DiffusionTool\BerryAIGen.Toolkit\Common\NavigatorService.cs(47,16): warning CS8618: Non-nullable property 'CurrentUri' must contain a non-null value when exiting constructor. Consider adding the 'required' modifier or declaring the property as nullable. [F:\Berry-Work\dev\DiffusionTool\BerryAIGen.Toolkit\BerryAIGen.Toolkit_b3ao1qf4_wpftmp.csproj]
F:\Berry-Work\dev\DiffusionTool\BerryAIGen.Toolkit\Common\NavigatorService.cs(48,16): warning CS8618: Non-nullable property 'TargetUri' must contain a non-null value when exiting constructor. Consider adding the 'required' modifier or declaring the property as nullable. [F:\Berry-Work\dev\DiffusionTool\BerryAIGen.Toolkit\BerryAIGen.Toolkit_b3ao1qf4_wpftmp.csproj]
F:\Berry-Work\dev\DiffusionTool\BerryAIGen.Toolkit\Configuration\SettingsContainer.cs(37,44): warning CS8618: Non-nullable event 'SettingChanged' must contain a non-null value when exiting constructor. Consider adding the 'required' modifier or declaring the event as nullable. [F:\Berry-Work\dev\DiffusionTool\BerryAIGen.Toolkit\BerryAIGen.Toolkit_b3ao1qf4_wpftmp.csproj]
F:\Berry-Work\dev\DiffusionTool\BerryAIGen.Toolkit\Configuration\Settings.cs(22,12): warning CS8618: Non-nullable field '_imagePaths' must contain a non-null value when exiting constructor. Consider adding the 'required' modifier or declaring the field as nullable. [F:\Berry-Work\dev\DiffusionTool\BerryAIGen.Toolkit\BerryAIGen.Toolkit_b3ao1qf4_wpftmp.csproj]
F:\Berry-Work\dev\DiffusionTool\BerryAIGen.Toolkit\Configuration\Settings.cs(22,12): warning CS8618: Non-nullable field '_excludePaths' must contain a non-null value when exiting constructor. Consider adding the 'required' modifier or declaring the field as nullable. [F:\Berry-Work\dev\DiffusionTool\BerryAIGen.Toolkit\BerryAIGen.Toolkit_b3ao1qf4_wpftmp.csproj]
F:\Berry-Work\dev\DiffusionTool\BerryAIGen.Toolkit\Configuration\Settings.cs(22,12): warning CS9264: Non-nullable property 'ModelRootPath' must contain a non-null value when exiting constructor. Consider adding the 'required' modifier, or declaring the property as nullable, or safely handling the case where 'field' is null in the 'get' accessor. [F:\Berry-Work\dev\DiffusionTool\BerryAIGen.Toolkit\BerryAIGen.Toolkit_b3ao1qf4_wpftmp.csproj]
F:\Berry-Work\dev\DiffusionTool\BerryAIGen.Toolkit\Configuration\Settings.cs(22,12): warning CS9264: Non-nullable property 'HashCache' must contain a non-null value when exiting constructor. Consider adding the 'required' modifier, or declaring the property as nullable, or safely handling the case where 'field' is null in the 'get' accessor. [F:\Berry-Work\dev\DiffusionTool\BerryAIGen.Toolkit\BerryAIGen.Toolkit_b3ao1qf4_wpftmp.csproj]
F:\Berry-Work\dev\DiffusionTool\BerryAIGen.Toolkit\Configuration\Settings.cs(22,12): warning CS9264: Non-nullable property 'CustomCommandLine' must contain a non-null value when exiting constructor. Consider adding the 'required' modifier, or declaring the property as nullable, or safely handling the case where 'field' is null in the 'get' accessor. [F:\Berry-Work\dev\DiffusionTool\BerryAIGen.Toolkit\BerryAIGen.Toolkit_b3ao1qf4_wpftmp.csproj]
F:\Berry-Work\dev\DiffusionTool\BerryAIGen.Toolkit\Configuration\Settings.cs(22,12): warning CS9264: Non-nullable property 'Version' must contain a non-null value when exiting constructor. Consider adding the 'required' modifier, or declaring the property as nullable, or safely handling the case where 'field' is null in the 'get' accessor. [F:\Berry-Work\dev\DiffusionTool\BerryAIGen.Toolkit\BerryAIGen.Toolkit_b3ao1qf4_wpftmp.csproj]
F:\Berry-Work\dev\DiffusionTool\BerryAIGen.Toolkit\Controls\ThumbnailViewModel.cs(29,12): warning CS8618: Non-nullable field '_modeName' must contain a non-null value when exiting constructor. Consider adding the 'required' modifier or declaring the field as nullable. [F:\Berry-Work\dev\DiffusionTool\BerryAIGen.Toolkit\BerryAIGen.Toolkit_b3ao1qf4_wpftmp.csproj]
F:\Berry-Work\dev\DiffusionTool\BerryAIGen.Toolkit\Controls\ThumbnailViewModel.cs(29,12): warning CS8618: Non-nullable field '_showDropDown' must contain a non-null value when exiting constructor. Consider adding the 'required' modifier or declaring the field as nullable. [F:\Berry-Work\dev\DiffusionTool\BerryAIGen.Toolkit\BerryAIGen.Toolkit_b3ao1qf4_wpftmp.csproj]
F:\Berry-Work\dev\DiffusionTool\BerryAIGen.Toolkit\Controls\ThumbnailViewModel.cs(29,12): warning CS8618: Non-nullable field '_hideDropDown' must contain a non-null value when exiting constructor. Consider adding the 'required' modifier or declaring the field as nullable. [F:\Berry-Work\dev\DiffusionTool\BerryAIGen.Toolkit\BerryAIGen.Toolkit_b3ao1qf4_wpftmp.csproj]
F:\Berry-Work\dev\DiffusionTool\BerryAIGen.Toolkit\Controls\ThumbnailViewModel.cs(29,12): warning CS8618: Non-nullable field '_showInThumbnails' must contain a non-null value when exiting constructor. Consider adding the 'required' modifier or declaring the field as nullable. [F:\Berry-Work\dev\DiffusionTool\BerryAIGen.Toolkit\BerryAIGen.Toolkit_b3ao1qf4_wpftmp.csproj]
F:\Berry-Work\dev\DiffusionTool\BerryAIGen.Toolkit\Controls\ThumbnailViewModel.cs(29,12): warning CS9264: Non-nullable property 'Results' must contain a non-null value when exiting constructor. Consider adding the 'required' modifier, or declaring the property as nullable, or safely handling the case where 'field' is null in the 'get' accessor. [F:\Berry-Work\dev\DiffusionTool\BerryAIGen.Toolkit\BerryAIGen.Toolkit_b3ao1qf4_wpftmp.csproj]
F:\Berry-Work\dev\DiffusionTool\BerryAIGen.Toolkit\Controls\ThumbnailViewModel.cs(29,12): warning CS9264: Non-nullable property 'ResultStatus' must contain a non-null value when exiting constructor. Consider adding the 'required' modifier, or declaring the property as nullable, or safely handling the case where 'field' is null in the 'get' accessor. [F:\Berry-Work\dev\DiffusionTool\BerryAIGen.Toolkit\BerryAIGen.Toolkit_b3ao1qf4_wpftmp.csproj]
F:\Berry-Work\dev\DiffusionTool\BerryAIGen.Toolkit\Controls\ThumbnailViewModel.cs(29,12): warning CS9264: Non-nullable property 'SearchHint' must contain a non-null value when exiting constructor. Consider adding the 'required' modifier, or declaring the property as nullable, or safely handling the case where 'field' is null in the 'get' accessor. [F:\Berry-Work\dev\DiffusionTool\BerryAIGen.Toolkit\BerryAIGen.Toolkit_b3ao1qf4_wpftmp.csproj]
F:\Berry-Work\dev\DiffusionTool\BerryAIGen.Toolkit\Controls\ThumbnailViewModel.cs(29,12): warning CS9264: Non-nullable property 'PrevPage' must contain a non-null value when exiting constructor. Consider adding the 'required' modifier, or declaring the property as nullable, or safely handling the case where 'field' is null in the 'get' accessor. [F:\Berry-Work\dev\DiffusionTool\BerryAIGen.Toolkit\BerryAIGen.Toolkit_b3ao1qf4_wpftmp.csproj]
F:\Berry-Work\dev\DiffusionTool\BerryAIGen.Toolkit\Controls\ThumbnailViewModel.cs(29,12): warning CS9264: Non-nullable property 'NextPage' must contain a non-null value when exiting constructor. Consider adding the 'required' modifier, or declaring the property as nullable, or safely handling the case where 'field' is null in the 'get' accessor. [F:\Berry-Work\dev\DiffusionTool\BerryAIGen.Toolkit\BerryAIGen.Toolkit_b3ao1qf4_wpftmp.csproj]
F:\Berry-Work\dev\DiffusionTool\BerryAIGen.Toolkit\Controls\ThumbnailViewModel.cs(29,12): warning CS9264: Non-nullable property 'FirstPage' must contain a non-null value when exiting constructor. Consider adding the 'required' modifier, or declaring the property as nullable, or safely handling the case where 'field' is null in the 'get' accessor. [F:\Berry-Work\dev\DiffusionTool\BerryAIGen.Toolkit\BerryAIGen.Toolkit_b3ao1qf4_wpftmp.csproj]
F:\Berry-Work\dev\DiffusionTool\BerryAIGen.Toolkit\Controls\ThumbnailViewModel.cs(29,12): warning CS9264: Non-nullable property 'LastPage' must contain a non-null value when exiting constructor. Consider adding the 'required' modifier, or declaring the property as nullable, or safely handling the case where 'field' is null in the 'get' accessor. [F:\Berry-Work\dev\DiffusionTool\BerryAIGen.Toolkit\BerryAIGen.Toolkit_b3ao1qf4_wpftmp.csproj]
F:\Berry-Work\dev\DiffusionTool\BerryAIGen.Toolkit\Controls\ThumbnailViewModel.cs(29,12): warning CS9264: Non-nullable property 'Refresh' must contain a non-null value when exiting constructor. Consider adding the 'required' modifier, or declaring the property as nullable, or safely handling the case where 'field' is null in the 'get' accessor. [F:\Berry-Work\dev\DiffusionTool\BerryAIGen.Toolkit\BerryAIGen.Toolkit_b3ao1qf4_wpftmp.csproj]
F:\Berry-Work\dev\DiffusionTool\BerryAIGen.Toolkit\Controls\ThumbnailViewModel.cs(29,12): warning CS9264: Non-nullable property 'FocusSearch' must contain a non-null value when exiting constructor. Consider adding the 'required' modifier, or declaring the property as nullable, or safely handling the case where 'field' is null in the 'get' accessor. [F:\Berry-Work\dev\DiffusionTool\BerryAIGen.Toolkit\BerryAIGen.Toolkit_b3ao1qf4_wpftmp.csproj]
F:\Berry-Work\dev\DiffusionTool\BerryAIGen.Toolkit\Controls\ThumbnailViewModel.cs(29,12): warning CS9264: Non-nullable property 'ToggleParameters' must contain a non-null value when exiting constructor. Consider adding the 'required' modifier, or declaring the property as nullable, or safely handling the case where 'field' is null in the 'get' accessor. [F:\Berry-Work\dev\DiffusionTool\BerryAIGen.Toolkit\BerryAIGen.Toolkit_b3ao1qf4_wpftmp.csproj]
F:\Berry-Work\dev\DiffusionTool\BerryAIGen.Toolkit\Controls\ThumbnailViewModel.cs(29,12): warning CS9264: Non-nullable property 'CopyFiles' must contain a non-null value when exiting constructor. Consider adding the 'required' modifier, or declaring the property as nullable, or safely handling the case where 'field' is null in the 'get' accessor. [F:\Berry-Work\dev\DiffusionTool\BerryAIGen.Toolkit\BerryAIGen.Toolkit_b3ao1qf4_wpftmp.csproj]
F:\Berry-Work\dev\DiffusionTool\BerryAIGen.Toolkit\Controls\ThumbnailViewModel.cs(29,12): warning CS9264: Non-nullable property 'CopyPromptCommand' must contain a non-null value when exiting constructor. Consider adding the 'required' modifier, or declaring the property as nullable, or safely handling the case where 'field' is null in the 'get' accessor. [F:\Berry-Work\dev\DiffusionTool\BerryAIGen.Toolkit\BerryAIGen.Toolkit_b3ao1qf4_wpftmp.csproj]
F:\Berry-Work\dev\DiffusionTool\BerryAIGen.Toolkit\Controls\ThumbnailViewModel.cs(29,12): warning CS9264: Non-nullable property 'CopyPathCommand' must contain a non-null value when exiting constructor. Consider adding the 'required' modifier, or declaring the property as nullable, or safely handling the case where 'field' is null in the 'get' accessor. [F:\Berry-Work\dev\DiffusionTool\BerryAIGen.Toolkit\BerryAIGen.Toolkit_b3ao1qf4_wpftmp.csproj]
F:\Berry-Work\dev\DiffusionTool\BerryAIGen.Toolkit\Controls\ThumbnailViewModel.cs(29,12): warning CS9264: Non-nullable property 'ShowInExplorerCommand' must contain a non-null value when exiting constructor. Consider adding the 'required' modifier, or declaring the property as nullable, or safely handling the case where 'field' is null in the 'get' accessor. [F:\Berry-Work\dev\DiffusionTool\BerryAIGen.Toolkit\BerryAIGen.Toolkit_b3ao1qf4_wpftmp.csproj]
F:\Berry-Work\dev\DiffusionTool\BerryAIGen.Toolkit\Controls\ThumbnailViewModel.cs(29,12): warning CS9264: Non-nullable property 'ExpandToFolderCommand' must contain a non-null value when exiting constructor. Consider adding the 'required' modifier, or declaring the property as nullable, or safely handling the case where 'field' is null in the 'get' accessor. [F:\Berry-Work\dev\DiffusionTool\BerryAIGen.Toolkit\BerryAIGen.Toolkit_b3ao1qf4_wpftmp.csproj]
F:\Berry-Work\dev\DiffusionTool\BerryAIGen.Toolkit\Controls\ThumbnailViewModel.cs(29,12): warning CS9264: Non-nullable property 'DeleteCommand' must contain a non-null value when exiting constructor. Consider adding the 'required' modifier, or declaring the property as nullable, or safely handling the case where 'field' is null in the 'get' accessor. [F:\Berry-Work\dev\DiffusionTool\BerryAIGen.Toolkit\BerryAIGen.Toolkit_b3ao1qf4_wpftmp.csproj]
F:\Berry-Work\dev\DiffusionTool\BerryAIGen.Toolkit\Controls\ThumbnailViewModel.cs(29,12): warning CS9264: Non-nullable property 'FavoriteCommand' must contain a non-null value when exiting constructor. Consider adding the 'required' modifier, or declaring the property as nullable, or safely handling the case where 'field' is null in the 'get' accessor. [F:\Berry-Work\dev\DiffusionTool\BerryAIGen.Toolkit\BerryAIGen.Toolkit_b3ao1qf4_wpftmp.csproj]
F:\Berry-Work\dev\DiffusionTool\BerryAIGen.Toolkit\Controls\ThumbnailViewModel.cs(29,12): warning CS9264: Non-nullable property 'CopyNegativePromptCommand' must contain a non-null value when exiting constructor. Consider adding the 'required' modifier, or declaring the property as nullable, or safely handling the case where 'field' is null in the 'get' accessor. [F:\Berry-Work\dev\DiffusionTool\BerryAIGen.Toolkit\BerryAIGen.Toolkit_b3ao1qf4_wpftmp.csproj]
F:\Berry-Work\dev\DiffusionTool\BerryAIGen.Toolkit\Controls\ThumbnailViewModel.cs(29,12): warning CS9264: Non-nullable property 'CopyOthersCommand' must contain a non-null value when exiting constructor. Consider adding the 'required' modifier, or declaring the property as nullable, or safely handling the case where 'field' is null in the 'get' accessor. [F:\Berry-Work\dev\DiffusionTool\BerryAIGen.Toolkit\BerryAIGen.Toolkit_b3ao1qf4_wpftmp.csproj]
F:\Berry-Work\dev\DiffusionTool\BerryAIGen.Toolkit\Controls\ThumbnailViewModel.cs(29,12): warning CS9264: Non-nullable property 'CopyParametersCommand' must contain a non-null value when exiting constructor. Consider adding the 'required' modifier, or declaring the property as nullable, or safely handling the case where 'field' is null in the 'get' accessor. [F:\Berry-Work\dev\DiffusionTool\BerryAIGen.Toolkit\BerryAIGen.Toolkit_b3ao1qf4_wpftmp.csproj]
F:\Berry-Work\dev\DiffusionTool\BerryAIGen.Toolkit\Controls\ThumbnailViewModel.cs(29,12): warning CS9264: Non-nullable property 'CopySeedCommand' must contain a non-null value when exiting constructor. Consider adding the 'required' modifier, or declaring the property as nullable, or safely handling the case where 'field' is null in the 'get' accessor. [F:\Berry-Work\dev\DiffusionTool\BerryAIGen.Toolkit\BerryAIGen.Toolkit_b3ao1qf4_wpftmp.csproj]
F:\Berry-Work\dev\DiffusionTool\BerryAIGen.Toolkit\Controls\ThumbnailViewModel.cs(29,12): warning CS9264: Non-nullable property 'CopyHashCommand' must contain a non-null value when exiting constructor. Consider adding the 'required' modifier, or declaring the property as nullable, or safely handling the case where 'field' is null in the 'get' accessor. [F:\Berry-Work\dev\DiffusionTool\BerryAIGen.Toolkit\BerryAIGen.Toolkit_b3ao1qf4_wpftmp.csproj]
F:\Berry-Work\dev\DiffusionTool\BerryAIGen.Toolkit\Controls\ThumbnailViewModel.cs(29,12): warning CS9264: Non-nullable property 'RatingCommand' must contain a non-null value when exiting constructor. Consider adding the 'required' modifier, or declaring the property as nullable, or safely handling the case where 'field' is null in the 'get' accessor. [F:\Berry-Work\dev\DiffusionTool\BerryAIGen.Toolkit\BerryAIGen.Toolkit_b3ao1qf4_wpftmp.csproj]
F:\Berry-Work\dev\DiffusionTool\BerryAIGen.Toolkit\Controls\ThumbnailViewModel.cs(29,12): warning CS9264: Non-nullable property 'NSFWCommand' must contain a non-null value when exiting constructor. Consider adding the 'required' modifier, or declaring the property as nullable, or safely handling the case where 'field' is null in the 'get' accessor. [F:\Berry-Work\dev\DiffusionTool\BerryAIGen.Toolkit\BerryAIGen.Toolkit_b3ao1qf4_wpftmp.csproj]
F:\Berry-Work\dev\DiffusionTool\BerryAIGen.Toolkit\Controls\ThumbnailViewModel.cs(29,12): warning CS9264: Non-nullable property 'RemoveEntryCommand' must contain a non-null value when exiting constructor. Consider adding the 'required' modifier, or declaring the property as nullable, or safely handling the case where 'field' is null in the 'get' accessor. [F:\Berry-Work\dev\DiffusionTool\BerryAIGen.Toolkit\BerryAIGen.Toolkit_b3ao1qf4_wpftmp.csproj]
F:\Berry-Work\dev\DiffusionTool\BerryAIGen.Toolkit\Controls\ThumbnailViewModel.cs(29,12): warning CS9264: Non-nullable property 'CopyCommand' must contain a non-null value when exiting constructor. Consider adding the 'required' modifier, or declaring the property as nullable, or safely handling the case where 'field' is null in the 'get' accessor. [F:\Berry-Work\dev\DiffusionTool\BerryAIGen.Toolkit\BerryAIGen.Toolkit_b3ao1qf4_wpftmp.csproj]
F:\Berry-Work\dev\DiffusionTool\BerryAIGen.Toolkit\Controls\ThumbnailViewModel.cs(29,12): warning CS9264: Non-nullable property 'MoveCommand' must contain a non-null value when exiting constructor. Consider adding the 'required' modifier, or declaring the property as nullable, or safely handling the case where 'field' is null in the 'get' accessor. [F:\Berry-Work\dev\DiffusionTool\BerryAIGen.Toolkit\BerryAIGen.Toolkit_b3ao1qf4_wpftmp.csproj]
F:\Berry-Work\dev\DiffusionTool\BerryAIGen.Toolkit\Controls\ThumbnailViewModel.cs(29,12): warning CS8618: Non-nullable property 'RescanCommand' must contain a non-null value when exiting constructor. Consider adding the 'required' modifier or declaring the property as nullable. [F:\Berry-Work\dev\DiffusionTool\BerryAIGen.Toolkit\BerryAIGen.Toolkit_b3ao1qf4_wpftmp.csproj]
F:\Berry-Work\dev\DiffusionTool\BerryAIGen.Toolkit\Controls\ThumbnailViewModel.cs(29,12): warning CS8618: Non-nullable property 'RebuildThumbnailCommand' must contain a non-null value when exiting constructor. Consider adding the 'required' modifier or declaring the property as nullable. [F:\Berry-Work\dev\DiffusionTool\BerryAIGen.Toolkit\BerryAIGen.Toolkit_b3ao1qf4_wpftmp.csproj]
F:\Berry-Work\dev\DiffusionTool\BerryAIGen.Toolkit\Controls\ThumbnailViewModel.cs(29,12): warning CS8618: Non-nullable property 'PermanentlyDeleteCommand' must contain a non-null value when exiting constructor. Consider adding the 'required' modifier or declaring the property as nullable. [F:\Berry-Work\dev\DiffusionTool\BerryAIGen.Toolkit\BerryAIGen.Toolkit_b3ao1qf4_wpftmp.csproj]
F:\Berry-Work\dev\DiffusionTool\BerryAIGen.Toolkit\Controls\ThumbnailViewModel.cs(29,12): warning CS8618: Non-nullable property 'RescanFolderCommand' must contain a non-null value when exiting constructor. Consider adding the 'required' modifier or declaring the property as nullable. [F:\Berry-Work\dev\DiffusionTool\BerryAIGen.Toolkit\BerryAIGen.Toolkit_b3ao1qf4_wpftmp.csproj]
F:\Berry-Work\dev\DiffusionTool\BerryAIGen.Toolkit\Controls\ThumbnailViewModel.cs(29,12): warning CS8618: Non-nullable property 'ScanFolderCommand' must contain a non-null value when exiting constructor. Consider adding the 'required' modifier or declaring the property as nullable. [F:\Berry-Work\dev\DiffusionTool\BerryAIGen.Toolkit\BerryAIGen.Toolkit_b3ao1qf4_wpftmp.csproj]
F:\Berry-Work\dev\DiffusionTool\BerryAIGen.Toolkit\Controls\ThumbnailViewModel.cs(39,35): warning CS8603: Possible null reference return. [F:\Berry-Work\dev\DiffusionTool\BerryAIGen.Toolkit\BerryAIGen.Toolkit_b3ao1qf4_wpftmp.csproj]
F:\Berry-Work\dev\DiffusionTool\BerryAIGen.Toolkit\Converters\ValueVisibilityConverter.cs(16,16): warning CS8602: Dereference of a possibly null reference. [F:\Berry-Work\dev\DiffusionTool\BerryAIGen.Toolkit\BerryAIGen.Toolkit_b3ao1qf4_wpftmp.csproj]
F:\Berry-Work\dev\DiffusionTool\BerryAIGen.Toolkit\Configuration\Settings.cs(84,31): warning CS8601: Possible null reference assignment. [F:\Berry-Work\dev\DiffusionTool\BerryAIGen.Toolkit\BerryAIGen.Toolkit_b3ao1qf4_wpftmp.csproj]
F:\Berry-Work\dev\DiffusionTool\BerryAIGen.Toolkit\Controls\AccordionControl.xaml.cs(165,39): warning CS8524: The switch expression does not handle some values of its input type (it is not exhaustive) involving an unnamed enum value. For example, the pattern '(BerryAIGen.Toolkit.Configuration.AccordionState)2' is not covered. [F:\Berry-Work\dev\DiffusionTool\BerryAIGen.Toolkit\BerryAIGen.Toolkit_b3ao1qf4_wpftmp.csproj]
F:\Berry-Work\dev\DiffusionTool\BerryAIGen.Toolkit\Configuration\Settings.cs(103,31): warning CS8601: Possible null reference assignment. [F:\Berry-Work\dev\DiffusionTool\BerryAIGen.Toolkit\BerryAIGen.Toolkit_b3ao1qf4_wpftmp.csproj]
F:\Berry-Work\dev\DiffusionTool\BerryAIGen.Toolkit\LanguageSelectionWindow.xaml.cs(17,16): warning CS8618: Non-nullable field '_selectedLanguage' must contain a non-null value when exiting constructor. Consider adding the 'required' modifier or declaring the field as nullable. [F:\Berry-Work\dev\DiffusionTool\BerryAIGen.Toolkit\BerryAIGen.Toolkit_b3ao1qf4_wpftmp.csproj]
F:\Berry-Work\dev\DiffusionTool\BerryAIGen.Toolkit\Configuration\SettingChangedEventArgs.cs(6,19): warning CS8618: Non-nullable property 'SettingName' must contain a non-null value when exiting constructor. Consider adding the 'required' modifier or declaring the property as nullable. [F:\Berry-Work\dev\DiffusionTool\BerryAIGen.Toolkit\BerryAIGen.Toolkit_b3ao1qf4_wpftmp.csproj]
F:\Berry-Work\dev\DiffusionTool\BerryAIGen.Toolkit\Converters\NotEqualsConverter.cs(12,17): warning CS8602: Dereference of a possibly null reference. [F:\Berry-Work\dev\DiffusionTool\BerryAIGen.Toolkit\BerryAIGen.Toolkit_b3ao1qf4_wpftmp.csproj]
F:\Berry-Work\dev\DiffusionTool\BerryAIGen.Toolkit\Converters\NotEqualsConverter.cs(12,17): warning CS8602: Dereference of a possibly null reference. [F:\Berry-Work\dev\DiffusionTool\BerryAIGen.Toolkit\BerryAIGen.Toolkit_b3ao1qf4_wpftmp.csproj]
F:\Berry-Work\dev\DiffusionTool\BerryAIGen.Toolkit\Controls\ComfyNode.xaml.cs(22,86): warning CS8625: Cannot convert null literal to non-nullable reference type. [F:\Berry-Work\dev\DiffusionTool\BerryAIGen.Toolkit\BerryAIGen.Toolkit_b3ao1qf4_wpftmp.csproj]
F:\Berry-Work\dev\DiffusionTool\BerryAIGen.Toolkit\BorderlessWindow.cs(142,29): warning CS8602: Dereference of a possibly null reference. [F:\Berry-Work\dev\DiffusionTool\BerryAIGen.Toolkit\BerryAIGen.Toolkit_b3ao1qf4_wpftmp.csproj]
F:\Berry-Work\dev\DiffusionTool\BerryAIGen.Toolkit\BorderlessWindow.cs(142,24): warning CS8605: Unboxing a possibly null value. [F:\Berry-Work\dev\DiffusionTool\BerryAIGen.Toolkit\BerryAIGen.Toolkit_b3ao1qf4_wpftmp.csproj]
F:\Berry-Work\dev\DiffusionTool\BerryAIGen.Toolkit\WelcomeWindow.xaml.cs(131,27): warning CS8618: Non-nullable property 'Path' must contain a non-null value when exiting constructor. Consider adding the 'required' modifier or declaring the property as nullable. [F:\Berry-Work\dev\DiffusionTool\BerryAIGen.Toolkit\BerryAIGen.Toolkit_b3ao1qf4_wpftmp.csproj]
F:\Berry-Work\dev\DiffusionTool\BerryAIGen.Toolkit\WelcomeWindow.xaml.cs(36,16): warning CS8618: Non-nullable field '_imagePaths' must contain a non-null value when exiting constructor. Consider adding the 'required' modifier or declaring the field as nullable. [F:\Berry-Work\dev\DiffusionTool\BerryAIGen.Toolkit\BerryAIGen.Toolkit_b3ao1qf4_wpftmp.csproj]
F:\Berry-Work\dev\DiffusionTool\BerryAIGen.Toolkit\WelcomeWindow.xaml.cs(36,16): warning CS8618: Non-nullable field '_databasePath' must contain a non-null value when exiting constructor. Consider adding the 'required' modifier or declaring the field as nullable. [F:\Berry-Work\dev\DiffusionTool\BerryAIGen.Toolkit\BerryAIGen.Toolkit_b3ao1qf4_wpftmp.csproj]
F:\Berry-Work\dev\DiffusionTool\BerryAIGen.Toolkit\Controls\ComfyWorkflow.cs(15,12): warning CS8618: Non-nullable field '_workflow' must contain a non-null value when exiting constructor. Consider adding the 'required' modifier or declaring the field as nullable. [F:\Berry-Work\dev\DiffusionTool\BerryAIGen.Toolkit\BerryAIGen.Toolkit_b3ao1qf4_wpftmp.csproj]
F:\Berry-Work\dev\DiffusionTool\BerryAIGen.Toolkit\Controls\ComfyWorkflow.cs(15,12): warning CS8618: Non-nullable field '_children' must contain a non-null value when exiting constructor. Consider adding the 'required' modifier or declaring the field as nullable. [F:\Berry-Work\dev\DiffusionTool\BerryAIGen.Toolkit\BerryAIGen.Toolkit_b3ao1qf4_wpftmp.csproj]
F:\Berry-Work\dev\DiffusionTool\BerryAIGen.Toolkit\Converters\IsIndexSelectedConverter.cs(12,16): warning CS8605: Unboxing a possibly null value. [F:\Berry-Work\dev\DiffusionTool\BerryAIGen.Toolkit\BerryAIGen.Toolkit_b3ao1qf4_wpftmp.csproj]
F:\Berry-Work\dev\DiffusionTool\BerryAIGen.Toolkit\Controls\AccordionControl.xaml.cs(262,31): warning CS8524: The switch expression does not handle some values of its input type (it is not exhaustive) involving an unnamed enum value. For example, the pattern '(BerryAIGen.Toolkit.Configuration.AccordionState)2' is not covered. [F:\Berry-Work\dev\DiffusionTool\BerryAIGen.Toolkit\BerryAIGen.Toolkit_b3ao1qf4_wpftmp.csproj]
F:\Berry-Work\dev\DiffusionTool\BerryAIGen.Toolkit\Controls\AccordionControl.xaml.cs(283,62): warning CS8604: Possible null reference argument for parameter 'parent' in 'ContentPresenter? AccordionControl.GetVisualChild<ContentPresenter>(DependencyObject parent)'. [F:\Berry-Work\dev\DiffusionTool\BerryAIGen.Toolkit\BerryAIGen.Toolkit_b3ao1qf4_wpftmp.csproj]
F:\Berry-Work\dev\DiffusionTool\BerryAIGen.Toolkit\Behaviors\DragSort.cs(228,20): warning CS8603: Possible null reference return. [F:\Berry-Work\dev\DiffusionTool\BerryAIGen.Toolkit\BerryAIGen.Toolkit_b3ao1qf4_wpftmp.csproj]
F:\Berry-Work\dev\DiffusionTool\BerryAIGen.Toolkit\Controls\AccordionControl.xaml.cs(303,25): warning CS8602: Dereference of a possibly null reference. [F:\Berry-Work\dev\DiffusionTool\BerryAIGen.Toolkit\BerryAIGen.Toolkit_b3ao1qf4_wpftmp.csproj]
F:\Berry-Work\dev\DiffusionTool\BerryAIGen.Toolkit\Controls\AccordionControl.xaml.cs(312,42): warning CS8602: Dereference of a possibly null reference. [F:\Berry-Work\dev\DiffusionTool\BerryAIGen.Toolkit\BerryAIGen.Toolkit_b3ao1qf4_wpftmp.csproj]
F:\Berry-Work\dev\DiffusionTool\BerryAIGen.Toolkit\LanguageSelectionWindow.xaml.cs(102,82): error CS0104: 'Uri' is an ambiguous reference between 'BerryAIGen.Toolkit.Common.Uri' and 'System.Uri' [F:\Berry-Work\dev\DiffusionTool\BerryAIGen.Toolkit\BerryAIGen.Toolkit_b3ao1qf4_wpftmp.csproj]
F:\Berry-Work\dev\DiffusionTool\BerryAIGen.Toolkit\Controls\AccordionControl.xaml.cs(336,31): warning CS8602: Dereference of a possibly null reference. [F:\Berry-Work\dev\DiffusionTool\BerryAIGen.Toolkit\BerryAIGen.Toolkit_b3ao1qf4_wpftmp.csproj]
F:\Berry-Work\dev\DiffusionTool\BerryAIGen.Toolkit\Controls\ThumbnailView.xaml.Copy.cs(34,27): warning CS8602: Dereference of a possibly null reference. [F:\Berry-Work\dev\DiffusionTool\BerryAIGen.Toolkit\BerryAIGen.Toolkit_b3ao1qf4_wpftmp.csproj]
F:\Berry-Work\dev\DiffusionTool\BerryAIGen.Toolkit\Controls\FilterControl.xaml.cs(45,17): warning CS8602: Dereference of a possibly null reference. [F:\Berry-Work\dev\DiffusionTool\BerryAIGen.Toolkit\BerryAIGen.Toolkit_b3ao1qf4_wpftmp.csproj]
F:\Berry-Work\dev\DiffusionTool\BerryAIGen.Toolkit\Controls\ThumbnailView.xaml.cs(44,41): warning CS8603: Possible null reference return. [F:\Berry-Work\dev\DiffusionTool\BerryAIGen.Toolkit\BerryAIGen.Toolkit_b3ao1qf4_wpftmp.csproj]
F:\Berry-Work\dev\DiffusionTool\BerryAIGen.Toolkit\Controls\ThumbnailView.xaml.cs(48,86): warning CS8625: Cannot convert null literal to non-nullable reference type. [F:\Berry-Work\dev\DiffusionTool\BerryAIGen.Toolkit\BerryAIGen.Toolkit_b3ao1qf4_wpftmp.csproj]
F:\Berry-Work\dev\DiffusionTool\BerryAIGen.Toolkit\UnavailableFilesWindow.xaml.cs(19,41): warning CS8603: Possible null reference return. [F:\Berry-Work\dev\DiffusionTool\BerryAIGen.Toolkit\BerryAIGen.Toolkit_b3ao1qf4_wpftmp.csproj]
F:\Berry-Work\dev\DiffusionTool\BerryAIGen.Toolkit\UnavailableFilesWindow.xaml.cs(20,39): warning CS8603: Possible null reference return. [F:\Berry-Work\dev\DiffusionTool\BerryAIGen.Toolkit\BerryAIGen.Toolkit_b3ao1qf4_wpftmp.csproj]
F:\Berry-Work\dev\DiffusionTool\BerryAIGen.Toolkit\Controls\FilterControlModel.cs(22,19): warning CS8618: Non-nullable property 'PropertyName' must contain a non-null value when exiting constructor. Consider adding the 'required' modifier or declaring the property as nullable. [F:\Berry-Work\dev\DiffusionTool\BerryAIGen.Toolkit\BerryAIGen.Toolkit_b3ao1qf4_wpftmp.csproj]
F:\Berry-Work\dev\DiffusionTool\BerryAIGen.Toolkit\Controls\FilterControlModel.cs(30,19): warning CS9264: Non-nullable property 'Name' must contain a non-null value when exiting constructor. Consider adding the 'required' modifier, or declaring the property as nullable, or safely handling the case where 'field' is null in the 'get' accessor. [F:\Berry-Work\dev\DiffusionTool\BerryAIGen.Toolkit\BerryAIGen.Toolkit_b3ao1qf4_wpftmp.csproj]
F:\Berry-Work\dev\DiffusionTool\BerryAIGen.Toolkit\Controls\FilterControlModel.cs(36,19): warning CS8618: Non-nullable property 'Value' must contain a non-null value when exiting constructor. Consider adding the 'required' modifier or declaring the property as nullable. [F:\Berry-Work\dev\DiffusionTool\BerryAIGen.Toolkit\BerryAIGen.Toolkit_b3ao1qf4_wpftmp.csproj]
F:\Berry-Work\dev\DiffusionTool\BerryAIGen.Toolkit\Controls\FilterControl.xaml.cs(139,36): warning CS8602: Dereference of a possibly null reference. [F:\Berry-Work\dev\DiffusionTool\BerryAIGen.Toolkit\BerryAIGen.Toolkit_b3ao1qf4_wpftmp.csproj]
F:\Berry-Work\dev\DiffusionTool\BerryAIGen.Toolkit\Controls\FilterControlModel.cs(45,12): warning CS9264: Non-nullable property 'Prompt' must contain a non-null value when exiting constructor. Consider adding the 'required' modifier, or declaring the property as nullable, or safely handling the case where 'field' is null in the 'get' accessor. [F:\Berry-Work\dev\DiffusionTool\BerryAIGen.Toolkit\BerryAIGen.Toolkit_b3ao1qf4_wpftmp.csproj]
F:\Berry-Work\dev\DiffusionTool\BerryAIGen.Toolkit\Controls\FilterControlModel.cs(45,12): warning CS9264: Non-nullable property 'PromptEx' must contain a non-null value when exiting constructor. Consider adding the 'required' modifier, or declaring the property as nullable, or safely handling the case where 'field' is null in the 'get' accessor. [F:\Berry-Work\dev\DiffusionTool\BerryAIGen.Toolkit\BerryAIGen.Toolkit_b3ao1qf4_wpftmp.csproj]
F:\Berry-Work\dev\DiffusionTool\BerryAIGen.Toolkit\Controls\FilterControlModel.cs(45,12): warning CS9264: Non-nullable property 'NegativePrompt' must contain a non-null value when exiting constructor. Consider adding the 'required' modifier, or declaring the property as nullable, or safely handling the case where 'field' is null in the 'get' accessor. [F:\Berry-Work\dev\DiffusionTool\BerryAIGen.Toolkit\BerryAIGen.Toolkit_b3ao1qf4_wpftmp.csproj]
F:\Berry-Work\dev\DiffusionTool\BerryAIGen.Toolkit\Controls\FilterControlModel.cs(45,12): warning CS9264: Non-nullable property 'NegativePromptEx' must contain a non-null value when exiting constructor. Consider adding the 'required' modifier, or declaring the property as nullable, or safely handling the case where 'field' is null in the 'get' accessor. [F:\Berry-Work\dev\DiffusionTool\BerryAIGen.Toolkit\BerryAIGen.Toolkit_b3ao1qf4_wpftmp.csproj]
F:\Berry-Work\dev\DiffusionTool\BerryAIGen.Toolkit\Controls\FilterControlModel.cs(45,12): warning CS9264: Non-nullable property 'Steps' must contain a non-null value when exiting constructor. Consider adding the 'required' modifier, or declaring the property as nullable, or safely handling the case where 'field' is null in the 'get' accessor. [F:\Berry-Work\dev\DiffusionTool\BerryAIGen.Toolkit\BerryAIGen.Toolkit_b3ao1qf4_wpftmp.csproj]
F:\Berry-Work\dev\DiffusionTool\BerryAIGen.Toolkit\Controls\FilterControlModel.cs(45,12): warning CS9264: Non-nullable property 'Sampler' must contain a non-null value when exiting constructor. Consider adding the 'required' modifier, or declaring the property as nullable, or safely handling the case where 'field' is null in the 'get' accessor. [F:\Berry-Work\dev\DiffusionTool\BerryAIGen.Toolkit\BerryAIGen.Toolkit_b3ao1qf4_wpftmp.csproj]
F:\Berry-Work\dev\DiffusionTool\BerryAIGen.Toolkit\Controls\FilterControlModel.cs(45,12): warning CS9264: Non-nullable property 'CFGScale' must contain a non-null value when exiting constructor. Consider adding the 'required' modifier, or declaring the property as nullable, or safely handling the case where 'field' is null in the 'get' accessor. [F:\Berry-Work\dev\DiffusionTool\BerryAIGen.Toolkit\BerryAIGen.Toolkit_b3ao1qf4_wpftmp.csproj]
F:\Berry-Work\dev\DiffusionTool\BerryAIGen.Toolkit\Controls\FilterControlModel.cs(45,12): warning CS9264: Non-nullable property 'Width' must contain a non-null value when exiting constructor. Consider adding the 'required' modifier, or declaring the property as nullable, or safely handling the case where 'field' is null in the 'get' accessor. [F:\Berry-Work\dev\DiffusionTool\BerryAIGen.Toolkit\BerryAIGen.Toolkit_b3ao1qf4_wpftmp.csproj]
F:\Berry-Work\dev\DiffusionTool\BerryAIGen.Toolkit\Controls\FilterControlModel.cs(45,12): warning CS9264: Non-nullable property 'Height' must contain a non-null value when exiting constructor. Consider adding the 'required' modifier, or declaring the property as nullable, or safely handling the case where 'field' is null in the 'get' accessor. [F:\Berry-Work\dev\DiffusionTool\BerryAIGen.Toolkit\BerryAIGen.Toolkit_b3ao1qf4_wpftmp.csproj]
F:\Berry-Work\dev\DiffusionTool\BerryAIGen.Toolkit\Controls\FilterControlModel.cs(45,12): warning CS9264: Non-nullable property 'ModelHash' must contain a non-null value when exiting constructor. Consider adding the 'required' modifier, or declaring the property as nullable, or safely handling the case where 'field' is null in the 'get' accessor. [F:\Berry-Work\dev\DiffusionTool\BerryAIGen.Toolkit\BerryAIGen.Toolkit_b3ao1qf4_wpftmp.csproj]
F:\Berry-Work\dev\DiffusionTool\BerryAIGen.Toolkit\Controls\FilterControlModel.cs(45,12): warning CS9264: Non-nullable property 'ModelName' must contain a non-null value when exiting constructor. Consider adding the 'required' modifier, or declaring the property as nullable, or safely handling the case where 'field' is null in the 'get' accessor. [F:\Berry-Work\dev\DiffusionTool\BerryAIGen.Toolkit\BerryAIGen.Toolkit_b3ao1qf4_wpftmp.csproj]
F:\Berry-Work\dev\DiffusionTool\BerryAIGen.Toolkit\Controls\FilterControlModel.cs(45,12): warning CS9264: Non-nullable property 'RatingOp' must contain a non-null value when exiting constructor. Consider adding the 'required' modifier, or declaring the property as nullable, or safely handling the case where 'field' is null in the 'get' accessor. [F:\Berry-Work\dev\DiffusionTool\BerryAIGen.Toolkit\BerryAIGen.Toolkit_b3ao1qf4_wpftmp.csproj]
F:\Berry-Work\dev\DiffusionTool\BerryAIGen.Toolkit\Controls\FilterControlModel.cs(45,12): warning CS9264: Non-nullable property 'AestheticScoreOp' must contain a non-null value when exiting constructor. Consider adding the 'required' modifier, or declaring the property as nullable, or safely handling the case where 'field' is null in the 'get' accessor. [F:\Berry-Work\dev\DiffusionTool\BerryAIGen.Toolkit\BerryAIGen.Toolkit_b3ao1qf4_wpftmp.csproj]
F:\Berry-Work\dev\DiffusionTool\BerryAIGen.Toolkit\Controls\FilterControlModel.cs(45,12): warning CS9264: Non-nullable property 'Path' must contain a non-null value when exiting constructor. Consider adding the 'required' modifier, or declaring the property as nullable, or safely handling the case where 'field' is null in the 'get' accessor. [F:\Berry-Work\dev\DiffusionTool\BerryAIGen.Toolkit\BerryAIGen.Toolkit_b3ao1qf4_wpftmp.csproj]
F:\Berry-Work\dev\DiffusionTool\BerryAIGen.Toolkit\Controls\FilterControlModel.cs(45,12): warning CS9264: Non-nullable property 'HyperNet' must contain a non-null value when exiting constructor. Consider adding the 'required' modifier, or declaring the property as nullable, or safely handling the case where 'field' is null in the 'get' accessor. [F:\Berry-Work\dev\DiffusionTool\BerryAIGen.Toolkit\BerryAIGen.Toolkit_b3ao1qf4_wpftmp.csproj]
F:\Berry-Work\dev\DiffusionTool\BerryAIGen.Toolkit\Controls\FilterControlModel.cs(45,12): warning CS9264: Non-nullable property 'HyperNetStrOp' must contain a non-null value when exiting constructor. Consider adding the 'required' modifier, or declaring the property as nullable, or safely handling the case where 'field' is null in the 'get' accessor. [F:\Berry-Work\dev\DiffusionTool\BerryAIGen.Toolkit\BerryAIGen.Toolkit_b3ao1qf4_wpftmp.csproj]
F:\Berry-Work\dev\DiffusionTool\BerryAIGen.Toolkit\Controls\FilterControlModel.cs(85,82): warning CS8625: Cannot convert null literal to non-nullable reference type. [F:\Berry-Work\dev\DiffusionTool\BerryAIGen.Toolkit\BerryAIGen.Toolkit_b3ao1qf4_wpftmp.csproj]
F:\Berry-Work\dev\DiffusionTool\BerryAIGen.Toolkit\Controls\FilterControl.xaml.cs(165,41): warning CS8600: Converting null literal or possible null value to non-nullable type. [F:\Berry-Work\dev\DiffusionTool\BerryAIGen.Toolkit\BerryAIGen.Toolkit_b3ao1qf4_wpftmp.csproj]
F:\Berry-Work\dev\DiffusionTool\BerryAIGen.Toolkit\Behaviors\DTBehaviors.IsScrollDisabled.cs(33,39): warning CS8600: Converting null literal or possible null value to non-nullable type. [F:\Berry-Work\dev\DiffusionTool\BerryAIGen.Toolkit\BerryAIGen.Toolkit_b3ao1qf4_wpftmp.csproj]
F:\Berry-Work\dev\DiffusionTool\BerryAIGen.Toolkit\Behaviors\DTBehaviors.IsScrollDisabled.cs(45,29): warning CS8602: Dereference of a possibly null reference. [F:\Berry-Work\dev\DiffusionTool\BerryAIGen.Toolkit\BerryAIGen.Toolkit_b3ao1qf4_wpftmp.csproj]
F:\Berry-Work\dev\DiffusionTool\BerryAIGen.Toolkit\Behaviors\DTBehaviors.IsScrollDisabled.cs(134,20): warning CS8603: Possible null reference return. [F:\Berry-Work\dev\DiffusionTool\BerryAIGen.Toolkit\BerryAIGen.Toolkit_b3ao1qf4_wpftmp.csproj]
F:\Berry-Work\dev\DiffusionTool\BerryAIGen.Toolkit\Controls\ThumbnailView.xaml.cs(99,38): warning CS8602: Dereference of a possibly null reference. [F:\Berry-Work\dev\DiffusionTool\BerryAIGen.Toolkit\BerryAIGen.Toolkit_b3ao1qf4_wpftmp.csproj]
F:\Berry-Work\dev\DiffusionTool\BerryAIGen.Toolkit\Controls\ThumbnailView.xaml.cs(51,16): warning CS8618: Non-nullable field '_albums' must contain a non-null value when exiting constructor. Consider adding the 'required' modifier or declaring the field as nullable. [F:\Berry-Work\dev\DiffusionTool\BerryAIGen.Toolkit\BerryAIGen.Toolkit_b3ao1qf4_wpftmp.csproj]
F:\Berry-Work\dev\DiffusionTool\BerryAIGen.Toolkit\Controls\ThumbnailView.xaml.cs(51,16): warning CS8618: Non-nullable property 'OnRemoveEntries' must contain a non-null value when exiting constructor. Consider adding the 'required' modifier or declaring the property as nullable. [F:\Berry-Work\dev\DiffusionTool\BerryAIGen.Toolkit\BerryAIGen.Toolkit_b3ao1qf4_wpftmp.csproj]
F:\Berry-Work\dev\DiffusionTool\BerryAIGen.Toolkit\Controls\ThumbnailView.xaml.cs(51,16): warning CS8618: Non-nullable property 'OnExpandToFolder' must contain a non-null value when exiting constructor. Consider adding the 'required' modifier or declaring the property as nullable. [F:\Berry-Work\dev\DiffusionTool\BerryAIGen.Toolkit\BerryAIGen.Toolkit_b3ao1qf4_wpftmp.csproj]
F:\Berry-Work\dev\DiffusionTool\BerryAIGen.Toolkit\Controls\ThumbnailView.xaml.cs(51,16): warning CS8618: Non-nullable field 'CopyFiles' must contain a non-null value when exiting constructor. Consider adding the 'required' modifier or declaring the field as nullable. [F:\Berry-Work\dev\DiffusionTool\BerryAIGen.Toolkit\BerryAIGen.Toolkit_b3ao1qf4_wpftmp.csproj]
F:\Berry-Work\dev\DiffusionTool\BerryAIGen.Toolkit\Controls\ThumbnailView.xaml.cs(51,16): warning CS8618: Non-nullable field 'MoveFiles' must contain a non-null value when exiting constructor. Consider adding the 'required' modifier or declaring the field as nullable. [F:\Berry-Work\dev\DiffusionTool\BerryAIGen.Toolkit\BerryAIGen.Toolkit_b3ao1qf4_wpftmp.csproj]
F:\Berry-Work\dev\DiffusionTool\BerryAIGen.Toolkit\Controls\ThumbnailView.xaml.cs(51,16): warning CS8618: Non-nullable field '_debounceUpdateSelection' must contain a non-null value when exiting constructor. Consider adding the 'required' modifier or declaring the field as nullable. [F:\Berry-Work\dev\DiffusionTool\BerryAIGen.Toolkit\BerryAIGen.Toolkit_b3ao1qf4_wpftmp.csproj]
F:\Berry-Work\dev\DiffusionTool\BerryAIGen.Toolkit\Controls\ThumbnailView.xaml.cs(111,34): warning CS8602: Dereference of a possibly null reference. [F:\Berry-Work\dev\DiffusionTool\BerryAIGen.Toolkit\BerryAIGen.Toolkit_b3ao1qf4_wpftmp.csproj]
F:\Berry-Work\dev\DiffusionTool\BerryAIGen.Toolkit\Controls\ThumbnailView.xaml.cs(113,65): warning CS8604: Possible null reference argument for parameter 'folder' in 'Task ScanningService.ScanFolder(FolderViewModel folder, bool fullScan)'. [F:\Berry-Work\dev\DiffusionTool\BerryAIGen.Toolkit\BerryAIGen.Toolkit_b3ao1qf4_wpftmp.csproj]
F:\Berry-Work\dev\DiffusionTool\BerryAIGen.Toolkit\Controls\FilterControlModel.cs(667,19): warning CS8618: Non-nullable property 'Name' must contain a non-null value when exiting constructor. Consider adding the 'required' modifier or declaring the property as nullable. [F:\Berry-Work\dev\DiffusionTool\BerryAIGen.Toolkit\BerryAIGen.Toolkit_b3ao1qf4_wpftmp.csproj]
F:\Berry-Work\dev\DiffusionTool\BerryAIGen.Toolkit\Controls\FilterControlModel.cs(668,14): warning CS8618: Non-nullable property 'Value' must contain a non-null value when exiting constructor. Consider adding the 'required' modifier or declaring the property as nullable. [F:\Berry-Work\dev\DiffusionTool\BerryAIGen.Toolkit\BerryAIGen.Toolkit_b3ao1qf4_wpftmp.csproj]
F:\Berry-Work\dev\DiffusionTool\BerryAIGen.Toolkit\Controls\MessagePopup.xaml.cs(21,16): warning CS8618: Non-nullable field '_closing' must contain a non-null value when exiting constructor. Consider adding the 'required' modifier or declaring the field as nullable. [F:\Berry-Work\dev\DiffusionTool\BerryAIGen.Toolkit\BerryAIGen.Toolkit_b3ao1qf4_wpftmp.csproj]
F:\Berry-Work\dev\DiffusionTool\BerryAIGen.Toolkit\Controls\ThumbnailView.xaml.cs(137,25): warning CS8625: Cannot convert null literal to non-nullable reference type. [F:\Berry-Work\dev\DiffusionTool\BerryAIGen.Toolkit\BerryAIGen.Toolkit_b3ao1qf4_wpftmp.csproj]
F:\Berry-Work\dev\DiffusionTool\BerryAIGen.Toolkit\Controls\MetadataPanel.xaml.cs(89,17): warning CS8602: Dereference of a possibly null reference. [F:\Berry-Work\dev\DiffusionTool\BerryAIGen.Toolkit\BerryAIGen.Toolkit_b3ao1qf4_wpftmp.csproj]
F:\Berry-Work\dev\DiffusionTool\BerryAIGen.Toolkit\Controls\NodeFilter.cs(22,19): warning CS9264: Non-nullable property 'Node' must contain a non-null value when exiting constructor. Consider adding the 'required' modifier, or declaring the property as nullable, or safely handling the case where 'field' is null in the 'get' accessor. [F:\Berry-Work\dev\DiffusionTool\BerryAIGen.Toolkit\BerryAIGen.Toolkit_b3ao1qf4_wpftmp.csproj]
F:\Berry-Work\dev\DiffusionTool\BerryAIGen.Toolkit\Controls\NodeFilter.cs(28,19): warning CS9264: Non-nullable property 'Property' must contain a non-null value when exiting constructor. Consider adding the 'required' modifier, or declaring the property as nullable, or safely handling the case where 'field' is null in the 'get' accessor. [F:\Berry-Work\dev\DiffusionTool\BerryAIGen.Toolkit\BerryAIGen.Toolkit_b3ao1qf4_wpftmp.csproj]
F:\Berry-Work\dev\DiffusionTool\BerryAIGen.Toolkit\Controls\NodeFilter.cs(35,38): warning CS9264: Non-nullable property 'SelectedComparison' must contain a non-null value when exiting constructor. Consider adding the 'required' modifier, or declaring the property as nullable, or safely handling the case where 'field' is null in the 'get' accessor. [F:\Berry-Work\dev\DiffusionTool\BerryAIGen.Toolkit\BerryAIGen.Toolkit_b3ao1qf4_wpftmp.csproj]
F:\Berry-Work\dev\DiffusionTool\BerryAIGen.Toolkit\Controls\NodeFilter.cs(47,19): warning CS9264: Non-nullable property 'Value' must contain a non-null value when exiting constructor. Consider adding the 'required' modifier, or declaring the property as nullable, or safely handling the case where 'field' is null in the 'get' accessor. [F:\Berry-Work\dev\DiffusionTool\BerryAIGen.Toolkit\BerryAIGen.Toolkit_b3ao1qf4_wpftmp.csproj]
F:\Berry-Work\dev\DiffusionTool\BerryAIGen.Toolkit\Controls\NodeFilter.cs(53,21): warning CS8618: Non-nullable property 'RemoveCommand' must contain a non-null value when exiting constructor. Consider adding the 'required' modifier or declaring the property as nullable. [F:\Berry-Work\dev\DiffusionTool\BerryAIGen.Toolkit\BerryAIGen.Toolkit_b3ao1qf4_wpftmp.csproj]
F:\Berry-Work\dev\DiffusionTool\BerryAIGen.Toolkit\Controls\ThumbnailView.xaml.cs(188,21): warning CS8602: Dereference of a possibly null reference. [F:\Berry-Work\dev\DiffusionTool\BerryAIGen.Toolkit\BerryAIGen.Toolkit_b3ao1qf4_wpftmp.csproj]
F:\Berry-Work\dev\DiffusionTool\BerryAIGen.Toolkit\Controls\MessagePopup.xaml.cs(111,16): warning CS8618: Non-nullable field 't' must contain a non-null value when exiting constructor. Consider adding the 'required' modifier or declaring the field as nullable. [F:\Berry-Work\dev\DiffusionTool\BerryAIGen.Toolkit\BerryAIGen.Toolkit_b3ao1qf4_wpftmp.csproj]
F:\Berry-Work\dev\DiffusionTool\BerryAIGen.Toolkit\Controls\MessagePopup.xaml.cs(111,16): warning CS8618: Non-nullable field 't2' must contain a non-null value when exiting constructor. Consider adding the 'required' modifier or declaring the field as nullable. [F:\Berry-Work\dev\DiffusionTool\BerryAIGen.Toolkit\BerryAIGen.Toolkit_b3ao1qf4_wpftmp.csproj]
F:\Berry-Work\dev\DiffusionTool\BerryAIGen.Toolkit\Controls\ThumbnailIcons.cs(47,25): warning CS8602: Dereference of a possibly null reference. [F:\Berry-Work\dev\DiffusionTool\BerryAIGen.Toolkit\BerryAIGen.Toolkit_b3ao1qf4_wpftmp.csproj]
F:\Berry-Work\dev\DiffusionTool\BerryAIGen.Toolkit\Controls\StarRating.xaml.cs(99,13): warning CS8602: Dereference of a possibly null reference. [F:\Berry-Work\dev\DiffusionTool\BerryAIGen.Toolkit\BerryAIGen.Toolkit_b3ao1qf4_wpftmp.csproj]
F:\Berry-Work\dev\DiffusionTool\BerryAIGen.Toolkit\Localization\JsonLocalizationProvider.cs(37,47): warning CS8604: Possible null reference argument for parameter 'stream' in 'StreamReader.StreamReader(Stream stream)'. [F:\Berry-Work\dev\DiffusionTool\BerryAIGen.Toolkit\BerryAIGen.Toolkit_b3ao1qf4_wpftmp.csproj]
F:\Berry-Work\dev\DiffusionTool\BerryAIGen.Toolkit\Localization\JsonLocalizationProvider.cs(39,38): warning CS8601: Possible null reference assignment. [F:\Berry-Work\dev\DiffusionTool\BerryAIGen.Toolkit\BerryAIGen.Toolkit_b3ao1qf4_wpftmp.csproj]
F:\Berry-Work\dev\DiffusionTool\BerryAIGen.Toolkit\Localization\JsonLocalizationProvider.cs(47,40): warning CS8604: Possible null reference argument for parameter 'value' in 'void Dictionary<string, Dictionary<string, string>>.Add(string key, Dictionary<string, string> value)'. [F:\Berry-Work\dev\DiffusionTool\BerryAIGen.Toolkit\BerryAIGen.Toolkit_b3ao1qf4_wpftmp.csproj]
F:\Berry-Work\dev\DiffusionTool\BerryAIGen.Toolkit\Localization\JsonLocalizationProvider.cs(22,16): warning CS8618: Non-nullable field '_defaultDictionary' must contain a non-null value when exiting constructor. Consider adding the 'required' modifier or declaring the field as nullable. [F:\Berry-Work\dev\DiffusionTool\BerryAIGen.Toolkit\BerryAIGen.Toolkit_b3ao1qf4_wpftmp.csproj]
F:\Berry-Work\dev\DiffusionTool\BerryAIGen.Toolkit\Localization\JsonLocalizationProvider.cs(20,48): warning CS8618: Non-nullable property 'Instance' must contain a non-null value when exiting constructor. Consider adding the 'required' modifier or declaring the property as nullable. [F:\Berry-Work\dev\DiffusionTool\BerryAIGen.Toolkit\BerryAIGen.Toolkit_b3ao1qf4_wpftmp.csproj]
F:\Berry-Work\dev\DiffusionTool\BerryAIGen.Toolkit\Controls\ComfyNode.xaml.cs(106,25): warning CS8602: Dereference of a possibly null reference. [F:\Berry-Work\dev\DiffusionTool\BerryAIGen.Toolkit\BerryAIGen.Toolkit_b3ao1qf4_wpftmp.csproj]
F:\Berry-Work\dev\DiffusionTool\BerryAIGen.Toolkit\Controls\ComfyNode.xaml.cs(115,25): warning CS8602: Dereference of a possibly null reference. [F:\Berry-Work\dev\DiffusionTool\BerryAIGen.Toolkit\BerryAIGen.Toolkit_b3ao1qf4_wpftmp.csproj]
F:\Berry-Work\dev\DiffusionTool\BerryAIGen.Toolkit\Controls\ThumbnailView.xaml.cs(247,44): warning CS8509: The switch expression does not handle all possible values of its input type (it is not exhaustive). For example, the pattern 'System.Windows.Input.Key.None' is not covered. [F:\Berry-Work\dev\DiffusionTool\BerryAIGen.Toolkit\BerryAIGen.Toolkit_b3ao1qf4_wpftmp.csproj]
F:\Berry-Work\dev\DiffusionTool\BerryAIGen.Toolkit\Controls\ThumbnailView.xaml.cs(266,44): warning CS8509: The switch expression does not handle all possible values of its input type (it is not exhaustive). For example, the pattern 'System.Windows.Input.Key.None' is not covered. [F:\Berry-Work\dev\DiffusionTool\BerryAIGen.Toolkit\BerryAIGen.Toolkit_b3ao1qf4_wpftmp.csproj]
F:\Berry-Work\dev\DiffusionTool\BerryAIGen.Toolkit\Configuration\Settings.cs(13,28): warning CS8618: Non-nullable property 'Instance' must contain a non-null value when exiting constructor. Consider adding the 'required' modifier or declaring the property as nullable. [F:\Berry-Work\dev\DiffusionTool\BerryAIGen.Toolkit\BerryAIGen.Toolkit_b3ao1qf4_wpftmp.csproj]
F:\Berry-Work\dev\DiffusionTool\BerryAIGen.Toolkit\Controls\Thumbnail.cs(43,33): warning CS8602: Dereference of a possibly null reference. [F:\Berry-Work\dev\DiffusionTool\BerryAIGen.Toolkit\BerryAIGen.Toolkit_b3ao1qf4_wpftmp.csproj]
F:\Berry-Work\dev\DiffusionTool\BerryAIGen.Toolkit\Controls\Thumbnail.cs(46,33): warning CS8602: Dereference of a possibly null reference. [F:\Berry-Work\dev\DiffusionTool\BerryAIGen.Toolkit\BerryAIGen.Toolkit_b3ao1qf4_wpftmp.csproj]
F:\Berry-Work\dev\DiffusionTool\BerryAIGen.Toolkit\Controls\ThumbnailPanel.cs(20,25): warning CS8618: Non-nullable property 'BitmapSource' must contain a non-null value when exiting constructor. Consider adding the 'required' modifier or declaring the property as nullable. [F:\Berry-Work\dev\DiffusionTool\BerryAIGen.Toolkit\BerryAIGen.Toolkit_b3ao1qf4_wpftmp.csproj]
F:\Berry-Work\dev\DiffusionTool\BerryAIGen.Toolkit\Behaviors\DTBehaviors.UseIsMouseOverHandlers.cs(59,43): warning CS8602: Dereference of a possibly null reference. [F:\Berry-Work\dev\DiffusionTool\BerryAIGen.Toolkit\BerryAIGen.Toolkit_b3ao1qf4_wpftmp.csproj]
F:\Berry-Work\dev\DiffusionTool\BerryAIGen.Toolkit\Behaviors\DTBehaviors.UseIsMouseOverHandlers.cs(66,17): warning CS8602: Dereference of a possibly null reference. [F:\Berry-Work\dev\DiffusionTool\BerryAIGen.Toolkit\BerryAIGen.Toolkit_b3ao1qf4_wpftmp.csproj]
F:\Berry-Work\dev\DiffusionTool\BerryAIGen.Toolkit\Controls\StarRating.xaml.cs(115,13): warning CS8602: Dereference of a possibly null reference. [F:\Berry-Work\dev\DiffusionTool\BerryAIGen.Toolkit\BerryAIGen.Toolkit_b3ao1qf4_wpftmp.csproj]
F:\Berry-Work\dev\DiffusionTool\BerryAIGen.Toolkit\Controls\StarRating.xaml.cs(130,13): warning CS8602: Dereference of a possibly null reference. [F:\Berry-Work\dev\DiffusionTool\BerryAIGen.Toolkit\BerryAIGen.Toolkit_b3ao1qf4_wpftmp.csproj]
F:\Berry-Work\dev\DiffusionTool\BerryAIGen.Toolkit\Controls\StarRating.xaml.cs(136,13): warning CS8602: Dereference of a possibly null reference. [F:\Berry-Work\dev\DiffusionTool\BerryAIGen.Toolkit\BerryAIGen.Toolkit_b3ao1qf4_wpftmp.csproj]
F:\Berry-Work\dev\DiffusionTool\BerryAIGen.Toolkit\Controls\StarRating.xaml.cs(143,13): warning CS8602: Dereference of a possibly null reference. [F:\Berry-Work\dev\DiffusionTool\BerryAIGen.Toolkit\BerryAIGen.Toolkit_b3ao1qf4_wpftmp.csproj]
F:\Berry-Work\dev\DiffusionTool\BerryAIGen.Toolkit\Controls\Thumbnail.cs(89,82): warning CS8625: Cannot convert null literal to non-nullable reference type. [F:\Berry-Work\dev\DiffusionTool\BerryAIGen.Toolkit\BerryAIGen.Toolkit_b3ao1qf4_wpftmp.csproj]
F:\Berry-Work\dev\DiffusionTool\BerryAIGen.Toolkit\Controls\StarRating.xaml.cs(150,13): warning CS8602: Dereference of a possibly null reference. [F:\Berry-Work\dev\DiffusionTool\BerryAIGen.Toolkit\BerryAIGen.Toolkit_b3ao1qf4_wpftmp.csproj]
F:\Berry-Work\dev\DiffusionTool\BerryAIGen.Toolkit\Controls\ThumbnailPaneModel.cs(38,26): warning CS8619: Nullability of reference types in value of type 'ObservableCollection<string>' doesn't match target type 'ObservableCollection<string?>'. [F:\Berry-Work\dev\DiffusionTool\BerryAIGen.Toolkit\BerryAIGen.Toolkit_b3ao1qf4_wpftmp.csproj]
F:\Berry-Work\dev\DiffusionTool\BerryAIGen.Toolkit\Controls\ThumbnailPaneModel.cs(35,12): warning CS8618: Non-nullable field '_searchText' must contain a non-null value when exiting constructor. Consider adding the 'required' modifier or declaring the field as nullable. [F:\Berry-Work\dev\DiffusionTool\BerryAIGen.Toolkit\BerryAIGen.Toolkit_b3ao1qf4_wpftmp.csproj]
F:\Berry-Work\dev\DiffusionTool\BerryAIGen.Toolkit\Controls\ThumbnailPaneModel.cs(35,12): warning CS8618: Non-nullable field '_prevPage' must contain a non-null value when exiting constructor. Consider adding the 'required' modifier or declaring the field as nullable. [F:\Berry-Work\dev\DiffusionTool\BerryAIGen.Toolkit\BerryAIGen.Toolkit_b3ao1qf4_wpftmp.csproj]
F:\Berry-Work\dev\DiffusionTool\BerryAIGen.Toolkit\Controls\ThumbnailPaneModel.cs(35,12): warning CS8618: Non-nullable field '_nextPage' must contain a non-null value when exiting constructor. Consider adding the 'required' modifier or declaring the field as nullable. [F:\Berry-Work\dev\DiffusionTool\BerryAIGen.Toolkit\BerryAIGen.Toolkit_b3ao1qf4_wpftmp.csproj]
F:\Berry-Work\dev\DiffusionTool\BerryAIGen.Toolkit\Controls\ThumbnailPaneModel.cs(35,12): warning CS8618: Non-nullable field '_firstPage' must contain a non-null value when exiting constructor. Consider adding the 'required' modifier or declaring the field as nullable. [F:\Berry-Work\dev\DiffusionTool\BerryAIGen.Toolkit\BerryAIGen.Toolkit_b3ao1qf4_wpftmp.csproj]
F:\Berry-Work\dev\DiffusionTool\BerryAIGen.Toolkit\Controls\ThumbnailPaneModel.cs(35,12): warning CS8618: Non-nullable field '_lastPage' must contain a non-null value when exiting constructor. Consider adding the 'required' modifier or declaring the field as nullable. [F:\Berry-Work\dev\DiffusionTool\BerryAIGen.Toolkit\BerryAIGen.Toolkit_b3ao1qf4_wpftmp.csproj]
F:\Berry-Work\dev\DiffusionTool\BerryAIGen.Toolkit\Controls\ThumbnailPaneModel.cs(35,12): warning CS8618: Non-nullable property 'DataStore' must contain a non-null value when exiting constructor. Consider adding the 'required' modifier or declaring the property as nullable. [F:\Berry-Work\dev\DiffusionTool\BerryAIGen.Toolkit\BerryAIGen.Toolkit_b3ao1qf4_wpftmp.csproj]
F:\Berry-Work\dev\DiffusionTool\BerryAIGen.Toolkit\Controls\ThumbnailPaneModel.cs(35,12): warning CS9264: Non-nullable property 'ClearCommand' must contain a non-null value when exiting constructor. Consider adding the 'required' modifier, or declaring the property as nullable, or safely handling the case where 'field' is null in the 'get' accessor. [F:\Berry-Work\dev\DiffusionTool\BerryAIGen.Toolkit\BerryAIGen.Toolkit_b3ao1qf4_wpftmp.csproj]
F:\Berry-Work\dev\DiffusionTool\BerryAIGen.Toolkit\Controls\ThumbnailPaneModel.cs(35,12): warning CS9264: Non-nullable property 'SearchCommand' must contain a non-null value when exiting constructor. Consider adding the 'required' modifier, or declaring the property as nullable, or safely handling the case where 'field' is null in the 'get' accessor. [F:\Berry-Work\dev\DiffusionTool\BerryAIGen.Toolkit\BerryAIGen.Toolkit_b3ao1qf4_wpftmp.csproj]
F:\Berry-Work\dev\DiffusionTool\BerryAIGen.Toolkit\Controls\ThumbnailPaneModel.cs(35,12): warning CS9264: Non-nullable property 'Results' must contain a non-null value when exiting constructor. Consider adding the 'required' modifier, or declaring the property as nullable, or safely handling the case where 'field' is null in the 'get' accessor. [F:\Berry-Work\dev\DiffusionTool\BerryAIGen.Toolkit\BerryAIGen.Toolkit_b3ao1qf4_wpftmp.csproj]
F:\Berry-Work\dev\DiffusionTool\BerryAIGen.Toolkit\Controls\ThumbnailPaneModel.cs(35,12): warning CS9264: Non-nullable property 'ResultStatus' must contain a non-null value when exiting constructor. Consider adding the 'required' modifier, or declaring the property as nullable, or safely handling the case where 'field' is null in the 'get' accessor. [F:\Berry-Work\dev\DiffusionTool\BerryAIGen.Toolkit\BerryAIGen.Toolkit_b3ao1qf4_wpftmp.csproj]
F:\Berry-Work\dev\DiffusionTool\BerryAIGen.Toolkit\Controls\ThumbnailPaneModel.cs(35,12): warning CS9264: Non-nullable property 'Refresh' must contain a non-null value when exiting constructor. Consider adding the 'required' modifier, or declaring the property as nullable, or safely handling the case where 'field' is null in the 'get' accessor. [F:\Berry-Work\dev\DiffusionTool\BerryAIGen.Toolkit\BerryAIGen.Toolkit_b3ao1qf4_wpftmp.csproj]
F:\Berry-Work\dev\DiffusionTool\BerryAIGen.Toolkit\Controls\ThumbnailPaneModel.cs(35,12): warning CS9264: Non-nullable property 'FocusSearch' must contain a non-null value when exiting constructor. Consider adding the 'required' modifier, or declaring the property as nullable, or safely handling the case where 'field' is null in the 'get' accessor. [F:\Berry-Work\dev\DiffusionTool\BerryAIGen.Toolkit\BerryAIGen.Toolkit_b3ao1qf4_wpftmp.csproj]
F:\Berry-Work\dev\DiffusionTool\BerryAIGen.Toolkit\Controls\ThumbnailPaneModel.cs(35,12): warning CS9264: Non-nullable property 'ModeName' must contain a non-null value when exiting constructor. Consider adding the 'required' modifier, or declaring the property as nullable, or safely handling the case where 'field' is null in the 'get' accessor. [F:\Berry-Work\dev\DiffusionTool\BerryAIGen.Toolkit\BerryAIGen.Toolkit_b3ao1qf4_wpftmp.csproj]
F:\Berry-Work\dev\DiffusionTool\BerryAIGen.Toolkit\Controls\ThumbnailPaneModel.cs(35,12): warning CS9264: Non-nullable property 'ShowDropDown' must contain a non-null value when exiting constructor. Consider adding the 'required' modifier, or declaring the property as nullable, or safely handling the case where 'field' is null in the 'get' accessor. [F:\Berry-Work\dev\DiffusionTool\BerryAIGen.Toolkit\BerryAIGen.Toolkit_b3ao1qf4_wpftmp.csproj]
F:\Berry-Work\dev\DiffusionTool\BerryAIGen.Toolkit\Controls\ThumbnailPaneModel.cs(35,12): warning CS9264: Non-nullable property 'HideDropDown' must contain a non-null value when exiting constructor. Consider adding the 'required' modifier, or declaring the property as nullable, or safely handling the case where 'field' is null in the 'get' accessor. [F:\Berry-Work\dev\DiffusionTool\BerryAIGen.Toolkit\BerryAIGen.Toolkit_b3ao1qf4_wpftmp.csproj]
F:\Berry-Work\dev\DiffusionTool\BerryAIGen.Toolkit\Controls\ThumbnailPaneModel.cs(35,12): warning CS9264: Non-nullable property 'ToggleParameters' must contain a non-null value when exiting constructor. Consider adding the 'required' modifier, or declaring the property as nullable, or safely handling the case where 'field' is null in the 'get' accessor. [F:\Berry-Work\dev\DiffusionTool\BerryAIGen.Toolkit\BerryAIGen.Toolkit_b3ao1qf4_wpftmp.csproj]
F:\Berry-Work\dev\DiffusionTool\BerryAIGen.Toolkit\Controls\ThumbnailPaneModel.cs(35,12): warning CS9264: Non-nullable property 'CopyFiles' must contain a non-null value when exiting constructor. Consider adding the 'required' modifier, or declaring the property as nullable, or safely handling the case where 'field' is null in the 'get' accessor. [F:\Berry-Work\dev\DiffusionTool\BerryAIGen.Toolkit\BerryAIGen.Toolkit_b3ao1qf4_wpftmp.csproj]
F:\Berry-Work\dev\DiffusionTool\BerryAIGen.Toolkit\MainWindow.xaml.Albums.cs(28,44): warning CS8602: Dereference of a possibly null reference. [F:\Berry-Work\dev\DiffusionTool\BerryAIGen.Toolkit\BerryAIGen.Toolkit_b3ao1qf4_wpftmp.csproj]
F:\Berry-Work\dev\DiffusionTool\BerryAIGen.Toolkit\MainWindow.xaml.Albums.cs(32,28): warning CS8602: Dereference of a possibly null reference. [F:\Berry-Work\dev\DiffusionTool\BerryAIGen.Toolkit\BerryAIGen.Toolkit_b3ao1qf4_wpftmp.csproj]
F:\Berry-Work\dev\DiffusionTool\BerryAIGen.Toolkit\MainWindow.xaml.Albums.cs(48,44): warning CS8602: Dereference of a possibly null reference. [F:\Berry-Work\dev\DiffusionTool\BerryAIGen.Toolkit\BerryAIGen.Toolkit_b3ao1qf4_wpftmp.csproj]
F:\Berry-Work\dev\DiffusionTool\BerryAIGen.Toolkit\MainWindow.xaml.Albums.cs(50,24): warning CS8602: Dereference of a possibly null reference. [F:\Berry-Work\dev\DiffusionTool\BerryAIGen.Toolkit\BerryAIGen.Toolkit_b3ao1qf4_wpftmp.csproj]
F:\Berry-Work\dev\DiffusionTool\BerryAIGen.Toolkit\MainWindow.xaml.Albums.cs(67,30): warning CS8604: Possible null reference argument for parameter 'source' in 'List<ImageEntry> Enumerable.ToList<ImageEntry>(IEnumerable<ImageEntry> source)'. [F:\Berry-Work\dev\DiffusionTool\BerryAIGen.Toolkit\BerryAIGen.Toolkit_b3ao1qf4_wpftmp.csproj]
F:\Berry-Work\dev\DiffusionTool\BerryAIGen.Toolkit\MainWindow.xaml.Albums.cs(71,21): warning CS8602: Dereference of a possibly null reference. [F:\Berry-Work\dev\DiffusionTool\BerryAIGen.Toolkit\BerryAIGen.Toolkit_b3ao1qf4_wpftmp.csproj]
F:\Berry-Work\dev\DiffusionTool\BerryAIGen.Toolkit\MainWindow.xaml.Albums.cs(89,44): warning CS8602: Dereference of a possibly null reference. [F:\Berry-Work\dev\DiffusionTool\BerryAIGen.Toolkit\BerryAIGen.Toolkit_b3ao1qf4_wpftmp.csproj]
F:\Berry-Work\dev\DiffusionTool\BerryAIGen.Toolkit\MainWindow.xaml.Albums.cs(89,142): warning CS8602: Dereference of a possibly null reference. [F:\Berry-Work\dev\DiffusionTool\BerryAIGen.Toolkit\BerryAIGen.Toolkit_b3ao1qf4_wpftmp.csproj]
F:\Berry-Work\dev\DiffusionTool\BerryAIGen.Toolkit\MainWindow.xaml.Albums.cs(91,24): warning CS8602: Dereference of a possibly null reference. [F:\Berry-Work\dev\DiffusionTool\BerryAIGen.Toolkit\BerryAIGen.Toolkit_b3ao1qf4_wpftmp.csproj]
F:\Berry-Work\dev\DiffusionTool\BerryAIGen.Toolkit\MainWindow.xaml.Albums.cs(115,30): warning CS8604: Possible null reference argument for parameter 'source' in 'List<ImageEntry> Enumerable.ToList<ImageEntry>(IEnumerable<ImageEntry> source)'. [F:\Berry-Work\dev\DiffusionTool\BerryAIGen.Toolkit\BerryAIGen.Toolkit_b3ao1qf4_wpftmp.csproj]
F:\Berry-Work\dev\DiffusionTool\BerryAIGen.Toolkit\MainWindow.xaml.Albums.cs(116,62): warning CS8602: Dereference of a possibly null reference. [F:\Berry-Work\dev\DiffusionTool\BerryAIGen.Toolkit\BerryAIGen.Toolkit_b3ao1qf4_wpftmp.csproj]
F:\Berry-Work\dev\DiffusionTool\BerryAIGen.Toolkit\MainWindow.xaml.Albums.cs(122,17): warning CS8602: Dereference of a possibly null reference. [F:\Berry-Work\dev\DiffusionTool\BerryAIGen.Toolkit\BerryAIGen.Toolkit_b3ao1qf4_wpftmp.csproj]
F:\Berry-Work\dev\DiffusionTool\BerryAIGen.Toolkit\MainWindow.xaml.Albums.cs(135,131): warning CS8602: Dereference of a possibly null reference. [F:\Berry-Work\dev\DiffusionTool\BerryAIGen.Toolkit\BerryAIGen.Toolkit_b3ao1qf4_wpftmp.csproj]
F:\Berry-Work\dev\DiffusionTool\BerryAIGen.Toolkit\Controls\ThumbnailPane.xaml.cs(59,67): warning CS8602: Dereference of a possibly null reference. [F:\Berry-Work\dev\DiffusionTool\BerryAIGen.Toolkit\BerryAIGen.Toolkit_b3ao1qf4_wpftmp.csproj]
F:\Berry-Work\dev\DiffusionTool\BerryAIGen.Toolkit\Controls\ThumbnailPane.xaml.cs(60,66): warning CS8602: Dereference of a possibly null reference. [F:\Berry-Work\dev\DiffusionTool\BerryAIGen.Toolkit\BerryAIGen.Toolkit_b3ao1qf4_wpftmp.csproj]
F:\Berry-Work\dev\DiffusionTool\BerryAIGen.Toolkit\Controls\ThumbnailPane.xaml.cs(50,16): warning CS8618: Non-nullable property 'ClearQuery' must contain a non-null value when exiting constructor. Consider adding the 'required' modifier or declaring the property as nullable. [F:\Berry-Work\dev\DiffusionTool\BerryAIGen.Toolkit\BerryAIGen.Toolkit_b3ao1qf4_wpftmp.csproj]
F:\Berry-Work\dev\DiffusionTool\BerryAIGen.Toolkit\Controls\ThumbnailPane.xaml.cs(50,16): warning CS8618: Non-nullable property 'SearchImages' must contain a non-null value when exiting constructor. Consider adding the 'required' modifier or declaring the property as nullable. [F:\Berry-Work\dev\DiffusionTool\BerryAIGen.Toolkit\BerryAIGen.Toolkit_b3ao1qf4_wpftmp.csproj]
F:\Berry-Work\dev\DiffusionTool\BerryAIGen.Toolkit\MainWindow.xaml.cs(1196,45): warning CS8618: Non-nullable property 'hashes' must contain a non-null value when exiting constructor. Consider adding the 'required' modifier or declaring the property as nullable. [F:\Berry-Work\dev\DiffusionTool\BerryAIGen.Toolkit\BerryAIGen.Toolkit_b3ao1qf4_wpftmp.csproj]
F:\Berry-Work\dev\DiffusionTool\BerryAIGen.Toolkit\MainWindow.xaml.cs(1202,23): warning CS8618: Non-nullable property 'sha256' must contain a non-null value when exiting constructor. Consider adding the 'required' modifier or declaring the property as nullable. [F:\Berry-Work\dev\DiffusionTool\BerryAIGen.Toolkit\BerryAIGen.Toolkit_b3ao1qf4_wpftmp.csproj]
F:\Berry-Work\dev\DiffusionTool\BerryAIGen.Toolkit\Controls\ThumbnailTemplateSelector.cs(13,33): warning CS8600: Converting null literal or possible null value to non-nullable type. [F:\Berry-Work\dev\DiffusionTool\BerryAIGen.Toolkit\BerryAIGen.Toolkit_b3ao1qf4_wpftmp.csproj]
F:\Berry-Work\dev\DiffusionTool\BerryAIGen.Toolkit\Controls\ThumbnailTemplateSelector.cs(16,20): warning CS8603: Possible null reference return. [F:\Berry-Work\dev\DiffusionTool\BerryAIGen.Toolkit\BerryAIGen.Toolkit_b3ao1qf4_wpftmp.csproj]
F:\Berry-Work\dev\DiffusionTool\BerryAIGen.Toolkit\Controls\ThumbnailTemplateSelector.cs(32,20): warning CS8603: Possible null reference return. [F:\Berry-Work\dev\DiffusionTool\BerryAIGen.Toolkit\BerryAIGen.Toolkit_b3ao1qf4_wpftmp.csproj]
F:\Berry-Work\dev\DiffusionTool\BerryAIGen.Toolkit\ManageAlbumWindow.xaml.cs(28,22): warning CS9264: Non-nullable property 'SelectedAlbum' must contain a non-null value when exiting constructor. Consider adding the 'required' modifier, or declaring the property as nullable, or safely handling the case where 'field' is null in the 'get' accessor. [F:\Berry-Work\dev\DiffusionTool\BerryAIGen.Toolkit\BerryAIGen.Toolkit_b3ao1qf4_wpftmp.csproj]
F:\Berry-Work\dev\DiffusionTool\BerryAIGen.Toolkit\ManageAlbumWindow.xaml.cs(34,25): warning CS8618: Non-nullable property 'Escape' must contain a non-null value when exiting constructor. Consider adding the 'required' modifier or declaring the property as nullable. [F:\Berry-Work\dev\DiffusionTool\BerryAIGen.Toolkit\BerryAIGen.Toolkit_b3ao1qf4_wpftmp.csproj]
F:\Berry-Work\dev\DiffusionTool\BerryAIGen.Toolkit\ManageAlbumWindow.xaml.cs(35,35): warning CS8618: Non-nullable property 'Albums' must contain a non-null value when exiting constructor. Consider adding the 'required' modifier or declaring the property as nullable. [F:\Berry-Work\dev\DiffusionTool\BerryAIGen.Toolkit\BerryAIGen.Toolkit_b3ao1qf4_wpftmp.csproj]
F:\Berry-Work\dev\DiffusionTool\BerryAIGen.Toolkit\Controls\PreviewPane.xaml.cs(77,70): warning CS8604: Possible null reference argument for parameter 'depObj' in 'IEnumerable<T> PreviewPane.FindVisualChildren<T>(DependencyObject depObj)'. [F:\Berry-Work\dev\DiffusionTool\BerryAIGen.Toolkit\BerryAIGen.Toolkit_b3ao1qf4_wpftmp.csproj]
F:\Berry-Work\dev\DiffusionTool\BerryAIGen.Toolkit\Controls\Thumbnail.cs(96,13): warning CS8602: Dereference of a possibly null reference. [F:\Berry-Work\dev\DiffusionTool\BerryAIGen.Toolkit\BerryAIGen.Toolkit_b3ao1qf4_wpftmp.csproj]
F:\Berry-Work\dev\DiffusionTool\BerryAIGen.Toolkit\Controls\PreviewPane.xaml.cs(115,17): warning CS8602: Dereference of a possibly null reference. [F:\Berry-Work\dev\DiffusionTool\BerryAIGen.Toolkit\BerryAIGen.Toolkit_b3ao1qf4_wpftmp.csproj]
F:\Berry-Work\dev\DiffusionTool\BerryAIGen.Toolkit\MessagePopupManager.cs(24,12): warning CS8618: Non-nullable field 't' must contain a non-null value when exiting constructor. Consider adding the 'required' modifier or declaring the field as nullable. [F:\Berry-Work\dev\DiffusionTool\BerryAIGen.Toolkit\BerryAIGen.Toolkit_b3ao1qf4_wpftmp.csproj]
F:\Berry-Work\dev\DiffusionTool\BerryAIGen.Toolkit\Controls\Thumbnail.cs(171,13): warning CS0219: The variable 'margin' is assigned but its value is never used [F:\Berry-Work\dev\DiffusionTool\BerryAIGen.Toolkit\BerryAIGen.Toolkit_b3ao1qf4_wpftmp.csproj]
F:\Berry-Work\dev\DiffusionTool\BerryAIGen.Toolkit\Controls\PreviewPane.xaml.cs(152,16): warning CS8618: Non-nullable field 'handCursor' must contain a non-null value when exiting constructor. Consider adding the 'required' modifier or declaring the field as nullable. [F:\Berry-Work\dev\DiffusionTool\BerryAIGen.Toolkit\BerryAIGen.Toolkit_b3ao1qf4_wpftmp.csproj]
F:\Berry-Work\dev\DiffusionTool\BerryAIGen.Toolkit\Controls\PreviewPane.xaml.cs(152,16): warning CS8618: Non-nullable field 'grabCursor' must contain a non-null value when exiting constructor. Consider adding the 'required' modifier or declaring the field as nullable. [F:\Berry-Work\dev\DiffusionTool\BerryAIGen.Toolkit\BerryAIGen.Toolkit_b3ao1qf4_wpftmp.csproj]
F:\Berry-Work\dev\DiffusionTool\BerryAIGen.Toolkit\Controls\PreviewPane.xaml.cs(152,16): warning CS8618: Non-nullable field '_rate' must contain a non-null value when exiting constructor. Consider adding the 'required' modifier or declaring the field as nullable. [F:\Berry-Work\dev\DiffusionTool\BerryAIGen.Toolkit\BerryAIGen.Toolkit_b3ao1qf4_wpftmp.csproj]
F:\Berry-Work\dev\DiffusionTool\BerryAIGen.Toolkit\Controls\PreviewPane.xaml.cs(152,16): warning CS8618: Non-nullable property 'OnPopout' must contain a non-null value when exiting constructor. Consider adding the 'required' modifier or declaring the property as nullable. [F:\Berry-Work\dev\DiffusionTool\BerryAIGen.Toolkit\BerryAIGen.Toolkit_b3ao1qf4_wpftmp.csproj]
F:\Berry-Work\dev\DiffusionTool\BerryAIGen.Toolkit\UnavailableFilesModel.cs(36,48): warning CS9264: Non-nullable property 'ImagePaths' must contain a non-null value when exiting constructor. Consider adding the 'required' modifier, or declaring the property as nullable, or safely handling the case where 'field' is null in the 'get' accessor. [F:\Berry-Work\dev\DiffusionTool\BerryAIGen.Toolkit\BerryAIGen.Toolkit_b3ao1qf4_wpftmp.csproj]
F:\Berry-Work\dev\DiffusionTool\BerryAIGen.Toolkit\Models\SettingsModel.cs(20,12): warning CS8618: Non-nullable field '_imagePaths' must contain a non-null value when exiting constructor. Consider adding the 'required' modifier or declaring the field as nullable. [F:\Berry-Work\dev\DiffusionTool\BerryAIGen.Toolkit\BerryAIGen.Toolkit_b3ao1qf4_wpftmp.csproj]
F:\Berry-Work\dev\DiffusionTool\BerryAIGen.Toolkit\Models\SettingsModel.cs(20,12): warning CS8618: Non-nullable field '_excludePaths' must contain a non-null value when exiting constructor. Consider adding the 'required' modifier or declaring the field as nullable. [F:\Berry-Work\dev\DiffusionTool\BerryAIGen.Toolkit\BerryAIGen.Toolkit_b3ao1qf4_wpftmp.csproj]
F:\Berry-Work\dev\DiffusionTool\BerryAIGen.Toolkit\Models\SettingsModel.cs(20,12): warning CS9264: Non-nullable property 'FileExtensions' must contain a non-null value when exiting constructor. Consider adding the 'required' modifier, or declaring the property as nullable, or safely handling the case where 'field' is null in the 'get' accessor. [F:\Berry-Work\dev\DiffusionTool\BerryAIGen.Toolkit\BerryAIGen.Toolkit_b3ao1qf4_wpftmp.csproj]
F:\Berry-Work\dev\DiffusionTool\BerryAIGen.Toolkit\Models\SettingsModel.cs(20,12): warning CS9264: Non-nullable property 'ModelRootPath' must contain a non-null value when exiting constructor. Consider adding the 'required' modifier, or declaring the property as nullable, or safely handling the case where 'field' is null in the 'get' accessor. [F:\Berry-Work\dev\DiffusionTool\BerryAIGen.Toolkit\BerryAIGen.Toolkit_b3ao1qf4_wpftmp.csproj]
F:\Berry-Work\dev\DiffusionTool\BerryAIGen.Toolkit\Models\SettingsModel.cs(20,12): warning CS9264: Non-nullable property 'Theme' must contain a non-null value when exiting constructor. Consider adding the 'required' modifier, or declaring the property as nullable, or safely handling the case where 'field' is null in the 'get' accessor. [F:\Berry-Work\dev\DiffusionTool\BerryAIGen.Toolkit\BerryAIGen.Toolkit_b3ao1qf4_wpftmp.csproj]
F:\Berry-Work\dev\DiffusionTool\BerryAIGen.Toolkit\Models\SettingsModel.cs(20,12): warning CS9264: Non-nullable property 'Culture' must contain a non-null value when exiting constructor. Consider adding the 'required' modifier, or declaring the property as nullable, or safely handling the case where 'field' is null in the 'get' accessor. [F:\Berry-Work\dev\DiffusionTool\BerryAIGen.Toolkit\BerryAIGen.Toolkit_b3ao1qf4_wpftmp.csproj]
F:\Berry-Work\dev\DiffusionTool\BerryAIGen.Toolkit\Models\SettingsModel.cs(20,12): warning CS9264: Non-nullable property 'Cultures' must contain a non-null value when exiting constructor. Consider adding the 'required' modifier, or declaring the property as nullable, or safely handling the case where 'field' is null in the 'get' accessor. [F:\Berry-Work\dev\DiffusionTool\BerryAIGen.Toolkit\BerryAIGen.Toolkit_b3ao1qf4_wpftmp.csproj]
F:\Berry-Work\dev\DiffusionTool\BerryAIGen.Toolkit\Models\SettingsModel.cs(20,12): warning CS9264: Non-nullable property 'NSFWTags' must contain a non-null value when exiting constructor. Consider adding the 'required' modifier, or declaring the property as nullable, or safely handling the case where 'field' is null in the 'get' accessor. [F:\Berry-Work\dev\DiffusionTool\BerryAIGen.Toolkit\BerryAIGen.Toolkit_b3ao1qf4_wpftmp.csproj]
F:\Berry-Work\dev\DiffusionTool\BerryAIGen.Toolkit\Models\SettingsModel.cs(20,12): warning CS9264: Non-nullable property 'HashCache' must contain a non-null value when exiting constructor. Consider adding the 'required' modifier, or declaring the property as nullable, or safely handling the case where 'field' is null in the 'get' accessor. [F:\Berry-Work\dev\DiffusionTool\BerryAIGen.Toolkit\BerryAIGen.Toolkit_b3ao1qf4_wpftmp.csproj]
F:\Berry-Work\dev\DiffusionTool\BerryAIGen.Toolkit\Models\SettingsModel.cs(20,12): warning CS9264: Non-nullable property 'Escape' must contain a non-null value when exiting constructor. Consider adding the 'required' modifier, or declaring the property as nullable, or safely handling the case where 'field' is null in the 'get' accessor. [F:\Berry-Work\dev\DiffusionTool\BerryAIGen.Toolkit\BerryAIGen.Toolkit_b3ao1qf4_wpftmp.csproj]
F:\Berry-Work\dev\DiffusionTool\BerryAIGen.Toolkit\Models\SettingsModel.cs(20,12): warning CS9264: Non-nullable property 'CustomCommandLine' must contain a non-null value when exiting constructor. Consider adding the 'required' modifier, or declaring the property as nullable, or safely handling the case where 'field' is null in the 'get' accessor. [F:\Berry-Work\dev\DiffusionTool\BerryAIGen.Toolkit\BerryAIGen.Toolkit_b3ao1qf4_wpftmp.csproj]
F:\Berry-Work\dev\DiffusionTool\BerryAIGen.Toolkit\Models\SettingsModel.cs(20,12): warning CS9264: Non-nullable property 'CustomCommandLineArgs' must contain a non-null value when exiting constructor. Consider adding the 'required' modifier, or declaring the property as nullable, or safely handling the case where 'field' is null in the 'get' accessor. [F:\Berry-Work\dev\DiffusionTool\BerryAIGen.Toolkit\BerryAIGen.Toolkit_b3ao1qf4_wpftmp.csproj]
F:\Berry-Work\dev\DiffusionTool\BerryAIGen.Toolkit\Models\SettingsModel.cs(20,12): warning CS9264: Non-nullable property 'ThemeOptions' must contain a non-null value when exiting constructor. Consider adding the 'required' modifier, or declaring the property as nullable, or safely handling the case where 'field' is null in the 'get' accessor. [F:\Berry-Work\dev\DiffusionTool\BerryAIGen.Toolkit\BerryAIGen.Toolkit_b3ao1qf4_wpftmp.csproj]
F:\Berry-Work\dev\DiffusionTool\BerryAIGen.Toolkit\Models\SettingsModel.cs(20,12): warning CS9264: Non-nullable property 'DatabasePath' must contain a non-null value when exiting constructor. Consider adding the 'required' modifier, or declaring the property as nullable, or safely handling the case where 'field' is null in the 'get' accessor. [F:\Berry-Work\dev\DiffusionTool\BerryAIGen.Toolkit\BerryAIGen.Toolkit_b3ao1qf4_wpftmp.csproj]
F:\Berry-Work\dev\DiffusionTool\BerryAIGen.Toolkit\Pages\Settings.xaml.cs(35,52): warning CS8603: Possible null reference return. [F:\Berry-Work\dev\DiffusionTool\BerryAIGen.Toolkit\BerryAIGen.Toolkit_b3ao1qf4_wpftmp.csproj]
F:\Berry-Work\dev\DiffusionTool\BerryAIGen.Toolkit\Pages\Models.xaml.cs(23,53): warning CS8603: Possible null reference return. [F:\Berry-Work\dev\DiffusionTool\BerryAIGen.Toolkit\BerryAIGen.Toolkit_b3ao1qf4_wpftmp.csproj]
F:\Berry-Work\dev\DiffusionTool\BerryAIGen.Toolkit\Controls\ThumbnailPanel.cs(120,13): warning CS4014: Because this call is not awaited, execution of the current method continues before the call is completed. Consider applying the 'await' operator to the result of the call. [F:\Berry-Work\dev\DiffusionTool\BerryAIGen.Toolkit\BerryAIGen.Toolkit_b3ao1qf4_wpftmp.csproj]
F:\Berry-Work\dev\DiffusionTool\BerryAIGen.Toolkit\Controls\ThumbnailPanel.cs(100,43): warning CS8602: Dereference of a possibly null reference. [F:\Berry-Work\dev\DiffusionTool\BerryAIGen.Toolkit\BerryAIGen.Toolkit_b3ao1qf4_wpftmp.csproj]
F:\Berry-Work\dev\DiffusionTool\BerryAIGen.Toolkit\Controls\ThumbnailPanel.cs(132,41): warning CS8602: Dereference of a possibly null reference. [F:\Berry-Work\dev\DiffusionTool\BerryAIGen.Toolkit\BerryAIGen.Toolkit_b3ao1qf4_wpftmp.csproj]
F:\Berry-Work\dev\DiffusionTool\BerryAIGen.Toolkit\Pages\Settings.xaml.cs(39,41): warning CS8603: Possible null reference return. [F:\Berry-Work\dev\DiffusionTool\BerryAIGen.Toolkit\BerryAIGen.Toolkit_b3ao1qf4_wpftmp.csproj]
F:\Berry-Work\dev\DiffusionTool\BerryAIGen.Toolkit\Pages\Models.xaml.cs(27,16): warning CS8618: Non-nullable property 'OnModelUpdated' must contain a non-null value when exiting constructor. Consider adding the 'required' modifier or declaring the property as nullable. [F:\Berry-Work\dev\DiffusionTool\BerryAIGen.Toolkit\BerryAIGen.Toolkit_b3ao1qf4_wpftmp.csproj]
F:\Berry-Work\dev\DiffusionTool\BerryAIGen.Toolkit\Pages\Settings.xaml.cs(43,86): warning CS8625: Cannot convert null literal to non-nullable reference type. [F:\Berry-Work\dev\DiffusionTool\BerryAIGen.Toolkit\BerryAIGen.Toolkit_b3ao1qf4_wpftmp.csproj]
F:\Berry-Work\dev\DiffusionTool\BerryAIGen.Toolkit\UnavailableFilesModel.cs(16,19): warning CS8618: Non-nullable property 'Path' must contain a non-null value when exiting constructor. Consider adding the 'required' modifier or declaring the property as nullable. [F:\Berry-Work\dev\DiffusionTool\BerryAIGen.Toolkit\BerryAIGen.Toolkit_b3ao1qf4_wpftmp.csproj]
F:\Berry-Work\dev\DiffusionTool\BerryAIGen.Toolkit\UnavailableFilesModel.cs(18,19): warning CS8618: Non-nullable property 'DisplayPath' must contain a non-null value when exiting constructor. Consider adding the 'required' modifier or declaring the property as nullable. [F:\Berry-Work\dev\DiffusionTool\BerryAIGen.Toolkit\BerryAIGen.Toolkit_b3ao1qf4_wpftmp.csproj]
F:\Berry-Work\dev\DiffusionTool\BerryAIGen.Toolkit\Models\SettingsModel.cs(49,9): warning CS8602: Dereference of a possibly null reference. [F:\Berry-Work\dev\DiffusionTool\BerryAIGen.Toolkit\BerryAIGen.Toolkit_b3ao1qf4_wpftmp.csproj]
F:\Berry-Work\dev\DiffusionTool\BerryAIGen.Toolkit\Controls\ThumbnailPanel.cs(147,13): warning CS0219: The variable 'iconWidth' is assigned but its value is never used [F:\Berry-Work\dev\DiffusionTool\BerryAIGen.Toolkit\BerryAIGen.Toolkit_b3ao1qf4_wpftmp.csproj]
F:\Berry-Work\dev\DiffusionTool\BerryAIGen.Toolkit\Controls\ThumbnailPanel.cs(148,13): warning CS0219: The variable 'iconHeight' is assigned but its value is never used [F:\Berry-Work\dev\DiffusionTool\BerryAIGen.Toolkit\BerryAIGen.Toolkit_b3ao1qf4_wpftmp.csproj]
F:\Berry-Work\dev\DiffusionTool\BerryAIGen.Toolkit\Models\AlbumModel.cs(11,19): warning CS9264: Non-nullable property 'Name' must contain a non-null value when exiting constructor. Consider adding the 'required' modifier, or declaring the property as nullable, or safely handling the case where 'field' is null in the 'get' accessor. [F:\Berry-Work\dev\DiffusionTool\BerryAIGen.Toolkit\BerryAIGen.Toolkit_b3ao1qf4_wpftmp.csproj]
F:\Berry-Work\dev\DiffusionTool\BerryAIGen.Toolkit\Behaviors\DTBehaviors.UseIsMouseOverHandlers.cs(84,43): warning CS8602: Dereference of a possibly null reference. [F:\Berry-Work\dev\DiffusionTool\BerryAIGen.Toolkit\BerryAIGen.Toolkit_b3ao1qf4_wpftmp.csproj]
F:\Berry-Work\dev\DiffusionTool\BerryAIGen.Toolkit\Behaviors\DTBehaviors.UseIsMouseOverHandlers.cs(91,17): warning CS8602: Dereference of a possibly null reference. [F:\Berry-Work\dev\DiffusionTool\BerryAIGen.Toolkit\BerryAIGen.Toolkit_b3ao1qf4_wpftmp.csproj]
F:\Berry-Work\dev\DiffusionTool\BerryAIGen.Toolkit\Pages\Settings.xaml.cs(58,13): warning CS8602: Dereference of a possibly null reference. [F:\Berry-Work\dev\DiffusionTool\BerryAIGen.Toolkit\BerryAIGen.Toolkit_b3ao1qf4_wpftmp.csproj]
F:\Berry-Work\dev\DiffusionTool\BerryAIGen.Toolkit\Pages\ModelViewModel.cs(8,19): warning CS8618: Non-nullable property 'Path' must contain a non-null value when exiting constructor. Consider adding the 'required' modifier or declaring the property as nullable. [F:\Berry-Work\dev\DiffusionTool\BerryAIGen.Toolkit\BerryAIGen.Toolkit_b3ao1qf4_wpftmp.csproj]
F:\Berry-Work\dev\DiffusionTool\BerryAIGen.Toolkit\Pages\ModelViewModel.cs(9,19): warning CS8618: Non-nullable property 'Filename' must contain a non-null value when exiting constructor. Consider adding the 'required' modifier or declaring the property as nullable. [F:\Berry-Work\dev\DiffusionTool\BerryAIGen.Toolkit\BerryAIGen.Toolkit_b3ao1qf4_wpftmp.csproj]
F:\Berry-Work\dev\DiffusionTool\BerryAIGen.Toolkit\Pages\ModelViewModel.cs(11,19): warning CS9264: Non-nullable property 'Hash' must contain a non-null value when exiting constructor. Consider adding the 'required' modifier, or declaring the property as nullable, or safely handling the case where 'field' is null in the 'get' accessor. [F:\Berry-Work\dev\DiffusionTool\BerryAIGen.Toolkit\BerryAIGen.Toolkit_b3ao1qf4_wpftmp.csproj]
F:\Berry-Work\dev\DiffusionTool\BerryAIGen.Toolkit\Pages\ModelViewModel.cs(23,19): warning CS9264: Non-nullable property 'SHA256' must contain a non-null value when exiting constructor. Consider adding the 'required' modifier, or declaring the property as nullable, or safely handling the case where 'field' is null in the 'get' accessor. [F:\Berry-Work\dev\DiffusionTool\BerryAIGen.Toolkit\BerryAIGen.Toolkit_b3ao1qf4_wpftmp.csproj]
F:\Berry-Work\dev\DiffusionTool\BerryAIGen.Toolkit\Preview.xaml.cs(24,41): warning CS8603: Possible null reference return. [F:\Berry-Work\dev\DiffusionTool\BerryAIGen.Toolkit\BerryAIGen.Toolkit_b3ao1qf4_wpftmp.csproj]
F:\Berry-Work\dev\DiffusionTool\BerryAIGen.Toolkit\Controls\ThumbnailView.xaml.cs(372,61): warning CS8602: Dereference of a possibly null reference. [F:\Berry-Work\dev\DiffusionTool\BerryAIGen.Toolkit\BerryAIGen.Toolkit_b3ao1qf4_wpftmp.csproj]
F:\Berry-Work\dev\DiffusionTool\BerryAIGen.Toolkit\Pages\Prompts.xaml.cs(28,41): warning CS8603: Possible null reference return. [F:\Berry-Work\dev\DiffusionTool\BerryAIGen.Toolkit\BerryAIGen.Toolkit_b3ao1qf4_wpftmp.csproj]
F:\Berry-Work\dev\DiffusionTool\BerryAIGen.Toolkit\Pages\Prompts.xaml.cs(29,53): warning CS8603: Possible null reference return. [F:\Berry-Work\dev\DiffusionTool\BerryAIGen.Toolkit\BerryAIGen.Toolkit_b3ao1qf4_wpftmp.csproj]
F:\Berry-Work\dev\DiffusionTool\BerryAIGen.Toolkit\PreviewModel.cs(14,12): warning CS8618: Non-nullable property 'Close' must contain a non-null value when exiting constructor. Consider adding the 'required' modifier or declaring the property as nullable. [F:\Berry-Work\dev\DiffusionTool\BerryAIGen.Toolkit\BerryAIGen.Toolkit_b3ao1qf4_wpftmp.csproj]
F:\Berry-Work\dev\DiffusionTool\BerryAIGen.Toolkit\PreviewModel.cs(14,12): warning CS8618: Non-nullable property 'ToggleFitToPreview' must contain a non-null value when exiting constructor. Consider adding the 'required' modifier or declaring the property as nullable. [F:\Berry-Work\dev\DiffusionTool\BerryAIGen.Toolkit\BerryAIGen.Toolkit_b3ao1qf4_wpftmp.csproj]
F:\Berry-Work\dev\DiffusionTool\BerryAIGen.Toolkit\PreviewModel.cs(14,12): warning CS8618: Non-nullable property 'ToggleActualSize' must contain a non-null value when exiting constructor. Consider adding the 'required' modifier or declaring the property as nullable. [F:\Berry-Work\dev\DiffusionTool\BerryAIGen.Toolkit\BerryAIGen.Toolkit_b3ao1qf4_wpftmp.csproj]
F:\Berry-Work\dev\DiffusionTool\BerryAIGen.Toolkit\PreviewModel.cs(14,12): warning CS8618: Non-nullable property 'ToggleTagsCommand' must contain a non-null value when exiting constructor. Consider adding the 'required' modifier or declaring the property as nullable. [F:\Berry-Work\dev\DiffusionTool\BerryAIGen.Toolkit\BerryAIGen.Toolkit_b3ao1qf4_wpftmp.csproj]
F:\Berry-Work\dev\DiffusionTool\BerryAIGen.Toolkit\PreviewModel.cs(14,12): warning CS8618: Non-nullable property 'ToggleAutoAdvance' must contain a non-null value when exiting constructor. Consider adding the 'required' modifier or declaring the property as nullable. [F:\Berry-Work\dev\DiffusionTool\BerryAIGen.Toolkit\BerryAIGen.Toolkit_b3ao1qf4_wpftmp.csproj]
F:\Berry-Work\dev\DiffusionTool\BerryAIGen.Toolkit\PreviewModel.cs(14,12): warning CS8618: Non-nullable property 'StartStopSlideShow' must contain a non-null value when exiting constructor. Consider adding the 'required' modifier or declaring the property as nullable. [F:\Berry-Work\dev\DiffusionTool\BerryAIGen.Toolkit\BerryAIGen.Toolkit_b3ao1qf4_wpftmp.csproj]
F:\Berry-Work\dev\DiffusionTool\BerryAIGen.Toolkit\PreviewModel.cs(14,12): warning CS8618: Non-nullable property 'ToggleInfo' must contain a non-null value when exiting constructor. Consider adding the 'required' modifier or declaring the property as nullable. [F:\Berry-Work\dev\DiffusionTool\BerryAIGen.Toolkit\BerryAIGen.Toolkit_b3ao1qf4_wpftmp.csproj]
F:\Berry-Work\dev\DiffusionTool\BerryAIGen.Toolkit\PreviewModel.cs(14,12): warning CS8618: Non-nullable property 'ToggleFullScreen' must contain a non-null value when exiting constructor. Consider adding the 'required' modifier or declaring the property as nullable. [F:\Berry-Work\dev\DiffusionTool\BerryAIGen.Toolkit\BerryAIGen.Toolkit_b3ao1qf4_wpftmp.csproj]
F:\Berry-Work\dev\DiffusionTool\BerryAIGen.Toolkit\PreviewModel.cs(14,12): warning CS8618: Non-nullable property 'OpenWithCommand' must contain a non-null value when exiting constructor. Consider adding the 'required' modifier or declaring the property as nullable. [F:\Berry-Work\dev\DiffusionTool\BerryAIGen.Toolkit\BerryAIGen.Toolkit_b3ao1qf4_wpftmp.csproj]
F:\Berry-Work\dev\DiffusionTool\BerryAIGen.Toolkit\Controls\ThumbnailPanel.cs(191,17): warning CS0219: The variable 'iconWidth' is assigned but its value is never used [F:\Berry-Work\dev\DiffusionTool\BerryAIGen.Toolkit\BerryAIGen.Toolkit_b3ao1qf4_wpftmp.csproj]
F:\Berry-Work\dev\DiffusionTool\BerryAIGen.Toolkit\Controls\ThumbnailPanel.cs(192,17): warning CS0219: The variable 'iconHeight' is assigned but its value is never used [F:\Berry-Work\dev\DiffusionTool\BerryAIGen.Toolkit\BerryAIGen.Toolkit_b3ao1qf4_wpftmp.csproj]
F:\Berry-Work\dev\DiffusionTool\BerryAIGen.Toolkit\Pages\Models.xaml.cs(71,26): warning CS8601: Possible null reference assignment. [F:\Berry-Work\dev\DiffusionTool\BerryAIGen.Toolkit\BerryAIGen.Toolkit_b3ao1qf4_wpftmp.csproj]
F:\Berry-Work\dev\DiffusionTool\BerryAIGen.Toolkit\Controls\ThumbnailPaneModel.cs(81,29): warning CS8601: Possible null reference assignment. [F:\Berry-Work\dev\DiffusionTool\BerryAIGen.Toolkit\BerryAIGen.Toolkit_b3ao1qf4_wpftmp.csproj]
F:\Berry-Work\dev\DiffusionTool\BerryAIGen.Toolkit\Pages\ModelsModel.cs(9,40): warning CS9264: Non-nullable property 'Models' must contain a non-null value when exiting constructor. Consider adding the 'required' modifier, or declaring the property as nullable, or safely handling the case where 'field' is null in the 'get' accessor. [F:\Berry-Work\dev\DiffusionTool\BerryAIGen.Toolkit\BerryAIGen.Toolkit_b3ao1qf4_wpftmp.csproj]
F:\Berry-Work\dev\DiffusionTool\BerryAIGen.Toolkit\Pages\ModelsModel.cs(15,40): warning CS9264: Non-nullable property 'FilteredModels' must contain a non-null value when exiting constructor. Consider adding the 'required' modifier, or declaring the property as nullable, or safely handling the case where 'field' is null in the 'get' accessor. [F:\Berry-Work\dev\DiffusionTool\BerryAIGen.Toolkit\BerryAIGen.Toolkit_b3ao1qf4_wpftmp.csproj]
F:\Berry-Work\dev\DiffusionTool\BerryAIGen.Toolkit\Pages\ModelsModel.cs(21,19): warning CS9264: Non-nullable property 'Search' must contain a non-null value when exiting constructor. Consider adding the 'required' modifier, or declaring the property as nullable, or safely handling the case where 'field' is null in the 'get' accessor. [F:\Berry-Work\dev\DiffusionTool\BerryAIGen.Toolkit\BerryAIGen.Toolkit_b3ao1qf4_wpftmp.csproj]
F:\Berry-Work\dev\DiffusionTool\BerryAIGen.Toolkit\Pages\ModelsModel.cs(27,27): warning CS9264: Non-nullable property 'SelectedModel' must contain a non-null value when exiting constructor. Consider adding the 'required' modifier, or declaring the property as nullable, or safely handling the case where 'field' is null in the 'get' accessor. [F:\Berry-Work\dev\DiffusionTool\BerryAIGen.Toolkit\BerryAIGen.Toolkit_b3ao1qf4_wpftmp.csproj]
F:\Berry-Work\dev\DiffusionTool\BerryAIGen.Toolkit\Pages\Prompts.xaml.cs(37,13): warning CS8602: Dereference of a possibly null reference. [F:\Berry-Work\dev\DiffusionTool\BerryAIGen.Toolkit\BerryAIGen.Toolkit_b3ao1qf4_wpftmp.csproj]
F:\Berry-Work\dev\DiffusionTool\BerryAIGen.Toolkit\Pages\Prompts.xaml.cs(33,16): warning CS8618: Non-nullable property 'Settings' must contain a non-null value when exiting constructor. Consider adding the 'required' modifier or declaring the property as nullable. [F:\Berry-Work\dev\DiffusionTool\BerryAIGen.Toolkit\BerryAIGen.Toolkit_b3ao1qf4_wpftmp.csproj]
F:\Berry-Work\dev\DiffusionTool\BerryAIGen.Toolkit\Controls\PreviewPane.xaml.cs(212,13): warning CS8602: Dereference of a possibly null reference. [F:\Berry-Work\dev\DiffusionTool\BerryAIGen.Toolkit\BerryAIGen.Toolkit_b3ao1qf4_wpftmp.csproj]
F:\Berry-Work\dev\DiffusionTool\BerryAIGen.Toolkit\Controls\PreviewPane.xaml.cs(221,39): warning CS8603: Possible null reference return. [F:\Berry-Work\dev\DiffusionTool\BerryAIGen.Toolkit\BerryAIGen.Toolkit_b3ao1qf4_wpftmp.csproj]
F:\Berry-Work\dev\DiffusionTool\BerryAIGen.Toolkit\Behaviors\DTBehaviors.UseIsMouseOverHandlers.cs(129,43): warning CS8602: Dereference of a possibly null reference. [F:\Berry-Work\dev\DiffusionTool\BerryAIGen.Toolkit\BerryAIGen.Toolkit_b3ao1qf4_wpftmp.csproj]
F:\Berry-Work\dev\DiffusionTool\BerryAIGen.Toolkit\Behaviors\DTBehaviors.UseIsMouseOverHandlers.cs(136,17): warning CS8602: Dereference of a possibly null reference. [F:\Berry-Work\dev\DiffusionTool\BerryAIGen.Toolkit\BerryAIGen.Toolkit_b3ao1qf4_wpftmp.csproj]
F:\Berry-Work\dev\DiffusionTool\BerryAIGen.Toolkit\Controls\PreviewPane.xaml.cs(233,30): warning CS0168: The variable 'e' is declared but never used [F:\Berry-Work\dev\DiffusionTool\BerryAIGen.Toolkit\BerryAIGen.Toolkit_b3ao1qf4_wpftmp.csproj]
F:\Berry-Work\dev\DiffusionTool\BerryAIGen.Toolkit\Pages\Settings.xaml.cs(116,30): warning CS8601: Possible null reference assignment. [F:\Berry-Work\dev\DiffusionTool\BerryAIGen.Toolkit\BerryAIGen.Toolkit_b3ao1qf4_wpftmp.csproj]
F:\Berry-Work\dev\DiffusionTool\BerryAIGen.Toolkit\MessagePopupManager.cs(46,34): warning CS0168: The variable 'exception' is declared but never used [F:\Berry-Work\dev\DiffusionTool\BerryAIGen.Toolkit\BerryAIGen.Toolkit_b3ao1qf4_wpftmp.csproj]
F:\Berry-Work\dev\DiffusionTool\BerryAIGen.Toolkit\Models\ExternalApplicationModel.cs(6,19): warning CS9264: Non-nullable property 'Name' must contain a non-null value when exiting constructor. Consider adding the 'required' modifier, or declaring the property as nullable, or safely handling the case where 'field' is null in the 'get' accessor. [F:\Berry-Work\dev\DiffusionTool\BerryAIGen.Toolkit\BerryAIGen.Toolkit_b3ao1qf4_wpftmp.csproj]
F:\Berry-Work\dev\DiffusionTool\BerryAIGen.Toolkit\Models\ExternalApplicationModel.cs(12,19): warning CS9264: Non-nullable property 'Path' must contain a non-null value when exiting constructor. Consider adding the 'required' modifier, or declaring the property as nullable, or safely handling the case where 'field' is null in the 'get' accessor. [F:\Berry-Work\dev\DiffusionTool\BerryAIGen.Toolkit\BerryAIGen.Toolkit_b3ao1qf4_wpftmp.csproj]
F:\Berry-Work\dev\DiffusionTool\BerryAIGen.Toolkit\Models\ExternalApplicationModel.cs(18,19): warning CS9264: Non-nullable property 'CommandLineArgs' must contain a non-null value when exiting constructor. Consider adding the 'required' modifier, or declaring the property as nullable, or safely handling the case where 'field' is null in the 'get' accessor. [F:\Berry-Work\dev\DiffusionTool\BerryAIGen.Toolkit\BerryAIGen.Toolkit_b3ao1qf4_wpftmp.csproj]
F:\Berry-Work\dev\DiffusionTool\BerryAIGen.Toolkit\Models\ExternalApplicationModel.cs(24,19): warning CS9264: Non-nullable property 'Shortcut' must contain a non-null value when exiting constructor. Consider adding the 'required' modifier, or declaring the property as nullable, or safely handling the case where 'field' is null in the 'get' accessor. [F:\Berry-Work\dev\DiffusionTool\BerryAIGen.Toolkit\BerryAIGen.Toolkit_b3ao1qf4_wpftmp.csproj]
F:\Berry-Work\dev\DiffusionTool\BerryAIGen.Toolkit\Preview.xaml.cs(59,41): warning CS8602: Dereference of a possibly null reference. [F:\Berry-Work\dev\DiffusionTool\BerryAIGen.Toolkit\BerryAIGen.Toolkit_b3ao1qf4_wpftmp.csproj]
F:\Berry-Work\dev\DiffusionTool\BerryAIGen.Toolkit\Preview.xaml.cs(39,16): warning CS8618: Non-nullable field '_onNext' must contain a non-null value when exiting constructor. Consider adding the 'required' modifier or declaring the field as nullable. [F:\Berry-Work\dev\DiffusionTool\BerryAIGen.Toolkit\BerryAIGen.Toolkit_b3ao1qf4_wpftmp.csproj]
F:\Berry-Work\dev\DiffusionTool\BerryAIGen.Toolkit\Preview.xaml.cs(39,16): warning CS8618: Non-nullable property 'OnDrop' must contain a non-null value when exiting constructor. Consider adding the 'required' modifier or declaring the property as nullable. [F:\Berry-Work\dev\DiffusionTool\BerryAIGen.Toolkit\BerryAIGen.Toolkit_b3ao1qf4_wpftmp.csproj]
F:\Berry-Work\dev\DiffusionTool\BerryAIGen.Toolkit\Preview.xaml.cs(39,16): warning CS8618: Non-nullable property 'AdvanceSlideShow' must contain a non-null value when exiting constructor. Consider adding the 'required' modifier or declaring the property as nullable. [F:\Berry-Work\dev\DiffusionTool\BerryAIGen.Toolkit\BerryAIGen.Toolkit_b3ao1qf4_wpftmp.csproj]
F:\Berry-Work\dev\DiffusionTool\BerryAIGen.Toolkit\Preview.xaml.cs(39,16): warning CS8618: Non-nullable field '_background' must contain a non-null value when exiting constructor. Consider adding the 'required' modifier or declaring the field as nullable. [F:\Berry-Work\dev\DiffusionTool\BerryAIGen.Toolkit\BerryAIGen.Toolkit_b3ao1qf4_wpftmp.csproj]
F:\Berry-Work\dev\DiffusionTool\BerryAIGen.Toolkit\Controls\PreviewPane.xaml.cs(261,17): warning CS8602: Dereference of a possibly null reference. [F:\Berry-Work\dev\DiffusionTool\BerryAIGen.Toolkit\BerryAIGen.Toolkit_b3ao1qf4_wpftmp.csproj]
F:\Berry-Work\dev\DiffusionTool\BerryAIGen.Toolkit\Controls\PreviewPane.xaml.cs(269,25): warning CS8602: Dereference of a possibly null reference. [F:\Berry-Work\dev\DiffusionTool\BerryAIGen.Toolkit\BerryAIGen.Toolkit_b3ao1qf4_wpftmp.csproj]
F:\Berry-Work\dev\DiffusionTool\BerryAIGen.Toolkit\MessagePopupManager.cs(72,34): warning CS0168: The variable 'exception' is declared but never used [F:\Berry-Work\dev\DiffusionTool\BerryAIGen.Toolkit\BerryAIGen.Toolkit_b3ao1qf4_wpftmp.csproj]
F:\Berry-Work\dev\DiffusionTool\BerryAIGen.Toolkit\Models\FolderViewModel.cs(15,35): warning CS8603: Possible null reference return. [F:\Berry-Work\dev\DiffusionTool\BerryAIGen.Toolkit\BerryAIGen.Toolkit_b3ao1qf4_wpftmp.csproj]
F:\Berry-Work\dev\DiffusionTool\BerryAIGen.Toolkit\Preview.xaml.cs(105,40): warning CS8602: Dereference of a possibly null reference. [F:\Berry-Work\dev\DiffusionTool\BerryAIGen.Toolkit\BerryAIGen.Toolkit_b3ao1qf4_wpftmp.csproj]
F:\Berry-Work\dev\DiffusionTool\BerryAIGen.Toolkit\Pages\Settings.xaml.cs(140,49): warning CS8602: Dereference of a possibly null reference. [F:\Berry-Work\dev\DiffusionTool\BerryAIGen.Toolkit\BerryAIGen.Toolkit_b3ao1qf4_wpftmp.csproj]
F:\Berry-Work\dev\DiffusionTool\BerryAIGen.Toolkit\MainWindow.xaml.Albums.cs(251,17): warning CS8602: Dereference of a possibly null reference. [F:\Berry-Work\dev\DiffusionTool\BerryAIGen.Toolkit\BerryAIGen.Toolkit_b3ao1qf4_wpftmp.csproj]
F:\Berry-Work\dev\DiffusionTool\BerryAIGen.Toolkit\MainWindow.xaml.Albums.cs(257,23): warning CS8602: Dereference of a possibly null reference. [F:\Berry-Work\dev\DiffusionTool\BerryAIGen.Toolkit\BerryAIGen.Toolkit_b3ao1qf4_wpftmp.csproj]
F:\Berry-Work\dev\DiffusionTool\BerryAIGen.Toolkit\MainWindow.xaml.Albums.cs(255,36): warning CS0168: The variable 'ex' is declared but never used [F:\Berry-Work\dev\DiffusionTool\BerryAIGen.Toolkit\BerryAIGen.Toolkit_b3ao1qf4_wpftmp.csproj]
F:\Berry-Work\dev\DiffusionTool\BerryAIGen.Toolkit\Models\ImageEntry.cs(17,12): warning CS8618: Non-nullable field '_sizeFormatted' must contain a non-null value when exiting constructor. Consider adding the 'required' modifier or declaring the field as nullable. [F:\Berry-Work\dev\DiffusionTool\BerryAIGen.Toolkit\BerryAIGen.Toolkit_b3ao1qf4_wpftmp.csproj]
F:\Berry-Work\dev\DiffusionTool\BerryAIGen.Toolkit\Models\ImageEntry.cs(17,12): warning CS9264: Non-nullable property 'Name' must contain a non-null value when exiting constructor. Consider adding the 'required' modifier, or declaring the property as nullable, or safely handling the case where 'field' is null in the 'get' accessor. [F:\Berry-Work\dev\DiffusionTool\BerryAIGen.Toolkit\BerryAIGen.Toolkit_b3ao1qf4_wpftmp.csproj]
F:\Berry-Work\dev\DiffusionTool\BerryAIGen.Toolkit\Models\ImageEntry.cs(17,12): warning CS9264: Non-nullable property 'Path' must contain a non-null value when exiting constructor. Consider adding the 'required' modifier, or declaring the property as nullable, or safely handling the case where 'field' is null in the 'get' accessor. [F:\Berry-Work\dev\DiffusionTool\BerryAIGen.Toolkit\BerryAIGen.Toolkit_b3ao1qf4_wpftmp.csproj]
F:\Berry-Work\dev\DiffusionTool\BerryAIGen.Toolkit\Models\ImageEntry.cs(17,12): warning CS9264: Non-nullable property 'Albums' must contain a non-null value when exiting constructor. Consider adding the 'required' modifier, or declaring the property as nullable, or safely handling the case where 'field' is null in the 'get' accessor. [F:\Berry-Work\dev\DiffusionTool\BerryAIGen.Toolkit\BerryAIGen.Toolkit_b3ao1qf4_wpftmp.csproj]
F:\Berry-Work\dev\DiffusionTool\BerryAIGen.Toolkit\Models\FolderViewModel.cs(52,19): warning CS8618: Non-nullable property 'Path' must contain a non-null value when exiting constructor. Consider adding the 'required' modifier or declaring the property as nullable. [F:\Berry-Work\dev\DiffusionTool\BerryAIGen.Toolkit\BerryAIGen.Toolkit_b3ao1qf4_wpftmp.csproj]
F:\Berry-Work\dev\DiffusionTool\BerryAIGen.Toolkit\Models\FolderViewModel.cs(56,19): warning CS9264: Non-nullable property 'Name' must contain a non-null value when exiting constructor. Consider adding the 'required' modifier, or declaring the property as nullable, or safely handling the case where 'field' is null in the 'get' accessor. [F:\Berry-Work\dev\DiffusionTool\BerryAIGen.Toolkit\BerryAIGen.Toolkit_b3ao1qf4_wpftmp.csproj]
F:\Berry-Work\dev\DiffusionTool\BerryAIGen.Toolkit\Pages\Search.xaml.cs(60,16): warning CS8618: Non-nullable property 'LastQuery' must contain a non-null value when exiting constructor. Consider adding the 'required' modifier or declaring the property as nullable. [F:\Berry-Work\dev\DiffusionTool\BerryAIGen.Toolkit\BerryAIGen.Toolkit_b3ao1qf4_wpftmp.csproj]
F:\Berry-Work\dev\DiffusionTool\BerryAIGen.Toolkit\Pages\Search.xaml.cs(60,16): warning CS8618: Non-nullable property 'Name' must contain a non-null value when exiting constructor. Consider adding the 'required' modifier or declaring the property as nullable. [F:\Berry-Work\dev\DiffusionTool\BerryAIGen.Toolkit\BerryAIGen.Toolkit_b3ao1qf4_wpftmp.csproj]
F:\Berry-Work\dev\DiffusionTool\BerryAIGen.Toolkit\Pages\Search.xaml.cs(60,16): warning CS8618: Non-nullable property 'Key' must contain a non-null value when exiting constructor. Consider adding the 'required' modifier or declaring the property as nullable. [F:\Berry-Work\dev\DiffusionTool\BerryAIGen.Toolkit\BerryAIGen.Toolkit_b3ao1qf4_wpftmp.csproj]
F:\Berry-Work\dev\DiffusionTool\BerryAIGen.Toolkit\MainWindow.xaml.Albums.cs(272,21): warning CS8602: Dereference of a possibly null reference. [F:\Berry-Work\dev\DiffusionTool\BerryAIGen.Toolkit\BerryAIGen.Toolkit_b3ao1qf4_wpftmp.csproj]
F:\Berry-Work\dev\DiffusionTool\BerryAIGen.Toolkit\Preview.xaml.cs(226,13): warning CS8602: Dereference of a possibly null reference. [F:\Berry-Work\dev\DiffusionTool\BerryAIGen.Toolkit\BerryAIGen.Toolkit_b3ao1qf4_wpftmp.csproj]
F:\Berry-Work\dev\DiffusionTool\BerryAIGen.Toolkit\Preview.xaml.cs(231,13): warning CS8602: Dereference of a possibly null reference. [F:\Berry-Work\dev\DiffusionTool\BerryAIGen.Toolkit\BerryAIGen.Toolkit_b3ao1qf4_wpftmp.csproj]
F:\Berry-Work\dev\DiffusionTool\BerryAIGen.Toolkit\Preview.xaml.cs(236,89): warning CS8604: Possible null reference argument for parameter 's' in 'int int.Parse(string s)'. [F:\Berry-Work\dev\DiffusionTool\BerryAIGen.Toolkit\BerryAIGen.Toolkit_b3ao1qf4_wpftmp.csproj]
F:\Berry-Work\dev\DiffusionTool\BerryAIGen.Toolkit\Models\ImageViewModel.cs(303,19): warning CS8618: Non-nullable property 'Name' must contain a non-null value when exiting constructor. Consider adding the 'required' modifier or declaring the property as nullable. [F:\Berry-Work\dev\DiffusionTool\BerryAIGen.Toolkit\BerryAIGen.Toolkit_b3ao1qf4_wpftmp.csproj]
F:\Berry-Work\dev\DiffusionTool\BerryAIGen.Toolkit\Models\ImageViewModel.cs(22,12): warning CS8618: Non-nullable field '_prompt' must contain a non-null value when exiting constructor. Consider adding the 'required' modifier or declaring the field as nullable. [F:\Berry-Work\dev\DiffusionTool\BerryAIGen.Toolkit\BerryAIGen.Toolkit_b3ao1qf4_wpftmp.csproj]
F:\Berry-Work\dev\DiffusionTool\BerryAIGen.Toolkit\Models\ImageViewModel.cs(22,12): warning CS8618: Non-nullable field '_negativePrompt' must contain a non-null value when exiting constructor. Consider adding the 'required' modifier or declaring the field as nullable. [F:\Berry-Work\dev\DiffusionTool\BerryAIGen.Toolkit\BerryAIGen.Toolkit_b3ao1qf4_wpftmp.csproj]
F:\Berry-Work\dev\DiffusionTool\BerryAIGen.Toolkit\Models\ImageViewModel.cs(22,12): warning CS8618: Non-nullable field '_otherParameters' must contain a non-null value when exiting constructor. Consider adding the 'required' modifier or declaring the field as nullable. [F:\Berry-Work\dev\DiffusionTool\BerryAIGen.Toolkit\BerryAIGen.Toolkit_b3ao1qf4_wpftmp.csproj]
F:\Berry-Work\dev\DiffusionTool\BerryAIGen.Toolkit\Models\ImageViewModel.cs(22,12): warning CS8618: Non-nullable field '_modelHash' must contain a non-null value when exiting constructor. Consider adding the 'required' modifier or declaring the field as nullable. [F:\Berry-Work\dev\DiffusionTool\BerryAIGen.Toolkit\BerryAIGen.Toolkit_b3ao1qf4_wpftmp.csproj]
F:\Berry-Work\dev\DiffusionTool\BerryAIGen.Toolkit\Models\ImageViewModel.cs(22,12): warning CS9264: Non-nullable property 'Path' must contain a non-null value when exiting constructor. Consider adding the 'required' modifier, or declaring the property as nullable, or safely handling the case where 'field' is null in the 'get' accessor. [F:\Berry-Work\dev\DiffusionTool\BerryAIGen.Toolkit\BerryAIGen.Toolkit_b3ao1qf4_wpftmp.csproj]
F:\Berry-Work\dev\DiffusionTool\BerryAIGen.Toolkit\Models\ImageViewModel.cs(22,12): warning CS9264: Non-nullable property 'ModelName' must contain a non-null value when exiting constructor. Consider adding the 'required' modifier, or declaring the property as nullable, or safely handling the case where 'field' is null in the 'get' accessor. [F:\Berry-Work\dev\DiffusionTool\BerryAIGen.Toolkit\BerryAIGen.Toolkit_b3ao1qf4_wpftmp.csproj]
F:\Berry-Work\dev\DiffusionTool\BerryAIGen.Toolkit\Models\ImageViewModel.cs(22,12): warning CS9264: Non-nullable property 'Date' must contain a non-null value when exiting constructor. Consider adding the 'required' modifier, or declaring the property as nullable, or safely handling the case where 'field' is null in the 'get' accessor. [F:\Berry-Work\dev\DiffusionTool\BerryAIGen.Toolkit\BerryAIGen.Toolkit_b3ao1qf4_wpftmp.csproj]
F:\Berry-Work\dev\DiffusionTool\BerryAIGen.Toolkit\Models\ImageViewModel.cs(22,12): warning CS9264: Non-nullable property 'SearchModelCommand' must contain a non-null value when exiting constructor. Consider adding the 'required' modifier, or declaring the property as nullable, or safely handling the case where 'field' is null in the 'get' accessor. [F:\Berry-Work\dev\DiffusionTool\BerryAIGen.Toolkit\BerryAIGen.Toolkit_b3ao1qf4_wpftmp.csproj]
F:\Berry-Work\dev\DiffusionTool\BerryAIGen.Toolkit\Models\ImageViewModel.cs(22,12): warning CS9264: Non-nullable property 'ShowInExplorerCommand' must contain a non-null value when exiting constructor. Consider adding the 'required' modifier, or declaring the property as nullable, or safely handling the case where 'field' is null in the 'get' accessor. [F:\Berry-Work\dev\DiffusionTool\BerryAIGen.Toolkit\BerryAIGen.Toolkit_b3ao1qf4_wpftmp.csproj]
F:\Berry-Work\dev\DiffusionTool\BerryAIGen.Toolkit\Models\ImageViewModel.cs(22,12): warning CS9264: Non-nullable property 'DeleteCommand' must contain a non-null value when exiting constructor. Consider adding the 'required' modifier, or declaring the property as nullable, or safely handling the case where 'field' is null in the 'get' accessor. [F:\Berry-Work\dev\DiffusionTool\BerryAIGen.Toolkit\BerryAIGen.Toolkit_b3ao1qf4_wpftmp.csproj]
F:\Berry-Work\dev\DiffusionTool\BerryAIGen.Toolkit\Models\ImageViewModel.cs(22,12): warning CS9264: Non-nullable property 'FavoriteCommand' must contain a non-null value when exiting constructor. Consider adding the 'required' modifier, or declaring the property as nullable, or safely handling the case where 'field' is null in the 'get' accessor. [F:\Berry-Work\dev\DiffusionTool\BerryAIGen.Toolkit\BerryAIGen.Toolkit_b3ao1qf4_wpftmp.csproj]
F:\Berry-Work\dev\DiffusionTool\BerryAIGen.Toolkit\Models\ImageViewModel.cs(22,12): warning CS9264: Non-nullable property 'ShowInThumbnails' must contain a non-null value when exiting constructor. Consider adding the 'required' modifier, or declaring the property as nullable, or safely handling the case where 'field' is null in the 'get' accessor. [F:\Berry-Work\dev\DiffusionTool\BerryAIGen.Toolkit\BerryAIGen.Toolkit_b3ao1qf4_wpftmp.csproj]
F:\Berry-Work\dev\DiffusionTool\BerryAIGen.Toolkit\Models\ImageViewModel.cs(22,12): warning CS9264: Non-nullable property 'ToggleParameters' must contain a non-null value when exiting constructor. Consider adding the 'required' modifier, or declaring the property as nullable, or safely handling the case where 'field' is null in the 'get' accessor. [F:\Berry-Work\dev\DiffusionTool\BerryAIGen.Toolkit\BerryAIGen.Toolkit_b3ao1qf4_wpftmp.csproj]
F:\Berry-Work\dev\DiffusionTool\BerryAIGen.Toolkit\Models\ImageViewModel.cs(22,12): warning CS9264: Non-nullable property 'Albums' must contain a non-null value when exiting constructor. Consider adding the 'required' modifier, or declaring the property as nullable, or safely handling the case where 'field' is null in the 'get' accessor. [F:\Berry-Work\dev\DiffusionTool\BerryAIGen.Toolkit\BerryAIGen.Toolkit_b3ao1qf4_wpftmp.csproj]
F:\Berry-Work\dev\DiffusionTool\BerryAIGen.Toolkit\Models\ImageViewModel.cs(22,12): warning CS9264: Non-nullable property 'Message' must contain a non-null value when exiting constructor. Consider adding the 'required' modifier, or declaring the property as nullable, or safely handling the case where 'field' is null in the 'get' accessor. [F:\Berry-Work\dev\DiffusionTool\BerryAIGen.Toolkit\BerryAIGen.Toolkit_b3ao1qf4_wpftmp.csproj]
F:\Berry-Work\dev\DiffusionTool\BerryAIGen.Toolkit\Models\ImageViewModel.cs(22,12): warning CS9264: Non-nullable property 'OpenAlbumCommand' must contain a non-null value when exiting constructor. Consider adding the 'required' modifier, or declaring the property as nullable, or safely handling the case where 'field' is null in the 'get' accessor. [F:\Berry-Work\dev\DiffusionTool\BerryAIGen.Toolkit\BerryAIGen.Toolkit_b3ao1qf4_wpftmp.csproj]
F:\Berry-Work\dev\DiffusionTool\BerryAIGen.Toolkit\Models\ImageViewModel.cs(22,12): warning CS9264: Non-nullable property 'RemoveFromAlbumCommand' must contain a non-null value when exiting constructor. Consider adding the 'required' modifier, or declaring the property as nullable, or safely handling the case where 'field' is null in the 'get' accessor. [F:\Berry-Work\dev\DiffusionTool\BerryAIGen.Toolkit\BerryAIGen.Toolkit_b3ao1qf4_wpftmp.csproj]
F:\Berry-Work\dev\DiffusionTool\BerryAIGen.Toolkit\Models\ImageViewModel.cs(22,12): warning CS9264: Non-nullable property 'Nodes' must contain a non-null value when exiting constructor. Consider adding the 'required' modifier, or declaring the property as nullable, or safely handling the case where 'field' is null in the 'get' accessor. [F:\Berry-Work\dev\DiffusionTool\BerryAIGen.Toolkit\BerryAIGen.Toolkit_b3ao1qf4_wpftmp.csproj]
F:\Berry-Work\dev\DiffusionTool\BerryAIGen.Toolkit\Models\ImageViewModel.cs(22,12): warning CS9264: Non-nullable property 'ImageTags' must contain a non-null value when exiting constructor. Consider adding the 'required' modifier, or declaring the property as nullable, or safely handling the case where 'field' is null in the 'get' accessor. [F:\Berry-Work\dev\DiffusionTool\BerryAIGen.Toolkit\BerryAIGen.Toolkit_b3ao1qf4_wpftmp.csproj]
F:\Berry-Work\dev\DiffusionTool\BerryAIGen.Toolkit\Models\ImageViewModel.cs(22,12): warning CS9264: Non-nullable property 'ErrorMessage' must contain a non-null value when exiting constructor. Consider adding the 'required' modifier, or declaring the property as nullable, or safely handling the case where 'field' is null in the 'get' accessor. [F:\Berry-Work\dev\DiffusionTool\BerryAIGen.Toolkit\BerryAIGen.Toolkit_b3ao1qf4_wpftmp.csproj]
F:\Berry-Work\dev\DiffusionTool\BerryAIGen.Toolkit\Models\ImageViewModel.cs(34,35): warning CS8603: Possible null reference return. [F:\Berry-Work\dev\DiffusionTool\BerryAIGen.Toolkit\BerryAIGen.Toolkit_b3ao1qf4_wpftmp.csproj]
F:\Berry-Work\dev\DiffusionTool\BerryAIGen.Toolkit\Models\ImageViewModel.cs(315,19): warning CS8618: Non-nullable property 'Name' must contain a non-null value when exiting constructor. Consider adding the 'required' modifier or declaring the property as nullable. [F:\Berry-Work\dev\DiffusionTool\BerryAIGen.Toolkit\BerryAIGen.Toolkit_b3ao1qf4_wpftmp.csproj]
F:\Berry-Work\dev\DiffusionTool\BerryAIGen.Toolkit\Pages\Search.xaml.cs(78,13): warning CS8602: Dereference of a possibly null reference. [F:\Berry-Work\dev\DiffusionTool\BerryAIGen.Toolkit\BerryAIGen.Toolkit_b3ao1qf4_wpftmp.csproj]
F:\Berry-Work\dev\DiffusionTool\BerryAIGen.Toolkit\PreviewModel.cs(54,35): warning CS8603: Possible null reference return. [F:\Berry-Work\dev\DiffusionTool\BerryAIGen.Toolkit\BerryAIGen.Toolkit_b3ao1qf4_wpftmp.csproj]
F:\Berry-Work\dev\DiffusionTool\BerryAIGen.Toolkit\Pages\Prompts.xaml.cs(124,48): warning CS8604: Possible null reference argument for parameter 'prompt' in 'int DataStore.CountPrompt(string prompt)'. [F:\Berry-Work\dev\DiffusionTool\BerryAIGen.Toolkit\BerryAIGen.Toolkit_b3ao1qf4_wpftmp.csproj]
F:\Berry-Work\dev\DiffusionTool\BerryAIGen.Toolkit\Controls\PreviewPane.xaml.cs(292,36): warning CS8602: Dereference of a possibly null reference. [F:\Berry-Work\dev\DiffusionTool\BerryAIGen.Toolkit\BerryAIGen.Toolkit_b3ao1qf4_wpftmp.csproj]
F:\Berry-Work\dev\DiffusionTool\BerryAIGen.Toolkit\Controls\PreviewPane.xaml.cs(300,21): warning CS8602: Dereference of a possibly null reference. [F:\Berry-Work\dev\DiffusionTool\BerryAIGen.Toolkit\BerryAIGen.Toolkit_b3ao1qf4_wpftmp.csproj]
F:\Berry-Work\dev\DiffusionTool\BerryAIGen.Toolkit\Controls\PreviewPane.xaml.cs(290,17): warning CS0219: The variable 'active' is assigned but its value is never used [F:\Berry-Work\dev\DiffusionTool\BerryAIGen.Toolkit\BerryAIGen.Toolkit_b3ao1qf4_wpftmp.csproj]
F:\Berry-Work\dev\DiffusionTool\BerryAIGen.Toolkit\ResourceHelper.cs(16,40): warning CS8600: Converting null literal or possible null value to non-nullable type. [F:\Berry-Work\dev\DiffusionTool\BerryAIGen.Toolkit\BerryAIGen.Toolkit_b3ao1qf4_wpftmp.csproj]
F:\Berry-Work\dev\DiffusionTool\BerryAIGen.Toolkit\Models\MainModel.cs(26,12): warning CS8618: Non-nullable field '_removeMarked' must contain a non-null value when exiting constructor. Consider adding the 'required' modifier or declaring the field as nullable. [F:\Berry-Work\dev\DiffusionTool\BerryAIGen.Toolkit\BerryAIGen.Toolkit_b3ao1qf4_wpftmp.csproj]
F:\Berry-Work\dev\DiffusionTool\BerryAIGen.Toolkit\Models\MainModel.cs(26,12): warning CS8618: Non-nullable field '_showSettingsCommand' must contain a non-null value when exiting constructor. Consider adding the 'required' modifier or declaring the field as nullable. [F:\Berry-Work\dev\DiffusionTool\BerryAIGen.Toolkit\BerryAIGen.Toolkit_b3ao1qf4_wpftmp.csproj]
F:\Berry-Work\dev\DiffusionTool\BerryAIGen.Toolkit\Models\MainModel.cs(26,12): warning CS9264: Non-nullable property 'QueryText' must contain a non-null value when exiting constructor. Consider adding the 'required' modifier, or declaring the property as nullable, or safely handling the case where 'field' is null in the 'get' accessor. [F:\Berry-Work\dev\DiffusionTool\BerryAIGen.Toolkit\BerryAIGen.Toolkit_b3ao1qf4_wpftmp.csproj]
F:\Berry-Work\dev\DiffusionTool\BerryAIGen.Toolkit\Models\MainModel.cs(26,12): warning CS9264: Non-nullable property 'Page' must contain a non-null value when exiting constructor. Consider adding the 'required' modifier, or declaring the property as nullable, or safely handling the case where 'field' is null in the 'get' accessor. [F:\Berry-Work\dev\DiffusionTool\BerryAIGen.Toolkit\BerryAIGen.Toolkit_b3ao1qf4_wpftmp.csproj]
F:\Berry-Work\dev\DiffusionTool\BerryAIGen.Toolkit\Models\MainModel.cs(26,12): warning CS9264: Non-nullable property 'Rescan' must contain a non-null value when exiting constructor. Consider adding the 'required' modifier, or declaring the property as nullable, or safely handling the case where 'field' is null in the 'get' accessor. [F:\Berry-Work\dev\DiffusionTool\BerryAIGen.Toolkit\BerryAIGen.Toolkit_b3ao1qf4_wpftmp.csproj]
F:\Berry-Work\dev\DiffusionTool\BerryAIGen.Toolkit\Models\MainModel.cs(26,12): warning CS8618: Non-nullable property 'RenameFileCommand' must contain a non-null value when exiting constructor. Consider adding the 'required' modifier or declaring the property as nullable. [F:\Berry-Work\dev\DiffusionTool\BerryAIGen.Toolkit\BerryAIGen.Toolkit_b3ao1qf4_wpftmp.csproj]
F:\Berry-Work\dev\DiffusionTool\BerryAIGen.Toolkit\Models\MainModel.cs(26,12): warning CS9264: Non-nullable property 'OpenWithCommand' must contain a non-null value when exiting constructor. Consider adding the 'required' modifier, or declaring the property as nullable, or safely handling the case where 'field' is null in the 'get' accessor. [F:\Berry-Work\dev\DiffusionTool\BerryAIGen.Toolkit\BerryAIGen.Toolkit_b3ao1qf4_wpftmp.csproj]
F:\Berry-Work\dev\DiffusionTool\BerryAIGen.Toolkit\Models\MainModel.cs(26,12): warning CS9264: Non-nullable property 'SettingsCommand' must contain a non-null value when exiting constructor. Consider adding the 'required' modifier, or declaring the property as nullable, or safely handling the case where 'field' is null in the 'get' accessor. [F:\Berry-Work\dev\DiffusionTool\BerryAIGen.Toolkit\BerryAIGen.Toolkit_b3ao1qf4_wpftmp.csproj]
F:\Berry-Work\dev\DiffusionTool\BerryAIGen.Toolkit\Models\MainModel.cs(26,12): warning CS9264: Non-nullable property 'CloseCommand' must contain a non-null value when exiting constructor. Consider adding the 'required' modifier, or declaring the property as nullable, or safely handling the case where 'field' is null in the 'get' accessor. [F:\Berry-Work\dev\DiffusionTool\BerryAIGen.Toolkit\BerryAIGen.Toolkit_b3ao1qf4_wpftmp.csproj]
F:\Berry-Work\dev\DiffusionTool\BerryAIGen.Toolkit\Models\MainModel.cs(26,12): warning CS9264: Non-nullable property 'Rebuild' must contain a non-null value when exiting constructor. Consider adding the 'required' modifier, or declaring the property as nullable, or safely handling the case where 'field' is null in the 'get' accessor. [F:\Berry-Work\dev\DiffusionTool\BerryAIGen.Toolkit\BerryAIGen.Toolkit_b3ao1qf4_wpftmp.csproj]
F:\Berry-Work\dev\DiffusionTool\BerryAIGen.Toolkit\Models\MainModel.cs(26,12): warning CS9264: Non-nullable property 'ReloadHashes' must contain a non-null value when exiting constructor. Consider adding the 'required' modifier, or declaring the property as nullable, or safely handling the case where 'field' is null in the 'get' accessor. [F:\Berry-Work\dev\DiffusionTool\BerryAIGen.Toolkit\BerryAIGen.Toolkit_b3ao1qf4_wpftmp.csproj]
F:\Berry-Work\dev\DiffusionTool\BerryAIGen.Toolkit\Models\MainModel.cs(26,12): warning CS9264: Non-nullable property 'GotoUrl' must contain a non-null value when exiting constructor. Consider adding the 'required' modifier, or declaring the property as nullable, or safely handling the case where 'field' is null in the 'get' accessor. [F:\Berry-Work\dev\DiffusionTool\BerryAIGen.Toolkit\BerryAIGen.Toolkit_b3ao1qf4_wpftmp.csproj]
F:\Berry-Work\dev\DiffusionTool\BerryAIGen.Toolkit\Models\MainModel.cs(26,12): warning CS9264: Non-nullable property 'CancelCommand' must contain a non-null value when exiting constructor. Consider adding the 'required' modifier, or declaring the property as nullable, or safely handling the case where 'field' is null in the 'get' accessor. [F:\Berry-Work\dev\DiffusionTool\BerryAIGen.Toolkit\BerryAIGen.Toolkit_b3ao1qf4_wpftmp.csproj]
F:\Berry-Work\dev\DiffusionTool\BerryAIGen.Toolkit\Models\MainModel.cs(26,12): warning CS9264: Non-nullable property 'AboutCommand' must contain a non-null value when exiting constructor. Consider adding the 'required' modifier, or declaring the property as nullable, or safely handling the case where 'field' is null in the 'get' accessor. [F:\Berry-Work\dev\DiffusionTool\BerryAIGen.Toolkit\BerryAIGen.Toolkit_b3ao1qf4_wpftmp.csproj]
F:\Berry-Work\dev\DiffusionTool\BerryAIGen.Toolkit\Models\MainModel.cs(26,12): warning CS8618: Non-nullable property 'ReleaseNotesCommand' must contain a non-null value when exiting constructor. Consider adding the 'required' modifier or declaring the property as nullable. [F:\Berry-Work\dev\DiffusionTool\BerryAIGen.Toolkit\BerryAIGen.Toolkit_b3ao1qf4_wpftmp.csproj]
F:\Berry-Work\dev\DiffusionTool\BerryAIGen.Toolkit\Models\MainModel.cs(26,12): warning CS9264: Non-nullable property 'HelpCommand' must contain a non-null value when exiting constructor. Consider adding the 'required' modifier, or declaring the property as nullable, or safely handling the case where 'field' is null in the 'get' accessor. [F:\Berry-Work\dev\DiffusionTool\BerryAIGen.Toolkit\BerryAIGen.Toolkit_b3ao1qf4_wpftmp.csproj]
F:\Berry-Work\dev\DiffusionTool\BerryAIGen.Toolkit\Models\MainModel.cs(26,12): warning CS9264: Non-nullable property 'ToggleInfoCommand' must contain a non-null value when exiting constructor. Consider adding the 'required' modifier, or declaring the property as nullable, or safely handling the case where 'field' is null in the 'get' accessor. [F:\Berry-Work\dev\DiffusionTool\BerryAIGen.Toolkit\BerryAIGen.Toolkit_b3ao1qf4_wpftmp.csproj]
F:\Berry-Work\dev\DiffusionTool\BerryAIGen.Toolkit\Models\MainModel.cs(26,12): warning CS9264: Non-nullable property 'ToggleNSFWBlurCommand' must contain a non-null value when exiting constructor. Consider adding the 'required' modifier, or declaring the property as nullable, or safely handling the case where 'field' is null in the 'get' accessor. [F:\Berry-Work\dev\DiffusionTool\BerryAIGen.Toolkit\BerryAIGen.Toolkit_b3ao1qf4_wpftmp.csproj]
F:\Berry-Work\dev\DiffusionTool\BerryAIGen.Toolkit\Models\MainModel.cs(26,12): warning CS8618: Non-nullable property 'ToggleVisibilityCommand' must contain a non-null value when exiting constructor. Consider adding the 'required' modifier or declaring the property as nullable. [F:\Berry-Work\dev\DiffusionTool\BerryAIGen.Toolkit\BerryAIGen.Toolkit_b3ao1qf4_wpftmp.csproj]
F:\Berry-Work\dev\DiffusionTool\BerryAIGen.Toolkit\Models\MainModel.cs(26,12): warning CS9264: Non-nullable property 'ToggleTagsCommand' must contain a non-null value when exiting constructor. Consider adding the 'required' modifier, or declaring the property as nullable, or safely handling the case where 'field' is null in the 'get' accessor. [F:\Berry-Work\dev\DiffusionTool\BerryAIGen.Toolkit\BerryAIGen.Toolkit_b3ao1qf4_wpftmp.csproj]
F:\Berry-Work\dev\DiffusionTool\BerryAIGen.Toolkit\Models\MainModel.cs(26,12): warning CS9264: Non-nullable property 'ToggleAutoAdvance' must contain a non-null value when exiting constructor. Consider adding the 'required' modifier, or declaring the property as nullable, or safely handling the case where 'field' is null in the 'get' accessor. [F:\Berry-Work\dev\DiffusionTool\BerryAIGen.Toolkit\BerryAIGen.Toolkit_b3ao1qf4_wpftmp.csproj]
F:\Berry-Work\dev\DiffusionTool\BerryAIGen.Toolkit\Models\MainModel.cs(26,12): warning CS9264: Non-nullable property 'ToggleHideNSFW' must contain a non-null value when exiting constructor. Consider adding the 'required' modifier, or declaring the property as nullable, or safely handling the case where 'field' is null in the 'get' accessor. [F:\Berry-Work\dev\DiffusionTool\BerryAIGen.Toolkit\BerryAIGen.Toolkit_b3ao1qf4_wpftmp.csproj]
F:\Berry-Work\dev\DiffusionTool\BerryAIGen.Toolkit\Models\MainModel.cs(26,12): warning CS9264: Non-nullable property 'ToggleHideDeleted' must contain a non-null value when exiting constructor. Consider adding the 'required' modifier, or declaring the property as nullable, or safely handling the case where 'field' is null in the 'get' accessor. [F:\Berry-Work\dev\DiffusionTool\BerryAIGen.Toolkit\BerryAIGen.Toolkit_b3ao1qf4_wpftmp.csproj]
F:\Berry-Work\dev\DiffusionTool\BerryAIGen.Toolkit\Models\MainModel.cs(26,12): warning CS9264: Non-nullable property 'ToggleHideUnavailable' must contain a non-null value when exiting constructor. Consider adding the 'required' modifier, or declaring the property as nullable, or safely handling the case where 'field' is null in the 'get' accessor. [F:\Berry-Work\dev\DiffusionTool\BerryAIGen.Toolkit\BerryAIGen.Toolkit_b3ao1qf4_wpftmp.csproj]
F:\Berry-Work\dev\DiffusionTool\BerryAIGen.Toolkit\Models\MainModel.cs(26,12): warning CS9264: Non-nullable property 'ToggleFilenamesCommand' must contain a non-null value when exiting constructor. Consider adding the 'required' modifier, or declaring the property as nullable, or safely handling the case where 'field' is null in the 'get' accessor. [F:\Berry-Work\dev\DiffusionTool\BerryAIGen.Toolkit\BerryAIGen.Toolkit_b3ao1qf4_wpftmp.csproj]
F:\Berry-Work\dev\DiffusionTool\BerryAIGen.Toolkit\Models\MainModel.cs(26,12): warning CS9264: Non-nullable property 'ToggleFitToPreview' must contain a non-null value when exiting constructor. Consider adding the 'required' modifier, or declaring the property as nullable, or safely handling the case where 'field' is null in the 'get' accessor. [F:\Berry-Work\dev\DiffusionTool\BerryAIGen.Toolkit\BerryAIGen.Toolkit_b3ao1qf4_wpftmp.csproj]
F:\Berry-Work\dev\DiffusionTool\BerryAIGen.Toolkit\Models\MainModel.cs(26,12): warning CS9264: Non-nullable property 'ToggleActualSize' must contain a non-null value when exiting constructor. Consider adding the 'required' modifier, or declaring the property as nullable, or safely handling the case where 'field' is null in the 'get' accessor. [F:\Berry-Work\dev\DiffusionTool\BerryAIGen.Toolkit\BerryAIGen.Toolkit_b3ao1qf4_wpftmp.csproj]
F:\Berry-Work\dev\DiffusionTool\BerryAIGen.Toolkit\Models\MainModel.cs(26,12): warning CS9264: Non-nullable property 'SetThumbnailSize' must contain a non-null value when exiting constructor. Consider adding the 'required' modifier, or declaring the property as nullable, or safely handling the case where 'field' is null in the 'get' accessor. [F:\Berry-Work\dev\DiffusionTool\BerryAIGen.Toolkit\BerryAIGen.Toolkit_b3ao1qf4_wpftmp.csproj]
F:\Berry-Work\dev\DiffusionTool\BerryAIGen.Toolkit\Models\MainModel.cs(26,12): warning CS9264: Non-nullable property 'PoputPreview' must contain a non-null value when exiting constructor. Consider adding the 'required' modifier, or declaring the property as nullable, or safely handling the case where 'field' is null in the 'get' accessor. [F:\Berry-Work\dev\DiffusionTool\BerryAIGen.Toolkit\BerryAIGen.Toolkit_b3ao1qf4_wpftmp.csproj]
F:\Berry-Work\dev\DiffusionTool\BerryAIGen.Toolkit\Models\MainModel.cs(26,12): warning CS9264: Non-nullable property 'ResetLayout' must contain a non-null value when exiting constructor. Consider adding the 'required' modifier, or declaring the property as nullable, or safely handling the case where 'field' is null in the 'get' accessor. [F:\Berry-Work\dev\DiffusionTool\BerryAIGen.Toolkit\BerryAIGen.Toolkit_b3ao1qf4_wpftmp.csproj]
F:\Berry-Work\dev\DiffusionTool\BerryAIGen.Toolkit\Models\MainModel.cs(26,12): warning CS9264: Non-nullable property 'TogglePreview' must contain a non-null value when exiting constructor. Consider adding the 'required' modifier, or declaring the property as nullable, or safely handling the case where 'field' is null in the 'get' accessor. [F:\Berry-Work\dev\DiffusionTool\BerryAIGen.Toolkit\BerryAIGen.Toolkit_b3ao1qf4_wpftmp.csproj]
F:\Berry-Work\dev\DiffusionTool\BerryAIGen.Toolkit\Models\MainModel.cs(26,12): warning CS8618: Non-nullable property 'SaveQuery' must contain a non-null value when exiting constructor. Consider adding the 'required' modifier or declaring the property as nullable. [F:\Berry-Work\dev\DiffusionTool\BerryAIGen.Toolkit\BerryAIGen.Toolkit_b3ao1qf4_wpftmp.csproj]
F:\Berry-Work\dev\DiffusionTool\BerryAIGen.Toolkit\Models\MainModel.cs(26,12): warning CS8618: Non-nullable property 'RescanResults' must contain a non-null value when exiting constructor. Consider adding the 'required' modifier or declaring the property as nullable. [F:\Berry-Work\dev\DiffusionTool\BerryAIGen.Toolkit\BerryAIGen.Toolkit_b3ao1qf4_wpftmp.csproj]
F:\Berry-Work\dev\DiffusionTool\BerryAIGen.Toolkit\Models\MainModel.cs(26,12): warning CS9264: Non-nullable property 'AddAllToAlbum' must contain a non-null value when exiting constructor. Consider adding the 'required' modifier, or declaring the property as nullable, or safely handling the case where 'field' is null in the 'get' accessor. [F:\Berry-Work\dev\DiffusionTool\BerryAIGen.Toolkit\BerryAIGen.Toolkit_b3ao1qf4_wpftmp.csproj]
F:\Berry-Work\dev\DiffusionTool\BerryAIGen.Toolkit\Models\MainModel.cs(26,12): warning CS9264: Non-nullable property 'MarkAllForDeletion' must contain a non-null value when exiting constructor. Consider adding the 'required' modifier, or declaring the property as nullable, or safely handling the case where 'field' is null in the 'get' accessor. [F:\Berry-Work\dev\DiffusionTool\BerryAIGen.Toolkit\BerryAIGen.Toolkit_b3ao1qf4_wpftmp.csproj]
F:\Berry-Work\dev\DiffusionTool\BerryAIGen.Toolkit\Models\MainModel.cs(26,12): warning CS9264: Non-nullable property 'UnmarkAllForDeletion' must contain a non-null value when exiting constructor. Consider adding the 'required' modifier, or declaring the property as nullable, or safely handling the case where 'field' is null in the 'get' accessor. [F:\Berry-Work\dev\DiffusionTool\BerryAIGen.Toolkit\BerryAIGen.Toolkit_b3ao1qf4_wpftmp.csproj]
F:\Berry-Work\dev\DiffusionTool\BerryAIGen.Toolkit\Models\MainModel.cs(26,12): warning CS9264: Non-nullable property 'RemoveMatching' must contain a non-null value when exiting constructor. Consider adding the 'required' modifier, or declaring the property as nullable, or safely handling the case where 'field' is null in the 'get' accessor. [F:\Berry-Work\dev\DiffusionTool\BerryAIGen.Toolkit\BerryAIGen.Toolkit_b3ao1qf4_wpftmp.csproj]
F:\Berry-Work\dev\DiffusionTool\BerryAIGen.Toolkit\Models\MainModel.cs(26,12): warning CS9264: Non-nullable property 'AutoTagNSFW' must contain a non-null value when exiting constructor. Consider adding the 'required' modifier, or declaring the property as nullable, or safely handling the case where 'field' is null in the 'get' accessor. [F:\Berry-Work\dev\DiffusionTool\BerryAIGen.Toolkit\BerryAIGen.Toolkit_b3ao1qf4_wpftmp.csproj]
F:\Berry-Work\dev\DiffusionTool\BerryAIGen.Toolkit\Models\MainModel.cs(26,12): warning CS9264: Non-nullable property 'ClearModelsCommand' must contain a non-null value when exiting constructor. Consider adding the 'required' modifier, or declaring the property as nullable, or safely handling the case where 'field' is null in the 'get' accessor. [F:\Berry-Work\dev\DiffusionTool\BerryAIGen.Toolkit\BerryAIGen.Toolkit_b3ao1qf4_wpftmp.csproj]
F:\Berry-Work\dev\DiffusionTool\BerryAIGen.Toolkit\Models\MainModel.cs(26,12): warning CS9264: Non-nullable property 'ClearAlbumsCommand' must contain a non-null value when exiting constructor. Consider adding the 'required' modifier, or declaring the property as nullable, or safely handling the case where 'field' is null in the 'get' accessor. [F:\Berry-Work\dev\DiffusionTool\BerryAIGen.Toolkit\BerryAIGen.Toolkit_b3ao1qf4_wpftmp.csproj]
F:\Berry-Work\dev\DiffusionTool\BerryAIGen.Toolkit\Models\MainModel.cs(26,12): warning CS9264: Non-nullable property 'SortAlbumCommand' must contain a non-null value when exiting constructor. Consider adding the 'required' modifier, or declaring the property as nullable, or safely handling the case where 'field' is null in the 'get' accessor. [F:\Berry-Work\dev\DiffusionTool\BerryAIGen.Toolkit\BerryAIGen.Toolkit_b3ao1qf4_wpftmp.csproj]
F:\Berry-Work\dev\DiffusionTool\BerryAIGen.Toolkit\Models\MainModel.cs(26,12): warning CS9264: Non-nullable property 'Refresh' must contain a non-null value when exiting constructor. Consider adding the 'required' modifier, or declaring the property as nullable, or safely handling the case where 'field' is null in the 'get' accessor. [F:\Berry-Work\dev\DiffusionTool\BerryAIGen.Toolkit\BerryAIGen.Toolkit_b3ao1qf4_wpftmp.csproj]
F:\Berry-Work\dev\DiffusionTool\BerryAIGen.Toolkit\Models\MainModel.cs(26,12): warning CS9264: Non-nullable property 'QuickCopy' must contain a non-null value when exiting constructor. Consider adding the 'required' modifier, or declaring the property as nullable, or safely handling the case where 'field' is null in the 'get' accessor. [F:\Berry-Work\dev\DiffusionTool\BerryAIGen.Toolkit\BerryAIGen.Toolkit_b3ao1qf4_wpftmp.csproj]
F:\Berry-Work\dev\DiffusionTool\BerryAIGen.Toolkit\Models\MainModel.cs(26,12): warning CS9264: Non-nullable property 'Escape' must contain a non-null value when exiting constructor. Consider adding the 'required' modifier, or declaring the property as nullable, or safely handling the case where 'field' is null in the 'get' accessor. [F:\Berry-Work\dev\DiffusionTool\BerryAIGen.Toolkit\BerryAIGen.Toolkit_b3ao1qf4_wpftmp.csproj]
F:\Berry-Work\dev\DiffusionTool\BerryAIGen.Toolkit\Models\MainModel.cs(26,12): warning CS9264: Non-nullable property 'DownloadCivitai' must contain a non-null value when exiting constructor. Consider adding the 'required' modifier, or declaring the property as nullable, or safely handling the case where 'field' is null in the 'get' accessor. [F:\Berry-Work\dev\DiffusionTool\BerryAIGen.Toolkit\BerryAIGen.Toolkit_b3ao1qf4_wpftmp.csproj]
F:\Berry-Work\dev\DiffusionTool\BerryAIGen.Toolkit\Models\MainModel.cs(26,12): warning CS9264: Non-nullable property 'Albums' must contain a non-null value when exiting constructor. Consider adding the 'required' modifier, or declaring the property as nullable, or safely handling the case where 'field' is null in the 'get' accessor. [F:\Berry-Work\dev\DiffusionTool\BerryAIGen.Toolkit\BerryAIGen.Toolkit_b3ao1qf4_wpftmp.csproj]
F:\Berry-Work\dev\DiffusionTool\BerryAIGen.Toolkit\Models\MainModel.cs(26,12): warning CS9264: Non-nullable property 'Tags' must contain a non-null value when exiting constructor. Consider adding the 'required' modifier, or declaring the property as nullable, or safely handling the case where 'field' is null in the 'get' accessor. [F:\Berry-Work\dev\DiffusionTool\BerryAIGen.Toolkit\BerryAIGen.Toolkit_b3ao1qf4_wpftmp.csproj]
F:\Berry-Work\dev\DiffusionTool\BerryAIGen.Toolkit\Models\MainModel.cs(26,12): warning CS9264: Non-nullable property 'Queries' must contain a non-null value when exiting constructor. Consider adding the 'required' modifier, or declaring the property as nullable, or safely handling the case where 'field' is null in the 'get' accessor. [F:\Berry-Work\dev\DiffusionTool\BerryAIGen.Toolkit\BerryAIGen.Toolkit_b3ao1qf4_wpftmp.csproj]
F:\Berry-Work\dev\DiffusionTool\BerryAIGen.Toolkit\Models\MainModel.cs(26,12): warning CS9264: Non-nullable property 'AddAlbumCommand' must contain a non-null value when exiting constructor. Consider adding the 'required' modifier, or declaring the property as nullable, or safely handling the case where 'field' is null in the 'get' accessor. [F:\Berry-Work\dev\DiffusionTool\BerryAIGen.Toolkit\BerryAIGen.Toolkit_b3ao1qf4_wpftmp.csproj]
F:\Berry-Work\dev\DiffusionTool\BerryAIGen.Toolkit\Models\MainModel.cs(26,12): warning CS9264: Non-nullable property 'AddToAlbumCommand' must contain a non-null value when exiting constructor. Consider adding the 'required' modifier, or declaring the property as nullable, or safely handling the case where 'field' is null in the 'get' accessor. [F:\Berry-Work\dev\DiffusionTool\BerryAIGen.Toolkit\BerryAIGen.Toolkit_b3ao1qf4_wpftmp.csproj]
F:\Berry-Work\dev\DiffusionTool\BerryAIGen.Toolkit\Models\MainModel.cs(26,12): warning CS9264: Non-nullable property 'RemoveFromAlbumCommand' must contain a non-null value when exiting constructor. Consider adding the 'required' modifier, or declaring the property as nullable, or safely handling the case where 'field' is null in the 'get' accessor. [F:\Berry-Work\dev\DiffusionTool\BerryAIGen.Toolkit\BerryAIGen.Toolkit_b3ao1qf4_wpftmp.csproj]
F:\Berry-Work\dev\DiffusionTool\BerryAIGen.Toolkit\Models\MainModel.cs(26,12): warning CS9264: Non-nullable property 'RenameAlbumCommand' must contain a non-null value when exiting constructor. Consider adding the 'required' modifier, or declaring the property as nullable, or safely handling the case where 'field' is null in the 'get' accessor. [F:\Berry-Work\dev\DiffusionTool\BerryAIGen.Toolkit\BerryAIGen.Toolkit_b3ao1qf4_wpftmp.csproj]
F:\Berry-Work\dev\DiffusionTool\BerryAIGen.Toolkit\Models\MainModel.cs(26,12): warning CS9264: Non-nullable property 'AddTagCommand' must contain a non-null value when exiting constructor. Consider adding the 'required' modifier, or declaring the property as nullable, or safely handling the case where 'field' is null in the 'get' accessor. [F:\Berry-Work\dev\DiffusionTool\BerryAIGen.Toolkit\BerryAIGen.Toolkit_b3ao1qf4_wpftmp.csproj]
F:\Berry-Work\dev\DiffusionTool\BerryAIGen.Toolkit\Models\MainModel.cs(26,12): warning CS9264: Non-nullable property 'RenameTagCommand' must contain a non-null value when exiting constructor. Consider adding the 'required' modifier, or declaring the property as nullable, or safely handling the case where 'field' is null in the 'get' accessor. [F:\Berry-Work\dev\DiffusionTool\BerryAIGen.Toolkit\BerryAIGen.Toolkit_b3ao1qf4_wpftmp.csproj]
F:\Berry-Work\dev\DiffusionTool\BerryAIGen.Toolkit\Models\MainModel.cs(26,12): warning CS9264: Non-nullable property 'RemoveAlbumCommand' must contain a non-null value when exiting constructor. Consider adding the 'required' modifier, or declaring the property as nullable, or safely handling the case where 'field' is null in the 'get' accessor. [F:\Berry-Work\dev\DiffusionTool\BerryAIGen.Toolkit\BerryAIGen.Toolkit_b3ao1qf4_wpftmp.csproj]
F:\Berry-Work\dev\DiffusionTool\BerryAIGen.Toolkit\Models\MainModel.cs(26,12): warning CS9264: Non-nullable property 'RemoveTagCommand' must contain a non-null value when exiting constructor. Consider adding the 'required' modifier, or declaring the property as nullable, or safely handling the case where 'field' is null in the 'get' accessor. [F:\Berry-Work\dev\DiffusionTool\BerryAIGen.Toolkit\BerryAIGen.Toolkit_b3ao1qf4_wpftmp.csproj]
F:\Berry-Work\dev\DiffusionTool\BerryAIGen.Toolkit\Models\MainModel.cs(26,12): warning CS9264: Non-nullable property 'RenameQueryCommand' must contain a non-null value when exiting constructor. Consider adding the 'required' modifier, or declaring the property as nullable, or safely handling the case where 'field' is null in the 'get' accessor. [F:\Berry-Work\dev\DiffusionTool\BerryAIGen.Toolkit\BerryAIGen.Toolkit_b3ao1qf4_wpftmp.csproj]
F:\Berry-Work\dev\DiffusionTool\BerryAIGen.Toolkit\Models\MainModel.cs(26,12): warning CS9264: Non-nullable property 'RemoveQueryCommand' must contain a non-null value when exiting constructor. Consider adding the 'required' modifier, or declaring the property as nullable, or safely handling the case where 'field' is null in the 'get' accessor. [F:\Berry-Work\dev\DiffusionTool\BerryAIGen.Toolkit\BerryAIGen.Toolkit_b3ao1qf4_wpftmp.csproj]
F:\Berry-Work\dev\DiffusionTool\BerryAIGen.Toolkit\Models\MainModel.cs(26,12): warning CS8618: Non-nullable property 'CreateAlbumCommand' must contain a non-null value when exiting constructor. Consider adding the 'required' modifier or declaring the property as nullable. [F:\Berry-Work\dev\DiffusionTool\BerryAIGen.Toolkit\BerryAIGen.Toolkit_b3ao1qf4_wpftmp.csproj]
F:\Berry-Work\dev\DiffusionTool\BerryAIGen.Toolkit\Models\MainModel.cs(26,12): warning CS8618: Non-nullable property 'CreateTagCommand' must contain a non-null value when exiting constructor. Consider adding the 'required' modifier or declaring the property as nullable. [F:\Berry-Work\dev\DiffusionTool\BerryAIGen.Toolkit\BerryAIGen.Toolkit_b3ao1qf4_wpftmp.csproj]
F:\Berry-Work\dev\DiffusionTool\BerryAIGen.Toolkit\Models\MainModel.cs(26,12): warning CS8618: Non-nullable property 'AddSelectedImagesToAlbum' must contain a non-null value when exiting constructor. Consider adding the 'required' modifier or declaring the property as nullable. [F:\Berry-Work\dev\DiffusionTool\BerryAIGen.Toolkit\BerryAIGen.Toolkit_b3ao1qf4_wpftmp.csproj]
F:\Berry-Work\dev\DiffusionTool\BerryAIGen.Toolkit\Models\MainModel.cs(26,12): warning CS9264: Non-nullable property 'FixFoldersCommand' must contain a non-null value when exiting constructor. Consider adding the 'required' modifier, or declaring the property as nullable, or safely handling the case where 'field' is null in the 'get' accessor. [F:\Berry-Work\dev\DiffusionTool\BerryAIGen.Toolkit\BerryAIGen.Toolkit_b3ao1qf4_wpftmp.csproj]
F:\Berry-Work\dev\DiffusionTool\BerryAIGen.Toolkit\Models\MainModel.cs(26,12): warning CS9264: Non-nullable property 'RemoveExcludedImagesCommand' must contain a non-null value when exiting constructor. Consider adding the 'required' modifier, or declaring the property as nullable, or safely handling the case where 'field' is null in the 'get' accessor. [F:\Berry-Work\dev\DiffusionTool\BerryAIGen.Toolkit\BerryAIGen.Toolkit_b3ao1qf4_wpftmp.csproj]
F:\Berry-Work\dev\DiffusionTool\BerryAIGen.Toolkit\Models\MainModel.cs(26,12): warning CS9264: Non-nullable property 'CleanRemovedFoldersCommand' must contain a non-null value when exiting constructor. Consider adding the 'required' modifier, or declaring the property as nullable, or safely handling the case where 'field' is null in the 'get' accessor. [F:\Berry-Work\dev\DiffusionTool\BerryAIGen.Toolkit\BerryAIGen.Toolkit_b3ao1qf4_wpftmp.csproj]
F:\Berry-Work\dev\DiffusionTool\BerryAIGen.Toolkit\Models\MainModel.cs(26,12): warning CS9264: Non-nullable property 'UnavailableFilesCommand' must contain a non-null value when exiting constructor. Consider adding the 'required' modifier, or declaring the property as nullable, or safely handling the case where 'field' is null in the 'get' accessor. [F:\Berry-Work\dev\DiffusionTool\BerryAIGen.Toolkit\BerryAIGen.Toolkit_b3ao1qf4_wpftmp.csproj]
F:\Berry-Work\dev\DiffusionTool\BerryAIGen.Toolkit\Models\MainModel.cs(26,12): warning CS9264: Non-nullable property 'ShowFilterCommand' must contain a non-null value when exiting constructor. Consider adding the 'required' modifier, or declaring the property as nullable, or safely handling the case where 'field' is null in the 'get' accessor. [F:\Berry-Work\dev\DiffusionTool\BerryAIGen.Toolkit\BerryAIGen.Toolkit_b3ao1qf4_wpftmp.csproj]
F:\Berry-Work\dev\DiffusionTool\BerryAIGen.Toolkit\Models\MainModel.cs(26,12): warning CS9264: Non-nullable property 'ToggleAutoRefresh' must contain a non-null value when exiting constructor. Consider adding the 'required' modifier, or declaring the property as nullable, or safely handling the case where 'field' is null in the 'get' accessor. [F:\Berry-Work\dev\DiffusionTool\BerryAIGen.Toolkit\BerryAIGen.Toolkit_b3ao1qf4_wpftmp.csproj]
F:\Berry-Work\dev\DiffusionTool\BerryAIGen.Toolkit\Models\MainModel.cs(26,12): warning CS9264: Non-nullable property 'ImageModelNames' must contain a non-null value when exiting constructor. Consider adding the 'required' modifier, or declaring the property as nullable, or safely handling the case where 'field' is null in the 'get' accessor. [F:\Berry-Work\dev\DiffusionTool\BerryAIGen.Toolkit\BerryAIGen.Toolkit_b3ao1qf4_wpftmp.csproj]
F:\Berry-Work\dev\DiffusionTool\BerryAIGen.Toolkit\Models\MainModel.cs(26,12): warning CS9264: Non-nullable property 'ActiveView' must contain a non-null value when exiting constructor. Consider adding the 'required' modifier, or declaring the property as nullable, or safely handling the case where 'field' is null in the 'get' accessor. [F:\Berry-Work\dev\DiffusionTool\BerryAIGen.Toolkit\BerryAIGen.Toolkit_b3ao1qf4_wpftmp.csproj]
F:\Berry-Work\dev\DiffusionTool\BerryAIGen.Toolkit\Models\MainModel.cs(26,12): warning CS9264: Non-nullable property 'Settings' must contain a non-null value when exiting constructor. Consider adding the 'required' modifier, or declaring the property as nullable, or safely handling the case where 'field' is null in the 'get' accessor. [F:\Berry-Work\dev\DiffusionTool\BerryAIGen.Toolkit\BerryAIGen.Toolkit_b3ao1qf4_wpftmp.csproj]
F:\Berry-Work\dev\DiffusionTool\BerryAIGen.Toolkit\Models\MainModel.cs(26,12): warning CS8618: Non-nullable property 'MoveSelectedImagesToFolder' must contain a non-null value when exiting constructor. Consider adding the 'required' modifier or declaring the property as nullable. [F:\Berry-Work\dev\DiffusionTool\BerryAIGen.Toolkit\BerryAIGen.Toolkit_b3ao1qf4_wpftmp.csproj]
F:\Berry-Work\dev\DiffusionTool\BerryAIGen.Toolkit\Models\MainModel.cs(26,12): warning CS9264: Non-nullable property 'ReloadFoldersCommand' must contain a non-null value when exiting constructor. Consider adding the 'required' modifier, or declaring the property as nullable, or safely handling the case where 'field' is null in the 'get' accessor. [F:\Berry-Work\dev\DiffusionTool\BerryAIGen.Toolkit\BerryAIGen.Toolkit_b3ao1qf4_wpftmp.csproj]
F:\Berry-Work\dev\DiffusionTool\BerryAIGen.Toolkit\Models\MainModel.cs(26,12): warning CS8618: Non-nullable property 'ScanFolderCommand' must contain a non-null value when exiting constructor. Consider adding the 'required' modifier or declaring the property as nullable. [F:\Berry-Work\dev\DiffusionTool\BerryAIGen.Toolkit\BerryAIGen.Toolkit_b3ao1qf4_wpftmp.csproj]
F:\Berry-Work\dev\DiffusionTool\BerryAIGen.Toolkit\Models\MainModel.cs(26,12): warning CS8618: Non-nullable property 'RescanFolderCommand' must contain a non-null value when exiting constructor. Consider adding the 'required' modifier or declaring the property as nullable. [F:\Berry-Work\dev\DiffusionTool\BerryAIGen.Toolkit\BerryAIGen.Toolkit_b3ao1qf4_wpftmp.csproj]
F:\Berry-Work\dev\DiffusionTool\BerryAIGen.Toolkit\Models\MainModel.cs(26,12): warning CS8618: Non-nullable property 'CreateFolderCommand' must contain a non-null value when exiting constructor. Consider adding the 'required' modifier or declaring the property as nullable. [F:\Berry-Work\dev\DiffusionTool\BerryAIGen.Toolkit\BerryAIGen.Toolkit_b3ao1qf4_wpftmp.csproj]
F:\Berry-Work\dev\DiffusionTool\BerryAIGen.Toolkit\Models\MainModel.cs(26,12): warning CS8618: Non-nullable property 'RenameFolderCommand' must contain a non-null value when exiting constructor. Consider adding the 'required' modifier or declaring the property as nullable. [F:\Berry-Work\dev\DiffusionTool\BerryAIGen.Toolkit\BerryAIGen.Toolkit_b3ao1qf4_wpftmp.csproj]
F:\Berry-Work\dev\DiffusionTool\BerryAIGen.Toolkit\Models\MainModel.cs(26,12): warning CS8618: Non-nullable property 'RemoveFolderCommand' must contain a non-null value when exiting constructor. Consider adding the 'required' modifier or declaring the property as nullable. [F:\Berry-Work\dev\DiffusionTool\BerryAIGen.Toolkit\BerryAIGen.Toolkit_b3ao1qf4_wpftmp.csproj]
F:\Berry-Work\dev\DiffusionTool\BerryAIGen.Toolkit\Models\MainModel.cs(26,12): warning CS8618: Non-nullable property 'DeleteFolderCommand' must contain a non-null value when exiting constructor. Consider adding the 'required' modifier or declaring the property as nullable. [F:\Berry-Work\dev\DiffusionTool\BerryAIGen.Toolkit\BerryAIGen.Toolkit_b3ao1qf4_wpftmp.csproj]
F:\Berry-Work\dev\DiffusionTool\BerryAIGen.Toolkit\Models\MainModel.cs(26,12): warning CS8618: Non-nullable property 'ArchiveFolderCommand' must contain a non-null value when exiting constructor. Consider adding the 'required' modifier or declaring the property as nullable. [F:\Berry-Work\dev\DiffusionTool\BerryAIGen.Toolkit\BerryAIGen.Toolkit_b3ao1qf4_wpftmp.csproj]
F:\Berry-Work\dev\DiffusionTool\BerryAIGen.Toolkit\Models\MainModel.cs(26,12): warning CS8618: Non-nullable property 'ArchiveFolderRecursiveCommand' must contain a non-null value when exiting constructor. Consider adding the 'required' modifier or declaring the property as nullable. [F:\Berry-Work\dev\DiffusionTool\BerryAIGen.Toolkit\BerryAIGen.Toolkit_b3ao1qf4_wpftmp.csproj]
F:\Berry-Work\dev\DiffusionTool\BerryAIGen.Toolkit\Models\MainModel.cs(26,12): warning CS8618: Non-nullable property 'ExcludeFolderCommand' must contain a non-null value when exiting constructor. Consider adding the 'required' modifier or declaring the property as nullable. [F:\Berry-Work\dev\DiffusionTool\BerryAIGen.Toolkit\BerryAIGen.Toolkit_b3ao1qf4_wpftmp.csproj]
F:\Berry-Work\dev\DiffusionTool\BerryAIGen.Toolkit\Models\MainModel.cs(26,12): warning CS8618: Non-nullable property 'ExcludeFolderRecursiveCommand' must contain a non-null value when exiting constructor. Consider adding the 'required' modifier or declaring the property as nullable. [F:\Berry-Work\dev\DiffusionTool\BerryAIGen.Toolkit\BerryAIGen.Toolkit_b3ao1qf4_wpftmp.csproj]
F:\Berry-Work\dev\DiffusionTool\BerryAIGen.Toolkit\Models\MainModel.cs(26,12): warning CS8618: Non-nullable property 'ToggleNavigationPane' must contain a non-null value when exiting constructor. Consider adding the 'required' modifier or declaring the property as nullable. [F:\Berry-Work\dev\DiffusionTool\BerryAIGen.Toolkit\BerryAIGen.Toolkit_b3ao1qf4_wpftmp.csproj]
F:\Berry-Work\dev\DiffusionTool\BerryAIGen.Toolkit\Models\MainModel.cs(26,12): warning CS8618: Non-nullable property 'ShowInExplorerCommand' must contain a non-null value when exiting constructor. Consider adding the 'required' modifier or declaring the property as nullable. [F:\Berry-Work\dev\DiffusionTool\BerryAIGen.Toolkit\BerryAIGen.Toolkit_b3ao1qf4_wpftmp.csproj]
F:\Berry-Work\dev\DiffusionTool\BerryAIGen.Toolkit\Models\MainModel.cs(26,12): warning CS9264: Non-nullable property 'ToastMessage' must contain a non-null value when exiting constructor. Consider adding the 'required' modifier, or declaring the property as nullable, or safely handling the case where 'field' is null in the 'get' accessor. [F:\Berry-Work\dev\DiffusionTool\BerryAIGen.Toolkit\BerryAIGen.Toolkit_b3ao1qf4_wpftmp.csproj]
F:\Berry-Work\dev\DiffusionTool\BerryAIGen.Toolkit\Models\MainModel.cs(26,12): warning CS8618: Non-nullable property 'CurrentQuery' must contain a non-null value when exiting constructor. Consider adding the 'required' modifier or declaring the property as nullable. [F:\Berry-Work\dev\DiffusionTool\BerryAIGen.Toolkit\BerryAIGen.Toolkit_b3ao1qf4_wpftmp.csproj]
F:\Berry-Work\dev\DiffusionTool\BerryAIGen.Toolkit\Models\MainModel.cs(26,12): warning CS9264: Non-nullable property 'OpenWithMenuItems' must contain a non-null value when exiting constructor. Consider adding the 'required' modifier, or declaring the property as nullable, or safely handling the case where 'field' is null in the 'get' accessor. [F:\Berry-Work\dev\DiffusionTool\BerryAIGen.Toolkit\BerryAIGen.Toolkit_b3ao1qf4_wpftmp.csproj]
F:\Berry-Work\dev\DiffusionTool\BerryAIGen.Toolkit\Models\MainModel.cs(26,12): warning CS8618: Non-nullable property 'ToggleNotificationsCommand' must contain a non-null value when exiting constructor. Consider adding the 'required' modifier or declaring the property as nullable. [F:\Berry-Work\dev\DiffusionTool\BerryAIGen.Toolkit\BerryAIGen.Toolkit_b3ao1qf4_wpftmp.csproj]
F:\Berry-Work\dev\DiffusionTool\BerryAIGen.Toolkit\Models\MainModel.cs(26,12): warning CS8618: Non-nullable property 'NavigateToParentFolderCommand' must contain a non-null value when exiting constructor. Consider adding the 'required' modifier or declaring the property as nullable. [F:\Berry-Work\dev\DiffusionTool\BerryAIGen.Toolkit\BerryAIGen.Toolkit_b3ao1qf4_wpftmp.csproj]
F:\Berry-Work\dev\DiffusionTool\BerryAIGen.Toolkit\Models\MainModel.cs(26,12): warning CS9264: Non-nullable property 'AlbumMenuItems' must contain a non-null value when exiting constructor. Consider adding the 'required' modifier, or declaring the property as nullable, or safely handling the case where 'field' is null in the 'get' accessor. [F:\Berry-Work\dev\DiffusionTool\BerryAIGen.Toolkit\BerryAIGen.Toolkit_b3ao1qf4_wpftmp.csproj]
F:\Berry-Work\dev\DiffusionTool\BerryAIGen.Toolkit\Models\MainModel.cs(26,12): warning CS9264: Non-nullable property 'SelectionAlbumMenuItems' must contain a non-null value when exiting constructor. Consider adding the 'required' modifier, or declaring the property as nullable, or safely handling the case where 'field' is null in the 'get' accessor. [F:\Berry-Work\dev\DiffusionTool\BerryAIGen.Toolkit\BerryAIGen.Toolkit_b3ao1qf4_wpftmp.csproj]
F:\Berry-Work\dev\DiffusionTool\BerryAIGen.Toolkit\Models\MainModel.cs(26,12): warning CS9264: Non-nullable property 'SelectedImageEntry' must contain a non-null value when exiting constructor. Consider adding the 'required' modifier, or declaring the property as nullable, or safely handling the case where 'field' is null in the 'get' accessor. [F:\Berry-Work\dev\DiffusionTool\BerryAIGen.Toolkit\BerryAIGen.Toolkit_b3ao1qf4_wpftmp.csproj]
F:\Berry-Work\dev\DiffusionTool\BerryAIGen.Toolkit\Models\MainModel.cs(26,12): warning CS9264: Non-nullable property 'CurrentImageEntry' must contain a non-null value when exiting constructor. Consider adding the 'required' modifier, or declaring the property as nullable, or safely handling the case where 'field' is null in the 'get' accessor. [F:\Berry-Work\dev\DiffusionTool\BerryAIGen.Toolkit\BerryAIGen.Toolkit_b3ao1qf4_wpftmp.csproj]
F:\Berry-Work\dev\DiffusionTool\BerryAIGen.Toolkit\Models\MainModel.cs(26,12): warning CS8618: Non-nullable property 'CurrentImage' must contain a non-null value when exiting constructor. Consider adding the 'required' modifier or declaring the property as nullable. [F:\Berry-Work\dev\DiffusionTool\BerryAIGen.Toolkit\BerryAIGen.Toolkit_b3ao1qf4_wpftmp.csproj]
F:\Berry-Work\dev\DiffusionTool\BerryAIGen.Toolkit\Models\MainModel.cs(26,12): warning CS8618: Non-nullable property 'ToggleThumbnailViewModeCommand' must contain a non-null value when exiting constructor. Consider adding the 'required' modifier or declaring the property as nullable. [F:\Berry-Work\dev\DiffusionTool\BerryAIGen.Toolkit\BerryAIGen.Toolkit_b3ao1qf4_wpftmp.csproj]
F:\Berry-Work\dev\DiffusionTool\BerryAIGen.Toolkit\Models\MainModel.cs(26,12): warning CS8618: Non-nullable property 'FocusSearch' must contain a non-null value when exiting constructor. Consider adding the 'required' modifier or declaring the property as nullable. [F:\Berry-Work\dev\DiffusionTool\BerryAIGen.Toolkit\BerryAIGen.Toolkit_b3ao1qf4_wpftmp.csproj]
F:\Berry-Work\dev\DiffusionTool\BerryAIGen.Toolkit\Models\MainModel.cs(26,12): warning CS8618: Non-nullable property 'RefreshFolderCommand' must contain a non-null value when exiting constructor. Consider adding the 'required' modifier or declaring the property as nullable. [F:\Berry-Work\dev\DiffusionTool\BerryAIGen.Toolkit\BerryAIGen.Toolkit_b3ao1qf4_wpftmp.csproj]
F:\Berry-Work\dev\DiffusionTool\BerryAIGen.Toolkit\SearchResultsModel.cs(9,21): warning CS8618: Non-nullable property 'Escape' must contain a non-null value when exiting constructor. Consider adding the 'required' modifier or declaring the property as nullable. [F:\Berry-Work\dev\DiffusionTool\BerryAIGen.Toolkit\BerryAIGen.Toolkit_b3ao1qf4_wpftmp.csproj]
F:\Berry-Work\dev\DiffusionTool\BerryAIGen.Toolkit\Models\MessagePopupModel.cs(9,12): warning CS9264: Non-nullable property 'PlacementTarget' must contain a non-null value when exiting constructor. Consider adding the 'required' modifier, or declaring the property as nullable, or safely handling the case where 'field' is null in the 'get' accessor. [F:\Berry-Work\dev\DiffusionTool\BerryAIGen.Toolkit\BerryAIGen.Toolkit_b3ao1qf4_wpftmp.csproj]
F:\Berry-Work\dev\DiffusionTool\BerryAIGen.Toolkit\Models\MessagePopupModel.cs(9,12): warning CS9264: Non-nullable property 'Title' must contain a non-null value when exiting constructor. Consider adding the 'required' modifier, or declaring the property as nullable, or safely handling the case where 'field' is null in the 'get' accessor. [F:\Berry-Work\dev\DiffusionTool\BerryAIGen.Toolkit\BerryAIGen.Toolkit_b3ao1qf4_wpftmp.csproj]
F:\Berry-Work\dev\DiffusionTool\BerryAIGen.Toolkit\Models\MessagePopupModel.cs(9,12): warning CS9264: Non-nullable property 'Message' must contain a non-null value when exiting constructor. Consider adding the 'required' modifier, or declaring the property as nullable, or safely handling the case where 'field' is null in the 'get' accessor. [F:\Berry-Work\dev\DiffusionTool\BerryAIGen.Toolkit\BerryAIGen.Toolkit_b3ao1qf4_wpftmp.csproj]
F:\Berry-Work\dev\DiffusionTool\BerryAIGen.Toolkit\Models\MessagePopupModel.cs(9,12): warning CS9264: Non-nullable property 'OKCommand' must contain a non-null value when exiting constructor. Consider adding the 'required' modifier, or declaring the property as nullable, or safely handling the case where 'field' is null in the 'get' accessor. [F:\Berry-Work\dev\DiffusionTool\BerryAIGen.Toolkit\BerryAIGen.Toolkit_b3ao1qf4_wpftmp.csproj]
F:\Berry-Work\dev\DiffusionTool\BerryAIGen.Toolkit\Models\MessagePopupModel.cs(9,12): warning CS9264: Non-nullable property 'CancelCommand' must contain a non-null value when exiting constructor. Consider adding the 'required' modifier, or declaring the property as nullable, or safely handling the case where 'field' is null in the 'get' accessor. [F:\Berry-Work\dev\DiffusionTool\BerryAIGen.Toolkit\BerryAIGen.Toolkit_b3ao1qf4_wpftmp.csproj]
F:\Berry-Work\dev\DiffusionTool\BerryAIGen.Toolkit\Models\MessagePopupModel.cs(9,12): warning CS9264: Non-nullable property 'YesCommand' must contain a non-null value when exiting constructor. Consider adding the 'required' modifier, or declaring the property as nullable, or safely handling the case where 'field' is null in the 'get' accessor. [F:\Berry-Work\dev\DiffusionTool\BerryAIGen.Toolkit\BerryAIGen.Toolkit_b3ao1qf4_wpftmp.csproj]
F:\Berry-Work\dev\DiffusionTool\BerryAIGen.Toolkit\Models\MessagePopupModel.cs(9,12): warning CS9264: Non-nullable property 'NoCommand' must contain a non-null value when exiting constructor. Consider adding the 'required' modifier, or declaring the property as nullable, or safely handling the case where 'field' is null in the 'get' accessor. [F:\Berry-Work\dev\DiffusionTool\BerryAIGen.Toolkit\BerryAIGen.Toolkit_b3ao1qf4_wpftmp.csproj]
F:\Berry-Work\dev\DiffusionTool\BerryAIGen.Toolkit\Pages\Settings.xaml.cs(296,38): warning CS8602: Dereference of a possibly null reference. [F:\Berry-Work\dev\DiffusionTool\BerryAIGen.Toolkit\BerryAIGen.Toolkit_b3ao1qf4_wpftmp.csproj]
F:\Berry-Work\dev\DiffusionTool\BerryAIGen.Toolkit\Controls\PreviewPane.xaml.cs(339,17): warning CS8602: Dereference of a possibly null reference. [F:\Berry-Work\dev\DiffusionTool\BerryAIGen.Toolkit\BerryAIGen.Toolkit_b3ao1qf4_wpftmp.csproj]
F:\Berry-Work\dev\DiffusionTool\BerryAIGen.Toolkit\Controls\PreviewPane.xaml.cs(341,49): warning CS8602: Dereference of a possibly null reference. [F:\Berry-Work\dev\DiffusionTool\BerryAIGen.Toolkit\BerryAIGen.Toolkit_b3ao1qf4_wpftmp.csproj]
F:\Berry-Work\dev\DiffusionTool\BerryAIGen.Toolkit\Controls\PreviewPane.xaml.cs(344,25): warning CS8602: Dereference of a possibly null reference. [F:\Berry-Work\dev\DiffusionTool\BerryAIGen.Toolkit\BerryAIGen.Toolkit_b3ao1qf4_wpftmp.csproj]
F:\Berry-Work\dev\DiffusionTool\BerryAIGen.Toolkit\ReleaseNotes.xaml.cs(112,13): warning CS8602: Dereference of a possibly null reference. [F:\Berry-Work\dev\DiffusionTool\BerryAIGen.Toolkit\BerryAIGen.Toolkit_b3ao1qf4_wpftmp.csproj]
F:\Berry-Work\dev\DiffusionTool\BerryAIGen.Toolkit\Models\SearchSettings.cs(10,19): warning CS9264: Non-nullable property 'IncludeNodeProperties' must contain a non-null value when exiting constructor. Consider adding the 'required' modifier, or declaring the property as nullable, or safely handling the case where 'field' is null in the 'get' accessor. [F:\Berry-Work\dev\DiffusionTool\BerryAIGen.Toolkit\BerryAIGen.Toolkit_b3ao1qf4_wpftmp.csproj]
F:\Berry-Work\dev\DiffusionTool\BerryAIGen.Toolkit\Services\WindowService.cs(8,20): warning CS8618: Non-nullable field '_window' must contain a non-null value when exiting constructor. Consider adding the 'required' modifier or declaring the field as nullable. [F:\Berry-Work\dev\DiffusionTool\BerryAIGen.Toolkit\BerryAIGen.Toolkit_b3ao1qf4_wpftmp.csproj]
F:\Berry-Work\dev\DiffusionTool\BerryAIGen.Toolkit\Services\ToastService.cs(18,35): warning CS8603: Possible null reference return. [F:\Berry-Work\dev\DiffusionTool\BerryAIGen.Toolkit\BerryAIGen.Toolkit_b3ao1qf4_wpftmp.csproj]
F:\Berry-Work\dev\DiffusionTool\BerryAIGen.Toolkit\Pages\Models.xaml.cs(101,29): warning CS8602: Dereference of a possibly null reference. [F:\Berry-Work\dev\DiffusionTool\BerryAIGen.Toolkit\BerryAIGen.Toolkit_b3ao1qf4_wpftmp.csproj]
F:\Berry-Work\dev\DiffusionTool\BerryAIGen.Toolkit\Services\AlbumService.cs(17,82): warning CS8625: Cannot convert null literal to non-nullable reference type. [F:\Berry-Work\dev\DiffusionTool\BerryAIGen.Toolkit\BerryAIGen.Toolkit_b3ao1qf4_wpftmp.csproj]
F:\Berry-Work\dev\DiffusionTool\BerryAIGen.Toolkit\ReleaseNotes.xaml.cs(49,16): warning CS8618: Non-nullable property 'Escape' must contain a non-null value when exiting constructor. Consider adding the 'required' modifier or declaring the property as nullable. [F:\Berry-Work\dev\DiffusionTool\BerryAIGen.Toolkit\BerryAIGen.Toolkit_b3ao1qf4_wpftmp.csproj]
F:\Berry-Work\dev\DiffusionTool\BerryAIGen.Toolkit\ReleaseNotes.xaml.cs(49,16): warning CS9264: Non-nullable property 'Markdown' must contain a non-null value when exiting constructor. Consider adding the 'required' modifier, or declaring the property as nullable, or safely handling the case where 'field' is null in the 'get' accessor. [F:\Berry-Work\dev\DiffusionTool\BerryAIGen.Toolkit\BerryAIGen.Toolkit_b3ao1qf4_wpftmp.csproj]
F:\Berry-Work\dev\DiffusionTool\BerryAIGen.Toolkit\ReleaseNotes.xaml.cs(49,16): warning CS8618: Non-nullable property 'Reset' must contain a non-null value when exiting constructor. Consider adding the 'required' modifier or declaring the property as nullable. [F:\Berry-Work\dev\DiffusionTool\BerryAIGen.Toolkit\BerryAIGen.Toolkit_b3ao1qf4_wpftmp.csproj]
F:\Berry-Work\dev\DiffusionTool\BerryAIGen.Toolkit\Controls\ThumbnailView.xaml.cs(619,17): warning CS8602: Dereference of a possibly null reference. [F:\Berry-Work\dev\DiffusionTool\BerryAIGen.Toolkit\BerryAIGen.Toolkit_b3ao1qf4_wpftmp.csproj]
F:\Berry-Work\dev\DiffusionTool\BerryAIGen.Toolkit\Services\ToastService.cs(43,21): warning CS8602: Dereference of a possibly null reference. [F:\Berry-Work\dev\DiffusionTool\BerryAIGen.Toolkit\BerryAIGen.Toolkit_b3ao1qf4_wpftmp.csproj]
F:\Berry-Work\dev\DiffusionTool\BerryAIGen.Toolkit\Controls\PreviewPane.xaml.cs(391,45): warning CS8509: The switch expression does not handle all possible values of its input type (it is not exhaustive). For example, the pattern 'System.Windows.Input.Key.None' is not covered. [F:\Berry-Work\dev\DiffusionTool\BerryAIGen.Toolkit\BerryAIGen.Toolkit_b3ao1qf4_wpftmp.csproj]
F:\Berry-Work\dev\DiffusionTool\BerryAIGen.Toolkit\Controls\PreviewPane.xaml.cs(374,21): warning CS8602: Dereference of a possibly null reference. [F:\Berry-Work\dev\DiffusionTool\BerryAIGen.Toolkit\BerryAIGen.Toolkit_b3ao1qf4_wpftmp.csproj]
F:\Berry-Work\dev\DiffusionTool\BerryAIGen.Toolkit\Controls\PreviewPane.xaml.cs(378,21): warning CS8602: Dereference of a possibly null reference. [F:\Berry-Work\dev\DiffusionTool\BerryAIGen.Toolkit\BerryAIGen.Toolkit_b3ao1qf4_wpftmp.csproj]
F:\Berry-Work\dev\DiffusionTool\BerryAIGen.Toolkit\Controls\PreviewPane.xaml.cs(382,21): warning CS8602: Dereference of a possibly null reference. [F:\Berry-Work\dev\DiffusionTool\BerryAIGen.Toolkit\BerryAIGen.Toolkit_b3ao1qf4_wpftmp.csproj]
F:\Berry-Work\dev\DiffusionTool\BerryAIGen.Toolkit\Controls\PreviewPane.xaml.cs(386,21): warning CS8602: Dereference of a possibly null reference. [F:\Berry-Work\dev\DiffusionTool\BerryAIGen.Toolkit\BerryAIGen.Toolkit_b3ao1qf4_wpftmp.csproj]
F:\Berry-Work\dev\DiffusionTool\BerryAIGen.Toolkit\Controls\PreviewPane.xaml.cs(405,29): warning CS8602: Dereference of a possibly null reference. [F:\Berry-Work\dev\DiffusionTool\BerryAIGen.Toolkit\BerryAIGen.Toolkit_b3ao1qf4_wpftmp.csproj]
F:\Berry-Work\dev\DiffusionTool\BerryAIGen.Toolkit\Controls\PreviewPane.xaml.cs(432,13): warning CS8602: Dereference of a possibly null reference. [F:\Berry-Work\dev\DiffusionTool\BerryAIGen.Toolkit\BerryAIGen.Toolkit_b3ao1qf4_wpftmp.csproj]
F:\Berry-Work\dev\DiffusionTool\BerryAIGen.Toolkit\Controls\PreviewPane.xaml.cs(443,21): warning CS8602: Dereference of a possibly null reference. [F:\Berry-Work\dev\DiffusionTool\BerryAIGen.Toolkit\BerryAIGen.Toolkit_b3ao1qf4_wpftmp.csproj]
F:\Berry-Work\dev\DiffusionTool\BerryAIGen.Toolkit\Controls\PreviewPane.xaml.cs(450,21): warning CS8602: Dereference of a possibly null reference. [F:\Berry-Work\dev\DiffusionTool\BerryAIGen.Toolkit\BerryAIGen.Toolkit_b3ao1qf4_wpftmp.csproj]
F:\Berry-Work\dev\DiffusionTool\BerryAIGen.Toolkit\Services\Toast.cs(6,19): warning CS8618: Non-nullable property 'Message' must contain a non-null value when exiting constructor. Consider adding the 'required' modifier or declaring the property as nullable. [F:\Berry-Work\dev\DiffusionTool\BerryAIGen.Toolkit\BerryAIGen.Toolkit_b3ao1qf4_wpftmp.csproj]
F:\Berry-Work\dev\DiffusionTool\BerryAIGen.Toolkit\Services\Toast.cs(7,19): warning CS8618: Non-nullable property 'Caption' must contain a non-null value when exiting constructor. Consider adding the 'required' modifier or declaring the property as nullable. [F:\Berry-Work\dev\DiffusionTool\BerryAIGen.Toolkit\BerryAIGen.Toolkit_b3ao1qf4_wpftmp.csproj]
F:\Berry-Work\dev\DiffusionTool\BerryAIGen.Toolkit\Services\AlbumService.cs(22,19): warning CS8602: Dereference of a possibly null reference. [F:\Berry-Work\dev\DiffusionTool\BerryAIGen.Toolkit\BerryAIGen.Toolkit_b3ao1qf4_wpftmp.csproj]
F:\Berry-Work\dev\DiffusionTool\BerryAIGen.Toolkit\Services\AlbumService.cs(22,19): warning CS8604: Possible null reference argument for parameter 'source' in 'IEnumerable<ImageEntry> Enumerable.Where<ImageEntry>(IEnumerable<ImageEntry> source, Func<ImageEntry, bool> predicate)'. [F:\Berry-Work\dev\DiffusionTool\BerryAIGen.Toolkit\BerryAIGen.Toolkit_b3ao1qf4_wpftmp.csproj]
F:\Berry-Work\dev\DiffusionTool\BerryAIGen.Toolkit\Services\AlbumService.cs(28,26): warning CS8602: Dereference of a possibly null reference. [F:\Berry-Work\dev\DiffusionTool\BerryAIGen.Toolkit\BerryAIGen.Toolkit_b3ao1qf4_wpftmp.csproj]
F:\Berry-Work\dev\DiffusionTool\BerryAIGen.Toolkit\Services\ThumbnailNavigationService.cs(9,31): warning CS8618: Non-nullable event 'Previous' must contain a non-null value when exiting constructor. Consider adding the 'required' modifier or declaring the event as nullable. [F:\Berry-Work\dev\DiffusionTool\BerryAIGen.Toolkit\BerryAIGen.Toolkit_b3ao1qf4_wpftmp.csproj]
F:\Berry-Work\dev\DiffusionTool\BerryAIGen.Toolkit\Services\ThumbnailNavigationService.cs(10,31): warning CS8618: Non-nullable event 'Next' must contain a non-null value when exiting constructor. Consider adding the 'required' modifier or declaring the event as nullable. [F:\Berry-Work\dev\DiffusionTool\BerryAIGen.Toolkit\BerryAIGen.Toolkit_b3ao1qf4_wpftmp.csproj]
F:\Berry-Work\dev\DiffusionTool\BerryAIGen.Toolkit\Services\ThumbnailNavigationService.cs(11,31): warning CS8618: Non-nullable event 'PreviousPage' must contain a non-null value when exiting constructor. Consider adding the 'required' modifier or declaring the event as nullable. [F:\Berry-Work\dev\DiffusionTool\BerryAIGen.Toolkit\BerryAIGen.Toolkit_b3ao1qf4_wpftmp.csproj]
F:\Berry-Work\dev\DiffusionTool\BerryAIGen.Toolkit\Services\ThumbnailNavigationService.cs(12,31): warning CS8618: Non-nullable event 'NextPage' must contain a non-null value when exiting constructor. Consider adding the 'required' modifier or declaring the event as nullable. [F:\Berry-Work\dev\DiffusionTool\BerryAIGen.Toolkit\BerryAIGen.Toolkit_b3ao1qf4_wpftmp.csproj]
F:\Berry-Work\dev\DiffusionTool\BerryAIGen.Toolkit\Services\TagService.cs(16,9): warning CS8602: Dereference of a possibly null reference. [F:\Berry-Work\dev\DiffusionTool\BerryAIGen.Toolkit\BerryAIGen.Toolkit_b3ao1qf4_wpftmp.csproj]
F:\Berry-Work\dev\DiffusionTool\BerryAIGen.Toolkit\Services\AlbumService.cs(62,22): warning CS8602: Dereference of a possibly null reference. [F:\Berry-Work\dev\DiffusionTool\BerryAIGen.Toolkit\BerryAIGen.Toolkit_b3ao1qf4_wpftmp.csproj]
F:\Berry-Work\dev\DiffusionTool\BerryAIGen.Toolkit\Services\AlbumService.cs(71,9): warning CS8602: Dereference of a possibly null reference. [F:\Berry-Work\dev\DiffusionTool\BerryAIGen.Toolkit\BerryAIGen.Toolkit_b3ao1qf4_wpftmp.csproj]
F:\Berry-Work\dev\DiffusionTool\BerryAIGen.Toolkit\Services\TagService.cs(21,9): warning CS8602: Dereference of a possibly null reference. [F:\Berry-Work\dev\DiffusionTool\BerryAIGen.Toolkit\BerryAIGen.Toolkit_b3ao1qf4_wpftmp.csproj]
F:\Berry-Work\dev\DiffusionTool\BerryAIGen.Toolkit\Services\AlbumService.cs(77,9): warning CS8602: Dereference of a possibly null reference. [F:\Berry-Work\dev\DiffusionTool\BerryAIGen.Toolkit\BerryAIGen.Toolkit_b3ao1qf4_wpftmp.csproj]
F:\Berry-Work\dev\DiffusionTool\BerryAIGen.Toolkit\Services\AlbumService.cs(82,9): warning CS8602: Dereference of a possibly null reference. [F:\Berry-Work\dev\DiffusionTool\BerryAIGen.Toolkit\BerryAIGen.Toolkit_b3ao1qf4_wpftmp.csproj]
F:\Berry-Work\dev\DiffusionTool\BerryAIGen.Toolkit\Models\PromptsModel.cs(18,12): warning CS8618: Non-nullable field '_promptQuery' must contain a non-null value when exiting constructor. Consider adding the 'required' modifier or declaring the field as nullable. [F:\Berry-Work\dev\DiffusionTool\BerryAIGen.Toolkit\BerryAIGen.Toolkit_b3ao1qf4_wpftmp.csproj]
F:\Berry-Work\dev\DiffusionTool\BerryAIGen.Toolkit\Models\PromptsModel.cs(18,12): warning CS9264: Non-nullable property 'Prompts' must contain a non-null value when exiting constructor. Consider adding the 'required' modifier, or declaring the property as nullable, or safely handling the case where 'field' is null in the 'get' accessor. [F:\Berry-Work\dev\DiffusionTool\BerryAIGen.Toolkit\BerryAIGen.Toolkit_b3ao1qf4_wpftmp.csproj]
F:\Berry-Work\dev\DiffusionTool\BerryAIGen.Toolkit\Models\PromptsModel.cs(18,12): warning CS9264: Non-nullable property 'NegativePrompts' must contain a non-null value when exiting constructor. Consider adding the 'required' modifier, or declaring the property as nullable, or safely handling the case where 'field' is null in the 'get' accessor. [F:\Berry-Work\dev\DiffusionTool\BerryAIGen.Toolkit\BerryAIGen.Toolkit_b3ao1qf4_wpftmp.csproj]
F:\Berry-Work\dev\DiffusionTool\BerryAIGen.Toolkit\Services\AlbumService.cs(92,9): warning CS8602: Dereference of a possibly null reference. [F:\Berry-Work\dev\DiffusionTool\BerryAIGen.Toolkit\BerryAIGen.Toolkit_b3ao1qf4_wpftmp.csproj]
F:\Berry-Work\dev\DiffusionTool\BerryAIGen.Toolkit\Services\TagService.cs(26,9): warning CS8602: Dereference of a possibly null reference. [F:\Berry-Work\dev\DiffusionTool\BerryAIGen.Toolkit\BerryAIGen.Toolkit_b3ao1qf4_wpftmp.csproj]
F:\Berry-Work\dev\DiffusionTool\BerryAIGen.Toolkit\Models\PromptsModel.cs(24,35): warning CS8603: Possible null reference return. [F:\Berry-Work\dev\DiffusionTool\BerryAIGen.Toolkit\BerryAIGen.Toolkit_b3ao1qf4_wpftmp.csproj]
F:\Berry-Work\dev\DiffusionTool\BerryAIGen.Toolkit\Thumbnails\ThumbnailService.cs(53,12): warning CS8618: Non-nullable field 'cancellationTokenSource' must contain a non-null value when exiting constructor. Consider adding the 'required' modifier or declaring the field as nullable. [F:\Berry-Work\dev\DiffusionTool\BerryAIGen.Toolkit\BerryAIGen.Toolkit_b3ao1qf4_wpftmp.csproj]
F:\Berry-Work\dev\DiffusionTool\BerryAIGen.Toolkit\Controls\PreviewPane.xaml.cs(485,31): warning CS8602: Dereference of a possibly null reference. [F:\Berry-Work\dev\DiffusionTool\BerryAIGen.Toolkit\BerryAIGen.Toolkit_b3ao1qf4_wpftmp.csproj]
F:\Berry-Work\dev\DiffusionTool\BerryAIGen.Toolkit\Controls\ThumbnailView.xaml.cs(646,21): warning CS4014: Because this call is not awaited, execution of the current method continues before the call is completed. Consider applying the 'await' operator to the result of the call. [F:\Berry-Work\dev\DiffusionTool\BerryAIGen.Toolkit\BerryAIGen.Toolkit_b3ao1qf4_wpftmp.csproj]
F:\Berry-Work\dev\DiffusionTool\BerryAIGen.Toolkit\Controls\ThumbnailView.xaml.cs(638,36): warning CS8602: Dereference of a possibly null reference. [F:\Berry-Work\dev\DiffusionTool\BerryAIGen.Toolkit\BerryAIGen.Toolkit_b3ao1qf4_wpftmp.csproj]
F:\Berry-Work\dev\DiffusionTool\BerryAIGen.Toolkit\Controls\ThumbnailView.xaml.cs(653,33): warning CS8602: Dereference of a possibly null reference. [F:\Berry-Work\dev\DiffusionTool\BerryAIGen.Toolkit\BerryAIGen.Toolkit_b3ao1qf4_wpftmp.csproj]
F:\Berry-Work\dev\DiffusionTool\BerryAIGen.Toolkit\Themes\ThemeManager.cs(15,30): warning CS8618: Non-nullable property 'CurrentTheme' must contain a non-null value when exiting constructor. Consider adding the 'required' modifier or declaring the property as nullable. [F:\Berry-Work\dev\DiffusionTool\BerryAIGen.Toolkit\BerryAIGen.Toolkit_b3ao1qf4_wpftmp.csproj]
F:\Berry-Work\dev\DiffusionTool\BerryAIGen.Toolkit\Services\TagService.cs(31,23): warning CS8602: Dereference of a possibly null reference. [F:\Berry-Work\dev\DiffusionTool\BerryAIGen.Toolkit\BerryAIGen.Toolkit_b3ao1qf4_wpftmp.csproj]
F:\Berry-Work\dev\DiffusionTool\BerryAIGen.Toolkit\TipsWindow.xaml.cs(12,23): warning CS9264: Non-nullable property 'Markdown' must contain a non-null value when exiting constructor. Consider adding the 'required' modifier, or declaring the property as nullable, or safely handling the case where 'field' is null in the 'get' accessor. [F:\Berry-Work\dev\DiffusionTool\BerryAIGen.Toolkit\BerryAIGen.Toolkit_b3ao1qf4_wpftmp.csproj]
F:\Berry-Work\dev\DiffusionTool\BerryAIGen.Toolkit\TipsWindow.xaml.cs(18,22): warning CS9264: Non-nullable property 'Style' must contain a non-null value when exiting constructor. Consider adding the 'required' modifier, or declaring the property as nullable, or safely handling the case where 'field' is null in the 'get' accessor. [F:\Berry-Work\dev\DiffusionTool\BerryAIGen.Toolkit\BerryAIGen.Toolkit_b3ao1qf4_wpftmp.csproj]
F:\Berry-Work\dev\DiffusionTool\BerryAIGen.Toolkit\TipsWindow.xaml.cs(24,25): warning CS9264: Non-nullable property 'Escape' must contain a non-null value when exiting constructor. Consider adding the 'required' modifier, or declaring the property as nullable, or safely handling the case where 'field' is null in the 'get' accessor. [F:\Berry-Work\dev\DiffusionTool\BerryAIGen.Toolkit\BerryAIGen.Toolkit_b3ao1qf4_wpftmp.csproj]
F:\Berry-Work\dev\DiffusionTool\BerryAIGen.Toolkit\Models\QueryModel.cs(10,19): warning CS9264: Non-nullable property 'Name' must contain a non-null value when exiting constructor. Consider adding the 'required' modifier, or declaring the property as nullable, or safely handling the case where 'field' is null in the 'get' accessor. [F:\Berry-Work\dev\DiffusionTool\BerryAIGen.Toolkit\BerryAIGen.Toolkit_b3ao1qf4_wpftmp.csproj]
F:\Berry-Work\dev\DiffusionTool\BerryAIGen.Toolkit\Models\SearchModel.cs(40,12): warning CS8618: Non-nullable field '_mainModel' must contain a non-null value when exiting constructor. Consider adding the 'required' modifier or declaring the field as nullable. [F:\Berry-Work\dev\DiffusionTool\BerryAIGen.Toolkit\BerryAIGen.Toolkit_b3ao1qf4_wpftmp.csproj]
F:\Berry-Work\dev\DiffusionTool\BerryAIGen.Toolkit\Models\SearchModel.cs(40,12): warning CS8618: Non-nullable field '_albums' must contain a non-null value when exiting constructor. Consider adding the 'required' modifier or declaring the field as nullable. [F:\Berry-Work\dev\DiffusionTool\BerryAIGen.Toolkit\BerryAIGen.Toolkit_b3ao1qf4_wpftmp.csproj]
F:\Berry-Work\dev\DiffusionTool\BerryAIGen.Toolkit\Models\SearchModel.cs(40,12): warning CS9264: Non-nullable property 'SearchCommand' must contain a non-null value when exiting constructor. Consider adding the 'required' modifier, or declaring the property as nullable, or safely handling the case where 'field' is null in the 'get' accessor. [F:\Berry-Work\dev\DiffusionTool\BerryAIGen.Toolkit\BerryAIGen.Toolkit_b3ao1qf4_wpftmp.csproj]
F:\Berry-Work\dev\DiffusionTool\BerryAIGen.Toolkit\Models\SearchModel.cs(40,12): warning CS9264: Non-nullable property 'Results' must contain a non-null value when exiting constructor. Consider adding the 'required' modifier, or declaring the property as nullable, or safely handling the case where 'field' is null in the 'get' accessor. [F:\Berry-Work\dev\DiffusionTool\BerryAIGen.Toolkit\BerryAIGen.Toolkit_b3ao1qf4_wpftmp.csproj]
F:\Berry-Work\dev\DiffusionTool\BerryAIGen.Toolkit\Models\SearchModel.cs(40,12): warning CS9264: Non-nullable property 'ResultStatus' must contain a non-null value when exiting constructor. Consider adding the 'required' modifier, or declaring the property as nullable, or safely handling the case where 'field' is null in the 'get' accessor. [F:\Berry-Work\dev\DiffusionTool\BerryAIGen.Toolkit\BerryAIGen.Toolkit_b3ao1qf4_wpftmp.csproj]
F:\Berry-Work\dev\DiffusionTool\BerryAIGen.Toolkit\Models\SearchModel.cs(40,12): warning CS9264: Non-nullable property 'ShowSearchHelp' must contain a non-null value when exiting constructor. Consider adding the 'required' modifier, or declaring the property as nullable, or safely handling the case where 'field' is null in the 'get' accessor. [F:\Berry-Work\dev\DiffusionTool\BerryAIGen.Toolkit\BerryAIGen.Toolkit_b3ao1qf4_wpftmp.csproj]
F:\Berry-Work\dev\DiffusionTool\BerryAIGen.Toolkit\Models\SearchModel.cs(40,12): warning CS9264: Non-nullable property 'ShowSearchSettings' must contain a non-null value when exiting constructor. Consider adding the 'required' modifier, or declaring the property as nullable, or safely handling the case where 'field' is null in the 'get' accessor. [F:\Berry-Work\dev\DiffusionTool\BerryAIGen.Toolkit\BerryAIGen.Toolkit_b3ao1qf4_wpftmp.csproj]
F:\Berry-Work\dev\DiffusionTool\BerryAIGen.Toolkit\Models\SearchModel.cs(40,12): warning CS9264: Non-nullable property 'ShowFilter' must contain a non-null value when exiting constructor. Consider adding the 'required' modifier, or declaring the property as nullable, or safely handling the case where 'field' is null in the 'get' accessor. [F:\Berry-Work\dev\DiffusionTool\BerryAIGen.Toolkit\BerryAIGen.Toolkit_b3ao1qf4_wpftmp.csproj]
F:\Berry-Work\dev\DiffusionTool\BerryAIGen.Toolkit\Models\SearchModel.cs(40,12): warning CS9264: Non-nullable property 'HideFilter' must contain a non-null value when exiting constructor. Consider adding the 'required' modifier, or declaring the property as nullable, or safely handling the case where 'field' is null in the 'get' accessor. [F:\Berry-Work\dev\DiffusionTool\BerryAIGen.Toolkit\BerryAIGen.Toolkit_b3ao1qf4_wpftmp.csproj]
F:\Berry-Work\dev\DiffusionTool\BerryAIGen.Toolkit\Models\SearchModel.cs(40,12): warning CS9264: Non-nullable property 'ClearSearch' must contain a non-null value when exiting constructor. Consider adding the 'required' modifier, or declaring the property as nullable, or safely handling the case where 'field' is null in the 'get' accessor. [F:\Berry-Work\dev\DiffusionTool\BerryAIGen.Toolkit\BerryAIGen.Toolkit_b3ao1qf4_wpftmp.csproj]
F:\Berry-Work\dev\DiffusionTool\BerryAIGen.Toolkit\Models\SearchModel.cs(40,12): warning CS9264: Non-nullable property 'FilterCommand' must contain a non-null value when exiting constructor. Consider adding the 'required' modifier, or declaring the property as nullable, or safely handling the case where 'field' is null in the 'get' accessor. [F:\Berry-Work\dev\DiffusionTool\BerryAIGen.Toolkit\BerryAIGen.Toolkit_b3ao1qf4_wpftmp.csproj]
F:\Berry-Work\dev\DiffusionTool\BerryAIGen.Toolkit\Models\SearchModel.cs(40,12): warning CS9264: Non-nullable property 'ClearCommand' must contain a non-null value when exiting constructor. Consider adding the 'required' modifier, or declaring the property as nullable, or safely handling the case where 'field' is null in the 'get' accessor. [F:\Berry-Work\dev\DiffusionTool\BerryAIGen.Toolkit\BerryAIGen.Toolkit_b3ao1qf4_wpftmp.csproj]
F:\Berry-Work\dev\DiffusionTool\BerryAIGen.Toolkit\Models\SearchModel.cs(40,12): warning CS9264: Non-nullable property 'SortOptions' must contain a non-null value when exiting constructor. Consider adding the 'required' modifier, or declaring the property as nullable, or safely handling the case where 'field' is null in the 'get' accessor. [F:\Berry-Work\dev\DiffusionTool\BerryAIGen.Toolkit\BerryAIGen.Toolkit_b3ao1qf4_wpftmp.csproj]
F:\Berry-Work\dev\DiffusionTool\BerryAIGen.Toolkit\Models\SearchModel.cs(40,12): warning CS9264: Non-nullable property 'SortOrderOptions' must contain a non-null value when exiting constructor. Consider adding the 'required' modifier, or declaring the property as nullable, or safely handling the case where 'field' is null in the 'get' accessor. [F:\Berry-Work\dev\DiffusionTool\BerryAIGen.Toolkit\BerryAIGen.Toolkit_b3ao1qf4_wpftmp.csproj]
F:\Berry-Work\dev\DiffusionTool\BerryAIGen.Toolkit\Models\SearchModel.cs(40,12): warning CS9264: Non-nullable property 'OpenCommand' must contain a non-null value when exiting constructor. Consider adding the 'required' modifier, or declaring the property as nullable, or safely handling the case where 'field' is null in the 'get' accessor. [F:\Berry-Work\dev\DiffusionTool\BerryAIGen.Toolkit\BerryAIGen.Toolkit_b3ao1qf4_wpftmp.csproj]
F:\Berry-Work\dev\DiffusionTool\BerryAIGen.Toolkit\Models\SearchModel.cs(40,12): warning CS9264: Non-nullable property 'GoHome' must contain a non-null value when exiting constructor. Consider adding the 'required' modifier, or declaring the property as nullable, or safely handling the case where 'field' is null in the 'get' accessor. [F:\Berry-Work\dev\DiffusionTool\BerryAIGen.Toolkit\BerryAIGen.Toolkit_b3ao1qf4_wpftmp.csproj]
F:\Berry-Work\dev\DiffusionTool\BerryAIGen.Toolkit\Models\SearchModel.cs(40,12): warning CS9264: Non-nullable property 'GoUp' must contain a non-null value when exiting constructor. Consider adding the 'required' modifier, or declaring the property as nullable, or safely handling the case where 'field' is null in the 'get' accessor. [F:\Berry-Work\dev\DiffusionTool\BerryAIGen.Toolkit\BerryAIGen.Toolkit_b3ao1qf4_wpftmp.csproj]
F:\Berry-Work\dev\DiffusionTool\BerryAIGen.Toolkit\Models\SearchModel.cs(40,12): warning CS9264: Non-nullable property 'FolderPath' must contain a non-null value when exiting constructor. Consider adding the 'required' modifier, or declaring the property as nullable, or safely handling the case where 'field' is null in the 'get' accessor. [F:\Berry-Work\dev\DiffusionTool\BerryAIGen.Toolkit\BerryAIGen.Toolkit_b3ao1qf4_wpftmp.csproj]
F:\Berry-Work\dev\DiffusionTool\BerryAIGen.Toolkit\Models\SearchModel.cs(40,12): warning CS9264: Non-nullable property 'Album' must contain a non-null value when exiting constructor. Consider adding the 'required' modifier, or declaring the property as nullable, or safely handling the case where 'field' is null in the 'get' accessor. [F:\Berry-Work\dev\DiffusionTool\BerryAIGen.Toolkit\BerryAIGen.Toolkit_b3ao1qf4_wpftmp.csproj]
F:\Berry-Work\dev\DiffusionTool\BerryAIGen.Toolkit\Models\SearchModel.cs(40,12): warning CS9264: Non-nullable property 'PageChangedCommand' must contain a non-null value when exiting constructor. Consider adding the 'required' modifier, or declaring the property as nullable, or safely handling the case where 'field' is null in the 'get' accessor. [F:\Berry-Work\dev\DiffusionTool\BerryAIGen.Toolkit\BerryAIGen.Toolkit_b3ao1qf4_wpftmp.csproj]
F:\Berry-Work\dev\DiffusionTool\BerryAIGen.Toolkit\Models\SearchModel.cs(40,12): warning CS9264: Non-nullable property 'CurrentMode' must contain a non-null value when exiting constructor. Consider adding the 'required' modifier, or declaring the property as nullable, or safely handling the case where 'field' is null in the 'get' accessor. [F:\Berry-Work\dev\DiffusionTool\BerryAIGen.Toolkit\BerryAIGen.Toolkit_b3ao1qf4_wpftmp.csproj]
F:\Berry-Work\dev\DiffusionTool\BerryAIGen.Toolkit\Models\SearchModel.cs(40,12): warning CS9264: Non-nullable property 'SearchHelpMarkdown' must contain a non-null value when exiting constructor. Consider adding the 'required' modifier, or declaring the property as nullable, or safely handling the case where 'field' is null in the 'get' accessor. [F:\Berry-Work\dev\DiffusionTool\BerryAIGen.Toolkit\BerryAIGen.Toolkit_b3ao1qf4_wpftmp.csproj]
F:\Berry-Work\dev\DiffusionTool\BerryAIGen.Toolkit\Models\SearchModel.cs(40,12): warning CS9264: Non-nullable property 'SearchHelpStyle' must contain a non-null value when exiting constructor. Consider adding the 'required' modifier, or declaring the property as nullable, or safely handling the case where 'field' is null in the 'get' accessor. [F:\Berry-Work\dev\DiffusionTool\BerryAIGen.Toolkit\BerryAIGen.Toolkit_b3ao1qf4_wpftmp.csproj]
F:\Berry-Work\dev\DiffusionTool\BerryAIGen.Toolkit\Models\ModelViewModel.cs(12,19): warning CS8618: Non-nullable property 'Name' must contain a non-null value when exiting constructor. Consider adding the 'required' modifier or declaring the property as nullable. [F:\Berry-Work\dev\DiffusionTool\BerryAIGen.Toolkit\BerryAIGen.Toolkit_b3ao1qf4_wpftmp.csproj]
F:\Berry-Work\dev\DiffusionTool\BerryAIGen.Toolkit\Models\ModelViewModel.cs(13,19): warning CS8618: Non-nullable property 'Hash' must contain a non-null value when exiting constructor. Consider adding the 'required' modifier or declaring the property as nullable. [F:\Berry-Work\dev\DiffusionTool\BerryAIGen.Toolkit\BerryAIGen.Toolkit_b3ao1qf4_wpftmp.csproj]
F:\Berry-Work\dev\DiffusionTool\BerryAIGen.Toolkit\Models\ModelViewModel.cs(14,19): warning CS8618: Non-nullable property 'Hashv2' must contain a non-null value when exiting constructor. Consider adding the 'required' modifier or declaring the property as nullable. [F:\Berry-Work\dev\DiffusionTool\BerryAIGen.Toolkit\BerryAIGen.Toolkit_b3ao1qf4_wpftmp.csproj]
F:\Berry-Work\dev\DiffusionTool\BerryAIGen.Toolkit\Models\ModelViewModel.cs(15,19): warning CS8618: Non-nullable property 'SHA256' must contain a non-null value when exiting constructor. Consider adding the 'required' modifier or declaring the property as nullable. [F:\Berry-Work\dev\DiffusionTool\BerryAIGen.Toolkit\BerryAIGen.Toolkit_b3ao1qf4_wpftmp.csproj]
F:\Berry-Work\dev\DiffusionTool\BerryAIGen.Toolkit\Models\SearchModel.cs(64,13): warning CS8602: Dereference of a possibly null reference. [F:\Berry-Work\dev\DiffusionTool\BerryAIGen.Toolkit\BerryAIGen.Toolkit_b3ao1qf4_wpftmp.csproj]
F:\Berry-Work\dev\DiffusionTool\BerryAIGen.Toolkit\Models\SearchModel.cs(64,53): warning CS8601: Possible null reference assignment. [F:\Berry-Work\dev\DiffusionTool\BerryAIGen.Toolkit\BerryAIGen.Toolkit_b3ao1qf4_wpftmp.csproj]
F:\Berry-Work\dev\DiffusionTool\BerryAIGen.Toolkit\Models\SearchModel.cs(68,13): warning CS8602: Dereference of a possibly null reference. [F:\Berry-Work\dev\DiffusionTool\BerryAIGen.Toolkit\BerryAIGen.Toolkit_b3ao1qf4_wpftmp.csproj]
F:\Berry-Work\dev\DiffusionTool\BerryAIGen.Toolkit\Models\SearchModel.cs(68,59): warning CS8601: Possible null reference assignment. [F:\Berry-Work\dev\DiffusionTool\BerryAIGen.Toolkit\BerryAIGen.Toolkit_b3ao1qf4_wpftmp.csproj]
F:\Berry-Work\dev\DiffusionTool\BerryAIGen.Toolkit\Models\SearchModel.cs(91,35): warning CS8603: Possible null reference return. [F:\Berry-Work\dev\DiffusionTool\BerryAIGen.Toolkit\BerryAIGen.Toolkit_b3ao1qf4_wpftmp.csproj]
F:\Berry-Work\dev\DiffusionTool\BerryAIGen.Toolkit\Thumbnails\Job.cs(8,14): warning CS8618: Non-nullable property 'Data' must contain a non-null value when exiting constructor. Consider adding the 'required' modifier or declaring the property as nullable. [F:\Berry-Work\dev\DiffusionTool\BerryAIGen.Toolkit\BerryAIGen.Toolkit_b3ao1qf4_wpftmp.csproj]
F:\Berry-Work\dev\DiffusionTool\BerryAIGen.Toolkit\Thumbnails\Job.cs(9,25): warning CS8618: Non-nullable property 'Completion' must contain a non-null value when exiting constructor. Consider adding the 'required' modifier or declaring the property as nullable. [F:\Berry-Work\dev\DiffusionTool\BerryAIGen.Toolkit\BerryAIGen.Toolkit_b3ao1qf4_wpftmp.csproj]
F:\Berry-Work\dev\DiffusionTool\BerryAIGen.Toolkit\Models\ResultsView.cs(13,12): warning CS8618: Non-nullable field '_images' must contain a non-null value when exiting constructor. Consider adding the 'required' modifier or declaring the field as nullable. [F:\Berry-Work\dev\DiffusionTool\BerryAIGen.Toolkit\BerryAIGen.Toolkit_b3ao1qf4_wpftmp.csproj]
F:\Berry-Work\dev\DiffusionTool\BerryAIGen.Toolkit\Models\ResultsView.cs(13,12): warning CS9264: Non-nullable property 'Results' must contain a non-null value when exiting constructor. Consider adding the 'required' modifier, or declaring the property as nullable, or safely handling the case where 'field' is null in the 'get' accessor. [F:\Berry-Work\dev\DiffusionTool\BerryAIGen.Toolkit\BerryAIGen.Toolkit_b3ao1qf4_wpftmp.csproj]
F:\Berry-Work\dev\DiffusionTool\BerryAIGen.Toolkit\Models\ResultsView.cs(13,12): warning CS9264: Non-nullable property 'PageChangedCommand' must contain a non-null value when exiting constructor. Consider adding the 'required' modifier, or declaring the property as nullable, or safely handling the case where 'field' is null in the 'get' accessor. [F:\Berry-Work\dev\DiffusionTool\BerryAIGen.Toolkit\BerryAIGen.Toolkit_b3ao1qf4_wpftmp.csproj]
F:\Berry-Work\dev\DiffusionTool\BerryAIGen.Toolkit\Models\ResultsView.cs(13,12): warning CS9264: Non-nullable property 'OpenCommand' must contain a non-null value when exiting constructor. Consider adding the 'required' modifier, or declaring the property as nullable, or safely handling the case where 'field' is null in the 'get' accessor. [F:\Berry-Work\dev\DiffusionTool\BerryAIGen.Toolkit\BerryAIGen.Toolkit_b3ao1qf4_wpftmp.csproj]
F:\Berry-Work\dev\DiffusionTool\BerryAIGen.Toolkit\Models\ResultsView.cs(13,12): warning CS9264: Non-nullable property 'CopyFiles' must contain a non-null value when exiting constructor. Consider adding the 'required' modifier, or declaring the property as nullable, or safely handling the case where 'field' is null in the 'get' accessor. [F:\Berry-Work\dev\DiffusionTool\BerryAIGen.Toolkit\BerryAIGen.Toolkit_b3ao1qf4_wpftmp.csproj]
F:\Berry-Work\dev\DiffusionTool\BerryAIGen.Toolkit\Models\ResultsView.cs(23,29): warning CS8601: Possible null reference assignment. [F:\Berry-Work\dev\DiffusionTool\BerryAIGen.Toolkit\BerryAIGen.Toolkit_b3ao1qf4_wpftmp.csproj]
F:\Berry-Work\dev\DiffusionTool\BerryAIGen.Toolkit\Models\ResultsView.cs(38,35): warning CS8603: Possible null reference return. [F:\Berry-Work\dev\DiffusionTool\BerryAIGen.Toolkit\BerryAIGen.Toolkit_b3ao1qf4_wpftmp.csproj]
F:\Berry-Work\dev\DiffusionTool\BerryAIGen.Toolkit\Thumbnails\ThumbnailCache.cs(15,25): warning CS8618: Non-nullable property 'BitmapSource' must contain a non-null value when exiting constructor. Consider adding the 'required' modifier or declaring the property as nullable. [F:\Berry-Work\dev\DiffusionTool\BerryAIGen.Toolkit\BerryAIGen.Toolkit_b3ao1qf4_wpftmp.csproj]
F:\Berry-Work\dev\DiffusionTool\BerryAIGen.Toolkit\Models\ImageViewModel.cs(59,29): warning CS8601: Possible null reference assignment. [F:\Berry-Work\dev\DiffusionTool\BerryAIGen.Toolkit\BerryAIGen.Toolkit_b3ao1qf4_wpftmp.csproj]
F:\Berry-Work\dev\DiffusionTool\BerryAIGen.Toolkit\Thumbnails\ThumbnailCache.cs(96,19): warning CS8618: Non-nullable property 'Filename' must contain a non-null value when exiting constructor. Consider adding the 'required' modifier or declaring the property as nullable. [F:\Berry-Work\dev\DiffusionTool\BerryAIGen.Toolkit\BerryAIGen.Toolkit_b3ao1qf4_wpftmp.csproj]
F:\Berry-Work\dev\DiffusionTool\BerryAIGen.Toolkit\Thumbnails\ThumbnailCache.cs(97,19): warning CS8618: Non-nullable property 'Data' must contain a non-null value when exiting constructor. Consider adding the 'required' modifier or declaring the property as nullable. [F:\Berry-Work\dev\DiffusionTool\BerryAIGen.Toolkit\BerryAIGen.Toolkit_b3ao1qf4_wpftmp.csproj]
F:\Berry-Work\dev\DiffusionTool\BerryAIGen.Toolkit\Models\ImageViewModel.cs(65,29): warning CS8601: Possible null reference assignment. [F:\Berry-Work\dev\DiffusionTool\BerryAIGen.Toolkit\BerryAIGen.Toolkit_b3ao1qf4_wpftmp.csproj]
F:\Berry-Work\dev\DiffusionTool\BerryAIGen.Toolkit\Models\ImageViewModel.cs(71,29): warning CS8601: Possible null reference assignment. [F:\Berry-Work\dev\DiffusionTool\BerryAIGen.Toolkit\BerryAIGen.Toolkit_b3ao1qf4_wpftmp.csproj]
F:\Berry-Work\dev\DiffusionTool\BerryAIGen.Toolkit\Services\DatabaseWriterService.cs(26,20): warning CS8618: Non-nullable property 'Task' must contain a non-null value when exiting constructor. Consider adding the 'required' modifier or declaring the property as nullable. [F:\Berry-Work\dev\DiffusionTool\BerryAIGen.Toolkit\BerryAIGen.Toolkit_b3ao1qf4_wpftmp.csproj]
F:\Berry-Work\dev\DiffusionTool\BerryAIGen.Toolkit\Services\ContextMenuService.cs(39,9): warning CS8602: Dereference of a possibly null reference. [F:\Berry-Work\dev\DiffusionTool\BerryAIGen.Toolkit\BerryAIGen.Toolkit_b3ao1qf4_wpftmp.csproj]
F:\Berry-Work\dev\DiffusionTool\BerryAIGen.Toolkit\Services\ContextMenuService.cs(85,13): warning CS8602: Dereference of a possibly null reference. [F:\Berry-Work\dev\DiffusionTool\BerryAIGen.Toolkit\BerryAIGen.Toolkit_b3ao1qf4_wpftmp.csproj]
F:\Berry-Work\dev\DiffusionTool\BerryAIGen.Toolkit\Services\ContextMenuService.cs(93,44): warning CS8602: Dereference of a possibly null reference. [F:\Berry-Work\dev\DiffusionTool\BerryAIGen.Toolkit\BerryAIGen.Toolkit_b3ao1qf4_wpftmp.csproj]
F:\Berry-Work\dev\DiffusionTool\BerryAIGen.Toolkit\Pages\Prompts.xaml.cs(200,25): warning CS8602: Dereference of a possibly null reference. [F:\Berry-Work\dev\DiffusionTool\BerryAIGen.Toolkit\BerryAIGen.Toolkit_b3ao1qf4_wpftmp.csproj]
F:\Berry-Work\dev\DiffusionTool\BerryAIGen.Toolkit\Services\DatabaseWriterService.cs(77,13): warning CS8602: Dereference of a possibly null reference. [F:\Berry-Work\dev\DiffusionTool\BerryAIGen.Toolkit\BerryAIGen.Toolkit_b3ao1qf4_wpftmp.csproj]
F:\Berry-Work\dev\DiffusionTool\BerryAIGen.Toolkit\Services\DatabaseWriterService.cs(78,13): warning CS8602: Dereference of a possibly null reference. [F:\Berry-Work\dev\DiffusionTool\BerryAIGen.Toolkit\BerryAIGen.Toolkit_b3ao1qf4_wpftmp.csproj]
F:\Berry-Work\dev\DiffusionTool\BerryAIGen.Toolkit\Services\DatabaseWriterService.cs(86,21): warning CS8602: Dereference of a possibly null reference. [F:\Berry-Work\dev\DiffusionTool\BerryAIGen.Toolkit\BerryAIGen.Toolkit_b3ao1qf4_wpftmp.csproj]
F:\Berry-Work\dev\DiffusionTool\BerryAIGen.Toolkit\Services\DatabaseWriterService.cs(88,21): warning CS8602: Dereference of a possibly null reference. [F:\Berry-Work\dev\DiffusionTool\BerryAIGen.Toolkit\BerryAIGen.Toolkit_b3ao1qf4_wpftmp.csproj]
F:\Berry-Work\dev\DiffusionTool\BerryAIGen.Toolkit\Services\DatabaseWriterService.cs(72,12): warning CS8618: Non-nullable field 'currentTask' must contain a non-null value when exiting constructor. Consider adding the 'required' modifier or declaring the field as nullable. [F:\Berry-Work\dev\DiffusionTool\BerryAIGen.Toolkit\BerryAIGen.Toolkit_b3ao1qf4_wpftmp.csproj]
F:\Berry-Work\dev\DiffusionTool\BerryAIGen.Toolkit\Services\ContextMenuService.cs(101,9): warning CS8602: Dereference of a possibly null reference. [F:\Berry-Work\dev\DiffusionTool\BerryAIGen.Toolkit\BerryAIGen.Toolkit_b3ao1qf4_wpftmp.csproj]
F:\Berry-Work\dev\DiffusionTool\BerryAIGen.Toolkit\Services\ContextMenuService.cs(109,9): warning CS8602: Dereference of a possibly null reference. [F:\Berry-Work\dev\DiffusionTool\BerryAIGen.Toolkit\BerryAIGen.Toolkit_b3ao1qf4_wpftmp.csproj]
F:\Berry-Work\dev\DiffusionTool\BerryAIGen.Toolkit\MainWindow.xaml.cs(58,41): warning CS8603: Possible null reference return. [F:\Berry-Work\dev\DiffusionTool\BerryAIGen.Toolkit\BerryAIGen.Toolkit_b3ao1qf4_wpftmp.csproj]
F:\Berry-Work\dev\DiffusionTool\BerryAIGen.Toolkit\Services\TagService.cs(43,23): warning CS8602: Dereference of a possibly null reference. [F:\Berry-Work\dev\DiffusionTool\BerryAIGen.Toolkit\BerryAIGen.Toolkit_b3ao1qf4_wpftmp.csproj]
F:\Berry-Work\dev\DiffusionTool\BerryAIGen.Toolkit\Services\TagService.cs(57,21): warning CS8602: Dereference of a possibly null reference. [F:\Berry-Work\dev\DiffusionTool\BerryAIGen.Toolkit\BerryAIGen.Toolkit_b3ao1qf4_wpftmp.csproj]
F:\Berry-Work\dev\DiffusionTool\BerryAIGen.Toolkit\Services\TagService.cs(57,21): warning CS8602: Dereference of a possibly null reference. [F:\Berry-Work\dev\DiffusionTool\BerryAIGen.Toolkit\BerryAIGen.Toolkit_b3ao1qf4_wpftmp.csproj]
F:\Berry-Work\dev\DiffusionTool\BerryAIGen.Toolkit\Services\TagService.cs(12,19): warning CS8618: Non-nullable field 'LoadTags' must contain a non-null value when exiting constructor. Consider adding the 'required' modifier or declaring the field as nullable. [F:\Berry-Work\dev\DiffusionTool\BerryAIGen.Toolkit\BerryAIGen.Toolkit_b3ao1qf4_wpftmp.csproj]
F:\Berry-Work\dev\DiffusionTool\BerryAIGen.Toolkit\Thumbnails\ThumbnailCache.cs(172,22): warning CS8625: Cannot convert null literal to non-nullable reference type. [F:\Berry-Work\dev\DiffusionTool\BerryAIGen.Toolkit\BerryAIGen.Toolkit_b3ao1qf4_wpftmp.csproj]
F:\Berry-Work\dev\DiffusionTool\BerryAIGen.Toolkit\Thumbnails\ThumbnailCache.cs(69,28): warning CS8601: Possible null reference assignment. [F:\Berry-Work\dev\DiffusionTool\BerryAIGen.Toolkit\BerryAIGen.Toolkit_b3ao1qf4_wpftmp.csproj]
F:\Berry-Work\dev\DiffusionTool\BerryAIGen.Toolkit\Thumbnails\ThumbnailCache.cs(25,38): warning CS8618: Non-nullable field '_instance' must contain a non-null value when exiting constructor. Consider adding the 'required' modifier or declaring the field as nullable. [F:\Berry-Work\dev\DiffusionTool\BerryAIGen.Toolkit\BerryAIGen.Toolkit_b3ao1qf4_wpftmp.csproj]
F:\Berry-Work\dev\DiffusionTool\BerryAIGen.Toolkit\Services\DatabaseWriterService.cs(233,12): warning CS8618: Non-nullable field '_updateChannel' must contain a non-null value when exiting constructor. Consider adding the 'required' modifier or declaring the field as nullable. [F:\Berry-Work\dev\DiffusionTool\BerryAIGen.Toolkit\BerryAIGen.Toolkit_b3ao1qf4_wpftmp.csproj]
F:\Berry-Work\dev\DiffusionTool\BerryAIGen.Toolkit\Services\DatabaseWriterService.cs(233,12): warning CS8618: Non-nullable field '_addChannel' must contain a non-null value when exiting constructor. Consider adding the 'required' modifier or declaring the field as nullable. [F:\Berry-Work\dev\DiffusionTool\BerryAIGen.Toolkit\BerryAIGen.Toolkit_b3ao1qf4_wpftmp.csproj]
F:\Berry-Work\dev\DiffusionTool\BerryAIGen.Toolkit\Services\DatabaseWriterService.cs(233,12): warning CS8618: Non-nullable field '_cancellationTokenSource' must contain a non-null value when exiting constructor. Consider adding the 'required' modifier or declaring the field as nullable. [F:\Berry-Work\dev\DiffusionTool\BerryAIGen.Toolkit\BerryAIGen.Toolkit_b3ao1qf4_wpftmp.csproj]
F:\Berry-Work\dev\DiffusionTool\BerryAIGen.Toolkit\Services\DatabaseWriterService.cs(233,12): warning CS8618: Non-nullable field '_queueTask' must contain a non-null value when exiting constructor. Consider adding the 'required' modifier or declaring the field as nullable. [F:\Berry-Work\dev\DiffusionTool\BerryAIGen.Toolkit\BerryAIGen.Toolkit_b3ao1qf4_wpftmp.csproj]
F:\Berry-Work\dev\DiffusionTool\BerryAIGen.Toolkit\Services\DatabaseWriterService.cs(233,12): warning CS8618: Non-nullable field '_currentTask' must contain a non-null value when exiting constructor. Consider adding the 'required' modifier or declaring the field as nullable. [F:\Berry-Work\dev\DiffusionTool\BerryAIGen.Toolkit\BerryAIGen.Toolkit_b3ao1qf4_wpftmp.csproj]
F:\Berry-Work\dev\DiffusionTool\BerryAIGen.Toolkit\Controls\PreviewPane.xaml.cs(545,17): warning CS8602: Dereference of a possibly null reference. [F:\Berry-Work\dev\DiffusionTool\BerryAIGen.Toolkit\BerryAIGen.Toolkit_b3ao1qf4_wpftmp.csproj]
F:\Berry-Work\dev\DiffusionTool\BerryAIGen.Toolkit\Thumbnails\ThumbnailCache.cs(134,35): warning CS8618: Non-nullable field '_instance' must contain a non-null value when exiting constructor. Consider adding the 'required' modifier or declaring the field as nullable. [F:\Berry-Work\dev\DiffusionTool\BerryAIGen.Toolkit\BerryAIGen.Toolkit_b3ao1qf4_wpftmp.csproj]
F:\Berry-Work\dev\DiffusionTool\BerryAIGen.Toolkit\Services\ExternalApplicationsService.cs(17,9): warning CS8602: Dereference of a possibly null reference. [F:\Berry-Work\dev\DiffusionTool\BerryAIGen.Toolkit\BerryAIGen.Toolkit_b3ao1qf4_wpftmp.csproj]
F:\Berry-Work\dev\DiffusionTool\BerryAIGen.Toolkit\Thumbnails\ThumbnailService.cs(98,45): warning CS8602: Dereference of a possibly null reference. [F:\Berry-Work\dev\DiffusionTool\BerryAIGen.Toolkit\BerryAIGen.Toolkit_b3ao1qf4_wpftmp.csproj]
F:\Berry-Work\dev\DiffusionTool\BerryAIGen.Toolkit\Services\FileScanJob.cs(6,19): warning CS8618: Non-nullable property 'Path' must contain a non-null value when exiting constructor. Consider adding the 'required' modifier or declaring the property as nullable. [F:\Berry-Work\dev\DiffusionTool\BerryAIGen.Toolkit\BerryAIGen.Toolkit_b3ao1qf4_wpftmp.csproj]
F:\Berry-Work\dev\DiffusionTool\BerryAIGen.Toolkit\Thumbnails\ThumbnailService.cs(135,45): warning CS8602: Dereference of a possibly null reference. [F:\Berry-Work\dev\DiffusionTool\BerryAIGen.Toolkit\BerryAIGen.Toolkit_b3ao1qf4_wpftmp.csproj]
F:\Berry-Work\dev\DiffusionTool\BerryAIGen.Toolkit\Services\TaggingService.cs(28,9): warning CS8602: Dereference of a possibly null reference. [F:\Berry-Work\dev\DiffusionTool\BerryAIGen.Toolkit\BerryAIGen.Toolkit_b3ao1qf4_wpftmp.csproj]
F:\Berry-Work\dev\DiffusionTool\BerryAIGen.Toolkit\Services\TaggingService.cs(29,104): warning CS8601: Possible null reference assignment. [F:\Berry-Work\dev\DiffusionTool\BerryAIGen.Toolkit\BerryAIGen.Toolkit_b3ao1qf4_wpftmp.csproj]
F:\Berry-Work\dev\DiffusionTool\BerryAIGen.Toolkit\Thumbnails\ThumbnailJob.cs(11,19): warning CS8618: Non-nullable property 'Path' must contain a non-null value when exiting constructor. Consider adding the 'required' modifier or declaring the property as nullable. [F:\Berry-Work\dev\DiffusionTool\BerryAIGen.Toolkit\BerryAIGen.Toolkit_b3ao1qf4_wpftmp.csproj]
F:\Berry-Work\dev\DiffusionTool\BerryAIGen.Toolkit\Services\TaggingService.cs(34,9): warning CS8602: Dereference of a possibly null reference. [F:\Berry-Work\dev\DiffusionTool\BerryAIGen.Toolkit\BerryAIGen.Toolkit_b3ao1qf4_wpftmp.csproj]
F:\Berry-Work\dev\DiffusionTool\BerryAIGen.Toolkit\Controls\ThumbnailView.xaml.cs(676,25): warning CS8602: Dereference of a possibly null reference. [F:\Berry-Work\dev\DiffusionTool\BerryAIGen.Toolkit\BerryAIGen.Toolkit_b3ao1qf4_wpftmp.csproj]
F:\Berry-Work\dev\DiffusionTool\BerryAIGen.Toolkit\Controls\ThumbnailView.xaml.cs(684,40): warning CS8602: Dereference of a possibly null reference. [F:\Berry-Work\dev\DiffusionTool\BerryAIGen.Toolkit\BerryAIGen.Toolkit_b3ao1qf4_wpftmp.csproj]
F:\Berry-Work\dev\DiffusionTool\BerryAIGen.Toolkit\Controls\ThumbnailView.xaml.cs(704,33): warning CS8602: Dereference of a possibly null reference. [F:\Berry-Work\dev\DiffusionTool\BerryAIGen.Toolkit\BerryAIGen.Toolkit_b3ao1qf4_wpftmp.csproj]
F:\Berry-Work\dev\DiffusionTool\BerryAIGen.Toolkit\Services\FileService.cs(21,19): warning CS8618: Non-nullable property 'Name' must contain a non-null value when exiting constructor. Consider adding the 'required' modifier or declaring the property as nullable. [F:\Berry-Work\dev\DiffusionTool\BerryAIGen.Toolkit\BerryAIGen.Toolkit_b3ao1qf4_wpftmp.csproj]
F:\Berry-Work\dev\DiffusionTool\BerryAIGen.Toolkit\Services\FileService.cs(22,19): warning CS8618: Non-nullable property 'Path' must contain a non-null value when exiting constructor. Consider adding the 'required' modifier or declaring the property as nullable. [F:\Berry-Work\dev\DiffusionTool\BerryAIGen.Toolkit\BerryAIGen.Toolkit_b3ao1qf4_wpftmp.csproj]
F:\Berry-Work\dev\DiffusionTool\BerryAIGen.Toolkit\Services\FileService.cs(23,19): warning CS8618: Non-nullable property 'FileName' must contain a non-null value when exiting constructor. Consider adding the 'required' modifier or declaring the property as nullable. [F:\Berry-Work\dev\DiffusionTool\BerryAIGen.Toolkit\BerryAIGen.Toolkit_b3ao1qf4_wpftmp.csproj]
F:\Berry-Work\dev\DiffusionTool\BerryAIGen.Toolkit\Services\TaggingService.cs(39,9): warning CS8602: Dereference of a possibly null reference. [F:\Berry-Work\dev\DiffusionTool\BerryAIGen.Toolkit\BerryAIGen.Toolkit_b3ao1qf4_wpftmp.csproj]
F:\Berry-Work\dev\DiffusionTool\BerryAIGen.Toolkit\Services\FileService.cs(45,13): warning CS8602: Dereference of a possibly null reference. [F:\Berry-Work\dev\DiffusionTool\BerryAIGen.Toolkit\BerryAIGen.Toolkit_b3ao1qf4_wpftmp.csproj]
F:\Berry-Work\dev\DiffusionTool\BerryAIGen.Toolkit\Services\FolderChange.cs(7,19): warning CS8618: Non-nullable property 'Path' must contain a non-null value when exiting constructor. Consider adding the 'required' modifier or declaring the property as nullable. [F:\Berry-Work\dev\DiffusionTool\BerryAIGen.Toolkit\BerryAIGen.Toolkit_b3ao1qf4_wpftmp.csproj]
F:\Berry-Work\dev\DiffusionTool\BerryAIGen.Toolkit\Services\FolderChange.cs(8,19): warning CS8618: Non-nullable property 'NewPath' must contain a non-null value when exiting constructor. Consider adding the 'required' modifier or declaring the property as nullable. [F:\Berry-Work\dev\DiffusionTool\BerryAIGen.Toolkit\BerryAIGen.Toolkit_b3ao1qf4_wpftmp.csproj]
F:\Berry-Work\dev\DiffusionTool\BerryAIGen.Toolkit\Services\FileService.cs(53,82): warning CS8625: Cannot convert null literal to non-nullable reference type. [F:\Berry-Work\dev\DiffusionTool\BerryAIGen.Toolkit\BerryAIGen.Toolkit_b3ao1qf4_wpftmp.csproj]
F:\Berry-Work\dev\DiffusionTool\BerryAIGen.Toolkit\Services\TaggingService.cs(45,9): warning CS8602: Dereference of a possibly null reference. [F:\Berry-Work\dev\DiffusionTool\BerryAIGen.Toolkit\BerryAIGen.Toolkit_b3ao1qf4_wpftmp.csproj]
F:\Berry-Work\dev\DiffusionTool\BerryAIGen.Toolkit\Services\TaggingService.cs(24,50): warning CS8618: Non-nullable event 'TagUpdated' must contain a non-null value when exiting constructor. Consider adding the 'required' modifier or declaring the event as nullable. [F:\Berry-Work\dev\DiffusionTool\BerryAIGen.Toolkit\BerryAIGen.Toolkit_b3ao1qf4_wpftmp.csproj]
F:\Berry-Work\dev\DiffusionTool\BerryAIGen.Toolkit\Services\FileService.cs(58,13): warning CS8602: Dereference of a possibly null reference. [F:\Berry-Work\dev\DiffusionTool\BerryAIGen.Toolkit\BerryAIGen.Toolkit_b3ao1qf4_wpftmp.csproj]
F:\Berry-Work\dev\DiffusionTool\BerryAIGen.Toolkit\Services\FolderService.cs(49,86): warning CS8625: Cannot convert null literal to non-nullable reference type. [F:\Berry-Work\dev\DiffusionTool\BerryAIGen.Toolkit\BerryAIGen.Toolkit_b3ao1qf4_wpftmp.csproj]
F:\Berry-Work\dev\DiffusionTool\BerryAIGen.Toolkit\Services\TaggingService.cs(19,19): warning CS8618: Non-nullable property 'Value' must contain a non-null value when exiting constructor. Consider adding the 'required' modifier or declaring the property as nullable. [F:\Berry-Work\dev\DiffusionTool\BerryAIGen.Toolkit\BerryAIGen.Toolkit_b3ao1qf4_wpftmp.csproj]
F:\Berry-Work\dev\DiffusionTool\BerryAIGen.Toolkit\Services\ExternalApplicationsService.cs(19,44): warning CS8602: Dereference of a possibly null reference. [F:\Berry-Work\dev\DiffusionTool\BerryAIGen.Toolkit\BerryAIGen.Toolkit_b3ao1qf4_wpftmp.csproj]
F:\Berry-Work\dev\DiffusionTool\BerryAIGen.Toolkit\Services\ExternalApplicationsService.cs(23,49): warning CS8602: Dereference of a possibly null reference. [F:\Berry-Work\dev\DiffusionTool\BerryAIGen.Toolkit\BerryAIGen.Toolkit_b3ao1qf4_wpftmp.csproj]
F:\Berry-Work\dev\DiffusionTool\BerryAIGen.Toolkit\Services\ContextMenuService.cs(117,9): warning CS8602: Dereference of a possibly null reference. [F:\Berry-Work\dev\DiffusionTool\BerryAIGen.Toolkit\BerryAIGen.Toolkit_b3ao1qf4_wpftmp.csproj]
F:\Berry-Work\dev\DiffusionTool\BerryAIGen.Toolkit\Services\ContextMenuService.cs(125,9): warning CS8602: Dereference of a possibly null reference. [F:\Berry-Work\dev\DiffusionTool\BerryAIGen.Toolkit\BerryAIGen.Toolkit_b3ao1qf4_wpftmp.csproj]
F:\Berry-Work\dev\DiffusionTool\BerryAIGen.Toolkit\Services\ContextMenuService.cs(122,13): warning CS0472: The result of the expression is always 'false' since a value of type 'long' is never equal to 'null' of type 'long?' [F:\Berry-Work\dev\DiffusionTool\BerryAIGen.Toolkit\BerryAIGen.Toolkit_b3ao1qf4_wpftmp.csproj]
F:\Berry-Work\dev\DiffusionTool\BerryAIGen.Toolkit\Services\ExternalApplicationsService.cs(38,39): warning CS8602: Dereference of a possibly null reference. [F:\Berry-Work\dev\DiffusionTool\BerryAIGen.Toolkit\BerryAIGen.Toolkit_b3ao1qf4_wpftmp.csproj]
F:\Berry-Work\dev\DiffusionTool\BerryAIGen.Toolkit\Services\ExternalApplicationsService.cs(38,39): warning CS8604: Possible null reference argument for parameter 'source' in 'IEnumerable<string> Enumerable.Select<ImageEntry, string>(IEnumerable<ImageEntry> source, Func<ImageEntry, string> selector)'. [F:\Berry-Work\dev\DiffusionTool\BerryAIGen.Toolkit\BerryAIGen.Toolkit_b3ao1qf4_wpftmp.csproj]
F:\Berry-Work\dev\DiffusionTool\BerryAIGen.Toolkit\Services\ExternalApplicationsService.cs(72,19): warning CS8602: Dereference of a possibly null reference. [F:\Berry-Work\dev\DiffusionTool\BerryAIGen.Toolkit\BerryAIGen.Toolkit_b3ao1qf4_wpftmp.csproj]
F:\Berry-Work\dev\DiffusionTool\BerryAIGen.Toolkit\Services\ContextMenuService.cs(133,9): warning CS8602: Dereference of a possibly null reference. [F:\Berry-Work\dev\DiffusionTool\BerryAIGen.Toolkit\BerryAIGen.Toolkit_b3ao1qf4_wpftmp.csproj]
F:\Berry-Work\dev\DiffusionTool\BerryAIGen.Toolkit\Services\FileService.cs(91,17): warning CS8602: Dereference of a possibly null reference. [F:\Berry-Work\dev\DiffusionTool\BerryAIGen.Toolkit\BerryAIGen.Toolkit_b3ao1qf4_wpftmp.csproj]
F:\Berry-Work\dev\DiffusionTool\BerryAIGen.Toolkit\Services\FileService.cs(112,36): warning CS8602: Dereference of a possibly null reference. [F:\Berry-Work\dev\DiffusionTool\BerryAIGen.Toolkit\BerryAIGen.Toolkit_b3ao1qf4_wpftmp.csproj]
F:\Berry-Work\dev\DiffusionTool\BerryAIGen.Toolkit\Services\FileService.cs(133,19): warning CS8602: Dereference of a possibly null reference. [F:\Berry-Work\dev\DiffusionTool\BerryAIGen.Toolkit\BerryAIGen.Toolkit_b3ao1qf4_wpftmp.csproj]
F:\Berry-Work\dev\DiffusionTool\BerryAIGen.Toolkit\Services\FileService.cs(136,9): warning CS8602: Dereference of a possibly null reference. [F:\Berry-Work\dev\DiffusionTool\BerryAIGen.Toolkit\BerryAIGen.Toolkit_b3ao1qf4_wpftmp.csproj]
F:\Berry-Work\dev\DiffusionTool\BerryAIGen.Toolkit\Services\ContextMenuService.cs(144,9): warning CS8602: Dereference of a possibly null reference. [F:\Berry-Work\dev\DiffusionTool\BerryAIGen.Toolkit\BerryAIGen.Toolkit_b3ao1qf4_wpftmp.csproj]
F:\Berry-Work\dev\DiffusionTool\BerryAIGen.Toolkit\Services\ContextMenuService.cs(155,9): warning CS8602: Dereference of a possibly null reference. [F:\Berry-Work\dev\DiffusionTool\BerryAIGen.Toolkit\BerryAIGen.Toolkit_b3ao1qf4_wpftmp.csproj]
F:\Berry-Work\dev\DiffusionTool\BerryAIGen.Toolkit\Models\ImageViewModel.cs(217,29): warning CS8601: Possible null reference assignment. [F:\Berry-Work\dev\DiffusionTool\BerryAIGen.Toolkit\BerryAIGen.Toolkit_b3ao1qf4_wpftmp.csproj]
F:\Berry-Work\dev\DiffusionTool\BerryAIGen.Toolkit\Services\DatabaseWriterService.cs(401,63): warning CS8602: Dereference of a possibly null reference. [F:\Berry-Work\dev\DiffusionTool\BerryAIGen.Toolkit\BerryAIGen.Toolkit_b3ao1qf4_wpftmp.csproj]
F:\Berry-Work\dev\DiffusionTool\BerryAIGen.Toolkit\Services\DatabaseWriterService.cs(147,27): warning CS8602: Dereference of a possibly null reference. [F:\Berry-Work\dev\DiffusionTool\BerryAIGen.Toolkit\BerryAIGen.Toolkit_b3ao1qf4_wpftmp.csproj]
F:\Berry-Work\dev\DiffusionTool\BerryAIGen.Toolkit\Services\FileService.cs(150,39): warning CS8602: Dereference of a possibly null reference. [F:\Berry-Work\dev\DiffusionTool\BerryAIGen.Toolkit\BerryAIGen.Toolkit_b3ao1qf4_wpftmp.csproj]
F:\Berry-Work\dev\DiffusionTool\BerryAIGen.Toolkit\Services\FileService.cs(157,23): warning CS8602: Dereference of a possibly null reference. [F:\Berry-Work\dev\DiffusionTool\BerryAIGen.Toolkit\BerryAIGen.Toolkit_b3ao1qf4_wpftmp.csproj]
F:\Berry-Work\dev\DiffusionTool\BerryAIGen.Toolkit\Services\FileService.cs(162,44): warning CS8604: Possible null reference argument for parameter 'path1' in 'string Path.Combine(string path1, string path2)'. [F:\Berry-Work\dev\DiffusionTool\BerryAIGen.Toolkit\BerryAIGen.Toolkit_b3ao1qf4_wpftmp.csproj]
F:\Berry-Work\dev\DiffusionTool\BerryAIGen.Toolkit\Services\FileService.cs(169,21): warning CS8602: Dereference of a possibly null reference. [F:\Berry-Work\dev\DiffusionTool\BerryAIGen.Toolkit\BerryAIGen.Toolkit_b3ao1qf4_wpftmp.csproj]
F:\Berry-Work\dev\DiffusionTool\BerryAIGen.Toolkit\Services\FileService.cs(171,21): warning CS8602: Dereference of a possibly null reference. [F:\Berry-Work\dev\DiffusionTool\BerryAIGen.Toolkit\BerryAIGen.Toolkit_b3ao1qf4_wpftmp.csproj]
F:\Berry-Work\dev\DiffusionTool\BerryAIGen.Toolkit\Services\DatabaseWriterService.cs(181,30): warning CS8602: Dereference of a possibly null reference. [F:\Berry-Work\dev\DiffusionTool\BerryAIGen.Toolkit\BerryAIGen.Toolkit_b3ao1qf4_wpftmp.csproj]
F:\Berry-Work\dev\DiffusionTool\BerryAIGen.Toolkit\Services\DatabaseWriterService.cs(188,13): warning CS8602: Dereference of a possibly null reference. [F:\Berry-Work\dev\DiffusionTool\BerryAIGen.Toolkit\BerryAIGen.Toolkit_b3ao1qf4_wpftmp.csproj]
F:\Berry-Work\dev\DiffusionTool\BerryAIGen.Toolkit\Services\DatabaseWriterService.cs(424,27): warning CS8602: Dereference of a possibly null reference. [F:\Berry-Work\dev\DiffusionTool\BerryAIGen.Toolkit\BerryAIGen.Toolkit_b3ao1qf4_wpftmp.csproj]
F:\Berry-Work\dev\DiffusionTool\BerryAIGen.Toolkit\Services\DatabaseWriterService.cs(474,38): warning CS0168: The variable 'e' is declared but never used [F:\Berry-Work\dev\DiffusionTool\BerryAIGen.Toolkit\BerryAIGen.Toolkit_b3ao1qf4_wpftmp.csproj]
F:\Berry-Work\dev\DiffusionTool\BerryAIGen.Toolkit\Services\FileService.cs(203,21): warning CS8602: Dereference of a possibly null reference. [F:\Berry-Work\dev\DiffusionTool\BerryAIGen.Toolkit\BerryAIGen.Toolkit_b3ao1qf4_wpftmp.csproj]
F:\Berry-Work\dev\DiffusionTool\BerryAIGen.Toolkit\Services\FileService.cs(211,19): warning CS8602: Dereference of a possibly null reference. [F:\Berry-Work\dev\DiffusionTool\BerryAIGen.Toolkit\BerryAIGen.Toolkit_b3ao1qf4_wpftmp.csproj]
F:\Berry-Work\dev\DiffusionTool\BerryAIGen.Toolkit\Services\FileService.cs(215,23): warning CS8602: Dereference of a possibly null reference. [F:\Berry-Work\dev\DiffusionTool\BerryAIGen.Toolkit\BerryAIGen.Toolkit_b3ao1qf4_wpftmp.csproj]
F:\Berry-Work\dev\DiffusionTool\BerryAIGen.Toolkit\Services\FileService.cs(219,28): warning CS8602: Dereference of a possibly null reference. [F:\Berry-Work\dev\DiffusionTool\BerryAIGen.Toolkit\BerryAIGen.Toolkit_b3ao1qf4_wpftmp.csproj]
F:\Berry-Work\dev\DiffusionTool\BerryAIGen.Toolkit\Services\FileService.cs(238,25): warning CS8602: Dereference of a possibly null reference. [F:\Berry-Work\dev\DiffusionTool\BerryAIGen.Toolkit\BerryAIGen.Toolkit_b3ao1qf4_wpftmp.csproj]
F:\Berry-Work\dev\DiffusionTool\BerryAIGen.Toolkit\Services\FileService.cs(204,13): warning CS0219: The variable 'count' is assigned but its value is never used [F:\Berry-Work\dev\DiffusionTool\BerryAIGen.Toolkit\BerryAIGen.Toolkit_b3ao1qf4_wpftmp.csproj]
F:\Berry-Work\dev\DiffusionTool\BerryAIGen.Toolkit\MainWindow.xaml.cs(108,49): warning CS8622: Nullability of reference types in type of parameter 'sender' of 'void MainWindow.OnNavigate(object sender, NavigateEventArgs args)' doesn't match the target delegate 'EventHandler<NavigateEventArgs>' (possibly because of nullability attributes). [F:\Berry-Work\dev\DiffusionTool\BerryAIGen.Toolkit\BerryAIGen.Toolkit_b3ao1qf4_wpftmp.csproj]
F:\Berry-Work\dev\DiffusionTool\BerryAIGen.Toolkit\MainWindow.xaml.cs(125,58): warning CS8622: Nullability of reference types in type of parameter 'o' of 'Task MainWindow.RescanTask(object o)' doesn't match the target delegate 'Func<object?, Task>' (possibly because of nullability attributes). [F:\Berry-Work\dev\DiffusionTool\BerryAIGen.Toolkit\BerryAIGen.Toolkit_b3ao1qf4_wpftmp.csproj]
F:\Berry-Work\dev\DiffusionTool\BerryAIGen.Toolkit\MainWindow.xaml.cs(126,59): warning CS8622: Nullability of reference types in type of parameter 'o' of 'Task MainWindow.RebuildTask(object o)' doesn't match the target delegate 'Func<object?, Task>' (possibly because of nullability attributes). [F:\Berry-Work\dev\DiffusionTool\BerryAIGen.Toolkit\BerryAIGen.Toolkit_b3ao1qf4_wpftmp.csproj]
F:\Berry-Work\dev\DiffusionTool\BerryAIGen.Toolkit\MainWindow.xaml.cs(131,27): warning CS8602: Dereference of a possibly null reference. [F:\Berry-Work\dev\DiffusionTool\BerryAIGen.Toolkit\BerryAIGen.Toolkit_b3ao1qf4_wpftmp.csproj]
F:\Berry-Work\dev\DiffusionTool\BerryAIGen.Toolkit\MainWindow.xaml.cs(199,38): warning CS8600: Converting null literal or possible null value to non-nullable type. [F:\Berry-Work\dev\DiffusionTool\BerryAIGen.Toolkit\BerryAIGen.Toolkit_b3ao1qf4_wpftmp.csproj]
F:\Berry-Work\dev\DiffusionTool\BerryAIGen.Toolkit\MainWindow.xaml.cs(73,16): warning CS8618: Non-nullable field '_model' must contain a non-null value when exiting constructor. Consider adding the 'required' modifier or declaring the field as nullable. [F:\Berry-Work\dev\DiffusionTool\BerryAIGen.Toolkit\BerryAIGen.Toolkit_b3ao1qf4_wpftmp.csproj]
F:\Berry-Work\dev\DiffusionTool\BerryAIGen.Toolkit\MainWindow.xaml.cs(73,16): warning CS8618: Non-nullable field '_navigatorService' must contain a non-null value when exiting constructor. Consider adding the 'required' modifier or declaring the field as nullable. [F:\Berry-Work\dev\DiffusionTool\BerryAIGen.Toolkit\BerryAIGen.Toolkit_b3ao1qf4_wpftmp.csproj]
F:\Berry-Work\dev\DiffusionTool\BerryAIGen.Toolkit\MainWindow.xaml.cs(73,16): warning CS8618: Non-nullable field '_settings' must contain a non-null value when exiting constructor. Consider adding the 'required' modifier or declaring the field as nullable. [F:\Berry-Work\dev\DiffusionTool\BerryAIGen.Toolkit\BerryAIGen.Toolkit_b3ao1qf4_wpftmp.csproj]
F:\Berry-Work\dev\DiffusionTool\BerryAIGen.Toolkit\MainWindow.xaml.cs(73,16): warning CS8618: Non-nullable field '_configuration' must contain a non-null value when exiting constructor. Consider adding the 'required' modifier or declaring the field as nullable. [F:\Berry-Work\dev\DiffusionTool\BerryAIGen.Toolkit\BerryAIGen.Toolkit_b3ao1qf4_wpftmp.csproj]
F:\Berry-Work\dev\DiffusionTool\BerryAIGen.Toolkit\MainWindow.xaml.cs(73,16): warning CS8618: Non-nullable field '_search' must contain a non-null value when exiting constructor. Consider adding the 'required' modifier or declaring the field as nullable. [F:\Berry-Work\dev\DiffusionTool\BerryAIGen.Toolkit\BerryAIGen.Toolkit_b3ao1qf4_wpftmp.csproj]
F:\Berry-Work\dev\DiffusionTool\BerryAIGen.Toolkit\MainWindow.xaml.cs(73,16): warning CS8618: Non-nullable field '_settingsPage' must contain a non-null value when exiting constructor. Consider adding the 'required' modifier or declaring the field as nullable. [F:\Berry-Work\dev\DiffusionTool\BerryAIGen.Toolkit\BerryAIGen.Toolkit_b3ao1qf4_wpftmp.csproj]
F:\Berry-Work\dev\DiffusionTool\BerryAIGen.Toolkit\MainWindow.xaml.cs(73,16): warning CS8618: Non-nullable field '_models' must contain a non-null value when exiting constructor. Consider adding the 'required' modifier or declaring the field as nullable. [F:\Berry-Work\dev\DiffusionTool\BerryAIGen.Toolkit\BerryAIGen.Toolkit_b3ao1qf4_wpftmp.csproj]
F:\Berry-Work\dev\DiffusionTool\BerryAIGen.Toolkit\MainWindow.xaml.cs(73,16): warning CS8618: Non-nullable field '_messagePopupManager' must contain a non-null value when exiting constructor. Consider adding the 'required' modifier or declaring the field as nullable. [F:\Berry-Work\dev\DiffusionTool\BerryAIGen.Toolkit\BerryAIGen.Toolkit_b3ao1qf4_wpftmp.csproj]
F:\Berry-Work\dev\DiffusionTool\BerryAIGen.Toolkit\MainWindow.xaml.cs(73,16): warning CS8618: Non-nullable field '_modelsCollection' must contain a non-null value when exiting constructor. Consider adding the 'required' modifier or declaring the field as nullable. [F:\Berry-Work\dev\DiffusionTool\BerryAIGen.Toolkit\BerryAIGen.Toolkit_b3ao1qf4_wpftmp.csproj]
F:\Berry-Work\dev\DiffusionTool\BerryAIGen.Toolkit\MainWindow.xaml.cs(73,16): warning CS8618: Non-nullable field '_prompts' must contain a non-null value when exiting constructor. Consider adding the 'required' modifier or declaring the field as nullable. [F:\Berry-Work\dev\DiffusionTool\BerryAIGen.Toolkit\BerryAIGen.Toolkit_b3ao1qf4_wpftmp.csproj]
F:\Berry-Work\dev\DiffusionTool\BerryAIGen.Toolkit\Models\SearchControlModelExtensions.cs(38,23): warning CS8601: Possible null reference assignment. [F:\Berry-Work\dev\DiffusionTool\BerryAIGen.Toolkit\BerryAIGen.Toolkit_b3ao1qf4_wpftmp.csproj]
F:\Berry-Work\dev\DiffusionTool\BerryAIGen.Toolkit\Models\SearchControlModelExtensions.cs(39,24): warning CS8601: Possible null reference assignment. [F:\Berry-Work\dev\DiffusionTool\BerryAIGen.Toolkit\BerryAIGen.Toolkit_b3ao1qf4_wpftmp.csproj]
F:\Berry-Work\dev\DiffusionTool\BerryAIGen.Toolkit\Models\SearchControlModelExtensions.cs(91,75): warning CS8604: Possible null reference argument for parameter 'source' in 'IEnumerable<NodeFilter> Enumerable.Select<NodeFilter, NodeFilter>(IEnumerable<NodeFilter> source, Func<NodeFilter, NodeFilter> selector)'. [F:\Berry-Work\dev\DiffusionTool\BerryAIGen.Toolkit\BerryAIGen.Toolkit_b3ao1qf4_wpftmp.csproj]
F:\Berry-Work\dev\DiffusionTool\BerryAIGen.Toolkit\Thumbnails\ThumbnailService.cs(269,59): warning CS8604: Possible null reference argument for parameter 'image' in 'ThumbailResult.ThumbailResult(BitmapSource image)'. [F:\Berry-Work\dev\DiffusionTool\BerryAIGen.Toolkit\BerryAIGen.Toolkit_b3ao1qf4_wpftmp.csproj]
F:\Berry-Work\dev\DiffusionTool\BerryAIGen.Toolkit\Pages\Search.xaml.cs(216,17): warning CS8602: Dereference of a possibly null reference. [F:\Berry-Work\dev\DiffusionTool\BerryAIGen.Toolkit\BerryAIGen.Toolkit_b3ao1qf4_wpftmp.csproj]
F:\Berry-Work\dev\DiffusionTool\BerryAIGen.Toolkit\Pages\Search.xaml.cs(288,13): warning CS8602: Dereference of a possibly null reference. [F:\Berry-Work\dev\DiffusionTool\BerryAIGen.Toolkit\BerryAIGen.Toolkit_b3ao1qf4_wpftmp.csproj]
F:\Berry-Work\dev\DiffusionTool\BerryAIGen.Toolkit\Pages\Search.xaml.cs(306,49): warning CS8602: Dereference of a possibly null reference. [F:\Berry-Work\dev\DiffusionTool\BerryAIGen.Toolkit\BerryAIGen.Toolkit_b3ao1qf4_wpftmp.csproj]
F:\Berry-Work\dev\DiffusionTool\BerryAIGen.Toolkit\Pages\Search.xaml.cs(334,17): warning CS8602: Dereference of a possibly null reference. [F:\Berry-Work\dev\DiffusionTool\BerryAIGen.Toolkit\BerryAIGen.Toolkit_b3ao1qf4_wpftmp.csproj]
F:\Berry-Work\dev\DiffusionTool\BerryAIGen.Toolkit\Pages\Search.xaml.cs(346,21): warning CS8602: Dereference of a possibly null reference. [F:\Berry-Work\dev\DiffusionTool\BerryAIGen.Toolkit\BerryAIGen.Toolkit_b3ao1qf4_wpftmp.csproj]
F:\Berry-Work\dev\DiffusionTool\BerryAIGen.Toolkit\Pages\Search.xaml.cs(347,22): warning CS8602: Dereference of a possibly null reference. [F:\Berry-Work\dev\DiffusionTool\BerryAIGen.Toolkit\BerryAIGen.Toolkit_b3ao1qf4_wpftmp.csproj]
F:\Berry-Work\dev\DiffusionTool\BerryAIGen.Toolkit\Pages\Search.xaml.cs(357,31): warning CS8625: Cannot convert null literal to non-nullable reference type. [F:\Berry-Work\dev\DiffusionTool\BerryAIGen.Toolkit\BerryAIGen.Toolkit_b3ao1qf4_wpftmp.csproj]
F:\Berry-Work\dev\DiffusionTool\BerryAIGen.Toolkit\Pages\Search.xaml.cs(585,34): warning CS8604: Possible null reference argument for parameter 'path' in 'Task Search.ExpandToPath(string path)'. [F:\Berry-Work\dev\DiffusionTool\BerryAIGen.Toolkit\BerryAIGen.Toolkit_b3ao1qf4_wpftmp.csproj]
F:\Berry-Work\dev\DiffusionTool\BerryAIGen.Toolkit\Pages\Search.xaml.cs(195,16): warning CS8618: Non-nullable field '_currentModeSettings' must contain a non-null value when exiting constructor. Consider adding the 'required' modifier or declaring the field as nullable. [F:\Berry-Work\dev\DiffusionTool\BerryAIGen.Toolkit\BerryAIGen.Toolkit_b3ao1qf4_wpftmp.csproj]
F:\Berry-Work\dev\DiffusionTool\BerryAIGen.Toolkit\Pages\Search.xaml.cs(195,16): warning CS8618: Non-nullable property 'OnCurrentImageChange' must contain a non-null value when exiting constructor. Consider adding the 'required' modifier or declaring the property as nullable. [F:\Berry-Work\dev\DiffusionTool\BerryAIGen.Toolkit\BerryAIGen.Toolkit_b3ao1qf4_wpftmp.csproj]
F:\Berry-Work\dev\DiffusionTool\BerryAIGen.Toolkit\Pages\Search.xaml.cs(195,16): warning CS8618: Non-nullable property 'OnCurrentImageOpen' must contain a non-null value when exiting constructor. Consider adding the 'required' modifier or declaring the property as nullable. [F:\Berry-Work\dev\DiffusionTool\BerryAIGen.Toolkit\BerryAIGen.Toolkit_b3ao1qf4_wpftmp.csproj]
F:\Berry-Work\dev\DiffusionTool\BerryAIGen.Toolkit\Pages\Search.xaml.cs(195,16): warning CS8618: Non-nullable property 'Sorting' must contain a non-null value when exiting constructor. Consider adding the 'required' modifier or declaring the property as nullable. [F:\Berry-Work\dev\DiffusionTool\BerryAIGen.Toolkit\BerryAIGen.Toolkit_b3ao1qf4_wpftmp.csproj]
F:\Berry-Work\dev\DiffusionTool\BerryAIGen.Toolkit\Pages\Search.xaml.cs(195,16): warning CS8618: Non-nullable event 'NavigationCompleted' must contain a non-null value when exiting constructor. Consider adding the 'required' modifier or declaring the event as nullable. [F:\Berry-Work\dev\DiffusionTool\BerryAIGen.Toolkit\BerryAIGen.Toolkit_b3ao1qf4_wpftmp.csproj]
F:\Berry-Work\dev\DiffusionTool\BerryAIGen.Toolkit\Services\DatabaseWriterService.cs(498,27): warning CS8602: Dereference of a possibly null reference. [F:\Berry-Work\dev\DiffusionTool\BerryAIGen.Toolkit\BerryAIGen.Toolkit_b3ao1qf4_wpftmp.csproj]
F:\Berry-Work\dev\DiffusionTool\BerryAIGen.Toolkit\Services\DatabaseWriterService.cs(558,38): warning CS0168: The variable 'e' is declared but never used [F:\Berry-Work\dev\DiffusionTool\BerryAIGen.Toolkit\BerryAIGen.Toolkit_b3ao1qf4_wpftmp.csproj]
F:\Berry-Work\dev\DiffusionTool\BerryAIGen.Toolkit\Controls\ThumbnailView.xaml.cs(864,30): warning CS8600: Converting null literal or possible null value to non-nullable type. [F:\Berry-Work\dev\DiffusionTool\BerryAIGen.Toolkit\BerryAIGen.Toolkit_b3ao1qf4_wpftmp.csproj]
F:\Berry-Work\dev\DiffusionTool\BerryAIGen.Toolkit\Controls\ThumbnailView.xaml.cs(866,38): warning CS8604: Possible null reference argument for parameter 'obj' in 'void Action<ImageEntry>.Invoke(ImageEntry obj)'. [F:\Berry-Work\dev\DiffusionTool\BerryAIGen.Toolkit\BerryAIGen.Toolkit_b3ao1qf4_wpftmp.csproj]
F:\Berry-Work\dev\DiffusionTool\BerryAIGen.Toolkit\Pages\Search.xaml.cs(619,17): warning CS8602: Dereference of a possibly null reference. [F:\Berry-Work\dev\DiffusionTool\BerryAIGen.Toolkit\BerryAIGen.Toolkit_b3ao1qf4_wpftmp.csproj]
F:\Berry-Work\dev\DiffusionTool\BerryAIGen.Toolkit\Services\MetadataScannerService.cs(41,13): warning CS4014: Because this call is not awaited, execution of the current method continues before the call is completed. Consider applying the 'await' operator to the result of the call. [F:\Berry-Work\dev\DiffusionTool\BerryAIGen.Toolkit\BerryAIGen.Toolkit_b3ao1qf4_wpftmp.csproj]
F:\Berry-Work\dev\DiffusionTool\BerryAIGen.Toolkit\Services\MetadataScannerService.cs(82,13): warning CS4014: Because this call is not awaited, execution of the current method continues before the call is completed. Consider applying the 'await' operator to the result of the call. [F:\Berry-Work\dev\DiffusionTool\BerryAIGen.Toolkit\BerryAIGen.Toolkit_b3ao1qf4_wpftmp.csproj]
F:\Berry-Work\dev\DiffusionTool\BerryAIGen.Toolkit\Services\MetadataScannerService.cs(59,17): warning CS8602: Dereference of a possibly null reference. [F:\Berry-Work\dev\DiffusionTool\BerryAIGen.Toolkit\BerryAIGen.Toolkit_b3ao1qf4_wpftmp.csproj]
F:\Berry-Work\dev\DiffusionTool\BerryAIGen.Toolkit\Services\MetadataScannerService.cs(67,25): warning CS8602: Dereference of a possibly null reference. [F:\Berry-Work\dev\DiffusionTool\BerryAIGen.Toolkit\BerryAIGen.Toolkit_b3ao1qf4_wpftmp.csproj]
F:\Berry-Work\dev\DiffusionTool\BerryAIGen.Toolkit\Services\MetadataScannerService.cs(69,25): warning CS8602: Dereference of a possibly null reference. [F:\Berry-Work\dev\DiffusionTool\BerryAIGen.Toolkit\BerryAIGen.Toolkit_b3ao1qf4_wpftmp.csproj]
F:\Berry-Work\dev\DiffusionTool\BerryAIGen.Toolkit\Pages\Search.xaml.cs(652,86): warning CS8625: Cannot convert null literal to non-nullable reference type. [F:\Berry-Work\dev\DiffusionTool\BerryAIGen.Toolkit\BerryAIGen.Toolkit_b3ao1qf4_wpftmp.csproj]
F:\Berry-Work\dev\DiffusionTool\BerryAIGen.Toolkit\Pages\Search.xaml.cs(657,13): warning CS8602: Dereference of a possibly null reference. [F:\Berry-Work\dev\DiffusionTool\BerryAIGen.Toolkit\BerryAIGen.Toolkit_b3ao1qf4_wpftmp.csproj]
F:\Berry-Work\dev\DiffusionTool\BerryAIGen.Toolkit\Pages\Search.xaml.cs(662,13): warning CS8602: Dereference of a possibly null reference. [F:\Berry-Work\dev\DiffusionTool\BerryAIGen.Toolkit\BerryAIGen.Toolkit_b3ao1qf4_wpftmp.csproj]
F:\Berry-Work\dev\DiffusionTool\BerryAIGen.Toolkit\Pages\Search.xaml.cs(667,13): warning CS8602: Dereference of a possibly null reference. [F:\Berry-Work\dev\DiffusionTool\BerryAIGen.Toolkit\BerryAIGen.Toolkit_b3ao1qf4_wpftmp.csproj]
F:\Berry-Work\dev\DiffusionTool\BerryAIGen.Toolkit\Services\FolderService.cs(79,61): warning CS8602: Dereference of a possibly null reference. [F:\Berry-Work\dev\DiffusionTool\BerryAIGen.Toolkit\BerryAIGen.Toolkit_b3ao1qf4_wpftmp.csproj]
F:\Berry-Work\dev\DiffusionTool\BerryAIGen.Toolkit\Pages\Search.xaml.cs(672,13): warning CS8602: Dereference of a possibly null reference. [F:\Berry-Work\dev\DiffusionTool\BerryAIGen.Toolkit\BerryAIGen.Toolkit_b3ao1qf4_wpftmp.csproj]
F:\Berry-Work\dev\DiffusionTool\BerryAIGen.Toolkit\MainWindow.xaml.cs(264,17): warning CS4014: Because this call is not awaited, execution of the current method continues before the call is completed. Consider applying the 'await' operator to the result of the call. [F:\Berry-Work\dev\DiffusionTool\BerryAIGen.Toolkit\BerryAIGen.Toolkit_b3ao1qf4_wpftmp.csproj]
F:\Berry-Work\dev\DiffusionTool\BerryAIGen.Toolkit\MainWindow.xaml.cs(257,40): warning CS8602: Dereference of a possibly null reference. [F:\Berry-Work\dev\DiffusionTool\BerryAIGen.Toolkit\BerryAIGen.Toolkit_b3ao1qf4_wpftmp.csproj]
F:\Berry-Work\dev\DiffusionTool\BerryAIGen.Toolkit\Pages\Search.xaml.cs(677,13): warning CS8602: Dereference of a possibly null reference. [F:\Berry-Work\dev\DiffusionTool\BerryAIGen.Toolkit\BerryAIGen.Toolkit_b3ao1qf4_wpftmp.csproj]
F:\Berry-Work\dev\DiffusionTool\BerryAIGen.Toolkit\Services\FolderService.cs(114,64): warning CS8602: Dereference of a possibly null reference. [F:\Berry-Work\dev\DiffusionTool\BerryAIGen.Toolkit\BerryAIGen.Toolkit_b3ao1qf4_wpftmp.csproj]
F:\Berry-Work\dev\DiffusionTool\BerryAIGen.Toolkit\Pages\Search.xaml.cs(682,13): warning CS8602: Dereference of a possibly null reference. [F:\Berry-Work\dev\DiffusionTool\BerryAIGen.Toolkit\BerryAIGen.Toolkit_b3ao1qf4_wpftmp.csproj]
F:\Berry-Work\dev\DiffusionTool\BerryAIGen.Toolkit\Services\MetadataScannerService.cs(122,9): warning CS4014: Because this call is not awaited, execution of the current method continues before the call is completed. Consider applying the 'await' operator to the result of the call. [F:\Berry-Work\dev\DiffusionTool\BerryAIGen.Toolkit\BerryAIGen.Toolkit_b3ao1qf4_wpftmp.csproj]
F:\Berry-Work\dev\DiffusionTool\BerryAIGen.Toolkit\Pages\Search.xaml.cs(701,50): warning CS8603: Possible null reference return. [F:\Berry-Work\dev\DiffusionTool\BerryAIGen.Toolkit\BerryAIGen.Toolkit_b3ao1qf4_wpftmp.csproj]
F:\Berry-Work\dev\DiffusionTool\BerryAIGen.Toolkit\Pages\Search.xaml.cs(707,40): warning CS8604: Possible null reference argument for parameter 'obj' in 'void Action<ImageViewModel>.Invoke(ImageViewModel obj)'. [F:\Berry-Work\dev\DiffusionTool\BerryAIGen.Toolkit\BerryAIGen.Toolkit_b3ao1qf4_wpftmp.csproj]
F:\Berry-Work\dev\DiffusionTool\BerryAIGen.Toolkit\Services\SearchService.cs(36,12): warning CS8618: Non-nullable event 'SortBy' must contain a non-null value when exiting constructor. Consider adding the 'required' modifier or declaring the event as nullable. [F:\Berry-Work\dev\DiffusionTool\BerryAIGen.Toolkit\BerryAIGen.Toolkit_b3ao1qf4_wpftmp.csproj]
F:\Berry-Work\dev\DiffusionTool\BerryAIGen.Toolkit\Services\SearchService.cs(36,12): warning CS8618: Non-nullable event 'SortOrder' must contain a non-null value when exiting constructor. Consider adding the 'required' modifier or declaring the event as nullable. [F:\Berry-Work\dev\DiffusionTool\BerryAIGen.Toolkit\BerryAIGen.Toolkit_b3ao1qf4_wpftmp.csproj]
F:\Berry-Work\dev\DiffusionTool\BerryAIGen.Toolkit\Services\SearchService.cs(36,12): warning CS8618: Non-nullable event 'SearchFilter' must contain a non-null value when exiting constructor. Consider adding the 'required' modifier or declaring the event as nullable. [F:\Berry-Work\dev\DiffusionTool\BerryAIGen.Toolkit\BerryAIGen.Toolkit_b3ao1qf4_wpftmp.csproj]
F:\Berry-Work\dev\DiffusionTool\BerryAIGen.Toolkit\Services\SearchService.cs(36,12): warning CS8618: Non-nullable event 'OpenFolder' must contain a non-null value when exiting constructor. Consider adding the 'required' modifier or declaring the event as nullable. [F:\Berry-Work\dev\DiffusionTool\BerryAIGen.Toolkit\BerryAIGen.Toolkit_b3ao1qf4_wpftmp.csproj]
F:\Berry-Work\dev\DiffusionTool\BerryAIGen.Toolkit\Services\SearchService.cs(36,12): warning CS8618: Non-nullable event 'OpenPath' must contain a non-null value when exiting constructor. Consider adding the 'required' modifier or declaring the event as nullable. [F:\Berry-Work\dev\DiffusionTool\BerryAIGen.Toolkit\BerryAIGen.Toolkit_b3ao1qf4_wpftmp.csproj]
F:\Berry-Work\dev\DiffusionTool\BerryAIGen.Toolkit\Services\SearchService.cs(36,12): warning CS8618: Non-nullable event 'Search' must contain a non-null value when exiting constructor. Consider adding the 'required' modifier or declaring the event as nullable. [F:\Berry-Work\dev\DiffusionTool\BerryAIGen.Toolkit\BerryAIGen.Toolkit_b3ao1qf4_wpftmp.csproj]
F:\Berry-Work\dev\DiffusionTool\BerryAIGen.Toolkit\Services\SearchService.cs(36,12): warning CS8618: Non-nullable event 'Refresh' must contain a non-null value when exiting constructor. Consider adding the 'required' modifier or declaring the event as nullable. [F:\Berry-Work\dev\DiffusionTool\BerryAIGen.Toolkit\BerryAIGen.Toolkit_b3ao1qf4_wpftmp.csproj]
F:\Berry-Work\dev\DiffusionTool\BerryAIGen.Toolkit\Services\SearchService.cs(36,12): warning CS8618: Non-nullable event 'View' must contain a non-null value when exiting constructor. Consider adding the 'required' modifier or declaring the event as nullable. [F:\Berry-Work\dev\DiffusionTool\BerryAIGen.Toolkit\BerryAIGen.Toolkit_b3ao1qf4_wpftmp.csproj]
F:\Berry-Work\dev\DiffusionTool\BerryAIGen.Toolkit\Services\ServiceLocator.cs(53,30): warning CS8618: Non-nullable property 'Dispatcher' must contain a non-null value when exiting constructor. Consider adding the 'required' modifier or declaring the property as nullable. [F:\Berry-Work\dev\DiffusionTool\BerryAIGen.Toolkit\BerryAIGen.Toolkit_b3ao1qf4_wpftmp.csproj]
F:\Berry-Work\dev\DiffusionTool\BerryAIGen.Toolkit\Services\FolderService.cs(175,62): warning CS8602: Dereference of a possibly null reference. [F:\Berry-Work\dev\DiffusionTool\BerryAIGen.Toolkit\BerryAIGen.Toolkit_b3ao1qf4_wpftmp.csproj]
F:\Berry-Work\dev\DiffusionTool\BerryAIGen.Toolkit\Services\FolderService.cs(182,58): warning CS8602: Dereference of a possibly null reference. [F:\Berry-Work\dev\DiffusionTool\BerryAIGen.Toolkit\BerryAIGen.Toolkit_b3ao1qf4_wpftmp.csproj]
F:\Berry-Work\dev\DiffusionTool\BerryAIGen.Toolkit\Services\FolderService.cs(187,56): warning CS8602: Dereference of a possibly null reference. [F:\Berry-Work\dev\DiffusionTool\BerryAIGen.Toolkit\BerryAIGen.Toolkit_b3ao1qf4_wpftmp.csproj]
F:\Berry-Work\dev\DiffusionTool\BerryAIGen.Toolkit\Services\FolderService.cs(196,70): warning CS8602: Dereference of a possibly null reference. [F:\Berry-Work\dev\DiffusionTool\BerryAIGen.Toolkit\BerryAIGen.Toolkit_b3ao1qf4_wpftmp.csproj]
F:\Berry-Work\dev\DiffusionTool\BerryAIGen.Toolkit\Services\FileService.cs(260,39): warning CS8602: Dereference of a possibly null reference. [F:\Berry-Work\dev\DiffusionTool\BerryAIGen.Toolkit\BerryAIGen.Toolkit_b3ao1qf4_wpftmp.csproj]
F:\Berry-Work\dev\DiffusionTool\BerryAIGen.Toolkit\Services\FileService.cs(326,29): warning CS8602: Dereference of a possibly null reference. [F:\Berry-Work\dev\DiffusionTool\BerryAIGen.Toolkit\BerryAIGen.Toolkit_b3ao1qf4_wpftmp.csproj]
F:\Berry-Work\dev\DiffusionTool\BerryAIGen.Toolkit\Services\FileService.cs(330,21): warning CS8602: Dereference of a possibly null reference. [F:\Berry-Work\dev\DiffusionTool\BerryAIGen.Toolkit\BerryAIGen.Toolkit_b3ao1qf4_wpftmp.csproj]
F:\Berry-Work\dev\DiffusionTool\BerryAIGen.Toolkit\Pages\Search.xaml.cs(759,17): warning CS8602: Dereference of a possibly null reference. [F:\Berry-Work\dev\DiffusionTool\BerryAIGen.Toolkit\BerryAIGen.Toolkit_b3ao1qf4_wpftmp.csproj]
F:\Berry-Work\dev\DiffusionTool\BerryAIGen.Toolkit\Services\FolderService.cs(204,72): warning CS8602: Dereference of a possibly null reference. [F:\Berry-Work\dev\DiffusionTool\BerryAIGen.Toolkit\BerryAIGen.Toolkit_b3ao1qf4_wpftmp.csproj]
F:\Berry-Work\dev\DiffusionTool\BerryAIGen.Toolkit\Services\FileService.cs(354,16): warning CS8602: Dereference of a possibly null reference. [F:\Berry-Work\dev\DiffusionTool\BerryAIGen.Toolkit\BerryAIGen.Toolkit_b3ao1qf4_wpftmp.csproj]
F:\Berry-Work\dev\DiffusionTool\BerryAIGen.Toolkit\Services\FolderService.cs(212,64): warning CS8602: Dereference of a possibly null reference. [F:\Berry-Work\dev\DiffusionTool\BerryAIGen.Toolkit\BerryAIGen.Toolkit_b3ao1qf4_wpftmp.csproj]
F:\Berry-Work\dev\DiffusionTool\BerryAIGen.Toolkit\Thumbnails\ThumbnailService.cs(433,30): warning CS8600: Converting null literal or possible null value to non-nullable type. [F:\Berry-Work\dev\DiffusionTool\BerryAIGen.Toolkit\BerryAIGen.Toolkit_b3ao1qf4_wpftmp.csproj]
F:\Berry-Work\dev\DiffusionTool\BerryAIGen.Toolkit\MainWindow.xaml.cs(370,52): warning CS8625: Cannot convert null literal to non-nullable reference type. [F:\Berry-Work\dev\DiffusionTool\BerryAIGen.Toolkit\BerryAIGen.Toolkit_b3ao1qf4_wpftmp.csproj]
F:\Berry-Work\dev\DiffusionTool\BerryAIGen.Toolkit\Services\ScanningService.cs(24,82): warning CS8625: Cannot convert null literal to non-nullable reference type. [F:\Berry-Work\dev\DiffusionTool\BerryAIGen.Toolkit\BerryAIGen.Toolkit_b3ao1qf4_wpftmp.csproj]
F:\Berry-Work\dev\DiffusionTool\BerryAIGen.Toolkit\Services\FolderService.cs(220,92): warning CS8602: Dereference of a possibly null reference. [F:\Berry-Work\dev\DiffusionTool\BerryAIGen.Toolkit\BerryAIGen.Toolkit_b3ao1qf4_wpftmp.csproj]
F:\Berry-Work\dev\DiffusionTool\BerryAIGen.Toolkit\Services\FolderService.cs(229,59): warning CS8604: Possible null reference argument for parameter 'item' in 'bool HashSet<string>.Contains(string item)'. [F:\Berry-Work\dev\DiffusionTool\BerryAIGen.Toolkit\BerryAIGen.Toolkit_b3ao1qf4_wpftmp.csproj]
F:\Berry-Work\dev\DiffusionTool\BerryAIGen.Toolkit\Services\RecordJob.cs(9,27): warning CS8618: Non-nullable property 'FileParameters' must contain a non-null value when exiting constructor. Consider adding the 'required' modifier or declaring the property as nullable. [F:\Berry-Work\dev\DiffusionTool\BerryAIGen.Toolkit\BerryAIGen.Toolkit_b3ao1qf4_wpftmp.csproj]
F:\Berry-Work\dev\DiffusionTool\BerryAIGen.Toolkit\Services\ScanningEventArgs.cs(9,19): warning CS8618: Non-nullable property 'Message' must contain a non-null value when exiting constructor. Consider adding the 'required' modifier or declaring the property as nullable. [F:\Berry-Work\dev\DiffusionTool\BerryAIGen.Toolkit\BerryAIGen.Toolkit_b3ao1qf4_wpftmp.csproj]
F:\Berry-Work\dev\DiffusionTool\BerryAIGen.Toolkit\Services\ProgressService.cs(23,82): warning CS8625: Cannot convert null literal to non-nullable reference type. [F:\Berry-Work\dev\DiffusionTool\BerryAIGen.Toolkit\BerryAIGen.Toolkit_b3ao1qf4_wpftmp.csproj]
F:\Berry-Work\dev\DiffusionTool\BerryAIGen.Toolkit\Services\ProgressService.cs(26,12): warning CS8618: Non-nullable field '_progressCancellationTokenSource' must contain a non-null value when exiting constructor. Consider adding the 'required' modifier or declaring the field as nullable. [F:\Berry-Work\dev\DiffusionTool\BerryAIGen.Toolkit\BerryAIGen.Toolkit_b3ao1qf4_wpftmp.csproj]
F:\Berry-Work\dev\DiffusionTool\BerryAIGen.Toolkit\Services\NotificationService.cs(9,43): warning CS8618: Non-nullable event 'Notify' must contain a non-null value when exiting constructor. Consider adding the 'required' modifier or declaring the event as nullable. [F:\Berry-Work\dev\DiffusionTool\BerryAIGen.Toolkit\BerryAIGen.Toolkit_b3ao1qf4_wpftmp.csproj]
F:\Berry-Work\dev\DiffusionTool\BerryAIGen.Toolkit\Services\ProgressService.cs(35,13): warning CS8602: Dereference of a possibly null reference. [F:\Berry-Work\dev\DiffusionTool\BerryAIGen.Toolkit\BerryAIGen.Toolkit_b3ao1qf4_wpftmp.csproj]
F:\Berry-Work\dev\DiffusionTool\BerryAIGen.Toolkit\Services\ScanningService.cs(33,13): warning CS8602: Dereference of a possibly null reference. [F:\Berry-Work\dev\DiffusionTool\BerryAIGen.Toolkit\BerryAIGen.Toolkit_b3ao1qf4_wpftmp.csproj]
F:\Berry-Work\dev\DiffusionTool\BerryAIGen.Toolkit\Services\PreviewService.cs(12,20): warning CS8618: Non-nullable field '_owner' must contain a non-null value when exiting constructor. Consider adding the 'required' modifier or declaring the field as nullable. [F:\Berry-Work\dev\DiffusionTool\BerryAIGen.Toolkit\BerryAIGen.Toolkit_b3ao1qf4_wpftmp.csproj]
F:\Berry-Work\dev\DiffusionTool\BerryAIGen.Toolkit\Services\FolderService.cs(251,27): warning CS8602: Dereference of a possibly null reference. [F:\Berry-Work\dev\DiffusionTool\BerryAIGen.Toolkit\BerryAIGen.Toolkit_b3ao1qf4_wpftmp.csproj]
F:\Berry-Work\dev\DiffusionTool\BerryAIGen.Toolkit\Services\ProgressService.cs(48,17): warning CS8602: Dereference of a possibly null reference. [F:\Berry-Work\dev\DiffusionTool\BerryAIGen.Toolkit\BerryAIGen.Toolkit_b3ao1qf4_wpftmp.csproj]
F:\Berry-Work\dev\DiffusionTool\BerryAIGen.Toolkit\Services\ProgressService.cs(50,23): warning CS8602: Dereference of a possibly null reference. [F:\Berry-Work\dev\DiffusionTool\BerryAIGen.Toolkit\BerryAIGen.Toolkit_b3ao1qf4_wpftmp.csproj]
F:\Berry-Work\dev\DiffusionTool\BerryAIGen.Toolkit\Services\ProgressService.cs(70,13): warning CS8602: Dereference of a possibly null reference. [F:\Berry-Work\dev\DiffusionTool\BerryAIGen.Toolkit\BerryAIGen.Toolkit_b3ao1qf4_wpftmp.csproj]
F:\Berry-Work\dev\DiffusionTool\BerryAIGen.Toolkit\Services\ProgressService.cs(76,16): warning CS8602: Dereference of a possibly null reference. [F:\Berry-Work\dev\DiffusionTool\BerryAIGen.Toolkit\BerryAIGen.Toolkit_b3ao1qf4_wpftmp.csproj]
F:\Berry-Work\dev\DiffusionTool\BerryAIGen.Toolkit\Services\ProgressService.cs(89,34): warning CS8602: Dereference of a possibly null reference. [F:\Berry-Work\dev\DiffusionTool\BerryAIGen.Toolkit\BerryAIGen.Toolkit_b3ao1qf4_wpftmp.csproj]
F:\Berry-Work\dev\DiffusionTool\BerryAIGen.Toolkit\Services\ScanningService.cs(165,25): warning CS4014: Because this call is not awaited, execution of the current method continues before the call is completed. Consider applying the 'await' operator to the result of the call. [F:\Berry-Work\dev\DiffusionTool\BerryAIGen.Toolkit\BerryAIGen.Toolkit_b3ao1qf4_wpftmp.csproj]
F:\Berry-Work\dev\DiffusionTool\BerryAIGen.Toolkit\Services\ScanningService.cs(156,44): warning CS8602: Dereference of a possibly null reference. [F:\Berry-Work\dev\DiffusionTool\BerryAIGen.Toolkit\BerryAIGen.Toolkit_b3ao1qf4_wpftmp.csproj]
F:\Berry-Work\dev\DiffusionTool\BerryAIGen.Toolkit\Services\ScanningService.cs(164,25): warning CS8602: Dereference of a possibly null reference. [F:\Berry-Work\dev\DiffusionTool\BerryAIGen.Toolkit\BerryAIGen.Toolkit_b3ao1qf4_wpftmp.csproj]
F:\Berry-Work\dev\DiffusionTool\BerryAIGen.Toolkit\Services\ProgressService.cs(104,13): warning CS8602: Dereference of a possibly null reference. [F:\Berry-Work\dev\DiffusionTool\BerryAIGen.Toolkit\BerryAIGen.Toolkit_b3ao1qf4_wpftmp.csproj]
F:\Berry-Work\dev\DiffusionTool\BerryAIGen.Toolkit\Services\ProgressService.cs(113,13): warning CS8602: Dereference of a possibly null reference. [F:\Berry-Work\dev\DiffusionTool\BerryAIGen.Toolkit\BerryAIGen.Toolkit_b3ao1qf4_wpftmp.csproj]
F:\Berry-Work\dev\DiffusionTool\BerryAIGen.Toolkit\Services\ProgressService.cs(123,13): warning CS8602: Dereference of a possibly null reference. [F:\Berry-Work\dev\DiffusionTool\BerryAIGen.Toolkit\BerryAIGen.Toolkit_b3ao1qf4_wpftmp.csproj]
F:\Berry-Work\dev\DiffusionTool\BerryAIGen.Toolkit\Services\ProgressService.cs(131,13): warning CS8602: Dereference of a possibly null reference. [F:\Berry-Work\dev\DiffusionTool\BerryAIGen.Toolkit\BerryAIGen.Toolkit_b3ao1qf4_wpftmp.csproj]
F:\Berry-Work\dev\DiffusionTool\BerryAIGen.Toolkit\Services\ProgressService.cs(149,13): warning CS8602: Dereference of a possibly null reference. [F:\Berry-Work\dev\DiffusionTool\BerryAIGen.Toolkit\BerryAIGen.Toolkit_b3ao1qf4_wpftmp.csproj]
F:\Berry-Work\dev\DiffusionTool\BerryAIGen.Toolkit\Services\ProgressService.cs(161,13): warning CS8602: Dereference of a possibly null reference. [F:\Berry-Work\dev\DiffusionTool\BerryAIGen.Toolkit\BerryAIGen.Toolkit_b3ao1qf4_wpftmp.csproj]
F:\Berry-Work\dev\DiffusionTool\BerryAIGen.Toolkit\Services\MetadataScannerService.cs(201,39): warning CS8602: Dereference of a possibly null reference. [F:\Berry-Work\dev\DiffusionTool\BerryAIGen.Toolkit\BerryAIGen.Toolkit_b3ao1qf4_wpftmp.csproj]
F:\Berry-Work\dev\DiffusionTool\BerryAIGen.Toolkit\Services\MetadataScannerService.cs(201,81): warning CS8602: Dereference of a possibly null reference. [F:\Berry-Work\dev\DiffusionTool\BerryAIGen.Toolkit\BerryAIGen.Toolkit_b3ao1qf4_wpftmp.csproj]
F:\Berry-Work\dev\DiffusionTool\BerryAIGen.Toolkit\Services\MetadataScannerService.cs(201,81): warning CS8604: Possible null reference argument for parameter 'hash' in 'IReadOnlyCollection<HashMatch> DataStore.GetImageIdByHash(string hash)'. [F:\Berry-Work\dev\DiffusionTool\BerryAIGen.Toolkit\BerryAIGen.Toolkit_b3ao1qf4_wpftmp.csproj]
F:\Berry-Work\dev\DiffusionTool\BerryAIGen.Toolkit\Services\ScanningService.cs(227,86): warning CS8625: Cannot convert null literal to non-nullable reference type. [F:\Berry-Work\dev\DiffusionTool\BerryAIGen.Toolkit\BerryAIGen.Toolkit_b3ao1qf4_wpftmp.csproj]
F:\Berry-Work\dev\DiffusionTool\BerryAIGen.Toolkit\Services\ScanningService.cs(232,19): warning CS8602: Dereference of a possibly null reference. [F:\Berry-Work\dev\DiffusionTool\BerryAIGen.Toolkit\BerryAIGen.Toolkit_b3ao1qf4_wpftmp.csproj]
F:\Berry-Work\dev\DiffusionTool\BerryAIGen.Toolkit\Services\ScanningService.cs(181,14): warning CS0219: The variable 'foldersUnavailable' is assigned but its value is never used [F:\Berry-Work\dev\DiffusionTool\BerryAIGen.Toolkit\BerryAIGen.Toolkit_b3ao1qf4_wpftmp.csproj]
F:\Berry-Work\dev\DiffusionTool\BerryAIGen.Toolkit\Services\ScanningService.cs(182,14): warning CS0219: The variable 'foldersRestored' is assigned but its value is never used [F:\Berry-Work\dev\DiffusionTool\BerryAIGen.Toolkit\BerryAIGen.Toolkit_b3ao1qf4_wpftmp.csproj]
F:\Berry-Work\dev\DiffusionTool\BerryAIGen.Toolkit\Services\ScanningService.cs(184,13): warning CS0219: The variable 'unavailable' is assigned but its value is never used [F:\Berry-Work\dev\DiffusionTool\BerryAIGen.Toolkit\BerryAIGen.Toolkit_b3ao1qf4_wpftmp.csproj]
F:\Berry-Work\dev\DiffusionTool\BerryAIGen.Toolkit\Services\ScanningService.cs(185,13): warning CS0219: The variable 'added' is assigned but its value is never used [F:\Berry-Work\dev\DiffusionTool\BerryAIGen.Toolkit\BerryAIGen.Toolkit_b3ao1qf4_wpftmp.csproj]
F:\Berry-Work\dev\DiffusionTool\BerryAIGen.Toolkit\Services\ProgressService.cs(170,13): warning CS8602: Dereference of a possibly null reference. [F:\Berry-Work\dev\DiffusionTool\BerryAIGen.Toolkit\BerryAIGen.Toolkit_b3ao1qf4_wpftmp.csproj]
F:\Berry-Work\dev\DiffusionTool\BerryAIGen.Toolkit\Services\ProgressService.cs(178,13): warning CS8602: Dereference of a possibly null reference. [F:\Berry-Work\dev\DiffusionTool\BerryAIGen.Toolkit\BerryAIGen.Toolkit_b3ao1qf4_wpftmp.csproj]
F:\Berry-Work\dev\DiffusionTool\BerryAIGen.Toolkit\Services\FolderService.cs(275,27): warning CS8602: Dereference of a possibly null reference. [F:\Berry-Work\dev\DiffusionTool\BerryAIGen.Toolkit\BerryAIGen.Toolkit_b3ao1qf4_wpftmp.csproj]
F:\Berry-Work\dev\DiffusionTool\BerryAIGen.Toolkit\Services\FolderService.cs(279,25): warning CS8602: Dereference of a possibly null reference. [F:\Berry-Work\dev\DiffusionTool\BerryAIGen.Toolkit\BerryAIGen.Toolkit_b3ao1qf4_wpftmp.csproj]
F:\Berry-Work\dev\DiffusionTool\BerryAIGen.Toolkit\Services\MetadataScannerService.cs(264,25): warning CS8602: Dereference of a possibly null reference. [F:\Berry-Work\dev\DiffusionTool\BerryAIGen.Toolkit\BerryAIGen.Toolkit_b3ao1qf4_wpftmp.csproj]
F:\Berry-Work\dev\DiffusionTool\BerryAIGen.Toolkit\Services\MetadataScannerService.cs(266,43): warning CS8602: Dereference of a possibly null reference. [F:\Berry-Work\dev\DiffusionTool\BerryAIGen.Toolkit\BerryAIGen.Toolkit_b3ao1qf4_wpftmp.csproj]
F:\Berry-Work\dev\DiffusionTool\BerryAIGen.Toolkit\Services\MetadataScannerService.cs(283,25): warning CS8602: Dereference of a possibly null reference. [F:\Berry-Work\dev\DiffusionTool\BerryAIGen.Toolkit\BerryAIGen.Toolkit_b3ao1qf4_wpftmp.csproj]
F:\Berry-Work\dev\DiffusionTool\BerryAIGen.Toolkit\Services\MetadataScannerService.cs(25,34): warning CS8618: Non-nullable field '_channel' must contain a non-null value when exiting constructor. Consider adding the 'required' modifier or declaring the field as nullable. [F:\Berry-Work\dev\DiffusionTool\BerryAIGen.Toolkit\BerryAIGen.Toolkit_b3ao1qf4_wpftmp.csproj]
F:\Berry-Work\dev\DiffusionTool\BerryAIGen.Toolkit\Services\MetadataScannerService.cs(28,37): warning CS8618: Non-nullable field '_cancellationTokenSource' must contain a non-null value when exiting constructor. Consider adding the 'required' modifier or declaring the field as nullable. [F:\Berry-Work\dev\DiffusionTool\BerryAIGen.Toolkit\BerryAIGen.Toolkit_b3ao1qf4_wpftmp.csproj]
F:\Berry-Work\dev\DiffusionTool\BerryAIGen.Toolkit\Services\MetadataScannerService.cs(130,23): warning CS8618: Non-nullable field '_currentTask' must contain a non-null value when exiting constructor. Consider adding the 'required' modifier or declaring the field as nullable. [F:\Berry-Work\dev\DiffusionTool\BerryAIGen.Toolkit\BerryAIGen.Toolkit_b3ao1qf4_wpftmp.csproj]
F:\Berry-Work\dev\DiffusionTool\BerryAIGen.Toolkit\Services\FolderService.cs(382,35): warning CS8602: Dereference of a possibly null reference. [F:\Berry-Work\dev\DiffusionTool\BerryAIGen.Toolkit\BerryAIGen.Toolkit_b3ao1qf4_wpftmp.csproj]
F:\Berry-Work\dev\DiffusionTool\BerryAIGen.Toolkit\Services\FolderService.cs(387,41): warning CS8604: Possible null reference argument for parameter 'source' in 'FolderViewModel? Enumerable.FirstOrDefault<FolderViewModel>(IEnumerable<FolderViewModel> source, Func<FolderViewModel, bool> predicate)'. [F:\Berry-Work\dev\DiffusionTool\BerryAIGen.Toolkit\BerryAIGen.Toolkit_b3ao1qf4_wpftmp.csproj]
F:\Berry-Work\dev\DiffusionTool\BerryAIGen.Toolkit\Services\FolderService.cs(402,39): warning CS8604: Possible null reference argument for parameter 'source' in 'List<FolderViewModel> Enumerable.ToList<FolderViewModel>(IEnumerable<FolderViewModel> source)'. [F:\Berry-Work\dev\DiffusionTool\BerryAIGen.Toolkit\BerryAIGen.Toolkit_b3ao1qf4_wpftmp.csproj]
F:\Berry-Work\dev\DiffusionTool\BerryAIGen.Toolkit\Controls\ThumbnailView.xaml.Page.cs(142,21): warning CS8602: Dereference of a possibly null reference. [F:\Berry-Work\dev\DiffusionTool\BerryAIGen.Toolkit\BerryAIGen.Toolkit_b3ao1qf4_wpftmp.csproj]
F:\Berry-Work\dev\DiffusionTool\BerryAIGen.Toolkit\Services\FolderService.cs(440,26): warning CS8602: Dereference of a possibly null reference. [F:\Berry-Work\dev\DiffusionTool\BerryAIGen.Toolkit\BerryAIGen.Toolkit_b3ao1qf4_wpftmp.csproj]
F:\Berry-Work\dev\DiffusionTool\BerryAIGen.Toolkit\Controls\ThumbnailView.xaml.Page.cs(167,17): warning CS4014: Because this call is not awaited, execution of the current method continues before the call is completed. Consider applying the 'await' operator to the result of the call. [F:\Berry-Work\dev\DiffusionTool\BerryAIGen.Toolkit\BerryAIGen.Toolkit_b3ao1qf4_wpftmp.csproj]
F:\Berry-Work\dev\DiffusionTool\BerryAIGen.Toolkit\Services\FolderService.cs(463,39): warning CS8602: Dereference of a possibly null reference. [F:\Berry-Work\dev\DiffusionTool\BerryAIGen.Toolkit\BerryAIGen.Toolkit_b3ao1qf4_wpftmp.csproj]
F:\Berry-Work\dev\DiffusionTool\BerryAIGen.Toolkit\Services\FolderService.cs(483,29): warning CS8602: Dereference of a possibly null reference. [F:\Berry-Work\dev\DiffusionTool\BerryAIGen.Toolkit\BerryAIGen.Toolkit_b3ao1qf4_wpftmp.csproj]
F:\Berry-Work\dev\DiffusionTool\BerryAIGen.Toolkit\Services\FolderService.cs(506,32): warning CS8602: Dereference of a possibly null reference. [F:\Berry-Work\dev\DiffusionTool\BerryAIGen.Toolkit\BerryAIGen.Toolkit_b3ao1qf4_wpftmp.csproj]
F:\Berry-Work\dev\DiffusionTool\BerryAIGen.Toolkit\Services\FolderService.cs(531,29): warning CS8602: Dereference of a possibly null reference. [F:\Berry-Work\dev\DiffusionTool\BerryAIGen.Toolkit\BerryAIGen.Toolkit_b3ao1qf4_wpftmp.csproj]
F:\Berry-Work\dev\DiffusionTool\BerryAIGen.Toolkit\Services\FolderService.cs(587,35): warning CS8602: Dereference of a possibly null reference. [F:\Berry-Work\dev\DiffusionTool\BerryAIGen.Toolkit\BerryAIGen.Toolkit_b3ao1qf4_wpftmp.csproj]
F:\Berry-Work\dev\DiffusionTool\BerryAIGen.Toolkit\Pages\Search.xaml.cs(793,30): warning CS8604: Possible null reference argument for parameter 'source' in 'IEnumerable<ModelViewModel> Enumerable.Where<ModelViewModel>(IEnumerable<ModelViewModel> source, Func<ModelViewModel, bool> predicate)'. [F:\Berry-Work\dev\DiffusionTool\BerryAIGen.Toolkit\BerryAIGen.Toolkit_b3ao1qf4_wpftmp.csproj]
F:\Berry-Work\dev\DiffusionTool\BerryAIGen.Toolkit\Pages\Search.xaml.cs(800,21): warning CS8602: Dereference of a possibly null reference. [F:\Berry-Work\dev\DiffusionTool\BerryAIGen.Toolkit\BerryAIGen.Toolkit_b3ao1qf4_wpftmp.csproj]
F:\Berry-Work\dev\DiffusionTool\BerryAIGen.Toolkit\Pages\Search.xaml.cs(840,41): warning CS8601: Possible null reference assignment. [F:\Berry-Work\dev\DiffusionTool\BerryAIGen.Toolkit\BerryAIGen.Toolkit_b3ao1qf4_wpftmp.csproj]
F:\Berry-Work\dev\DiffusionTool\BerryAIGen.Toolkit\Pages\Search.xaml.cs(844,25): warning CS8602: Dereference of a possibly null reference. [F:\Berry-Work\dev\DiffusionTool\BerryAIGen.Toolkit\BerryAIGen.Toolkit_b3ao1qf4_wpftmp.csproj]
F:\Berry-Work\dev\DiffusionTool\BerryAIGen.Toolkit\Pages\Search.xaml.cs(909,60): warning CS8619: Nullability of reference types in value of type 'List<string>' doesn't match target type 'List<string?>'. [F:\Berry-Work\dev\DiffusionTool\BerryAIGen.Toolkit\BerryAIGen.Toolkit_b3ao1qf4_wpftmp.csproj]
F:\Berry-Work\dev\DiffusionTool\BerryAIGen.Toolkit\Pages\Search.xaml.cs(915,37): warning CS8602: Dereference of a possibly null reference. [F:\Berry-Work\dev\DiffusionTool\BerryAIGen.Toolkit\BerryAIGen.Toolkit_b3ao1qf4_wpftmp.csproj]
F:\Berry-Work\dev\DiffusionTool\BerryAIGen.Toolkit\Pages\Search.xaml.cs(928,48): warning CS8602: Dereference of a possibly null reference. [F:\Berry-Work\dev\DiffusionTool\BerryAIGen.Toolkit\BerryAIGen.Toolkit_b3ao1qf4_wpftmp.csproj]
F:\Berry-Work\dev\DiffusionTool\BerryAIGen.Toolkit\Pages\Search.xaml.cs(969,25): warning CS8602: Dereference of a possibly null reference. [F:\Berry-Work\dev\DiffusionTool\BerryAIGen.Toolkit\BerryAIGen.Toolkit_b3ao1qf4_wpftmp.csproj]
F:\Berry-Work\dev\DiffusionTool\BerryAIGen.Toolkit\Pages\Search.xaml.cs(977,17): warning CS8602: Dereference of a possibly null reference. [F:\Berry-Work\dev\DiffusionTool\BerryAIGen.Toolkit\BerryAIGen.Toolkit_b3ao1qf4_wpftmp.csproj]
F:\Berry-Work\dev\DiffusionTool\BerryAIGen.Toolkit\Pages\Search.xaml.cs(985,20): warning CS8602: Dereference of a possibly null reference. [F:\Berry-Work\dev\DiffusionTool\BerryAIGen.Toolkit\BerryAIGen.Toolkit_b3ao1qf4_wpftmp.csproj]
F:\Berry-Work\dev\DiffusionTool\BerryAIGen.Toolkit\Pages\Search.xaml.cs(986,20): warning CS8602: Dereference of a possibly null reference. [F:\Berry-Work\dev\DiffusionTool\BerryAIGen.Toolkit\BerryAIGen.Toolkit_b3ao1qf4_wpftmp.csproj]
F:\Berry-Work\dev\DiffusionTool\BerryAIGen.Toolkit\Pages\Search.xaml.cs(1006,17): warning CS8602: Dereference of a possibly null reference. [F:\Berry-Work\dev\DiffusionTool\BerryAIGen.Toolkit\BerryAIGen.Toolkit_b3ao1qf4_wpftmp.csproj]
F:\Berry-Work\dev\DiffusionTool\BerryAIGen.Toolkit\Pages\Search.xaml.cs(1012,17): warning CS8602: Dereference of a possibly null reference. [F:\Berry-Work\dev\DiffusionTool\BerryAIGen.Toolkit\BerryAIGen.Toolkit_b3ao1qf4_wpftmp.csproj]
F:\Berry-Work\dev\DiffusionTool\BerryAIGen.Toolkit\Pages\Search.xaml.cs(1018,17): warning CS8602: Dereference of a possibly null reference. [F:\Berry-Work\dev\DiffusionTool\BerryAIGen.Toolkit\BerryAIGen.Toolkit_b3ao1qf4_wpftmp.csproj]
F:\Berry-Work\dev\DiffusionTool\BerryAIGen.Toolkit\Services\FolderService.cs(606,58): warning CS8604: Possible null reference argument for parameter 'second' in 'IEnumerable<FolderViewModel> Enumerable.Except<FolderViewModel>(IEnumerable<FolderViewModel> first, IEnumerable<FolderViewModel> second)'. [F:\Berry-Work\dev\DiffusionTool\BerryAIGen.Toolkit\BerryAIGen.Toolkit_b3ao1qf4_wpftmp.csproj]
F:\Berry-Work\dev\DiffusionTool\BerryAIGen.Toolkit\Services\FolderService.cs(609,39): warning CS8602: Dereference of a possibly null reference. [F:\Berry-Work\dev\DiffusionTool\BerryAIGen.Toolkit\BerryAIGen.Toolkit_b3ao1qf4_wpftmp.csproj]
F:\Berry-Work\dev\DiffusionTool\BerryAIGen.Toolkit\Services\FolderService.cs(627,39): warning CS8602: Dereference of a possibly null reference. [F:\Berry-Work\dev\DiffusionTool\BerryAIGen.Toolkit\BerryAIGen.Toolkit_b3ao1qf4_wpftmp.csproj]
F:\Berry-Work\dev\DiffusionTool\BerryAIGen.Toolkit\Services\FolderService.cs(661,47): warning CS0168: The variable 'ex' is declared but never used [F:\Berry-Work\dev\DiffusionTool\BerryAIGen.Toolkit\BerryAIGen.Toolkit_b3ao1qf4_wpftmp.csproj]
F:\Berry-Work\dev\DiffusionTool\BerryAIGen.Toolkit\Services\FolderService.cs(674,30): warning CS8602: Dereference of a possibly null reference. [F:\Berry-Work\dev\DiffusionTool\BerryAIGen.Toolkit\BerryAIGen.Toolkit_b3ao1qf4_wpftmp.csproj]
F:\Berry-Work\dev\DiffusionTool\BerryAIGen.Toolkit\Pages\Search.xaml.cs(1083,27): warning CS8602: Dereference of a possibly null reference. [F:\Berry-Work\dev\DiffusionTool\BerryAIGen.Toolkit\BerryAIGen.Toolkit_b3ao1qf4_wpftmp.csproj]
F:\Berry-Work\dev\DiffusionTool\BerryAIGen.Toolkit\Pages\Search.xaml.cs(1090,38): warning CS8602: Dereference of a possibly null reference. [F:\Berry-Work\dev\DiffusionTool\BerryAIGen.Toolkit\BerryAIGen.Toolkit_b3ao1qf4_wpftmp.csproj]
F:\Berry-Work\dev\DiffusionTool\BerryAIGen.Toolkit\Pages\Search.xaml.cs(1103,45): warning CS8602: Dereference of a possibly null reference. [F:\Berry-Work\dev\DiffusionTool\BerryAIGen.Toolkit\BerryAIGen.Toolkit_b3ao1qf4_wpftmp.csproj]
F:\Berry-Work\dev\DiffusionTool\BerryAIGen.Toolkit\Pages\Search.xaml.cs(1161,61): warning CS8604: Possible null reference argument for parameter 'workflowId' in 'IReadOnlyCollection<Node>? ComfyUIParser.Parse(string workflowId, string? workflow)'. [F:\Berry-Work\dev\DiffusionTool\BerryAIGen.Toolkit\BerryAIGen.Toolkit_b3ao1qf4_wpftmp.csproj]
F:\Berry-Work\dev\DiffusionTool\BerryAIGen.Toolkit\Pages\Search.xaml.cs(1161,48): warning CS8601: Possible null reference assignment. [F:\Berry-Work\dev\DiffusionTool\BerryAIGen.Toolkit\BerryAIGen.Toolkit_b3ao1qf4_wpftmp.csproj]
F:\Berry-Work\dev\DiffusionTool\BerryAIGen.Toolkit\Pages\Search.xaml.cs(1214,17): warning CS8602: Dereference of a possibly null reference. [F:\Berry-Work\dev\DiffusionTool\BerryAIGen.Toolkit\BerryAIGen.Toolkit_b3ao1qf4_wpftmp.csproj]
F:\Berry-Work\dev\DiffusionTool\BerryAIGen.Toolkit\Pages\Search.xaml.cs(1218,17): warning CS8602: Dereference of a possibly null reference. [F:\Berry-Work\dev\DiffusionTool\BerryAIGen.Toolkit\BerryAIGen.Toolkit_b3ao1qf4_wpftmp.csproj]
F:\Berry-Work\dev\DiffusionTool\BerryAIGen.Toolkit\Services\FolderService.cs(719,13): warning CS8602: Dereference of a possibly null reference. [F:\Berry-Work\dev\DiffusionTool\BerryAIGen.Toolkit\BerryAIGen.Toolkit_b3ao1qf4_wpftmp.csproj]
F:\Berry-Work\dev\DiffusionTool\BerryAIGen.Toolkit\Services\FolderService.cs(729,36): warning CS8602: Dereference of a possibly null reference. [F:\Berry-Work\dev\DiffusionTool\BerryAIGen.Toolkit\BerryAIGen.Toolkit_b3ao1qf4_wpftmp.csproj]
F:\Berry-Work\dev\DiffusionTool\BerryAIGen.Toolkit\Services\FolderService.cs(745,98): warning CS8625: Cannot convert null literal to non-nullable reference type. [F:\Berry-Work\dev\DiffusionTool\BerryAIGen.Toolkit\BerryAIGen.Toolkit_b3ao1qf4_wpftmp.csproj]
F:\Berry-Work\dev\DiffusionTool\BerryAIGen.Toolkit\Services\FolderService.cs(818,51): warning CS8604: Possible null reference argument for parameter 'path' in 'bool FolderService.IsExcludedOrArchived(string path)'. [F:\Berry-Work\dev\DiffusionTool\BerryAIGen.Toolkit\BerryAIGen.Toolkit_b3ao1qf4_wpftmp.csproj]
F:\Berry-Work\dev\DiffusionTool\BerryAIGen.Toolkit\MainWindow.xaml.cs(689,21): warning CS4014: Because this call is not awaited, execution of the current method continues before the call is completed. Consider applying the 'await' operator to the result of the call. [F:\Berry-Work\dev\DiffusionTool\BerryAIGen.Toolkit\BerryAIGen.Toolkit_b3ao1qf4_wpftmp.csproj]
F:\Berry-Work\dev\DiffusionTool\BerryAIGen.Toolkit\MainWindow.xaml.cs(769,21): warning CS0162: Unreachable code detected [F:\Berry-Work\dev\DiffusionTool\BerryAIGen.Toolkit\BerryAIGen.Toolkit_b3ao1qf4_wpftmp.csproj]
F:\Berry-Work\dev\DiffusionTool\BerryAIGen.Toolkit\MainWindow.xaml.cs(506,48): warning CS8600: Converting null literal or possible null value to non-nullable type. [F:\Berry-Work\dev\DiffusionTool\BerryAIGen.Toolkit\BerryAIGen.Toolkit_b3ao1qf4_wpftmp.csproj]
F:\Berry-Work\dev\DiffusionTool\BerryAIGen.Toolkit\MainWindow.xaml.cs(541,45): warning CS8601: Possible null reference assignment. [F:\Berry-Work\dev\DiffusionTool\BerryAIGen.Toolkit\BerryAIGen.Toolkit_b3ao1qf4_wpftmp.csproj]
F:\Berry-Work\dev\DiffusionTool\BerryAIGen.Toolkit\MainWindow.xaml.cs(543,21): warning CS8602: Dereference of a possibly null reference. [F:\Berry-Work\dev\DiffusionTool\BerryAIGen.Toolkit\BerryAIGen.Toolkit_b3ao1qf4_wpftmp.csproj]
F:\Berry-Work\dev\DiffusionTool\BerryAIGen.Toolkit\MainWindow.xaml.cs(880,71): warning CS8604: Possible null reference argument for parameter 'source' in 'IEnumerable<FolderChange> Enumerable.Select<string, FolderChange>(IEnumerable<string> source, Func<string, FolderChange> selector)'. [F:\Berry-Work\dev\DiffusionTool\BerryAIGen.Toolkit\BerryAIGen.Toolkit_b3ao1qf4_wpftmp.csproj]
F:\Berry-Work\dev\DiffusionTool\BerryAIGen.Toolkit\MainWindow.xaml.cs(892,25): warning CS8602: Dereference of a possibly null reference. [F:\Berry-Work\dev\DiffusionTool\BerryAIGen.Toolkit\BerryAIGen.Toolkit_b3ao1qf4_wpftmp.csproj]
F:\Berry-Work\dev\DiffusionTool\BerryAIGen.Toolkit\MainWindow.xaml.cs(902,37): warning CS8602: Dereference of a possibly null reference. [F:\Berry-Work\dev\DiffusionTool\BerryAIGen.Toolkit\BerryAIGen.Toolkit_b3ao1qf4_wpftmp.csproj]
F:\Berry-Work\dev\DiffusionTool\BerryAIGen.Toolkit\MainWindow.xaml.cs(903,37): warning CS8602: Dereference of a possibly null reference. [F:\Berry-Work\dev\DiffusionTool\BerryAIGen.Toolkit\BerryAIGen.Toolkit_b3ao1qf4_wpftmp.csproj]
F:\Berry-Work\dev\DiffusionTool\BerryAIGen.Toolkit\MainWindow.xaml.cs(913,17): warning CS8602: Dereference of a possibly null reference. [F:\Berry-Work\dev\DiffusionTool\BerryAIGen.Toolkit\BerryAIGen.Toolkit_b3ao1qf4_wpftmp.csproj]
F:\Berry-Work\dev\DiffusionTool\BerryAIGen.Toolkit\MainWindow.xaml.cs(556,34): warning CS0168: The variable 'exception' is declared but never used [F:\Berry-Work\dev\DiffusionTool\BerryAIGen.Toolkit\BerryAIGen.Toolkit_b3ao1qf4_wpftmp.csproj]
F:\Berry-Work\dev\DiffusionTool\BerryAIGen.Toolkit\Services\ScanningService.cs(664,27): warning CS8602: Dereference of a possibly null reference. [F:\Berry-Work\dev\DiffusionTool\BerryAIGen.Toolkit\BerryAIGen.Toolkit_b3ao1qf4_wpftmp.csproj]
F:\Berry-Work\dev\DiffusionTool\BerryAIGen.Toolkit\Services\ScanningService.cs(683,27): warning CS8602: Dereference of a possibly null reference. [F:\Berry-Work\dev\DiffusionTool\BerryAIGen.Toolkit\BerryAIGen.Toolkit_b3ao1qf4_wpftmp.csproj]
F:\Berry-Work\dev\DiffusionTool\BerryAIGen.Toolkit\Services\ScanningService.cs(699,27): warning CS8602: Dereference of a possibly null reference. [F:\Berry-Work\dev\DiffusionTool\BerryAIGen.Toolkit\BerryAIGen.Toolkit_b3ao1qf4_wpftmp.csproj]
F:\Berry-Work\dev\DiffusionTool\BerryAIGen.Toolkit\Services\FolderService.cs(845,29): warning CS8602: Dereference of a possibly null reference. [F:\Berry-Work\dev\DiffusionTool\BerryAIGen.Toolkit\BerryAIGen.Toolkit_b3ao1qf4_wpftmp.csproj]
F:\Berry-Work\dev\DiffusionTool\BerryAIGen.Toolkit\Services\ScanningService.cs(719,13): warning CS8602: Dereference of a possibly null reference. [F:\Berry-Work\dev\DiffusionTool\BerryAIGen.Toolkit\BerryAIGen.Toolkit_b3ao1qf4_wpftmp.csproj]
F:\Berry-Work\dev\DiffusionTool\BerryAIGen.Toolkit\Services\ScanningService.cs(745,17): warning CS8602: Dereference of a possibly null reference. [F:\Berry-Work\dev\DiffusionTool\BerryAIGen.Toolkit\BerryAIGen.Toolkit_b3ao1qf4_wpftmp.csproj]
F:\Berry-Work\dev\DiffusionTool\BerryAIGen.Toolkit\Services\FolderService.cs(929,17): warning CS8602: Dereference of a possibly null reference. [F:\Berry-Work\dev\DiffusionTool\BerryAIGen.Toolkit\BerryAIGen.Toolkit_b3ao1qf4_wpftmp.csproj]
F:\Berry-Work\dev\DiffusionTool\BerryAIGen.Toolkit\MainWindow.xaml.cs(1050,27): warning CS8601: Possible null reference assignment. [F:\Berry-Work\dev\DiffusionTool\BerryAIGen.Toolkit\BerryAIGen.Toolkit_b3ao1qf4_wpftmp.csproj]
F:\Berry-Work\dev\DiffusionTool\BerryAIGen.Toolkit\Services\FolderService.cs(949,32): warning CS8602: Dereference of a possibly null reference. [F:\Berry-Work\dev\DiffusionTool\BerryAIGen.Toolkit\BerryAIGen.Toolkit_b3ao1qf4_wpftmp.csproj]
F:\Berry-Work\dev\DiffusionTool\BerryAIGen.Toolkit\Services\FolderService.cs(953,32): warning CS8602: Dereference of a possibly null reference. [F:\Berry-Work\dev\DiffusionTool\BerryAIGen.Toolkit\BerryAIGen.Toolkit_b3ao1qf4_wpftmp.csproj]
F:\Berry-Work\dev\DiffusionTool\BerryAIGen.Toolkit\Services\FolderService.cs(968,21): warning CS8602: Dereference of a possibly null reference. [F:\Berry-Work\dev\DiffusionTool\BerryAIGen.Toolkit\BerryAIGen.Toolkit_b3ao1qf4_wpftmp.csproj]
F:\Berry-Work\dev\DiffusionTool\BerryAIGen.Toolkit\Services\FolderService.cs(997,13): warning CS8602: Dereference of a possibly null reference. [F:\Berry-Work\dev\DiffusionTool\BerryAIGen.Toolkit\BerryAIGen.Toolkit_b3ao1qf4_wpftmp.csproj]
F:\Berry-Work\dev\DiffusionTool\BerryAIGen.Toolkit\Services\FolderService.cs(1005,40): warning CS8602: Dereference of a possibly null reference. [F:\Berry-Work\dev\DiffusionTool\BerryAIGen.Toolkit\BerryAIGen.Toolkit_b3ao1qf4_wpftmp.csproj]
F:\Berry-Work\dev\DiffusionTool\BerryAIGen.Toolkit\Services\FolderService.cs(1011,50): warning CS8604: Possible null reference argument for parameter 'filename' in 'bool FileUtility.IsValidFilename(string filename)'. [F:\Berry-Work\dev\DiffusionTool\BerryAIGen.Toolkit\BerryAIGen.Toolkit_b3ao1qf4_wpftmp.csproj]
F:\Berry-Work\dev\DiffusionTool\BerryAIGen.Toolkit\Services\FolderService.cs(1051,32): warning CS8602: Dereference of a possibly null reference. [F:\Berry-Work\dev\DiffusionTool\BerryAIGen.Toolkit\BerryAIGen.Toolkit_b3ao1qf4_wpftmp.csproj]
F:\Berry-Work\dev\DiffusionTool\BerryAIGen.Toolkit\Services\FolderService.cs(1055,17): warning CS8602: Dereference of a possibly null reference. [F:\Berry-Work\dev\DiffusionTool\BerryAIGen.Toolkit\BerryAIGen.Toolkit_b3ao1qf4_wpftmp.csproj]
F:\Berry-Work\dev\DiffusionTool\BerryAIGen.Toolkit\Services\FolderService.cs(1061,17): warning CS8602: Dereference of a possibly null reference. [F:\Berry-Work\dev\DiffusionTool\BerryAIGen.Toolkit\BerryAIGen.Toolkit_b3ao1qf4_wpftmp.csproj]
F:\Berry-Work\dev\DiffusionTool\BerryAIGen.Toolkit\MainWindow.xaml.cs(1082,42): warning CS8602: Dereference of a possibly null reference. [F:\Berry-Work\dev\DiffusionTool\BerryAIGen.Toolkit\BerryAIGen.Toolkit_b3ao1qf4_wpftmp.csproj]
F:\Berry-Work\dev\DiffusionTool\BerryAIGen.Toolkit\MainWindow.xaml.cs(1136,43): warning CS8602: Dereference of a possibly null reference. [F:\Berry-Work\dev\DiffusionTool\BerryAIGen.Toolkit\BerryAIGen.Toolkit_b3ao1qf4_wpftmp.csproj]
F:\Berry-Work\dev\DiffusionTool\BerryAIGen.Toolkit\MainWindow.xaml.cs(1178,27): warning CS8602: Dereference of a possibly null reference. [F:\Berry-Work\dev\DiffusionTool\BerryAIGen.Toolkit\BerryAIGen.Toolkit_b3ao1qf4_wpftmp.csproj]
F:\Berry-Work\dev\DiffusionTool\BerryAIGen.Toolkit\MainWindow.xaml.cs(1185,23): warning CS8602: Dereference of a possibly null reference. [F:\Berry-Work\dev\DiffusionTool\BerryAIGen.Toolkit\BerryAIGen.Toolkit_b3ao1qf4_wpftmp.csproj]
F:\Berry-Work\dev\DiffusionTool\BerryAIGen.Toolkit\Services\FolderService.cs(1072,32): warning CS8602: Dereference of a possibly null reference. [F:\Berry-Work\dev\DiffusionTool\BerryAIGen.Toolkit\BerryAIGen.Toolkit_b3ao1qf4_wpftmp.csproj]
F:\Berry-Work\dev\DiffusionTool\BerryAIGen.Toolkit\Services\FolderService.cs(1076,17): warning CS8602: Dereference of a possibly null reference. [F:\Berry-Work\dev\DiffusionTool\BerryAIGen.Toolkit\BerryAIGen.Toolkit_b3ao1qf4_wpftmp.csproj]
F:\Berry-Work\dev\DiffusionTool\BerryAIGen.Toolkit\Services\FolderService.cs(1082,17): warning CS8602: Dereference of a possibly null reference. [F:\Berry-Work\dev\DiffusionTool\BerryAIGen.Toolkit\BerryAIGen.Toolkit_b3ao1qf4_wpftmp.csproj]
F:\Berry-Work\dev\DiffusionTool\BerryAIGen.Toolkit\Pages\Search.xaml.cs(1384,28): warning CS8602: Dereference of a possibly null reference. [F:\Berry-Work\dev\DiffusionTool\BerryAIGen.Toolkit\BerryAIGen.Toolkit_b3ao1qf4_wpftmp.csproj]
F:\Berry-Work\dev\DiffusionTool\BerryAIGen.Toolkit\Pages\Search.xaml.cs(1392,34): warning CS8602: Dereference of a possibly null reference. [F:\Berry-Work\dev\DiffusionTool\BerryAIGen.Toolkit\BerryAIGen.Toolkit_b3ao1qf4_wpftmp.csproj]
F:\Berry-Work\dev\DiffusionTool\BerryAIGen.Toolkit\Services\FolderService.cs(1093,43): warning CS8602: Dereference of a possibly null reference. [F:\Berry-Work\dev\DiffusionTool\BerryAIGen.Toolkit\BerryAIGen.Toolkit_b3ao1qf4_wpftmp.csproj]
F:\Berry-Work\dev\DiffusionTool\BerryAIGen.Toolkit\Services\FolderService.cs(1098,44): warning CS8604: Possible null reference argument for parameter 'path1' in 'string Path.Combine(string path1, string path2)'. [F:\Berry-Work\dev\DiffusionTool\BerryAIGen.Toolkit\BerryAIGen.Toolkit_b3ao1qf4_wpftmp.csproj]
F:\Berry-Work\dev\DiffusionTool\BerryAIGen.Toolkit\Services\FolderService.cs(1098,56): warning CS8604: Possible null reference argument for parameter 'path2' in 'string Path.Combine(string path1, string path2)'. [F:\Berry-Work\dev\DiffusionTool\BerryAIGen.Toolkit\BerryAIGen.Toolkit_b3ao1qf4_wpftmp.csproj]
F:\Berry-Work\dev\DiffusionTool\BerryAIGen.Toolkit\Services\FolderService.cs(1126,21): warning CS8602: Dereference of a possibly null reference. [F:\Berry-Work\dev\DiffusionTool\BerryAIGen.Toolkit\BerryAIGen.Toolkit_b3ao1qf4_wpftmp.csproj]
F:\Berry-Work\dev\DiffusionTool\BerryAIGen.Toolkit\Services\FolderService.cs(1130,34): warning CS8602: Dereference of a possibly null reference. [F:\Berry-Work\dev\DiffusionTool\BerryAIGen.Toolkit\BerryAIGen.Toolkit_b3ao1qf4_wpftmp.csproj]
F:\Berry-Work\dev\DiffusionTool\BerryAIGen.Toolkit\Services\FolderService.cs(1146,29): warning CS8602: Dereference of a possibly null reference. [F:\Berry-Work\dev\DiffusionTool\BerryAIGen.Toolkit\BerryAIGen.Toolkit_b3ao1qf4_wpftmp.csproj]
F:\Berry-Work\dev\DiffusionTool\BerryAIGen.Toolkit\MainWindow.xaml.Events.cs(88,74): warning CS8622: Nullability of reference types in type of parameter 'o' of 'Task MainWindow.CleanRemovedFolders(object o)' doesn't match the target delegate 'Func<object?, Task>' (possibly because of nullability attributes). [F:\Berry-Work\dev\DiffusionTool\BerryAIGen.Toolkit\BerryAIGen.Toolkit_b3ao1qf4_wpftmp.csproj]
F:\Berry-Work\dev\DiffusionTool\BerryAIGen.Toolkit\MainWindow.xaml.Events.cs(90,71): warning CS8622: Nullability of reference types in type of parameter 'o' of 'Task MainWindow.UnavailableFiles(object o)' doesn't match the target delegate 'Func<object?, Task>' (possibly because of nullability attributes). [F:\Berry-Work\dev\DiffusionTool\BerryAIGen.Toolkit\BerryAIGen.Toolkit_b3ao1qf4_wpftmp.csproj]
F:\Berry-Work\dev\DiffusionTool\BerryAIGen.Toolkit\Services\FolderService.cs(1185,35): warning CS8602: Dereference of a possibly null reference. [F:\Berry-Work\dev\DiffusionTool\BerryAIGen.Toolkit\BerryAIGen.Toolkit_b3ao1qf4_wpftmp.csproj]
F:\Berry-Work\dev\DiffusionTool\BerryAIGen.Toolkit\Services\FolderService.cs(1290,17): warning CS8602: Dereference of a possibly null reference. [F:\Berry-Work\dev\DiffusionTool\BerryAIGen.Toolkit\BerryAIGen.Toolkit_b3ao1qf4_wpftmp.csproj]
F:\Berry-Work\dev\DiffusionTool\BerryAIGen.Toolkit\Services\FolderService.cs(1292,37): warning CS8602: Dereference of a possibly null reference. [F:\Berry-Work\dev\DiffusionTool\BerryAIGen.Toolkit\BerryAIGen.Toolkit_b3ao1qf4_wpftmp.csproj]
F:\Berry-Work\dev\DiffusionTool\BerryAIGen.Toolkit\Services\FolderService.cs(1294,28): warning CS8602: Dereference of a possibly null reference. [F:\Berry-Work\dev\DiffusionTool\BerryAIGen.Toolkit\BerryAIGen.Toolkit_b3ao1qf4_wpftmp.csproj]
F:\Berry-Work\dev\DiffusionTool\BerryAIGen.Toolkit\Services\FolderService.cs(1296,42): warning CS8600: Converting null literal or possible null value to non-nullable type. [F:\Berry-Work\dev\DiffusionTool\BerryAIGen.Toolkit\BerryAIGen.Toolkit_b3ao1qf4_wpftmp.csproj]
F:\Berry-Work\dev\DiffusionTool\BerryAIGen.Toolkit\Services\FolderService.cs(1308,66): warning CS8604: Possible null reference argument for parameter 'path' in 'void SearchService.ExecuteOpenPath(string path)'. [F:\Berry-Work\dev\DiffusionTool\BerryAIGen.Toolkit\BerryAIGen.Toolkit_b3ao1qf4_wpftmp.csproj]
F:\Berry-Work\dev\DiffusionTool\BerryAIGen.Toolkit\Services\FolderService.cs(1296,33): warning CS0219: The variable 'folder' is assigned but its value is never used [F:\Berry-Work\dev\DiffusionTool\BerryAIGen.Toolkit\BerryAIGen.Toolkit_b3ao1qf4_wpftmp.csproj]
F:\Berry-Work\dev\DiffusionTool\BerryAIGen.Toolkit\Services\FolderService.cs(1317,20): warning CS8602: Dereference of a possibly null reference. [F:\Berry-Work\dev\DiffusionTool\BerryAIGen.Toolkit\BerryAIGen.Toolkit_b3ao1qf4_wpftmp.csproj]
F:\Berry-Work\dev\DiffusionTool\BerryAIGen.Toolkit\Services\FolderService.cs(1325,21): warning CS8602: Dereference of a possibly null reference. [F:\Berry-Work\dev\DiffusionTool\BerryAIGen.Toolkit\BerryAIGen.Toolkit_b3ao1qf4_wpftmp.csproj]
F:\Berry-Work\dev\DiffusionTool\BerryAIGen.Toolkit\Services\FolderService.cs(1334,21): warning CS8602: Dereference of a possibly null reference. [F:\Berry-Work\dev\DiffusionTool\BerryAIGen.Toolkit\BerryAIGen.Toolkit_b3ao1qf4_wpftmp.csproj]
F:\Berry-Work\dev\DiffusionTool\BerryAIGen.Toolkit\MainWindow.xaml.Events.cs(271,21): warning CS8602: Dereference of a possibly null reference. [F:\Berry-Work\dev\DiffusionTool\BerryAIGen.Toolkit\BerryAIGen.Toolkit_b3ao1qf4_wpftmp.csproj]
F:\Berry-Work\dev\DiffusionTool\BerryAIGen.Toolkit\MainWindow.xaml.Events.cs(298,21): warning CS8602: Dereference of a possibly null reference. [F:\Berry-Work\dev\DiffusionTool\BerryAIGen.Toolkit\BerryAIGen.Toolkit_b3ao1qf4_wpftmp.csproj]
F:\Berry-Work\dev\DiffusionTool\BerryAIGen.Toolkit\MainWindow.xaml.Events.cs(311,86): warning CS8625: Cannot convert null literal to non-nullable reference type. [F:\Berry-Work\dev\DiffusionTool\BerryAIGen.Toolkit\BerryAIGen.Toolkit_b3ao1qf4_wpftmp.csproj]
F:\Berry-Work\dev\DiffusionTool\BerryAIGen.Toolkit\MainWindow.xaml.Events.cs(381,79): warning CS8604: Possible null reference argument for parameter 'name' in 'CultureInfo.CultureInfo(string name)'. [F:\Berry-Work\dev\DiffusionTool\BerryAIGen.Toolkit\BerryAIGen.Toolkit_b3ao1qf4_wpftmp.csproj]
F:\Berry-Work\dev\DiffusionTool\BerryAIGen.Toolkit\MainWindow.xaml.Events.cs(390,89): warning CS8604: Possible null reference argument for parameter 's' in 'int int.Parse(string s)'. [F:\Berry-Work\dev\DiffusionTool\BerryAIGen.Toolkit\BerryAIGen.Toolkit_b3ao1qf4_wpftmp.csproj]
F:\Berry-Work\dev\DiffusionTool\BerryAIGen.Toolkit\MainWindow.xaml.Events.cs(395,38): warning CS8602: Dereference of a possibly null reference. [F:\Berry-Work\dev\DiffusionTool\BerryAIGen.Toolkit\BerryAIGen.Toolkit_b3ao1qf4_wpftmp.csproj]
F:\Berry-Work\dev\DiffusionTool\BerryAIGen.Toolkit\MainWindow.xaml.Events.cs(413,84): warning CS8604: Possible null reference argument for parameter 'oldName' in 'Task<(bool, NamePath?)> FolderService.ShowRenameFolderDialog(string oldName, string oldPath)'. [F:\Berry-Work\dev\DiffusionTool\BerryAIGen.Toolkit\BerryAIGen.Toolkit_b3ao1qf4_wpftmp.csproj]
F:\Berry-Work\dev\DiffusionTool\BerryAIGen.Toolkit\MainWindow.xaml.Events.cs(418,43): warning CS8602: Dereference of a possibly null reference. [F:\Berry-Work\dev\DiffusionTool\BerryAIGen.Toolkit\BerryAIGen.Toolkit_b3ao1qf4_wpftmp.csproj]
F:\Berry-Work\dev\DiffusionTool\BerryAIGen.Toolkit\MainWindow.xaml.Folders.cs(25,17): warning CS4014: Because this call is not awaited, execution of the current method continues before the call is completed. Consider applying the 'await' operator to the result of the call. [F:\Berry-Work\dev\DiffusionTool\BerryAIGen.Toolkit\BerryAIGen.Toolkit_b3ao1qf4_wpftmp.csproj]
F:\Berry-Work\dev\DiffusionTool\BerryAIGen.Toolkit\MainWindow.xaml.Folders.cs(35,17): warning CS4014: Because this call is not awaited, execution of the current method continues before the call is completed. Consider applying the 'await' operator to the result of the call. [F:\Berry-Work\dev\DiffusionTool\BerryAIGen.Toolkit\BerryAIGen.Toolkit_b3ao1qf4_wpftmp.csproj]
F:\Berry-Work\dev\DiffusionTool\BerryAIGen.Toolkit\MainWindow.xaml.Folders.cs(40,75): warning CS8604: Possible null reference argument for parameter 'parentFolder' in 'Task FolderService.ShowCreateFolderDialog(FolderViewModel parentFolder)'. [F:\Berry-Work\dev\DiffusionTool\BerryAIGen.Toolkit\BerryAIGen.Toolkit_b3ao1qf4_wpftmp.csproj]
F:\Berry-Work\dev\DiffusionTool\BerryAIGen.Toolkit\MainWindow.xaml.Folders.cs(46,75): warning CS8602: Dereference of a possibly null reference. [F:\Berry-Work\dev\DiffusionTool\BerryAIGen.Toolkit\BerryAIGen.Toolkit_b3ao1qf4_wpftmp.csproj]
F:\Berry-Work\dev\DiffusionTool\BerryAIGen.Toolkit\MainWindow.xaml.Folders.cs(51,21): warning CS8602: Dereference of a possibly null reference. [F:\Berry-Work\dev\DiffusionTool\BerryAIGen.Toolkit\BerryAIGen.Toolkit_b3ao1qf4_wpftmp.csproj]
F:\Berry-Work\dev\DiffusionTool\BerryAIGen.Toolkit\MainWindow.xaml.Folders.cs(80,25): warning CS8602: Dereference of a possibly null reference. [F:\Berry-Work\dev\DiffusionTool\BerryAIGen.Toolkit\BerryAIGen.Toolkit_b3ao1qf4_wpftmp.csproj]
F:\Berry-Work\dev\DiffusionTool\BerryAIGen.Toolkit\MainWindow.xaml.Folders.cs(95,25): warning CS8602: Dereference of a possibly null reference. [F:\Berry-Work\dev\DiffusionTool\BerryAIGen.Toolkit\BerryAIGen.Toolkit_b3ao1qf4_wpftmp.csproj]
F:\Berry-Work\dev\DiffusionTool\BerryAIGen.Toolkit\MainWindow.xaml.Folders.cs(117,17): warning CS8602: Dereference of a possibly null reference. [F:\Berry-Work\dev\DiffusionTool\BerryAIGen.Toolkit\BerryAIGen.Toolkit_b3ao1qf4_wpftmp.csproj]
F:\Berry-Work\dev\DiffusionTool\BerryAIGen.Toolkit\MainWindow.xaml.Folders.cs(135,17): warning CS8602: Dereference of a possibly null reference. [F:\Berry-Work\dev\DiffusionTool\BerryAIGen.Toolkit\BerryAIGen.Toolkit_b3ao1qf4_wpftmp.csproj]
F:\Berry-Work\dev\DiffusionTool\BerryAIGen.Toolkit\Pages\Search.xaml.cs(1447,25): warning CS8602: Dereference of a possibly null reference. [F:\Berry-Work\dev\DiffusionTool\BerryAIGen.Toolkit\BerryAIGen.Toolkit_b3ao1qf4_wpftmp.csproj]
F:\Berry-Work\dev\DiffusionTool\BerryAIGen.Toolkit\Pages\Search.xaml.cs(1449,21): warning CS8602: Dereference of a possibly null reference. [F:\Berry-Work\dev\DiffusionTool\BerryAIGen.Toolkit\BerryAIGen.Toolkit_b3ao1qf4_wpftmp.csproj]
F:\Berry-Work\dev\DiffusionTool\BerryAIGen.Toolkit\Pages\Search.xaml.cs(1449,21): warning CS8602: Dereference of a possibly null reference. [F:\Berry-Work\dev\DiffusionTool\BerryAIGen.Toolkit\BerryAIGen.Toolkit_b3ao1qf4_wpftmp.csproj]
F:\Berry-Work\dev\DiffusionTool\BerryAIGen.Toolkit\Pages\Search.xaml.cs(1537,49): warning CS8602: Dereference of a possibly null reference. [F:\Berry-Work\dev\DiffusionTool\BerryAIGen.Toolkit\BerryAIGen.Toolkit_b3ao1qf4_wpftmp.csproj]
F:\Berry-Work\dev\DiffusionTool\BerryAIGen.Toolkit\Pages\Search.xaml.cs(1660,31): warning CS8600: Converting null literal or possible null value to non-nullable type. [F:\Berry-Work\dev\DiffusionTool\BerryAIGen.Toolkit\BerryAIGen.Toolkit_b3ao1qf4_wpftmp.csproj]
F:\Berry-Work\dev\DiffusionTool\BerryAIGen.Toolkit\Pages\Search.xaml.cs(1666,67): warning CS8602: Dereference of a possibly null reference. [F:\Berry-Work\dev\DiffusionTool\BerryAIGen.Toolkit\BerryAIGen.Toolkit_b3ao1qf4_wpftmp.csproj]
F:\Berry-Work\dev\DiffusionTool\BerryAIGen.Toolkit\MainWindow.xaml.Models.cs(42,38): warning CS8619: Nullability of reference types in value of type 'IOrderedEnumerable<string?>' doesn't match target type 'IEnumerable<string>'. [F:\Berry-Work\dev\DiffusionTool\BerryAIGen.Toolkit\BerryAIGen.Toolkit_b3ao1qf4_wpftmp.csproj]
F:\Berry-Work\dev\DiffusionTool\BerryAIGen.Toolkit\Pages\Search.xaml.cs(1703,21): warning CS8602: Dereference of a possibly null reference. [F:\Berry-Work\dev\DiffusionTool\BerryAIGen.Toolkit\BerryAIGen.Toolkit_b3ao1qf4_wpftmp.csproj]
F:\Berry-Work\dev\DiffusionTool\BerryAIGen.Toolkit\Pages\Search.xaml.cs(1717,13): warning CS8602: Dereference of a possibly null reference. [F:\Berry-Work\dev\DiffusionTool\BerryAIGen.Toolkit\BerryAIGen.Toolkit_b3ao1qf4_wpftmp.csproj]
F:\Berry-Work\dev\DiffusionTool\BerryAIGen.Toolkit\Pages\Search.xaml.cs(1719,36): warning CS8619: Nullability of reference types in value of type 'ObservableCollection<string?>' doesn't match target type 'ObservableCollection<string>'. [F:\Berry-Work\dev\DiffusionTool\BerryAIGen.Toolkit\BerryAIGen.Toolkit_b3ao1qf4_wpftmp.csproj]
F:\Berry-Work\dev\DiffusionTool\BerryAIGen.Toolkit\MainWindow.xaml.Models.cs(50,38): warning CS8604: Possible null reference argument for parameter 'source' in 'IEnumerable<ModelViewModel> Enumerable.Where<ModelViewModel>(IEnumerable<ModelViewModel> source, Func<ModelViewModel, bool> predicate)'. [F:\Berry-Work\dev\DiffusionTool\BerryAIGen.Toolkit\BerryAIGen.Toolkit_b3ao1qf4_wpftmp.csproj]
F:\Berry-Work\dev\DiffusionTool\BerryAIGen.Toolkit\Pages\Search.xaml.cs(1750,13): warning CS8602: Dereference of a possibly null reference. [F:\Berry-Work\dev\DiffusionTool\BerryAIGen.Toolkit\BerryAIGen.Toolkit_b3ao1qf4_wpftmp.csproj]
F:\Berry-Work\dev\DiffusionTool\BerryAIGen.Toolkit\Pages\Search.xaml.cs(1810,84): warning CS8602: Dereference of a possibly null reference. [F:\Berry-Work\dev\DiffusionTool\BerryAIGen.Toolkit\BerryAIGen.Toolkit_b3ao1qf4_wpftmp.csproj]
F:\Berry-Work\dev\DiffusionTool\BerryAIGen.Toolkit\Pages\Search.xaml.cs(1835,69): warning CS8602: Dereference of a possibly null reference. [F:\Berry-Work\dev\DiffusionTool\BerryAIGen.Toolkit\BerryAIGen.Toolkit_b3ao1qf4_wpftmp.csproj]
F:\Berry-Work\dev\DiffusionTool\BerryAIGen.Toolkit\Pages\Search.xaml.cs(1856,29): warning CS8602: Dereference of a possibly null reference. [F:\Berry-Work\dev\DiffusionTool\BerryAIGen.Toolkit\BerryAIGen.Toolkit_b3ao1qf4_wpftmp.csproj]
F:\Berry-Work\dev\DiffusionTool\BerryAIGen.Toolkit\Pages\Search.xaml.cs(1857,25): warning CS8604: Possible null reference argument for parameter 'source' in 'ImageEntry? Enumerable.FirstOrDefault<ImageEntry>(IEnumerable<ImageEntry> source, Func<ImageEntry, bool> predicate)'. [F:\Berry-Work\dev\DiffusionTool\BerryAIGen.Toolkit\BerryAIGen.Toolkit_b3ao1qf4_wpftmp.csproj]
F:\Berry-Work\dev\DiffusionTool\BerryAIGen.Toolkit\MainWindow.xaml.Models.cs(187,46): warning CS8602: Dereference of a possibly null reference. [F:\Berry-Work\dev\DiffusionTool\BerryAIGen.Toolkit\BerryAIGen.Toolkit_b3ao1qf4_wpftmp.csproj]
F:\Berry-Work\dev\DiffusionTool\BerryAIGen.Toolkit\MainWindow.xaml.Models.cs(179,17): warning CS0219: The variable 'totalModels' is assigned but its value is never used [F:\Berry-Work\dev\DiffusionTool\BerryAIGen.Toolkit\BerryAIGen.Toolkit_b3ao1qf4_wpftmp.csproj]
F:\Berry-Work\dev\DiffusionTool\BerryAIGen.Toolkit\Pages\Search.xaml.cs(1944,13): warning CS8602: Dereference of a possibly null reference. [F:\Berry-Work\dev\DiffusionTool\BerryAIGen.Toolkit\BerryAIGen.Toolkit_b3ao1qf4_wpftmp.csproj]
F:\Berry-Work\dev\DiffusionTool\BerryAIGen.Toolkit\Pages\Search.xaml.cs(1962,13): warning CS8602: Dereference of a possibly null reference. [F:\Berry-Work\dev\DiffusionTool\BerryAIGen.Toolkit\BerryAIGen.Toolkit_b3ao1qf4_wpftmp.csproj]
F:\Berry-Work\dev\DiffusionTool\BerryAIGen.Toolkit\Pages\Search.xaml.cs(1962,83): warning CS8602: Dereference of a possibly null reference. [F:\Berry-Work\dev\DiffusionTool\BerryAIGen.Toolkit\BerryAIGen.Toolkit_b3ao1qf4_wpftmp.csproj]
F:\Berry-Work\dev\DiffusionTool\BerryAIGen.Toolkit\Pages\Search.xaml.cs(1978,13): warning CS8602: Dereference of a possibly null reference. [F:\Berry-Work\dev\DiffusionTool\BerryAIGen.Toolkit\BerryAIGen.Toolkit_b3ao1qf4_wpftmp.csproj]
F:\Berry-Work\dev\DiffusionTool\BerryAIGen.Toolkit\MainWindow.xaml.Portable.cs(124,34): warning CS8604: Possible null reference argument for parameter 'source' in 'void TypeHelpers.Copy(object source, object dest)'. [F:\Berry-Work\dev\DiffusionTool\BerryAIGen.Toolkit\BerryAIGen.Toolkit_b3ao1qf4_wpftmp.csproj]
F:\Berry-Work\dev\DiffusionTool\BerryAIGen.Toolkit\Pages\Search.xaml.cs(1992,37): warning CS8602: Dereference of a possibly null reference. [F:\Berry-Work\dev\DiffusionTool\BerryAIGen.Toolkit\BerryAIGen.Toolkit_b3ao1qf4_wpftmp.csproj]
F:\Berry-Work\dev\DiffusionTool\BerryAIGen.Toolkit\Pages\Search.xaml.cs(2007,46): warning CS8602: Dereference of a possibly null reference. [F:\Berry-Work\dev\DiffusionTool\BerryAIGen.Toolkit\BerryAIGen.Toolkit_b3ao1qf4_wpftmp.csproj]
F:\Berry-Work\dev\DiffusionTool\BerryAIGen.Toolkit\Pages\Search.xaml.Events.cs(39,33): warning CS8602: Dereference of a possibly null reference. [F:\Berry-Work\dev\DiffusionTool\BerryAIGen.Toolkit\BerryAIGen.Toolkit_b3ao1qf4_wpftmp.csproj]
F:\Berry-Work\dev\DiffusionTool\BerryAIGen.Toolkit\Pages\Search.xaml.Events.cs(55,34): warning CS8602: Dereference of a possibly null reference. [F:\Berry-Work\dev\DiffusionTool\BerryAIGen.Toolkit\BerryAIGen.Toolkit_b3ao1qf4_wpftmp.csproj]
F:\Berry-Work\dev\DiffusionTool\BerryAIGen.Toolkit\MainWindow.xaml.Queries.cs(52,99): warning CS8602: Dereference of a possibly null reference. [F:\Berry-Work\dev\DiffusionTool\BerryAIGen.Toolkit\BerryAIGen.Toolkit_b3ao1qf4_wpftmp.csproj]
F:\Berry-Work\dev\DiffusionTool\BerryAIGen.Toolkit\MainWindow.xaml.Queries.cs(64,125): warning CS8602: Dereference of a possibly null reference. [F:\Berry-Work\dev\DiffusionTool\BerryAIGen.Toolkit\BerryAIGen.Toolkit_b3ao1qf4_wpftmp.csproj]
F:\Berry-Work\dev\DiffusionTool\BerryAIGen.Toolkit\MainWindow.xaml.Queries.cs(66,24): warning CS8602: Dereference of a possibly null reference. [F:\Berry-Work\dev\DiffusionTool\BerryAIGen.Toolkit\BerryAIGen.Toolkit_b3ao1qf4_wpftmp.csproj]
F:\Berry-Work\dev\DiffusionTool\BerryAIGen.Toolkit\Pages\Search.xaml.Events.cs(64,32): warning CS8602: Dereference of a possibly null reference. [F:\Berry-Work\dev\DiffusionTool\BerryAIGen.Toolkit\BerryAIGen.Toolkit_b3ao1qf4_wpftmp.csproj]
F:\Berry-Work\dev\DiffusionTool\BerryAIGen.Toolkit\Pages\Search.xaml.Events.cs(78,35): warning CS8602: Dereference of a possibly null reference. [F:\Berry-Work\dev\DiffusionTool\BerryAIGen.Toolkit\BerryAIGen.Toolkit_b3ao1qf4_wpftmp.csproj]
F:\Berry-Work\dev\DiffusionTool\BerryAIGen.Toolkit\Pages\Search.xaml.Events.cs(98,40): warning CS8604: Possible null reference argument for parameter 'obj' in 'void Action<ImageViewModel>.Invoke(ImageViewModel obj)'. [F:\Berry-Work\dev\DiffusionTool\BerryAIGen.Toolkit\BerryAIGen.Toolkit_b3ao1qf4_wpftmp.csproj]
F:\Berry-Work\dev\DiffusionTool\BerryAIGen.Toolkit\MainWindow.xaml.Queries.cs(127,13): warning CS8602: Dereference of a possibly null reference. [F:\Berry-Work\dev\DiffusionTool\BerryAIGen.Toolkit\BerryAIGen.Toolkit_b3ao1qf4_wpftmp.csproj]
F:\Berry-Work\dev\DiffusionTool\BerryAIGen.Toolkit\MainWindow.xaml.Scanning.cs(32,30): warning CS8625: Cannot convert null literal to non-nullable reference type. [F:\Berry-Work\dev\DiffusionTool\BerryAIGen.Toolkit\BerryAIGen.Toolkit_b3ao1qf4_wpftmp.csproj]
F:\Berry-Work\dev\DiffusionTool\BerryAIGen.Toolkit\Pages\Search.xaml.Events.cs(144,20): warning CS8603: Possible null reference return. [F:\Berry-Work\dev\DiffusionTool\BerryAIGen.Toolkit\BerryAIGen.Toolkit_b3ao1qf4_wpftmp.csproj]
F:\Berry-Work\dev\DiffusionTool\BerryAIGen.Toolkit\MainWindow.xaml.Scanning.cs(52,30): warning CS8625: Cannot convert null literal to non-nullable reference type. [F:\Berry-Work\dev\DiffusionTool\BerryAIGen.Toolkit\BerryAIGen.Toolkit_b3ao1qf4_wpftmp.csproj]
F:\Berry-Work\dev\DiffusionTool\BerryAIGen.Toolkit\Pages\Search.xaml.Events.cs(187,13): warning CS8602: Dereference of a possibly null reference. [F:\Berry-Work\dev\DiffusionTool\BerryAIGen.Toolkit\BerryAIGen.Toolkit_b3ao1qf4_wpftmp.csproj]
F:\Berry-Work\dev\DiffusionTool\BerryAIGen.Toolkit\Pages\Search.xaml.Events.cs(196,21): warning CS8602: Dereference of a possibly null reference. [F:\Berry-Work\dev\DiffusionTool\BerryAIGen.Toolkit\BerryAIGen.Toolkit_b3ao1qf4_wpftmp.csproj]
F:\Berry-Work\dev\DiffusionTool\BerryAIGen.Toolkit\Pages\Search.xaml.Folders.cs(49,52): warning CS8602: Dereference of a possibly null reference. [F:\Berry-Work\dev\DiffusionTool\BerryAIGen.Toolkit\BerryAIGen.Toolkit_b3ao1qf4_wpftmp.csproj]
F:\Berry-Work\dev\DiffusionTool\BerryAIGen.Toolkit\Pages\Search.xaml.Folders.cs(78,24): warning CS8602: Dereference of a possibly null reference. [F:\Berry-Work\dev\DiffusionTool\BerryAIGen.Toolkit\BerryAIGen.Toolkit_b3ao1qf4_wpftmp.csproj]
F:\Berry-Work\dev\DiffusionTool\BerryAIGen.Toolkit\Pages\Search.xaml.Folders.cs(129,22): warning CS8602: Dereference of a possibly null reference. [F:\Berry-Work\dev\DiffusionTool\BerryAIGen.Toolkit\BerryAIGen.Toolkit_b3ao1qf4_wpftmp.csproj]
F:\Berry-Work\dev\DiffusionTool\BerryAIGen.Toolkit\MainWindow.xaml.Scanning.cs(120,45): warning CS8604: Possible null reference argument for parameter 'key' in 'bool Dictionary<string, Folder>.TryGetValue(string key, out Folder value)'. [F:\Berry-Work\dev\DiffusionTool\BerryAIGen.Toolkit\BerryAIGen.Toolkit_b3ao1qf4_wpftmp.csproj]
F:\Berry-Work\dev\DiffusionTool\BerryAIGen.Toolkit\MainWindow.xaml.Scanning.cs(151,13): warning CS8602: Dereference of a possibly null reference. [F:\Berry-Work\dev\DiffusionTool\BerryAIGen.Toolkit\BerryAIGen.Toolkit_b3ao1qf4_wpftmp.csproj]
F:\Berry-Work\dev\DiffusionTool\BerryAIGen.Toolkit\MainWindow.xaml.Scanning.cs(169,17): warning CS8602: Dereference of a possibly null reference. [F:\Berry-Work\dev\DiffusionTool\BerryAIGen.Toolkit\BerryAIGen.Toolkit_b3ao1qf4_wpftmp.csproj]
F:\Berry-Work\dev\DiffusionTool\BerryAIGen.Toolkit\Pages\Search.xaml.Folders.cs(159,58): warning CS8604: Possible null reference argument for parameter 'item' in 'bool List<FolderViewModel>.Contains(FolderViewModel item)'. [F:\Berry-Work\dev\DiffusionTool\BerryAIGen.Toolkit\BerryAIGen.Toolkit_b3ao1qf4_wpftmp.csproj]
F:\Berry-Work\dev\DiffusionTool\BerryAIGen.Toolkit\Pages\Search.xaml.Folders.cs(241,35): warning CS8602: Dereference of a possibly null reference. [F:\Berry-Work\dev\DiffusionTool\BerryAIGen.Toolkit\BerryAIGen.Toolkit_b3ao1qf4_wpftmp.csproj]
F:\Berry-Work\dev\DiffusionTool\BerryAIGen.Toolkit\Pages\Search.xaml.Folders.cs(257,26): warning CS8602: Dereference of a possibly null reference. [F:\Berry-Work\dev\DiffusionTool\BerryAIGen.Toolkit\BerryAIGen.Toolkit_b3ao1qf4_wpftmp.csproj]
F:\Berry-Work\dev\DiffusionTool\BerryAIGen.Toolkit\MainWindow.xaml.Scanning.cs(214,21): warning CS8602: Dereference of a possibly null reference. [F:\Berry-Work\dev\DiffusionTool\BerryAIGen.Toolkit\BerryAIGen.Toolkit_b3ao1qf4_wpftmp.csproj]
F:\Berry-Work\dev\DiffusionTool\BerryAIGen.Toolkit\MainWindow.xaml.Scanning.cs(215,21): warning CS8602: Dereference of a possibly null reference. [F:\Berry-Work\dev\DiffusionTool\BerryAIGen.Toolkit\BerryAIGen.Toolkit_b3ao1qf4_wpftmp.csproj]
F:\Berry-Work\dev\DiffusionTool\BerryAIGen.Toolkit\Pages\Search.xaml.Folders.cs(287,21): warning CS8602: Dereference of a possibly null reference. [F:\Berry-Work\dev\DiffusionTool\BerryAIGen.Toolkit\BerryAIGen.Toolkit_b3ao1qf4_wpftmp.csproj]
F:\Berry-Work\dev\DiffusionTool\BerryAIGen.Toolkit\Pages\Search.xaml.Folders.cs(307,21): warning CS8602: Dereference of a possibly null reference. [F:\Berry-Work\dev\DiffusionTool\BerryAIGen.Toolkit\BerryAIGen.Toolkit_b3ao1qf4_wpftmp.csproj]
F:\Berry-Work\dev\DiffusionTool\BerryAIGen.Toolkit\Pages\Search.xaml.Folders.cs(312,30): warning CS0168: The variable 'e' is declared but never used [F:\Berry-Work\dev\DiffusionTool\BerryAIGen.Toolkit\BerryAIGen.Toolkit_b3ao1qf4_wpftmp.csproj]
F:\Berry-Work\dev\DiffusionTool\BerryAIGen.Toolkit\MainWindow.xaml.Scanning.cs(234,13): warning CS8602: Dereference of a possibly null reference. [F:\Berry-Work\dev\DiffusionTool\BerryAIGen.Toolkit\BerryAIGen.Toolkit_b3ao1qf4_wpftmp.csproj]
F:\Berry-Work\dev\DiffusionTool\BerryAIGen.Toolkit\MainWindow.xaml.Scanning.cs(237,13): warning CS8602: Dereference of a possibly null reference. [F:\Berry-Work\dev\DiffusionTool\BerryAIGen.Toolkit\BerryAIGen.Toolkit_b3ao1qf4_wpftmp.csproj]
F:\Berry-Work\dev\DiffusionTool\BerryAIGen.Toolkit\MainWindow.xaml.Scanning.cs(242,35): warning CS8602: Dereference of a possibly null reference. [F:\Berry-Work\dev\DiffusionTool\BerryAIGen.Toolkit\BerryAIGen.Toolkit_b3ao1qf4_wpftmp.csproj]
F:\Berry-Work\dev\DiffusionTool\BerryAIGen.Toolkit\Pages\Search.xaml.Folders.cs(321,31): warning CS8602: Dereference of a possibly null reference. [F:\Berry-Work\dev\DiffusionTool\BerryAIGen.Toolkit\BerryAIGen.Toolkit_b3ao1qf4_wpftmp.csproj]
F:\Berry-Work\dev\DiffusionTool\BerryAIGen.Toolkit\Pages\Search.xaml.Folders.cs(369,43): warning CS8602: Dereference of a possibly null reference. [F:\Berry-Work\dev\DiffusionTool\BerryAIGen.Toolkit\BerryAIGen.Toolkit_b3ao1qf4_wpftmp.csproj]
F:\Berry-Work\dev\DiffusionTool\BerryAIGen.Toolkit\Pages\Search.xaml.Folders.cs(371,30): warning CS8602: Dereference of a possibly null reference. [F:\Berry-Work\dev\DiffusionTool\BerryAIGen.Toolkit\BerryAIGen.Toolkit_b3ao1qf4_wpftmp.csproj]
F:\Berry-Work\dev\DiffusionTool\BerryAIGen.Toolkit\MainWindow.xaml.Tags.cs(27,44): warning CS8602: Dereference of a possibly null reference. [F:\Berry-Work\dev\DiffusionTool\BerryAIGen.Toolkit\BerryAIGen.Toolkit_b3ao1qf4_wpftmp.csproj]
F:\Berry-Work\dev\DiffusionTool\BerryAIGen.Toolkit\MainWindow.xaml.Tags.cs(31,28): warning CS8602: Dereference of a possibly null reference. [F:\Berry-Work\dev\DiffusionTool\BerryAIGen.Toolkit\BerryAIGen.Toolkit_b3ao1qf4_wpftmp.csproj]
F:\Berry-Work\dev\DiffusionTool\BerryAIGen.Toolkit\MainWindow.xaml.Tags.cs(50,44): warning CS8602: Dereference of a possibly null reference. [F:\Berry-Work\dev\DiffusionTool\BerryAIGen.Toolkit\BerryAIGen.Toolkit_b3ao1qf4_wpftmp.csproj]
F:\Berry-Work\dev\DiffusionTool\BerryAIGen.Toolkit\MainWindow.xaml.Tags.cs(50,140): warning CS8602: Dereference of a possibly null reference. [F:\Berry-Work\dev\DiffusionTool\BerryAIGen.Toolkit\BerryAIGen.Toolkit_b3ao1qf4_wpftmp.csproj]
F:\Berry-Work\dev\DiffusionTool\BerryAIGen.Toolkit\MainWindow.xaml.Tags.cs(52,24): warning CS8602: Dereference of a possibly null reference. [F:\Berry-Work\dev\DiffusionTool\BerryAIGen.Toolkit\BerryAIGen.Toolkit_b3ao1qf4_wpftmp.csproj]
F:\Berry-Work\dev\DiffusionTool\BerryAIGen.Toolkit\MainWindow.xaml.Tags.cs(74,127): warning CS8602: Dereference of a possibly null reference. [F:\Berry-Work\dev\DiffusionTool\BerryAIGen.Toolkit\BerryAIGen.Toolkit_b3ao1qf4_wpftmp.csproj]
F:\Berry-Work\dev\DiffusionTool\BerryAIGen.Toolkit\MainWindow.xaml.Toast.cs(20,13): warning CS8602: Dereference of a possibly null reference. [F:\Berry-Work\dev\DiffusionTool\BerryAIGen.Toolkit\BerryAIGen.Toolkit_b3ao1qf4_wpftmp.csproj]
F:\Berry-Work\dev\DiffusionTool\BerryAIGen.Toolkit\Pages\Search.xaml.Folders.cs(514,21): warning CS8602: Dereference of a possibly null reference. [F:\Berry-Work\dev\DiffusionTool\BerryAIGen.Toolkit\BerryAIGen.Toolkit_b3ao1qf4_wpftmp.csproj]
F:\Berry-Work\dev\DiffusionTool\BerryAIGen.Toolkit\Pages\Search.xaml.Folders.cs(527,33): warning CS8602: Dereference of a possibly null reference. [F:\Berry-Work\dev\DiffusionTool\BerryAIGen.Toolkit\BerryAIGen.Toolkit_b3ao1qf4_wpftmp.csproj]
F:\Berry-Work\dev\DiffusionTool\BerryAIGen.Toolkit\Pages\Search.xaml.Folders.cs(544,33): warning CS8602: Dereference of a possibly null reference. [F:\Berry-Work\dev\DiffusionTool\BerryAIGen.Toolkit\BerryAIGen.Toolkit_b3ao1qf4_wpftmp.csproj]
F:\Berry-Work\dev\DiffusionTool\BerryAIGen.Toolkit\Pages\Search.xaml.Navigation.cs(19,31): warning CS8602: Dereference of a possibly null reference. [F:\Berry-Work\dev\DiffusionTool\BerryAIGen.Toolkit\BerryAIGen.Toolkit_b3ao1qf4_wpftmp.csproj]
F:\Berry-Work\dev\DiffusionTool\BerryAIGen.Toolkit\MainWindow.xaml.Tools.cs(38,84): warning CS8625: Cannot convert null literal to non-nullable reference type. [F:\Berry-Work\dev\DiffusionTool\BerryAIGen.Toolkit\BerryAIGen.Toolkit_b3ao1qf4_wpftmp.csproj]
F:\Berry-Work\dev\DiffusionTool\BerryAIGen.Toolkit\MainWindow.xaml.Tools.cs(78,32): warning CS8602: Dereference of a possibly null reference. [F:\Berry-Work\dev\DiffusionTool\BerryAIGen.Toolkit\BerryAIGen.Toolkit_b3ao1qf4_wpftmp.csproj]
F:\Berry-Work\dev\DiffusionTool\BerryAIGen.Toolkit\MainWindow.xaml.Tools.cs(90,17): warning CS8602: Dereference of a possibly null reference. [F:\Berry-Work\dev\DiffusionTool\BerryAIGen.Toolkit\BerryAIGen.Toolkit_b3ao1qf4_wpftmp.csproj]
F:\Berry-Work\dev\DiffusionTool\BerryAIGen.Toolkit\MainWindow.xaml.Tools.cs(252,17): warning CS8602: Dereference of a possibly null reference. [F:\Berry-Work\dev\DiffusionTool\BerryAIGen.Toolkit\BerryAIGen.Toolkit_b3ao1qf4_wpftmp.csproj]
F:\Berry-Work\dev\DiffusionTool\BerryAIGen.Toolkit\PreviewModel.cs(12,18): warning CS0169: The field 'PreviewModel._fitToPreview' is never used [F:\Berry-Work\dev\DiffusionTool\BerryAIGen.Toolkit\BerryAIGen.Toolkit_b3ao1qf4_wpftmp.csproj]
F:\Berry-Work\dev\DiffusionTool\BerryAIGen.Toolkit\Models\ImageEntry.cs(15,20): warning CS0169: The field 'ImageEntry._sizeFormatted' is never used [F:\Berry-Work\dev\DiffusionTool\BerryAIGen.Toolkit\BerryAIGen.Toolkit_b3ao1qf4_wpftmp.csproj]
F:\Berry-Work\dev\DiffusionTool\BerryAIGen.Toolkit\Services\ThumbnailNavigationService.cs(12,31): warning CS0067: The event 'ThumbnailNavigationService.NextPage' is never used [F:\Berry-Work\dev\DiffusionTool\BerryAIGen.Toolkit\BerryAIGen.Toolkit_b3ao1qf4_wpftmp.csproj]
F:\Berry-Work\dev\DiffusionTool\BerryAIGen.Toolkit\Controls\ComfyWorkflow.cs(12,24): warning CS0169: The field 'ComfyWorkflow._workflow' is never used [F:\Berry-Work\dev\DiffusionTool\BerryAIGen.Toolkit\BerryAIGen.Toolkit_b3ao1qf4_wpftmp.csproj]
F:\Berry-Work\dev\DiffusionTool\BerryAIGen.Toolkit\Controls\ThumbnailViewModel.cs(22,20): warning CS0169: The field 'ThumbnailViewModel._modeName' is never used [F:\Berry-Work\dev\DiffusionTool\BerryAIGen.Toolkit\BerryAIGen.Toolkit_b3ao1qf4_wpftmp.csproj]
F:\Berry-Work\dev\DiffusionTool\BerryAIGen.Toolkit\Controls\PreviewPane.xaml.cs(218,35): warning CS0169: The field 'PreviewPane._rate' is never used [F:\Berry-Work\dev\DiffusionTool\BerryAIGen.Toolkit\BerryAIGen.Toolkit_b3ao1qf4_wpftmp.csproj]
F:\Berry-Work\dev\DiffusionTool\BerryAIGen.Toolkit\Localization\JsonLocalizationProvider.cs(101,48): warning CS0067: The event 'JsonLocalizationProvider.ValueChanged' is never used [F:\Berry-Work\dev\DiffusionTool\BerryAIGen.Toolkit\BerryAIGen.Toolkit_b3ao1qf4_wpftmp.csproj]
F:\Berry-Work\dev\DiffusionTool\BerryAIGen.Toolkit\Controls\ThumbnailPanel.cs(69,46): warning CS0169: The field 'ThumbnailPanel._imageEntries' is never used [F:\Berry-Work\dev\DiffusionTool\BerryAIGen.Toolkit\BerryAIGen.Toolkit_b3ao1qf4_wpftmp.csproj]
F:\Berry-Work\dev\DiffusionTool\BerryAIGen.Toolkit\Services\ServiceLocator.cs(28,36): warning CS0169: The field 'ServiceLocator._thumbnailCache' is never used [F:\Berry-Work\dev\DiffusionTool\BerryAIGen.Toolkit\BerryAIGen.Toolkit_b3ao1qf4_wpftmp.csproj]
F:\Berry-Work\dev\DiffusionTool\BerryAIGen.Toolkit\Services\ServiceLocator.cs(23,39): warning CS0169: The field 'ServiceLocator._navigationService' is never used [F:\Berry-Work\dev\DiffusionTool\BerryAIGen.Toolkit\BerryAIGen.Toolkit_b3ao1qf4_wpftmp.csproj]
F:\Berry-Work\dev\DiffusionTool\BerryAIGen.Toolkit\Controls\ThumbnailPaneModel.cs(32,18): warning CS0169: The field 'ThumbnailPaneModel._lastPageEnabled' is never used [F:\Berry-Work\dev\DiffusionTool\BerryAIGen.Toolkit\BerryAIGen.Toolkit_b3ao1qf4_wpftmp.csproj]
F:\Berry-Work\dev\DiffusionTool\BerryAIGen.Toolkit\Models\ImageEntry.cs(14,18): warning CS0169: The field 'ImageEntry._isFolder' is never used [F:\Berry-Work\dev\DiffusionTool\BerryAIGen.Toolkit\BerryAIGen.Toolkit_b3ao1qf4_wpftmp.csproj]
F:\Berry-Work\dev\DiffusionTool\BerryAIGen.Toolkit\Preview.xaml.cs(26,24): warning CS0169: The field 'PreviewWindow._onNext' is never used [F:\Berry-Work\dev\DiffusionTool\BerryAIGen.Toolkit\BerryAIGen.Toolkit_b3ao1qf4_wpftmp.csproj]
F:\Berry-Work\dev\DiffusionTool\BerryAIGen.Toolkit\Controls\ThumbnailViewModel.cs(23,22): warning CS0169: The field 'ThumbnailViewModel._showDropDown' is never used [F:\Berry-Work\dev\DiffusionTool\BerryAIGen.Toolkit\BerryAIGen.Toolkit_b3ao1qf4_wpftmp.csproj]
F:\Berry-Work\dev\DiffusionTool\BerryAIGen.Toolkit\Models\SettingsModel.cs(14,42): warning CS0169: The field 'SettingsModel._imagePaths' is never used [F:\Berry-Work\dev\DiffusionTool\BerryAIGen.Toolkit\BerryAIGen.Toolkit_b3ao1qf4_wpftmp.csproj]
F:\Berry-Work\dev\DiffusionTool\BerryAIGen.Toolkit\Models\MainModel.cs(17,22): warning CS0169: The field 'MainModel._removeMarked' is never used [F:\Berry-Work\dev\DiffusionTool\BerryAIGen.Toolkit\BerryAIGen.Toolkit_b3ao1qf4_wpftmp.csproj]
F:\Berry-Work\dev\DiffusionTool\BerryAIGen.Toolkit\Controls\ThumbnailViewModel.cs(24,22): warning CS0169: The field 'ThumbnailViewModel._hideDropDown' is never used [F:\Berry-Work\dev\DiffusionTool\BerryAIGen.Toolkit\BerryAIGen.Toolkit_b3ao1qf4_wpftmp.csproj]
F:\Berry-Work\dev\DiffusionTool\BerryAIGen.Toolkit\Configuration\Settings.cs(15,26): warning CS0169: The field 'Settings._imagePaths' is never used [F:\Berry-Work\dev\DiffusionTool\BerryAIGen.Toolkit\BerryAIGen.Toolkit_b3ao1qf4_wpftmp.csproj]
F:\Berry-Work\dev\DiffusionTool\BerryAIGen.Toolkit\Services\ServiceLocator.cs(20,36): warning CS0169: The field 'ServiceLocator._messageService' is never used [F:\Berry-Work\dev\DiffusionTool\BerryAIGen.Toolkit\BerryAIGen.Toolkit_b3ao1qf4_wpftmp.csproj]
F:\Berry-Work\dev\DiffusionTool\BerryAIGen.Toolkit\Controls\ThumbnailViewModel.cs(26,22): warning CS0169: The field 'ThumbnailViewModel._showInThumbnails' is never used [F:\Berry-Work\dev\DiffusionTool\BerryAIGen.Toolkit\BerryAIGen.Toolkit_b3ao1qf4_wpftmp.csproj]
F:\Berry-Work\dev\DiffusionTool\BerryAIGen.Toolkit\Models\MainModel.cs(556,17): warning CS0169: The field 'MainModel._progressTarget' is never used [F:\Berry-Work\dev\DiffusionTool\BerryAIGen.Toolkit\BerryAIGen.Toolkit_b3ao1qf4_wpftmp.csproj]
F:\Berry-Work\dev\DiffusionTool\BerryAIGen.Toolkit\Controls\ThumbnailPaneModel.cs(29,18): warning CS0169: The field 'ThumbnailPaneModel._nextEnabled' is never used [F:\Berry-Work\dev\DiffusionTool\BerryAIGen.Toolkit\BerryAIGen.Toolkit_b3ao1qf4_wpftmp.csproj]
F:\Berry-Work\dev\DiffusionTool\BerryAIGen.Toolkit\Configuration\Settings.cs(16,26): warning CS0169: The field 'Settings._excludePaths' is never used [F:\Berry-Work\dev\DiffusionTool\BerryAIGen.Toolkit\BerryAIGen.Toolkit_b3ao1qf4_wpftmp.csproj]
F:\Berry-Work\dev\DiffusionTool\BerryAIGen.Toolkit\Models\SearchModel.cs(38,41): warning CS0169: The field 'SearchModel._albums' is never used [F:\Berry-Work\dev\DiffusionTool\BerryAIGen.Toolkit\BerryAIGen.Toolkit_b3ao1qf4_wpftmp.csproj]
F:\Berry-Work\dev\DiffusionTool\BerryAIGen.Toolkit\Controls\ThumbnailView.xaml.cs(40,36): warning CS0169: The field 'ThumbnailView._albums' is never used [F:\Berry-Work\dev\DiffusionTool\BerryAIGen.Toolkit\BerryAIGen.Toolkit_b3ao1qf4_wpftmp.csproj]
F:\Berry-Work\dev\DiffusionTool\BerryAIGen.Toolkit\Models\SettingsModel.cs(18,18): warning CS0169: The field 'SettingsModel._isFoldersDirty' is never used [F:\Berry-Work\dev\DiffusionTool\BerryAIGen.Toolkit\BerryAIGen.Toolkit_b3ao1qf4_wpftmp.csproj]
F:\Berry-Work\dev\DiffusionTool\BerryAIGen.Toolkit\Services\ServiceLocator.cs(48,34): warning CS0169: The field 'ServiceLocator._toastService' is never used [F:\Berry-Work\dev\DiffusionTool\BerryAIGen.Toolkit\BerryAIGen.Toolkit_b3ao1qf4_wpftmp.csproj]
F:\Berry-Work\dev\DiffusionTool\BerryAIGen.Toolkit\Controls\ThumbnailPaneModel.cs(30,18): warning CS0169: The field 'ThumbnailPaneModel._prevPageEnabled' is never used [F:\Berry-Work\dev\DiffusionTool\BerryAIGen.Toolkit\BerryAIGen.Toolkit_b3ao1qf4_wpftmp.csproj]
F:\Berry-Work\dev\DiffusionTool\BerryAIGen.Toolkit\Models\SettingsModel.cs(16,42): warning CS0169: The field 'SettingsModel._excludePaths' is never used [F:\Berry-Work\dev\DiffusionTool\BerryAIGen.Toolkit\BerryAIGen.Toolkit_b3ao1qf4_wpftmp.csproj]
F:\Berry-Work\dev\DiffusionTool\BerryAIGen.Toolkit\Services\ServiceLocator.cs(27,35): warning CS0169: The field 'ServiceLocator._searchService' is never used [F:\Berry-Work\dev\DiffusionTool\BerryAIGen.Toolkit\BerryAIGen.Toolkit_b3ao1qf4_wpftmp.csproj]
F:\Berry-Work\dev\DiffusionTool\BerryAIGen.Toolkit\Controls\ThumbnailPaneModel.cs(31,18): warning CS0169: The field 'ThumbnailPaneModel._firstPageEnabled' is never used [F:\Berry-Work\dev\DiffusionTool\BerryAIGen.Toolkit\BerryAIGen.Toolkit_b3ao1qf4_wpftmp.csproj]
F:\Berry-Work\dev\DiffusionTool\BerryAIGen.Toolkit\Models\SearchModel.cs(19,32): warning CS0169: The field 'SearchModel._mainModel' is never used [F:\Berry-Work\dev\DiffusionTool\BerryAIGen.Toolkit\BerryAIGen.Toolkit_b3ao1qf4_wpftmp.csproj]
F:\Berry-Work\dev\DiffusionTool\BerryAIGen.Toolkit\Configuration\Settings.cs(17,18): warning CS0169: The field 'Settings._dontShowWelcomeOnStartup' is never used [F:\Berry-Work\dev\DiffusionTool\BerryAIGen.Toolkit\BerryAIGen.Toolkit_b3ao1qf4_wpftmp.csproj]
F:\Berry-Work\dev\DiffusionTool\BerryAIGen.Toolkit\Controls\ThumbnailPanel.cs(68,17): warning CS0169: The field 'ThumbnailPanel._scrollTop' is never used [F:\Berry-Work\dev\DiffusionTool\BerryAIGen.Toolkit\BerryAIGen.Toolkit_b3ao1qf4_wpftmp.csproj]
F:\Berry-Work\dev\DiffusionTool\BerryAIGen.Toolkit\Controls\ThumbnailPaneModel.cs(25,22): warning CS0169: The field 'ThumbnailPaneModel._prevPage' is never used [F:\Berry-Work\dev\DiffusionTool\BerryAIGen.Toolkit\BerryAIGen.Toolkit_b3ao1qf4_wpftmp.csproj]
F:\Berry-Work\dev\DiffusionTool\BerryAIGen.Toolkit\Controls\ThumbnailPaneModel.cs(27,22): warning CS0169: The field 'ThumbnailPaneModel._firstPage' is never used [F:\Berry-Work\dev\DiffusionTool\BerryAIGen.Toolkit\BerryAIGen.Toolkit_b3ao1qf4_wpftmp.csproj]
F:\Berry-Work\dev\DiffusionTool\BerryAIGen.Toolkit\Services\ThumbnailNavigationService.cs(11,31): warning CS0067: The event 'ThumbnailNavigationService.PreviousPage' is never used [F:\Berry-Work\dev\DiffusionTool\BerryAIGen.Toolkit\BerryAIGen.Toolkit_b3ao1qf4_wpftmp.csproj]
F:\Berry-Work\dev\DiffusionTool\BerryAIGen.Toolkit\Controls\ComfyNodeStack.cs(60,17): warning CS0169: The field 'ComfyNodeStack.id' is never used [F:\Berry-Work\dev\DiffusionTool\BerryAIGen.Toolkit\BerryAIGen.Toolkit_b3ao1qf4_wpftmp.csproj]
F:\Berry-Work\dev\DiffusionTool\BerryAIGen.Toolkit\Localization\JsonLocalizationProvider.cs(97,51): warning CS0067: The event 'JsonLocalizationProvider.ProviderChanged' is never used [F:\Berry-Work\dev\DiffusionTool\BerryAIGen.Toolkit\BerryAIGen.Toolkit_b3ao1qf4_wpftmp.csproj]
F:\Berry-Work\dev\DiffusionTool\BerryAIGen.Toolkit\Controls\ThumbnailPaneModel.cs(26,22): warning CS0169: The field 'ThumbnailPaneModel._nextPage' is never used [F:\Berry-Work\dev\DiffusionTool\BerryAIGen.Toolkit\BerryAIGen.Toolkit_b3ao1qf4_wpftmp.csproj]
F:\Berry-Work\dev\DiffusionTool\BerryAIGen.Toolkit\Localization\JsonLocalizationProvider.cs(99,49): warning CS0067: The event 'JsonLocalizationProvider.ProviderError' is never used [F:\Berry-Work\dev\DiffusionTool\BerryAIGen.Toolkit\BerryAIGen.Toolkit_b3ao1qf4_wpftmp.csproj]
F:\Berry-Work\dev\DiffusionTool\BerryAIGen.Toolkit\Controls\ThumbnailPaneModel.cs(28,22): warning CS0169: The field 'ThumbnailPaneModel._lastPage' is never used [F:\Berry-Work\dev\DiffusionTool\BerryAIGen.Toolkit\BerryAIGen.Toolkit_b3ao1qf4_wpftmp.csproj]
F:\Berry-Work\dev\DiffusionTool\BerryAIGen.Toolkit\Controls\ThumbnailViewModel.cs(16,17): warning CS0169: The field 'ThumbnailViewModel._imageCount' is never used [F:\Berry-Work\dev\DiffusionTool\BerryAIGen.Toolkit\BerryAIGen.Toolkit_b3ao1qf4_wpftmp.csproj]
F:\Berry-Work\dev\DiffusionTool\BerryAIGen.Toolkit\Controls\ThumbnailPaneModel.cs(17,17): warning CS0169: The field 'ThumbnailPaneModel._imageCount' is never used [F:\Berry-Work\dev\DiffusionTool\BerryAIGen.Toolkit\BerryAIGen.Toolkit_b3ao1qf4_wpftmp.csproj]
F:\Berry-Work\dev\DiffusionTool\BerryAIGen.Toolkit\Models\ImageEntry.cs(13,18): warning CS0169: The field 'ImageEntry._isAlbum' is never used [F:\Berry-Work\dev\DiffusionTool\BerryAIGen.Toolkit\BerryAIGen.Toolkit_b3ao1qf4_wpftmp.csproj]
F:\Berry-Work\dev\DiffusionTool\BerryAIGen.Toolkit\Controls\ThumbnailPaneModel.cs(33,18): warning CS0169: The field 'ThumbnailPaneModel._fitToPreview' is never used [F:\Berry-Work\dev\DiffusionTool\BerryAIGen.Toolkit\BerryAIGen.Toolkit_b3ao1qf4_wpftmp.csproj]
F:\Berry-Work\dev\DiffusionTool\BerryAIGen.Toolkit\Models\MainModel.cs(24,22): warning CS0169: The field 'MainModel._showSettingsCommand' is never used [F:\Berry-Work\dev\DiffusionTool\BerryAIGen.Toolkit\BerryAIGen.Toolkit_b3ao1qf4_wpftmp.csproj]
F:\Berry-Work\dev\DiffusionTool\BerryAIGen.Toolkit\Services\ServiceLocator.cs(29,38): warning CS0169: The field 'ServiceLocator._thumbnailLoader' is never used [F:\Berry-Work\dev\DiffusionTool\BerryAIGen.Toolkit\BerryAIGen.Toolkit_b3ao1qf4_wpftmp.csproj]
F:\Berry-Work\dev\DiffusionTool\BerryAIGen.Toolkit\Thumbnails\ThumbnailService.cs(45,38): warning CS0169: The field 'ThumbnailService._instance' is never used [F:\Berry-Work\dev\DiffusionTool\BerryAIGen.Toolkit\BerryAIGen.Toolkit_b3ao1qf4_wpftmp.csproj]
F:\Berry-Work\dev\DiffusionTool\BerryAIGen.Toolkit\BorderlessWindow.cs(108,22): warning CS0414: The field 'BorderlessWindow.isManualDrag' is assigned but its value is never used [F:\Berry-Work\dev\DiffusionTool\BerryAIGen.Toolkit\BerryAIGen.Toolkit_b3ao1qf4_wpftmp.csproj]
F:\Berry-Work\dev\DiffusionTool\BerryAIGen.Toolkit\Controls\ThumbnailPanel.cs(97,17): warning CS0414: The field 'ThumbnailPanel.maxSize' is assigned but its value is never used [F:\Berry-Work\dev\DiffusionTool\BerryAIGen.Toolkit\BerryAIGen.Toolkit_b3ao1qf4_wpftmp.csproj]
F:\Berry-Work\dev\DiffusionTool\BerryAIGen.Toolkit\Pages\Search.xaml.Folders.cs(143,22): warning CS0414: The field 'Search._dragStarted' is assigned but its value is never used [F:\Berry-Work\dev\DiffusionTool\BerryAIGen.Toolkit\BerryAIGen.Toolkit_b3ao1qf4_wpftmp.csproj]

Build FAILED.

F:\Berry-Work\dev\DiffusionTool\BerryAIGen.Toolkit\BerryAIGen.Toolkit.csproj : warning NU1701: Package 'FontAwesome.WPF 4.7.0.9' was restored using '.NETFramework,Version=v4.6.1, .NETFramework,Version=v4.6.2, .NETFramework,Version=v4.7, .NETFramework,Version=v4.7.1, .NETFramework,Version=v4.7.2, .NETFramework,Version=v4.8, .NETFramework,Version=v4.8.1' instead of the project target framework 'net8.0-windows7.0'. This package may not be fully compatible with your project. [F:\Berry-Work\dev\DiffusionTool\BerryAIGen.sln]
F:\Berry-Work\dev\DiffusionTool\TestBed\TestBed.csproj : warning NU1701: Package 'FontAwesome.WPF 4.7.0.9' was restored using '.NETFramework,Version=v4.6.1, .NETFramework,Version=v4.6.2, .NETFramework,Version=v4.7, .NETFramework,Version=v4.7.1, .NETFramework,Version=v4.7.2, .NETFramework,Version=v4.8, .NETFramework,Version=v4.8.1' instead of the project target framework 'net8.0-windows7.0'. This package may not be fully compatible with your project. [F:\Berry-Work\dev\DiffusionTool\BerryAIGen.sln]
F:\Berry-Work\dev\DiffusionTool\TestBed\TestBed.csproj : warning NU1701: Package 'FontAwesome.WPF 4.7.0.9' was restored using '.NETFramework,Version=v4.6.1, .NETFramework,Version=v4.6.2, .NETFramework,Version=v4.7, .NETFramework,Version=v4.7.1, .NETFramework,Version=v4.7.2, .NETFramework,Version=v4.8, .NETFramework,Version=v4.8.1' instead of the project target framework 'net8.0-windows7.0'. This package may not be fully compatible with your project.
F:\Berry-Work\dev\DiffusionTool\BerryAIGen.Toolkit\BerryAIGen.Toolkit.csproj : warning NU1701: Package 'FontAwesome.WPF 4.7.0.9' was restored using '.NETFramework,Version=v4.6.1, .NETFramework,Version=v4.6.2, .NETFramework,Version=v4.7, .NETFramework,Version=v4.7.1, .NETFramework,Version=v4.7.2, .NETFramework,Version=v4.8, .NETFramework,Version=v4.8.1' instead of the project target framework 'net8.0-windows7.0'. This package may not be fully compatible with your project.
F:\Berry-Work\dev\DiffusionTool\BerryAIGen.Toolkit\BerryAIGen.Toolkit_b3ao1qf4_wpftmp.csproj : warning NU1701: Package 'FontAwesome.WPF 4.7.0.9' was restored using '.NETFramework,Version=v4.6.1, .NETFramework,Version=v4.6.2, .NETFramework,Version=v4.7, .NETFramework,Version=v4.7.1, .NETFramework,Version=v4.7.2, .NETFramework,Version=v4.8, .NETFramework,Version=v4.8.1' instead of the project target framework 'net8.0-windows7.0'. This package may not be fully compatible with your project.
F:\Berry-Work\dev\DiffusionTool\BerryAIGen.Toolkit\AlbumSortWindow.xaml.cs(6,7): warning CS0105: The using directive for 'BerryAIGen.Toolkit.Common' appeared previously in this namespace [F:\Berry-Work\dev\DiffusionTool\BerryAIGen.Toolkit\BerryAIGen.Toolkit_b3ao1qf4_wpftmp.csproj]
F:\Berry-Work\dev\DiffusionTool\BerryAIGen.Toolkit\Controls\FilterControlModel.cs(16,7): warning CS0105: The using directive for 'BerryAIGen.Toolkit.Common' appeared previously in this namespace [F:\Berry-Work\dev\DiffusionTool\BerryAIGen.Toolkit\BerryAIGen.Toolkit_b3ao1qf4_wpftmp.csproj]
F:\Berry-Work\dev\DiffusionTool\BerryAIGen.Toolkit\Controls\PreviewPane.xaml.cs(5,7): warning CS0105: The using directive for 'BerryAIGen.Toolkit.Common' appeared previously in this namespace [F:\Berry-Work\dev\DiffusionTool\BerryAIGen.Toolkit\BerryAIGen.Toolkit_b3ao1qf4_wpftmp.csproj]
F:\Berry-Work\dev\DiffusionTool\BerryAIGen.Toolkit\Controls\ThumbnailView.xaml.DependencyProperties.cs(9,7): warning CS0105: The using directive for 'BerryAIGen.Toolkit.Common' appeared previously in this namespace [F:\Berry-Work\dev\DiffusionTool\BerryAIGen.Toolkit\BerryAIGen.Toolkit_b3ao1qf4_wpftmp.csproj]
F:\Berry-Work\dev\DiffusionTool\BerryAIGen.Toolkit\Controls\ThumbnailView.xaml.DependencyProperties.cs(13,7): warning CS0105: The using directive for 'BerryAIGen.Toolkit.Common' appeared previously in this namespace [F:\Berry-Work\dev\DiffusionTool\BerryAIGen.Toolkit\BerryAIGen.Toolkit_b3ao1qf4_wpftmp.csproj]
F:\Berry-Work\dev\DiffusionTool\BerryAIGen.Toolkit\Controls\ThumbnailViewModel.cs(6,7): warning CS0105: The using directive for 'BerryAIGen.Toolkit.Common' appeared previously in this namespace [F:\Berry-Work\dev\DiffusionTool\BerryAIGen.Toolkit\BerryAIGen.Toolkit_b3ao1qf4_wpftmp.csproj]
F:\Berry-Work\dev\DiffusionTool\BerryAIGen.Toolkit\MainWindow.xaml.Events.cs(19,7): warning CS0105: The using directive for 'BerryAIGen.Toolkit.Common' appeared previously in this namespace [F:\Berry-Work\dev\DiffusionTool\BerryAIGen.Toolkit\BerryAIGen.Toolkit_b3ao1qf4_wpftmp.csproj]
F:\Berry-Work\dev\DiffusionTool\BerryAIGen.Toolkit\MainWindow.xaml.Folders.cs(8,7): warning CS0105: The using directive for 'BerryAIGen.Toolkit.Common' appeared previously in this namespace [F:\Berry-Work\dev\DiffusionTool\BerryAIGen.Toolkit\BerryAIGen.Toolkit_b3ao1qf4_wpftmp.csproj]
F:\Berry-Work\dev\DiffusionTool\BerryAIGen.Toolkit\Models\SearchModel.cs(11,7): warning CS0105: The using directive for 'BerryAIGen.Toolkit.Common' appeared previously in this namespace [F:\Berry-Work\dev\DiffusionTool\BerryAIGen.Toolkit\BerryAIGen.Toolkit_b3ao1qf4_wpftmp.csproj]
F:\Berry-Work\dev\DiffusionTool\BerryAIGen.Toolkit\Pages\Prompts.xaml.cs(15,7): warning CS0105: The using directive for 'BerryAIGen.Toolkit.Common' appeared previously in this namespace [F:\Berry-Work\dev\DiffusionTool\BerryAIGen.Toolkit\BerryAIGen.Toolkit_b3ao1qf4_wpftmp.csproj]
F:\Berry-Work\dev\DiffusionTool\BerryAIGen.Toolkit\Preview.xaml.cs(14,7): warning CS0105: The using directive for 'BerryAIGen.Toolkit.Common' appeared previously in this namespace [F:\Berry-Work\dev\DiffusionTool\BerryAIGen.Toolkit\BerryAIGen.Toolkit_b3ao1qf4_wpftmp.csproj]
F:\Berry-Work\dev\DiffusionTool\BerryAIGen.Toolkit\ReleaseNotes.xaml.cs(11,7): warning CS0105: The using directive for 'BerryAIGen.Toolkit.Common' appeared previously in this namespace [F:\Berry-Work\dev\DiffusionTool\BerryAIGen.Toolkit\BerryAIGen.Toolkit_b3ao1qf4_wpftmp.csproj]
F:\Berry-Work\dev\DiffusionTool\BerryAIGen.Toolkit\Services\FolderService.cs(19,7): warning CS0105: The using directive for 'BerryAIGen.Toolkit.Common' appeared previously in this namespace [F:\Berry-Work\dev\DiffusionTool\BerryAIGen.Toolkit\BerryAIGen.Toolkit_b3ao1qf4_wpftmp.csproj]
F:\Berry-Work\dev\DiffusionTool\BerryAIGen.Toolkit\Services\ServiceLocator.cs(4,7): warning CS0105: The using directive for 'BerryAIGen.Toolkit.Common' appeared previously in this namespace [F:\Berry-Work\dev\DiffusionTool\BerryAIGen.Toolkit\BerryAIGen.Toolkit_b3ao1qf4_wpftmp.csproj]
F:\Berry-Work\dev\DiffusionTool\BerryAIGen.Toolkit\Services\ServiceLocator.cs(5,7): warning CS0105: The using directive for 'BerryAIGen.Toolkit.Common' appeared previously in this namespace [F:\Berry-Work\dev\DiffusionTool\BerryAIGen.Toolkit\BerryAIGen.Toolkit_b3ao1qf4_wpftmp.csproj]
F:\Berry-Work\dev\DiffusionTool\BerryAIGen.Toolkit\Common\RelayCommand.cs(53,17): warning CS8767: Nullability of reference types in type of parameter 'parameter' of 'bool RelayCommand<T>.CanExecute(object parameter)' doesn't match implicitly implemented member 'bool ICommand.CanExecute(object? parameter)' (possibly because of nullability attributes). [F:\Berry-Work\dev\DiffusionTool\BerryAIGen.Toolkit\BerryAIGen.Toolkit_b3ao1qf4_wpftmp.csproj]
F:\Berry-Work\dev\DiffusionTool\BerryAIGen.Toolkit\Common\RelayCommand.cs(71,17): warning CS8767: Nullability of reference types in type of parameter 'parameter' of 'void RelayCommand<T>.Execute(object parameter)' doesn't match implicitly implemented member 'void ICommand.Execute(object? parameter)' (possibly because of nullability attributes). [F:\Berry-Work\dev\DiffusionTool\BerryAIGen.Toolkit\BerryAIGen.Toolkit_b3ao1qf4_wpftmp.csproj]
F:\Berry-Work\dev\DiffusionTool\BerryAIGen.Toolkit\Common\RelayCommand.cs(61,31): warning CS8612: Nullability of reference types in type of 'event EventHandler RelayCommand<T>.CanExecuteChanged' doesn't match implicitly implemented member 'event EventHandler? ICommand.CanExecuteChanged'. [F:\Berry-Work\dev\DiffusionTool\BerryAIGen.Toolkit\BerryAIGen.Toolkit_b3ao1qf4_wpftmp.csproj]
F:\Berry-Work\dev\DiffusionTool\BerryAIGen.Toolkit\Preview.xaml.cs(28,31): warning CS0108: 'PreviewWindow.OnDrop' hides inherited member 'UIElement.OnDrop(DragEventArgs)'. Use the new keyword if hiding was intended. [F:\Berry-Work\dev\DiffusionTool\BerryAIGen.Toolkit\BerryAIGen.Toolkit_b3ao1qf4_wpftmp.csproj]
F:\Berry-Work\dev\DiffusionTool\BerryAIGen.Toolkit\Controls\PreviewPane.xaml(143,57): warning CS0108: 'PreviewPane.Content' hides inherited member 'ContentControl.Content'. Use the new keyword if hiding was intended. [F:\Berry-Work\dev\DiffusionTool\BerryAIGen.Toolkit\BerryAIGen.Toolkit_b3ao1qf4_wpftmp.csproj]
F:\Berry-Work\dev\DiffusionTool\BerryAIGen.Toolkit\AlbumListModel.cs(11,21): warning CS8618: Non-nullable property 'Escape' must contain a non-null value when exiting constructor. Consider adding the 'required' modifier or declaring the property as nullable. [F:\Berry-Work\dev\DiffusionTool\BerryAIGen.Toolkit\BerryAIGen.Toolkit_b3ao1qf4_wpftmp.csproj]
F:\Berry-Work\dev\DiffusionTool\BerryAIGen.Toolkit\AlbumListModel.cs(31,19): warning CS9264: Non-nullable property 'AlbumName' must contain a non-null value when exiting constructor. Consider adding the 'required' modifier, or declaring the property as nullable, or safely handling the case where 'field' is null in the 'get' accessor. [F:\Berry-Work\dev\DiffusionTool\BerryAIGen.Toolkit\BerryAIGen.Toolkit_b3ao1qf4_wpftmp.csproj]
F:\Berry-Work\dev\DiffusionTool\BerryAIGen.Toolkit\AlbumListModel.cs(37,31): warning CS9264: Non-nullable property 'Albums' must contain a non-null value when exiting constructor. Consider adding the 'required' modifier, or declaring the property as nullable, or safely handling the case where 'field' is null in the 'get' accessor. [F:\Berry-Work\dev\DiffusionTool\BerryAIGen.Toolkit\BerryAIGen.Toolkit_b3ao1qf4_wpftmp.csproj]
F:\Berry-Work\dev\DiffusionTool\BerryAIGen.Toolkit\AlbumListWindow.xaml.cs(26,16): warning CS8618: Non-nullable property 'AlbumName' must contain a non-null value when exiting constructor. Consider adding the 'required' modifier or declaring the property as nullable. [F:\Berry-Work\dev\DiffusionTool\BerryAIGen.Toolkit\BerryAIGen.Toolkit_b3ao1qf4_wpftmp.csproj]
F:\Berry-Work\dev\DiffusionTool\BerryAIGen.Toolkit\AlbumListWindow.xaml.cs(26,16): warning CS8618: Non-nullable property 'SelectedAlbum' must contain a non-null value when exiting constructor. Consider adding the 'required' modifier or declaring the property as nullable. [F:\Berry-Work\dev\DiffusionTool\BerryAIGen.Toolkit\BerryAIGen.Toolkit_b3ao1qf4_wpftmp.csproj]
F:\Berry-Work\dev\DiffusionTool\BerryAIGen.Toolkit\AlbumSortModel.cs(15,21): warning CS8618: Non-nullable property 'Escape' must contain a non-null value when exiting constructor. Consider adding the 'required' modifier or declaring the property as nullable. [F:\Berry-Work\dev\DiffusionTool\BerryAIGen.Toolkit\BerryAIGen.Toolkit_b3ao1qf4_wpftmp.csproj]
F:\Berry-Work\dev\DiffusionTool\BerryAIGen.Toolkit\AlbumSortModel.cs(17,19): warning CS9264: Non-nullable property 'SortAlbumsBy' must contain a non-null value when exiting constructor. Consider adding the 'required' modifier, or declaring the property as nullable, or safely handling the case where 'field' is null in the 'get' accessor. [F:\Berry-Work\dev\DiffusionTool\BerryAIGen.Toolkit\BerryAIGen.Toolkit_b3ao1qf4_wpftmp.csproj]
F:\Berry-Work\dev\DiffusionTool\BerryAIGen.Toolkit\AlbumSortModel.cs(29,40): warning CS9264: Non-nullable property 'Albums' must contain a non-null value when exiting constructor. Consider adding the 'required' modifier, or declaring the property as nullable, or safely handling the case where 'field' is null in the 'get' accessor. [F:\Berry-Work\dev\DiffusionTool\BerryAIGen.Toolkit\BerryAIGen.Toolkit_b3ao1qf4_wpftmp.csproj]
F:\Berry-Work\dev\DiffusionTool\BerryAIGen.Toolkit\AlbumSortModel.cs(35,40): warning CS9264: Non-nullable property 'SortedAlbums' must contain a non-null value when exiting constructor. Consider adding the 'required' modifier, or declaring the property as nullable, or safely handling the case where 'field' is null in the 'get' accessor. [F:\Berry-Work\dev\DiffusionTool\BerryAIGen.Toolkit\BerryAIGen.Toolkit_b3ao1qf4_wpftmp.csproj]
F:\Berry-Work\dev\DiffusionTool\BerryAIGen.Toolkit\AlbumSortModel.cs(41,21): warning CS8618: Non-nullable property 'MoveUpCommand' must contain a non-null value when exiting constructor. Consider adding the 'required' modifier or declaring the property as nullable. [F:\Berry-Work\dev\DiffusionTool\BerryAIGen.Toolkit\BerryAIGen.Toolkit_b3ao1qf4_wpftmp.csproj]
F:\Berry-Work\dev\DiffusionTool\BerryAIGen.Toolkit\AlbumSortModel.cs(42,21): warning CS8618: Non-nullable property 'MoveDownCommand' must contain a non-null value when exiting constructor. Consider adding the 'required' modifier or declaring the property as nullable. [F:\Berry-Work\dev\DiffusionTool\BerryAIGen.Toolkit\BerryAIGen.Toolkit_b3ao1qf4_wpftmp.csproj]
F:\Berry-Work\dev\DiffusionTool\BerryAIGen.Toolkit\AlbumListWindow.xaml.cs(66,29): warning CS8601: Possible null reference assignment. [F:\Berry-Work\dev\DiffusionTool\BerryAIGen.Toolkit\BerryAIGen.Toolkit_b3ao1qf4_wpftmp.csproj]
F:\Berry-Work\dev\DiffusionTool\BerryAIGen.Toolkit\Common\RelayCommand.cs(24,25): warning CS8625: Cannot convert null literal to non-nullable reference type. [F:\Berry-Work\dev\DiffusionTool\BerryAIGen.Toolkit\BerryAIGen.Toolkit_b3ao1qf4_wpftmp.csproj]
F:\Berry-Work\dev\DiffusionTool\BerryAIGen.Toolkit\Common\RelayCommand.cs(11,35): warning CS8625: Cannot convert null literal to non-nullable reference type. [F:\Berry-Work\dev\DiffusionTool\BerryAIGen.Toolkit\BerryAIGen.Toolkit_b3ao1qf4_wpftmp.csproj]
F:\Berry-Work\dev\DiffusionTool\BerryAIGen.Toolkit\Common\RelayCommand.cs(12,41): warning CS8625: Cannot convert null literal to non-nullable reference type. [F:\Berry-Work\dev\DiffusionTool\BerryAIGen.Toolkit\BerryAIGen.Toolkit_b3ao1qf4_wpftmp.csproj]
F:\Berry-Work\dev\DiffusionTool\BerryAIGen.Toolkit\Behaviors\ScrollSpeed.cs(69,39): warning CS8600: Converting null literal or possible null value to non-nullable type. [F:\Berry-Work\dev\DiffusionTool\BerryAIGen.Toolkit\BerryAIGen.Toolkit_b3ao1qf4_wpftmp.csproj]
F:\Berry-Work\dev\DiffusionTool\BerryAIGen.Toolkit\Behaviors\ScrollSpeed.cs(71,39): warning CS8602: Dereference of a possibly null reference. [F:\Berry-Work\dev\DiffusionTool\BerryAIGen.Toolkit\BerryAIGen.Toolkit_b3ao1qf4_wpftmp.csproj]
F:\Berry-Work\dev\DiffusionTool\BerryAIGen.Toolkit\Behaviors\ScrollSpeed.cs(73,37): warning CS8600: Converting null literal or possible null value to non-nullable type. [F:\Berry-Work\dev\DiffusionTool\BerryAIGen.Toolkit\BerryAIGen.Toolkit_b3ao1qf4_wpftmp.csproj]
F:\Berry-Work\dev\DiffusionTool\BerryAIGen.Toolkit\Common\VisibilityAnimation.cs(80,45): warning CS8600: Converting null literal or possible null value to non-nullable type. [F:\Berry-Work\dev\DiffusionTool\BerryAIGen.Toolkit\BerryAIGen.Toolkit_b3ao1qf4_wpftmp.csproj]
F:\Berry-Work\dev\DiffusionTool\BerryAIGen.Toolkit\WelcomeWindow.xaml.cs(144,16): warning CS8618: Non-nullable property 'SelectedPaths' must contain a non-null value when exiting constructor. Consider adding the 'required' modifier or declaring the property as nullable. [F:\Berry-Work\dev\DiffusionTool\BerryAIGen.Toolkit\BerryAIGen.Toolkit_b3ao1qf4_wpftmp.csproj]
F:\Berry-Work\dev\DiffusionTool\BerryAIGen.Toolkit\WelcomeWindow.xaml.cs(180,42): warning CS0168: The variable 'e' is declared but never used [F:\Berry-Work\dev\DiffusionTool\BerryAIGen.Toolkit\BerryAIGen.Toolkit_b3ao1qf4_wpftmp.csproj]
F:\Berry-Work\dev\DiffusionTool\BerryAIGen.Toolkit\WelcomeWindow.xaml.cs(192,30): warning CS0168: The variable 'e' is declared but never used [F:\Berry-Work\dev\DiffusionTool\BerryAIGen.Toolkit\BerryAIGen.Toolkit_b3ao1qf4_wpftmp.csproj]
F:\Berry-Work\dev\DiffusionTool\BerryAIGen.Toolkit\Common\NavigatorService.cs(68,12): warning CS8618: Non-nullable event 'OnNavigate' must contain a non-null value when exiting constructor. Consider adding the 'required' modifier or declaring the event as nullable. [F:\Berry-Work\dev\DiffusionTool\BerryAIGen.Toolkit\BerryAIGen.Toolkit_b3ao1qf4_wpftmp.csproj]
F:\Berry-Work\dev\DiffusionTool\BerryAIGen.Toolkit\BorderlessWindow.cs(166,29): warning CS8622: Nullability of reference types in type of parameter 'sender' of 'void BorderlessWindow.OnStateChanged(object sender, EventArgs e)' doesn't match the target delegate 'EventHandler' (possibly because of nullability attributes). [F:\Berry-Work\dev\DiffusionTool\BerryAIGen.Toolkit\BerryAIGen.Toolkit_b3ao1qf4_wpftmp.csproj]
F:\Berry-Work\dev\DiffusionTool\BerryAIGen.Toolkit\BorderlessWindow.cs(158,16): warning CS8618: Non-nullable property 'WindowRoot' must contain a non-null value when exiting constructor. Consider adding the 'required' modifier or declaring the property as nullable. [F:\Berry-Work\dev\DiffusionTool\BerryAIGen.Toolkit\BerryAIGen.Toolkit_b3ao1qf4_wpftmp.csproj]
F:\Berry-Work\dev\DiffusionTool\BerryAIGen.Toolkit\BorderlessWindow.cs(158,16): warning CS8618: Non-nullable property 'LayoutRoot' must contain a non-null value when exiting constructor. Consider adding the 'required' modifier or declaring the property as nullable. [F:\Berry-Work\dev\DiffusionTool\BerryAIGen.Toolkit\BerryAIGen.Toolkit_b3ao1qf4_wpftmp.csproj]
F:\Berry-Work\dev\DiffusionTool\BerryAIGen.Toolkit\BorderlessWindow.cs(158,16): warning CS8618: Non-nullable property 'MinimizeButton' must contain a non-null value when exiting constructor. Consider adding the 'required' modifier or declaring the property as nullable. [F:\Berry-Work\dev\DiffusionTool\BerryAIGen.Toolkit\BerryAIGen.Toolkit_b3ao1qf4_wpftmp.csproj]
F:\Berry-Work\dev\DiffusionTool\BerryAIGen.Toolkit\BorderlessWindow.cs(158,16): warning CS8618: Non-nullable property 'MaximizeButton' must contain a non-null value when exiting constructor. Consider adding the 'required' modifier or declaring the property as nullable. [F:\Berry-Work\dev\DiffusionTool\BerryAIGen.Toolkit\BerryAIGen.Toolkit_b3ao1qf4_wpftmp.csproj]
F:\Berry-Work\dev\DiffusionTool\BerryAIGen.Toolkit\BorderlessWindow.cs(158,16): warning CS8618: Non-nullable property 'RestoreButton' must contain a non-null value when exiting constructor. Consider adding the 'required' modifier or declaring the property as nullable. [F:\Berry-Work\dev\DiffusionTool\BerryAIGen.Toolkit\BerryAIGen.Toolkit_b3ao1qf4_wpftmp.csproj]
F:\Berry-Work\dev\DiffusionTool\BerryAIGen.Toolkit\BorderlessWindow.cs(158,16): warning CS8618: Non-nullable property 'CloseButton' must contain a non-null value when exiting constructor. Consider adding the 'required' modifier or declaring the property as nullable. [F:\Berry-Work\dev\DiffusionTool\BerryAIGen.Toolkit\BerryAIGen.Toolkit_b3ao1qf4_wpftmp.csproj]
F:\Berry-Work\dev\DiffusionTool\BerryAIGen.Toolkit\BorderlessWindow.cs(158,16): warning CS8618: Non-nullable property 'HeaderBar' must contain a non-null value when exiting constructor. Consider adding the 'required' modifier or declaring the property as nullable. [F:\Berry-Work\dev\DiffusionTool\BerryAIGen.Toolkit\BerryAIGen.Toolkit_b3ao1qf4_wpftmp.csproj]
F:\Berry-Work\dev\DiffusionTool\BerryAIGen.Toolkit\BorderlessWindow.cs(158,16): warning CS8618: Non-nullable property 'TitleBar' must contain a non-null value when exiting constructor. Consider adding the 'required' modifier or declaring the property as nullable. [F:\Berry-Work\dev\DiffusionTool\BerryAIGen.Toolkit\BerryAIGen.Toolkit_b3ao1qf4_wpftmp.csproj]
F:\Berry-Work\dev\DiffusionTool\BerryAIGen.Toolkit\Common\VisibilityAnimation.cs(158,45): warning CS8600: Converting null literal or possible null value to non-nullable type. [F:\Berry-Work\dev\DiffusionTool\BerryAIGen.Toolkit\BerryAIGen.Toolkit_b3ao1qf4_wpftmp.csproj]
F:\Berry-Work\dev\DiffusionTool\BerryAIGen.Toolkit\Common\NavigatorService.cs(105,30): warning CS8601: Possible null reference assignment. [F:\Berry-Work\dev\DiffusionTool\BerryAIGen.Toolkit\BerryAIGen.Toolkit_b3ao1qf4_wpftmp.csproj]
F:\Berry-Work\dev\DiffusionTool\BerryAIGen.Toolkit\Configuration\ExternalApplication.cs(6,19): warning CS8618: Non-nullable property 'Name' must contain a non-null value when exiting constructor. Consider adding the 'required' modifier or declaring the property as nullable. [F:\Berry-Work\dev\DiffusionTool\BerryAIGen.Toolkit\BerryAIGen.Toolkit_b3ao1qf4_wpftmp.csproj]
F:\Berry-Work\dev\DiffusionTool\BerryAIGen.Toolkit\Configuration\ExternalApplication.cs(7,19): warning CS8618: Non-nullable property 'Path' must contain a non-null value when exiting constructor. Consider adding the 'required' modifier or declaring the property as nullable. [F:\Berry-Work\dev\DiffusionTool\BerryAIGen.Toolkit\BerryAIGen.Toolkit_b3ao1qf4_wpftmp.csproj]
F:\Berry-Work\dev\DiffusionTool\BerryAIGen.Toolkit\Configuration\ExternalApplication.cs(8,19): warning CS8618: Non-nullable property 'CommandLineArgs' must contain a non-null value when exiting constructor. Consider adding the 'required' modifier or declaring the property as nullable. [F:\Berry-Work\dev\DiffusionTool\BerryAIGen.Toolkit\BerryAIGen.Toolkit_b3ao1qf4_wpftmp.csproj]
F:\Berry-Work\dev\DiffusionTool\BerryAIGen.Toolkit\Common\NavigatorService.cs(47,16): warning CS8618: Non-nullable property 'CurrentUri' must contain a non-null value when exiting constructor. Consider adding the 'required' modifier or declaring the property as nullable. [F:\Berry-Work\dev\DiffusionTool\BerryAIGen.Toolkit\BerryAIGen.Toolkit_b3ao1qf4_wpftmp.csproj]
F:\Berry-Work\dev\DiffusionTool\BerryAIGen.Toolkit\Common\NavigatorService.cs(48,16): warning CS8618: Non-nullable property 'TargetUri' must contain a non-null value when exiting constructor. Consider adding the 'required' modifier or declaring the property as nullable. [F:\Berry-Work\dev\DiffusionTool\BerryAIGen.Toolkit\BerryAIGen.Toolkit_b3ao1qf4_wpftmp.csproj]
F:\Berry-Work\dev\DiffusionTool\BerryAIGen.Toolkit\Configuration\SettingsContainer.cs(37,44): warning CS8618: Non-nullable event 'SettingChanged' must contain a non-null value when exiting constructor. Consider adding the 'required' modifier or declaring the event as nullable. [F:\Berry-Work\dev\DiffusionTool\BerryAIGen.Toolkit\BerryAIGen.Toolkit_b3ao1qf4_wpftmp.csproj]
F:\Berry-Work\dev\DiffusionTool\BerryAIGen.Toolkit\Configuration\Settings.cs(22,12): warning CS8618: Non-nullable field '_imagePaths' must contain a non-null value when exiting constructor. Consider adding the 'required' modifier or declaring the field as nullable. [F:\Berry-Work\dev\DiffusionTool\BerryAIGen.Toolkit\BerryAIGen.Toolkit_b3ao1qf4_wpftmp.csproj]
F:\Berry-Work\dev\DiffusionTool\BerryAIGen.Toolkit\Configuration\Settings.cs(22,12): warning CS8618: Non-nullable field '_excludePaths' must contain a non-null value when exiting constructor. Consider adding the 'required' modifier or declaring the field as nullable. [F:\Berry-Work\dev\DiffusionTool\BerryAIGen.Toolkit\BerryAIGen.Toolkit_b3ao1qf4_wpftmp.csproj]
F:\Berry-Work\dev\DiffusionTool\BerryAIGen.Toolkit\Configuration\Settings.cs(22,12): warning CS9264: Non-nullable property 'ModelRootPath' must contain a non-null value when exiting constructor. Consider adding the 'required' modifier, or declaring the property as nullable, or safely handling the case where 'field' is null in the 'get' accessor. [F:\Berry-Work\dev\DiffusionTool\BerryAIGen.Toolkit\BerryAIGen.Toolkit_b3ao1qf4_wpftmp.csproj]
F:\Berry-Work\dev\DiffusionTool\BerryAIGen.Toolkit\Configuration\Settings.cs(22,12): warning CS9264: Non-nullable property 'HashCache' must contain a non-null value when exiting constructor. Consider adding the 'required' modifier, or declaring the property as nullable, or safely handling the case where 'field' is null in the 'get' accessor. [F:\Berry-Work\dev\DiffusionTool\BerryAIGen.Toolkit\BerryAIGen.Toolkit_b3ao1qf4_wpftmp.csproj]
F:\Berry-Work\dev\DiffusionTool\BerryAIGen.Toolkit\Configuration\Settings.cs(22,12): warning CS9264: Non-nullable property 'CustomCommandLine' must contain a non-null value when exiting constructor. Consider adding the 'required' modifier, or declaring the property as nullable, or safely handling the case where 'field' is null in the 'get' accessor. [F:\Berry-Work\dev\DiffusionTool\BerryAIGen.Toolkit\BerryAIGen.Toolkit_b3ao1qf4_wpftmp.csproj]
F:\Berry-Work\dev\DiffusionTool\BerryAIGen.Toolkit\Configuration\Settings.cs(22,12): warning CS9264: Non-nullable property 'Version' must contain a non-null value when exiting constructor. Consider adding the 'required' modifier, or declaring the property as nullable, or safely handling the case where 'field' is null in the 'get' accessor. [F:\Berry-Work\dev\DiffusionTool\BerryAIGen.Toolkit\BerryAIGen.Toolkit_b3ao1qf4_wpftmp.csproj]
F:\Berry-Work\dev\DiffusionTool\BerryAIGen.Toolkit\Controls\ThumbnailViewModel.cs(29,12): warning CS8618: Non-nullable field '_modeName' must contain a non-null value when exiting constructor. Consider adding the 'required' modifier or declaring the field as nullable. [F:\Berry-Work\dev\DiffusionTool\BerryAIGen.Toolkit\BerryAIGen.Toolkit_b3ao1qf4_wpftmp.csproj]
F:\Berry-Work\dev\DiffusionTool\BerryAIGen.Toolkit\Controls\ThumbnailViewModel.cs(29,12): warning CS8618: Non-nullable field '_showDropDown' must contain a non-null value when exiting constructor. Consider adding the 'required' modifier or declaring the field as nullable. [F:\Berry-Work\dev\DiffusionTool\BerryAIGen.Toolkit\BerryAIGen.Toolkit_b3ao1qf4_wpftmp.csproj]
F:\Berry-Work\dev\DiffusionTool\BerryAIGen.Toolkit\Controls\ThumbnailViewModel.cs(29,12): warning CS8618: Non-nullable field '_hideDropDown' must contain a non-null value when exiting constructor. Consider adding the 'required' modifier or declaring the field as nullable. [F:\Berry-Work\dev\DiffusionTool\BerryAIGen.Toolkit\BerryAIGen.Toolkit_b3ao1qf4_wpftmp.csproj]
F:\Berry-Work\dev\DiffusionTool\BerryAIGen.Toolkit\Controls\ThumbnailViewModel.cs(29,12): warning CS8618: Non-nullable field '_showInThumbnails' must contain a non-null value when exiting constructor. Consider adding the 'required' modifier or declaring the field as nullable. [F:\Berry-Work\dev\DiffusionTool\BerryAIGen.Toolkit\BerryAIGen.Toolkit_b3ao1qf4_wpftmp.csproj]
F:\Berry-Work\dev\DiffusionTool\BerryAIGen.Toolkit\Controls\ThumbnailViewModel.cs(29,12): warning CS9264: Non-nullable property 'Results' must contain a non-null value when exiting constructor. Consider adding the 'required' modifier, or declaring the property as nullable, or safely handling the case where 'field' is null in the 'get' accessor. [F:\Berry-Work\dev\DiffusionTool\BerryAIGen.Toolkit\BerryAIGen.Toolkit_b3ao1qf4_wpftmp.csproj]
F:\Berry-Work\dev\DiffusionTool\BerryAIGen.Toolkit\Controls\ThumbnailViewModel.cs(29,12): warning CS9264: Non-nullable property 'ResultStatus' must contain a non-null value when exiting constructor. Consider adding the 'required' modifier, or declaring the property as nullable, or safely handling the case where 'field' is null in the 'get' accessor. [F:\Berry-Work\dev\DiffusionTool\BerryAIGen.Toolkit\BerryAIGen.Toolkit_b3ao1qf4_wpftmp.csproj]
F:\Berry-Work\dev\DiffusionTool\BerryAIGen.Toolkit\Controls\ThumbnailViewModel.cs(29,12): warning CS9264: Non-nullable property 'SearchHint' must contain a non-null value when exiting constructor. Consider adding the 'required' modifier, or declaring the property as nullable, or safely handling the case where 'field' is null in the 'get' accessor. [F:\Berry-Work\dev\DiffusionTool\BerryAIGen.Toolkit\BerryAIGen.Toolkit_b3ao1qf4_wpftmp.csproj]
F:\Berry-Work\dev\DiffusionTool\BerryAIGen.Toolkit\Controls\ThumbnailViewModel.cs(29,12): warning CS9264: Non-nullable property 'PrevPage' must contain a non-null value when exiting constructor. Consider adding the 'required' modifier, or declaring the property as nullable, or safely handling the case where 'field' is null in the 'get' accessor. [F:\Berry-Work\dev\DiffusionTool\BerryAIGen.Toolkit\BerryAIGen.Toolkit_b3ao1qf4_wpftmp.csproj]
F:\Berry-Work\dev\DiffusionTool\BerryAIGen.Toolkit\Controls\ThumbnailViewModel.cs(29,12): warning CS9264: Non-nullable property 'NextPage' must contain a non-null value when exiting constructor. Consider adding the 'required' modifier, or declaring the property as nullable, or safely handling the case where 'field' is null in the 'get' accessor. [F:\Berry-Work\dev\DiffusionTool\BerryAIGen.Toolkit\BerryAIGen.Toolkit_b3ao1qf4_wpftmp.csproj]
F:\Berry-Work\dev\DiffusionTool\BerryAIGen.Toolkit\Controls\ThumbnailViewModel.cs(29,12): warning CS9264: Non-nullable property 'FirstPage' must contain a non-null value when exiting constructor. Consider adding the 'required' modifier, or declaring the property as nullable, or safely handling the case where 'field' is null in the 'get' accessor. [F:\Berry-Work\dev\DiffusionTool\BerryAIGen.Toolkit\BerryAIGen.Toolkit_b3ao1qf4_wpftmp.csproj]
F:\Berry-Work\dev\DiffusionTool\BerryAIGen.Toolkit\Controls\ThumbnailViewModel.cs(29,12): warning CS9264: Non-nullable property 'LastPage' must contain a non-null value when exiting constructor. Consider adding the 'required' modifier, or declaring the property as nullable, or safely handling the case where 'field' is null in the 'get' accessor. [F:\Berry-Work\dev\DiffusionTool\BerryAIGen.Toolkit\BerryAIGen.Toolkit_b3ao1qf4_wpftmp.csproj]
F:\Berry-Work\dev\DiffusionTool\BerryAIGen.Toolkit\Controls\ThumbnailViewModel.cs(29,12): warning CS9264: Non-nullable property 'Refresh' must contain a non-null value when exiting constructor. Consider adding the 'required' modifier, or declaring the property as nullable, or safely handling the case where 'field' is null in the 'get' accessor. [F:\Berry-Work\dev\DiffusionTool\BerryAIGen.Toolkit\BerryAIGen.Toolkit_b3ao1qf4_wpftmp.csproj]
F:\Berry-Work\dev\DiffusionTool\BerryAIGen.Toolkit\Controls\ThumbnailViewModel.cs(29,12): warning CS9264: Non-nullable property 'FocusSearch' must contain a non-null value when exiting constructor. Consider adding the 'required' modifier, or declaring the property as nullable, or safely handling the case where 'field' is null in the 'get' accessor. [F:\Berry-Work\dev\DiffusionTool\BerryAIGen.Toolkit\BerryAIGen.Toolkit_b3ao1qf4_wpftmp.csproj]
F:\Berry-Work\dev\DiffusionTool\BerryAIGen.Toolkit\Controls\ThumbnailViewModel.cs(29,12): warning CS9264: Non-nullable property 'ToggleParameters' must contain a non-null value when exiting constructor. Consider adding the 'required' modifier, or declaring the property as nullable, or safely handling the case where 'field' is null in the 'get' accessor. [F:\Berry-Work\dev\DiffusionTool\BerryAIGen.Toolkit\BerryAIGen.Toolkit_b3ao1qf4_wpftmp.csproj]
F:\Berry-Work\dev\DiffusionTool\BerryAIGen.Toolkit\Controls\ThumbnailViewModel.cs(29,12): warning CS9264: Non-nullable property 'CopyFiles' must contain a non-null value when exiting constructor. Consider adding the 'required' modifier, or declaring the property as nullable, or safely handling the case where 'field' is null in the 'get' accessor. [F:\Berry-Work\dev\DiffusionTool\BerryAIGen.Toolkit\BerryAIGen.Toolkit_b3ao1qf4_wpftmp.csproj]
F:\Berry-Work\dev\DiffusionTool\BerryAIGen.Toolkit\Controls\ThumbnailViewModel.cs(29,12): warning CS9264: Non-nullable property 'CopyPromptCommand' must contain a non-null value when exiting constructor. Consider adding the 'required' modifier, or declaring the property as nullable, or safely handling the case where 'field' is null in the 'get' accessor. [F:\Berry-Work\dev\DiffusionTool\BerryAIGen.Toolkit\BerryAIGen.Toolkit_b3ao1qf4_wpftmp.csproj]
F:\Berry-Work\dev\DiffusionTool\BerryAIGen.Toolkit\Controls\ThumbnailViewModel.cs(29,12): warning CS9264: Non-nullable property 'CopyPathCommand' must contain a non-null value when exiting constructor. Consider adding the 'required' modifier, or declaring the property as nullable, or safely handling the case where 'field' is null in the 'get' accessor. [F:\Berry-Work\dev\DiffusionTool\BerryAIGen.Toolkit\BerryAIGen.Toolkit_b3ao1qf4_wpftmp.csproj]
F:\Berry-Work\dev\DiffusionTool\BerryAIGen.Toolkit\Controls\ThumbnailViewModel.cs(29,12): warning CS9264: Non-nullable property 'ShowInExplorerCommand' must contain a non-null value when exiting constructor. Consider adding the 'required' modifier, or declaring the property as nullable, or safely handling the case where 'field' is null in the 'get' accessor. [F:\Berry-Work\dev\DiffusionTool\BerryAIGen.Toolkit\BerryAIGen.Toolkit_b3ao1qf4_wpftmp.csproj]
F:\Berry-Work\dev\DiffusionTool\BerryAIGen.Toolkit\Controls\ThumbnailViewModel.cs(29,12): warning CS9264: Non-nullable property 'ExpandToFolderCommand' must contain a non-null value when exiting constructor. Consider adding the 'required' modifier, or declaring the property as nullable, or safely handling the case where 'field' is null in the 'get' accessor. [F:\Berry-Work\dev\DiffusionTool\BerryAIGen.Toolkit\BerryAIGen.Toolkit_b3ao1qf4_wpftmp.csproj]
F:\Berry-Work\dev\DiffusionTool\BerryAIGen.Toolkit\Controls\ThumbnailViewModel.cs(29,12): warning CS9264: Non-nullable property 'DeleteCommand' must contain a non-null value when exiting constructor. Consider adding the 'required' modifier, or declaring the property as nullable, or safely handling the case where 'field' is null in the 'get' accessor. [F:\Berry-Work\dev\DiffusionTool\BerryAIGen.Toolkit\BerryAIGen.Toolkit_b3ao1qf4_wpftmp.csproj]
F:\Berry-Work\dev\DiffusionTool\BerryAIGen.Toolkit\Controls\ThumbnailViewModel.cs(29,12): warning CS9264: Non-nullable property 'FavoriteCommand' must contain a non-null value when exiting constructor. Consider adding the 'required' modifier, or declaring the property as nullable, or safely handling the case where 'field' is null in the 'get' accessor. [F:\Berry-Work\dev\DiffusionTool\BerryAIGen.Toolkit\BerryAIGen.Toolkit_b3ao1qf4_wpftmp.csproj]
F:\Berry-Work\dev\DiffusionTool\BerryAIGen.Toolkit\Controls\ThumbnailViewModel.cs(29,12): warning CS9264: Non-nullable property 'CopyNegativePromptCommand' must contain a non-null value when exiting constructor. Consider adding the 'required' modifier, or declaring the property as nullable, or safely handling the case where 'field' is null in the 'get' accessor. [F:\Berry-Work\dev\DiffusionTool\BerryAIGen.Toolkit\BerryAIGen.Toolkit_b3ao1qf4_wpftmp.csproj]
F:\Berry-Work\dev\DiffusionTool\BerryAIGen.Toolkit\Controls\ThumbnailViewModel.cs(29,12): warning CS9264: Non-nullable property 'CopyOthersCommand' must contain a non-null value when exiting constructor. Consider adding the 'required' modifier, or declaring the property as nullable, or safely handling the case where 'field' is null in the 'get' accessor. [F:\Berry-Work\dev\DiffusionTool\BerryAIGen.Toolkit\BerryAIGen.Toolkit_b3ao1qf4_wpftmp.csproj]
F:\Berry-Work\dev\DiffusionTool\BerryAIGen.Toolkit\Controls\ThumbnailViewModel.cs(29,12): warning CS9264: Non-nullable property 'CopyParametersCommand' must contain a non-null value when exiting constructor. Consider adding the 'required' modifier, or declaring the property as nullable, or safely handling the case where 'field' is null in the 'get' accessor. [F:\Berry-Work\dev\DiffusionTool\BerryAIGen.Toolkit\BerryAIGen.Toolkit_b3ao1qf4_wpftmp.csproj]
F:\Berry-Work\dev\DiffusionTool\BerryAIGen.Toolkit\Controls\ThumbnailViewModel.cs(29,12): warning CS9264: Non-nullable property 'CopySeedCommand' must contain a non-null value when exiting constructor. Consider adding the 'required' modifier, or declaring the property as nullable, or safely handling the case where 'field' is null in the 'get' accessor. [F:\Berry-Work\dev\DiffusionTool\BerryAIGen.Toolkit\BerryAIGen.Toolkit_b3ao1qf4_wpftmp.csproj]
F:\Berry-Work\dev\DiffusionTool\BerryAIGen.Toolkit\Controls\ThumbnailViewModel.cs(29,12): warning CS9264: Non-nullable property 'CopyHashCommand' must contain a non-null value when exiting constructor. Consider adding the 'required' modifier, or declaring the property as nullable, or safely handling the case where 'field' is null in the 'get' accessor. [F:\Berry-Work\dev\DiffusionTool\BerryAIGen.Toolkit\BerryAIGen.Toolkit_b3ao1qf4_wpftmp.csproj]
F:\Berry-Work\dev\DiffusionTool\BerryAIGen.Toolkit\Controls\ThumbnailViewModel.cs(29,12): warning CS9264: Non-nullable property 'RatingCommand' must contain a non-null value when exiting constructor. Consider adding the 'required' modifier, or declaring the property as nullable, or safely handling the case where 'field' is null in the 'get' accessor. [F:\Berry-Work\dev\DiffusionTool\BerryAIGen.Toolkit\BerryAIGen.Toolkit_b3ao1qf4_wpftmp.csproj]
F:\Berry-Work\dev\DiffusionTool\BerryAIGen.Toolkit\Controls\ThumbnailViewModel.cs(29,12): warning CS9264: Non-nullable property 'NSFWCommand' must contain a non-null value when exiting constructor. Consider adding the 'required' modifier, or declaring the property as nullable, or safely handling the case where 'field' is null in the 'get' accessor. [F:\Berry-Work\dev\DiffusionTool\BerryAIGen.Toolkit\BerryAIGen.Toolkit_b3ao1qf4_wpftmp.csproj]
F:\Berry-Work\dev\DiffusionTool\BerryAIGen.Toolkit\Controls\ThumbnailViewModel.cs(29,12): warning CS9264: Non-nullable property 'RemoveEntryCommand' must contain a non-null value when exiting constructor. Consider adding the 'required' modifier, or declaring the property as nullable, or safely handling the case where 'field' is null in the 'get' accessor. [F:\Berry-Work\dev\DiffusionTool\BerryAIGen.Toolkit\BerryAIGen.Toolkit_b3ao1qf4_wpftmp.csproj]
F:\Berry-Work\dev\DiffusionTool\BerryAIGen.Toolkit\Controls\ThumbnailViewModel.cs(29,12): warning CS9264: Non-nullable property 'CopyCommand' must contain a non-null value when exiting constructor. Consider adding the 'required' modifier, or declaring the property as nullable, or safely handling the case where 'field' is null in the 'get' accessor. [F:\Berry-Work\dev\DiffusionTool\BerryAIGen.Toolkit\BerryAIGen.Toolkit_b3ao1qf4_wpftmp.csproj]
F:\Berry-Work\dev\DiffusionTool\BerryAIGen.Toolkit\Controls\ThumbnailViewModel.cs(29,12): warning CS9264: Non-nullable property 'MoveCommand' must contain a non-null value when exiting constructor. Consider adding the 'required' modifier, or declaring the property as nullable, or safely handling the case where 'field' is null in the 'get' accessor. [F:\Berry-Work\dev\DiffusionTool\BerryAIGen.Toolkit\BerryAIGen.Toolkit_b3ao1qf4_wpftmp.csproj]
F:\Berry-Work\dev\DiffusionTool\BerryAIGen.Toolkit\Controls\ThumbnailViewModel.cs(29,12): warning CS8618: Non-nullable property 'RescanCommand' must contain a non-null value when exiting constructor. Consider adding the 'required' modifier or declaring the property as nullable. [F:\Berry-Work\dev\DiffusionTool\BerryAIGen.Toolkit\BerryAIGen.Toolkit_b3ao1qf4_wpftmp.csproj]
F:\Berry-Work\dev\DiffusionTool\BerryAIGen.Toolkit\Controls\ThumbnailViewModel.cs(29,12): warning CS8618: Non-nullable property 'RebuildThumbnailCommand' must contain a non-null value when exiting constructor. Consider adding the 'required' modifier or declaring the property as nullable. [F:\Berry-Work\dev\DiffusionTool\BerryAIGen.Toolkit\BerryAIGen.Toolkit_b3ao1qf4_wpftmp.csproj]
F:\Berry-Work\dev\DiffusionTool\BerryAIGen.Toolkit\Controls\ThumbnailViewModel.cs(29,12): warning CS8618: Non-nullable property 'PermanentlyDeleteCommand' must contain a non-null value when exiting constructor. Consider adding the 'required' modifier or declaring the property as nullable. [F:\Berry-Work\dev\DiffusionTool\BerryAIGen.Toolkit\BerryAIGen.Toolkit_b3ao1qf4_wpftmp.csproj]
F:\Berry-Work\dev\DiffusionTool\BerryAIGen.Toolkit\Controls\ThumbnailViewModel.cs(29,12): warning CS8618: Non-nullable property 'RescanFolderCommand' must contain a non-null value when exiting constructor. Consider adding the 'required' modifier or declaring the property as nullable. [F:\Berry-Work\dev\DiffusionTool\BerryAIGen.Toolkit\BerryAIGen.Toolkit_b3ao1qf4_wpftmp.csproj]
F:\Berry-Work\dev\DiffusionTool\BerryAIGen.Toolkit\Controls\ThumbnailViewModel.cs(29,12): warning CS8618: Non-nullable property 'ScanFolderCommand' must contain a non-null value when exiting constructor. Consider adding the 'required' modifier or declaring the property as nullable. [F:\Berry-Work\dev\DiffusionTool\BerryAIGen.Toolkit\BerryAIGen.Toolkit_b3ao1qf4_wpftmp.csproj]
F:\Berry-Work\dev\DiffusionTool\BerryAIGen.Toolkit\Controls\ThumbnailViewModel.cs(39,35): warning CS8603: Possible null reference return. [F:\Berry-Work\dev\DiffusionTool\BerryAIGen.Toolkit\BerryAIGen.Toolkit_b3ao1qf4_wpftmp.csproj]
F:\Berry-Work\dev\DiffusionTool\BerryAIGen.Toolkit\Converters\ValueVisibilityConverter.cs(16,16): warning CS8602: Dereference of a possibly null reference. [F:\Berry-Work\dev\DiffusionTool\BerryAIGen.Toolkit\BerryAIGen.Toolkit_b3ao1qf4_wpftmp.csproj]
F:\Berry-Work\dev\DiffusionTool\BerryAIGen.Toolkit\Configuration\Settings.cs(84,31): warning CS8601: Possible null reference assignment. [F:\Berry-Work\dev\DiffusionTool\BerryAIGen.Toolkit\BerryAIGen.Toolkit_b3ao1qf4_wpftmp.csproj]
F:\Berry-Work\dev\DiffusionTool\BerryAIGen.Toolkit\Controls\AccordionControl.xaml.cs(165,39): warning CS8524: The switch expression does not handle some values of its input type (it is not exhaustive) involving an unnamed enum value. For example, the pattern '(BerryAIGen.Toolkit.Configuration.AccordionState)2' is not covered. [F:\Berry-Work\dev\DiffusionTool\BerryAIGen.Toolkit\BerryAIGen.Toolkit_b3ao1qf4_wpftmp.csproj]
F:\Berry-Work\dev\DiffusionTool\BerryAIGen.Toolkit\Configuration\Settings.cs(103,31): warning CS8601: Possible null reference assignment. [F:\Berry-Work\dev\DiffusionTool\BerryAIGen.Toolkit\BerryAIGen.Toolkit_b3ao1qf4_wpftmp.csproj]
F:\Berry-Work\dev\DiffusionTool\BerryAIGen.Toolkit\LanguageSelectionWindow.xaml.cs(17,16): warning CS8618: Non-nullable field '_selectedLanguage' must contain a non-null value when exiting constructor. Consider adding the 'required' modifier or declaring the field as nullable. [F:\Berry-Work\dev\DiffusionTool\BerryAIGen.Toolkit\BerryAIGen.Toolkit_b3ao1qf4_wpftmp.csproj]
F:\Berry-Work\dev\DiffusionTool\BerryAIGen.Toolkit\Configuration\SettingChangedEventArgs.cs(6,19): warning CS8618: Non-nullable property 'SettingName' must contain a non-null value when exiting constructor. Consider adding the 'required' modifier or declaring the property as nullable. [F:\Berry-Work\dev\DiffusionTool\BerryAIGen.Toolkit\BerryAIGen.Toolkit_b3ao1qf4_wpftmp.csproj]
F:\Berry-Work\dev\DiffusionTool\BerryAIGen.Toolkit\Converters\NotEqualsConverter.cs(12,17): warning CS8602: Dereference of a possibly null reference. [F:\Berry-Work\dev\DiffusionTool\BerryAIGen.Toolkit\BerryAIGen.Toolkit_b3ao1qf4_wpftmp.csproj]
F:\Berry-Work\dev\DiffusionTool\BerryAIGen.Toolkit\Converters\NotEqualsConverter.cs(12,17): warning CS8602: Dereference of a possibly null reference. [F:\Berry-Work\dev\DiffusionTool\BerryAIGen.Toolkit\BerryAIGen.Toolkit_b3ao1qf4_wpftmp.csproj]
F:\Berry-Work\dev\DiffusionTool\BerryAIGen.Toolkit\Controls\ComfyNode.xaml.cs(22,86): warning CS8625: Cannot convert null literal to non-nullable reference type. [F:\Berry-Work\dev\DiffusionTool\BerryAIGen.Toolkit\BerryAIGen.Toolkit_b3ao1qf4_wpftmp.csproj]
F:\Berry-Work\dev\DiffusionTool\BerryAIGen.Toolkit\BorderlessWindow.cs(142,29): warning CS8602: Dereference of a possibly null reference. [F:\Berry-Work\dev\DiffusionTool\BerryAIGen.Toolkit\BerryAIGen.Toolkit_b3ao1qf4_wpftmp.csproj]
F:\Berry-Work\dev\DiffusionTool\BerryAIGen.Toolkit\BorderlessWindow.cs(142,24): warning CS8605: Unboxing a possibly null value. [F:\Berry-Work\dev\DiffusionTool\BerryAIGen.Toolkit\BerryAIGen.Toolkit_b3ao1qf4_wpftmp.csproj]
F:\Berry-Work\dev\DiffusionTool\BerryAIGen.Toolkit\WelcomeWindow.xaml.cs(131,27): warning CS8618: Non-nullable property 'Path' must contain a non-null value when exiting constructor. Consider adding the 'required' modifier or declaring the property as nullable. [F:\Berry-Work\dev\DiffusionTool\BerryAIGen.Toolkit\BerryAIGen.Toolkit_b3ao1qf4_wpftmp.csproj]
F:\Berry-Work\dev\DiffusionTool\BerryAIGen.Toolkit\WelcomeWindow.xaml.cs(36,16): warning CS8618: Non-nullable field '_imagePaths' must contain a non-null value when exiting constructor. Consider adding the 'required' modifier or declaring the field as nullable. [F:\Berry-Work\dev\DiffusionTool\BerryAIGen.Toolkit\BerryAIGen.Toolkit_b3ao1qf4_wpftmp.csproj]
F:\Berry-Work\dev\DiffusionTool\BerryAIGen.Toolkit\WelcomeWindow.xaml.cs(36,16): warning CS8618: Non-nullable field '_databasePath' must contain a non-null value when exiting constructor. Consider adding the 'required' modifier or declaring the field as nullable. [F:\Berry-Work\dev\DiffusionTool\BerryAIGen.Toolkit\BerryAIGen.Toolkit_b3ao1qf4_wpftmp.csproj]
F:\Berry-Work\dev\DiffusionTool\BerryAIGen.Toolkit\Controls\ComfyWorkflow.cs(15,12): warning CS8618: Non-nullable field '_workflow' must contain a non-null value when exiting constructor. Consider adding the 'required' modifier or declaring the field as nullable. [F:\Berry-Work\dev\DiffusionTool\BerryAIGen.Toolkit\BerryAIGen.Toolkit_b3ao1qf4_wpftmp.csproj]
F:\Berry-Work\dev\DiffusionTool\BerryAIGen.Toolkit\Controls\ComfyWorkflow.cs(15,12): warning CS8618: Non-nullable field '_children' must contain a non-null value when exiting constructor. Consider adding the 'required' modifier or declaring the field as nullable. [F:\Berry-Work\dev\DiffusionTool\BerryAIGen.Toolkit\BerryAIGen.Toolkit_b3ao1qf4_wpftmp.csproj]
F:\Berry-Work\dev\DiffusionTool\BerryAIGen.Toolkit\Converters\IsIndexSelectedConverter.cs(12,16): warning CS8605: Unboxing a possibly null value. [F:\Berry-Work\dev\DiffusionTool\BerryAIGen.Toolkit\BerryAIGen.Toolkit_b3ao1qf4_wpftmp.csproj]
F:\Berry-Work\dev\DiffusionTool\BerryAIGen.Toolkit\Controls\AccordionControl.xaml.cs(262,31): warning CS8524: The switch expression does not handle some values of its input type (it is not exhaustive) involving an unnamed enum value. For example, the pattern '(BerryAIGen.Toolkit.Configuration.AccordionState)2' is not covered. [F:\Berry-Work\dev\DiffusionTool\BerryAIGen.Toolkit\BerryAIGen.Toolkit_b3ao1qf4_wpftmp.csproj]
F:\Berry-Work\dev\DiffusionTool\BerryAIGen.Toolkit\Controls\AccordionControl.xaml.cs(283,62): warning CS8604: Possible null reference argument for parameter 'parent' in 'ContentPresenter? AccordionControl.GetVisualChild<ContentPresenter>(DependencyObject parent)'. [F:\Berry-Work\dev\DiffusionTool\BerryAIGen.Toolkit\BerryAIGen.Toolkit_b3ao1qf4_wpftmp.csproj]
F:\Berry-Work\dev\DiffusionTool\BerryAIGen.Toolkit\Behaviors\DragSort.cs(228,20): warning CS8603: Possible null reference return. [F:\Berry-Work\dev\DiffusionTool\BerryAIGen.Toolkit\BerryAIGen.Toolkit_b3ao1qf4_wpftmp.csproj]
F:\Berry-Work\dev\DiffusionTool\BerryAIGen.Toolkit\Controls\AccordionControl.xaml.cs(303,25): warning CS8602: Dereference of a possibly null reference. [F:\Berry-Work\dev\DiffusionTool\BerryAIGen.Toolkit\BerryAIGen.Toolkit_b3ao1qf4_wpftmp.csproj]
F:\Berry-Work\dev\DiffusionTool\BerryAIGen.Toolkit\Controls\AccordionControl.xaml.cs(312,42): warning CS8602: Dereference of a possibly null reference. [F:\Berry-Work\dev\DiffusionTool\BerryAIGen.Toolkit\BerryAIGen.Toolkit_b3ao1qf4_wpftmp.csproj]
F:\Berry-Work\dev\DiffusionTool\BerryAIGen.Toolkit\Controls\AccordionControl.xaml.cs(336,31): warning CS8602: Dereference of a possibly null reference. [F:\Berry-Work\dev\DiffusionTool\BerryAIGen.Toolkit\BerryAIGen.Toolkit_b3ao1qf4_wpftmp.csproj]
F:\Berry-Work\dev\DiffusionTool\BerryAIGen.Toolkit\Controls\ThumbnailView.xaml.Copy.cs(34,27): warning CS8602: Dereference of a possibly null reference. [F:\Berry-Work\dev\DiffusionTool\BerryAIGen.Toolkit\BerryAIGen.Toolkit_b3ao1qf4_wpftmp.csproj]
F:\Berry-Work\dev\DiffusionTool\BerryAIGen.Toolkit\Controls\FilterControl.xaml.cs(45,17): warning CS8602: Dereference of a possibly null reference. [F:\Berry-Work\dev\DiffusionTool\BerryAIGen.Toolkit\BerryAIGen.Toolkit_b3ao1qf4_wpftmp.csproj]
F:\Berry-Work\dev\DiffusionTool\BerryAIGen.Toolkit\Controls\ThumbnailView.xaml.cs(44,41): warning CS8603: Possible null reference return. [F:\Berry-Work\dev\DiffusionTool\BerryAIGen.Toolkit\BerryAIGen.Toolkit_b3ao1qf4_wpftmp.csproj]
F:\Berry-Work\dev\DiffusionTool\BerryAIGen.Toolkit\Controls\ThumbnailView.xaml.cs(48,86): warning CS8625: Cannot convert null literal to non-nullable reference type. [F:\Berry-Work\dev\DiffusionTool\BerryAIGen.Toolkit\BerryAIGen.Toolkit_b3ao1qf4_wpftmp.csproj]
F:\Berry-Work\dev\DiffusionTool\BerryAIGen.Toolkit\UnavailableFilesWindow.xaml.cs(19,41): warning CS8603: Possible null reference return. [F:\Berry-Work\dev\DiffusionTool\BerryAIGen.Toolkit\BerryAIGen.Toolkit_b3ao1qf4_wpftmp.csproj]
F:\Berry-Work\dev\DiffusionTool\BerryAIGen.Toolkit\UnavailableFilesWindow.xaml.cs(20,39): warning CS8603: Possible null reference return. [F:\Berry-Work\dev\DiffusionTool\BerryAIGen.Toolkit\BerryAIGen.Toolkit_b3ao1qf4_wpftmp.csproj]
F:\Berry-Work\dev\DiffusionTool\BerryAIGen.Toolkit\Controls\FilterControlModel.cs(22,19): warning CS8618: Non-nullable property 'PropertyName' must contain a non-null value when exiting constructor. Consider adding the 'required' modifier or declaring the property as nullable. [F:\Berry-Work\dev\DiffusionTool\BerryAIGen.Toolkit\BerryAIGen.Toolkit_b3ao1qf4_wpftmp.csproj]
F:\Berry-Work\dev\DiffusionTool\BerryAIGen.Toolkit\Controls\FilterControlModel.cs(30,19): warning CS9264: Non-nullable property 'Name' must contain a non-null value when exiting constructor. Consider adding the 'required' modifier, or declaring the property as nullable, or safely handling the case where 'field' is null in the 'get' accessor. [F:\Berry-Work\dev\DiffusionTool\BerryAIGen.Toolkit\BerryAIGen.Toolkit_b3ao1qf4_wpftmp.csproj]
F:\Berry-Work\dev\DiffusionTool\BerryAIGen.Toolkit\Controls\FilterControlModel.cs(36,19): warning CS8618: Non-nullable property 'Value' must contain a non-null value when exiting constructor. Consider adding the 'required' modifier or declaring the property as nullable. [F:\Berry-Work\dev\DiffusionTool\BerryAIGen.Toolkit\BerryAIGen.Toolkit_b3ao1qf4_wpftmp.csproj]
F:\Berry-Work\dev\DiffusionTool\BerryAIGen.Toolkit\Controls\FilterControl.xaml.cs(139,36): warning CS8602: Dereference of a possibly null reference. [F:\Berry-Work\dev\DiffusionTool\BerryAIGen.Toolkit\BerryAIGen.Toolkit_b3ao1qf4_wpftmp.csproj]
F:\Berry-Work\dev\DiffusionTool\BerryAIGen.Toolkit\Controls\FilterControlModel.cs(45,12): warning CS9264: Non-nullable property 'Prompt' must contain a non-null value when exiting constructor. Consider adding the 'required' modifier, or declaring the property as nullable, or safely handling the case where 'field' is null in the 'get' accessor. [F:\Berry-Work\dev\DiffusionTool\BerryAIGen.Toolkit\BerryAIGen.Toolkit_b3ao1qf4_wpftmp.csproj]
F:\Berry-Work\dev\DiffusionTool\BerryAIGen.Toolkit\Controls\FilterControlModel.cs(45,12): warning CS9264: Non-nullable property 'PromptEx' must contain a non-null value when exiting constructor. Consider adding the 'required' modifier, or declaring the property as nullable, or safely handling the case where 'field' is null in the 'get' accessor. [F:\Berry-Work\dev\DiffusionTool\BerryAIGen.Toolkit\BerryAIGen.Toolkit_b3ao1qf4_wpftmp.csproj]
F:\Berry-Work\dev\DiffusionTool\BerryAIGen.Toolkit\Controls\FilterControlModel.cs(45,12): warning CS9264: Non-nullable property 'NegativePrompt' must contain a non-null value when exiting constructor. Consider adding the 'required' modifier, or declaring the property as nullable, or safely handling the case where 'field' is null in the 'get' accessor. [F:\Berry-Work\dev\DiffusionTool\BerryAIGen.Toolkit\BerryAIGen.Toolkit_b3ao1qf4_wpftmp.csproj]
F:\Berry-Work\dev\DiffusionTool\BerryAIGen.Toolkit\Controls\FilterControlModel.cs(45,12): warning CS9264: Non-nullable property 'NegativePromptEx' must contain a non-null value when exiting constructor. Consider adding the 'required' modifier, or declaring the property as nullable, or safely handling the case where 'field' is null in the 'get' accessor. [F:\Berry-Work\dev\DiffusionTool\BerryAIGen.Toolkit\BerryAIGen.Toolkit_b3ao1qf4_wpftmp.csproj]
F:\Berry-Work\dev\DiffusionTool\BerryAIGen.Toolkit\Controls\FilterControlModel.cs(45,12): warning CS9264: Non-nullable property 'Steps' must contain a non-null value when exiting constructor. Consider adding the 'required' modifier, or declaring the property as nullable, or safely handling the case where 'field' is null in the 'get' accessor. [F:\Berry-Work\dev\DiffusionTool\BerryAIGen.Toolkit\BerryAIGen.Toolkit_b3ao1qf4_wpftmp.csproj]
F:\Berry-Work\dev\DiffusionTool\BerryAIGen.Toolkit\Controls\FilterControlModel.cs(45,12): warning CS9264: Non-nullable property 'Sampler' must contain a non-null value when exiting constructor. Consider adding the 'required' modifier, or declaring the property as nullable, or safely handling the case where 'field' is null in the 'get' accessor. [F:\Berry-Work\dev\DiffusionTool\BerryAIGen.Toolkit\BerryAIGen.Toolkit_b3ao1qf4_wpftmp.csproj]
F:\Berry-Work\dev\DiffusionTool\BerryAIGen.Toolkit\Controls\FilterControlModel.cs(45,12): warning CS9264: Non-nullable property 'CFGScale' must contain a non-null value when exiting constructor. Consider adding the 'required' modifier, or declaring the property as nullable, or safely handling the case where 'field' is null in the 'get' accessor. [F:\Berry-Work\dev\DiffusionTool\BerryAIGen.Toolkit\BerryAIGen.Toolkit_b3ao1qf4_wpftmp.csproj]
F:\Berry-Work\dev\DiffusionTool\BerryAIGen.Toolkit\Controls\FilterControlModel.cs(45,12): warning CS9264: Non-nullable property 'Width' must contain a non-null value when exiting constructor. Consider adding the 'required' modifier, or declaring the property as nullable, or safely handling the case where 'field' is null in the 'get' accessor. [F:\Berry-Work\dev\DiffusionTool\BerryAIGen.Toolkit\BerryAIGen.Toolkit_b3ao1qf4_wpftmp.csproj]
F:\Berry-Work\dev\DiffusionTool\BerryAIGen.Toolkit\Controls\FilterControlModel.cs(45,12): warning CS9264: Non-nullable property 'Height' must contain a non-null value when exiting constructor. Consider adding the 'required' modifier, or declaring the property as nullable, or safely handling the case where 'field' is null in the 'get' accessor. [F:\Berry-Work\dev\DiffusionTool\BerryAIGen.Toolkit\BerryAIGen.Toolkit_b3ao1qf4_wpftmp.csproj]
F:\Berry-Work\dev\DiffusionTool\BerryAIGen.Toolkit\Controls\FilterControlModel.cs(45,12): warning CS9264: Non-nullable property 'ModelHash' must contain a non-null value when exiting constructor. Consider adding the 'required' modifier, or declaring the property as nullable, or safely handling the case where 'field' is null in the 'get' accessor. [F:\Berry-Work\dev\DiffusionTool\BerryAIGen.Toolkit\BerryAIGen.Toolkit_b3ao1qf4_wpftmp.csproj]
F:\Berry-Work\dev\DiffusionTool\BerryAIGen.Toolkit\Controls\FilterControlModel.cs(45,12): warning CS9264: Non-nullable property 'ModelName' must contain a non-null value when exiting constructor. Consider adding the 'required' modifier, or declaring the property as nullable, or safely handling the case where 'field' is null in the 'get' accessor. [F:\Berry-Work\dev\DiffusionTool\BerryAIGen.Toolkit\BerryAIGen.Toolkit_b3ao1qf4_wpftmp.csproj]
F:\Berry-Work\dev\DiffusionTool\BerryAIGen.Toolkit\Controls\FilterControlModel.cs(45,12): warning CS9264: Non-nullable property 'RatingOp' must contain a non-null value when exiting constructor. Consider adding the 'required' modifier, or declaring the property as nullable, or safely handling the case where 'field' is null in the 'get' accessor. [F:\Berry-Work\dev\DiffusionTool\BerryAIGen.Toolkit\BerryAIGen.Toolkit_b3ao1qf4_wpftmp.csproj]
F:\Berry-Work\dev\DiffusionTool\BerryAIGen.Toolkit\Controls\FilterControlModel.cs(45,12): warning CS9264: Non-nullable property 'AestheticScoreOp' must contain a non-null value when exiting constructor. Consider adding the 'required' modifier, or declaring the property as nullable, or safely handling the case where 'field' is null in the 'get' accessor. [F:\Berry-Work\dev\DiffusionTool\BerryAIGen.Toolkit\BerryAIGen.Toolkit_b3ao1qf4_wpftmp.csproj]
F:\Berry-Work\dev\DiffusionTool\BerryAIGen.Toolkit\Controls\FilterControlModel.cs(45,12): warning CS9264: Non-nullable property 'Path' must contain a non-null value when exiting constructor. Consider adding the 'required' modifier, or declaring the property as nullable, or safely handling the case where 'field' is null in the 'get' accessor. [F:\Berry-Work\dev\DiffusionTool\BerryAIGen.Toolkit\BerryAIGen.Toolkit_b3ao1qf4_wpftmp.csproj]
F:\Berry-Work\dev\DiffusionTool\BerryAIGen.Toolkit\Controls\FilterControlModel.cs(45,12): warning CS9264: Non-nullable property 'HyperNet' must contain a non-null value when exiting constructor. Consider adding the 'required' modifier, or declaring the property as nullable, or safely handling the case where 'field' is null in the 'get' accessor. [F:\Berry-Work\dev\DiffusionTool\BerryAIGen.Toolkit\BerryAIGen.Toolkit_b3ao1qf4_wpftmp.csproj]
F:\Berry-Work\dev\DiffusionTool\BerryAIGen.Toolkit\Controls\FilterControlModel.cs(45,12): warning CS9264: Non-nullable property 'HyperNetStrOp' must contain a non-null value when exiting constructor. Consider adding the 'required' modifier, or declaring the property as nullable, or safely handling the case where 'field' is null in the 'get' accessor. [F:\Berry-Work\dev\DiffusionTool\BerryAIGen.Toolkit\BerryAIGen.Toolkit_b3ao1qf4_wpftmp.csproj]
F:\Berry-Work\dev\DiffusionTool\BerryAIGen.Toolkit\Controls\FilterControlModel.cs(85,82): warning CS8625: Cannot convert null literal to non-nullable reference type. [F:\Berry-Work\dev\DiffusionTool\BerryAIGen.Toolkit\BerryAIGen.Toolkit_b3ao1qf4_wpftmp.csproj]
F:\Berry-Work\dev\DiffusionTool\BerryAIGen.Toolkit\Controls\FilterControl.xaml.cs(165,41): warning CS8600: Converting null literal or possible null value to non-nullable type. [F:\Berry-Work\dev\DiffusionTool\BerryAIGen.Toolkit\BerryAIGen.Toolkit_b3ao1qf4_wpftmp.csproj]
F:\Berry-Work\dev\DiffusionTool\BerryAIGen.Toolkit\Behaviors\DTBehaviors.IsScrollDisabled.cs(33,39): warning CS8600: Converting null literal or possible null value to non-nullable type. [F:\Berry-Work\dev\DiffusionTool\BerryAIGen.Toolkit\BerryAIGen.Toolkit_b3ao1qf4_wpftmp.csproj]
F:\Berry-Work\dev\DiffusionTool\BerryAIGen.Toolkit\Behaviors\DTBehaviors.IsScrollDisabled.cs(45,29): warning CS8602: Dereference of a possibly null reference. [F:\Berry-Work\dev\DiffusionTool\BerryAIGen.Toolkit\BerryAIGen.Toolkit_b3ao1qf4_wpftmp.csproj]
F:\Berry-Work\dev\DiffusionTool\BerryAIGen.Toolkit\Behaviors\DTBehaviors.IsScrollDisabled.cs(134,20): warning CS8603: Possible null reference return. [F:\Berry-Work\dev\DiffusionTool\BerryAIGen.Toolkit\BerryAIGen.Toolkit_b3ao1qf4_wpftmp.csproj]
F:\Berry-Work\dev\DiffusionTool\BerryAIGen.Toolkit\Controls\ThumbnailView.xaml.cs(99,38): warning CS8602: Dereference of a possibly null reference. [F:\Berry-Work\dev\DiffusionTool\BerryAIGen.Toolkit\BerryAIGen.Toolkit_b3ao1qf4_wpftmp.csproj]
F:\Berry-Work\dev\DiffusionTool\BerryAIGen.Toolkit\Controls\ThumbnailView.xaml.cs(51,16): warning CS8618: Non-nullable field '_albums' must contain a non-null value when exiting constructor. Consider adding the 'required' modifier or declaring the field as nullable. [F:\Berry-Work\dev\DiffusionTool\BerryAIGen.Toolkit\BerryAIGen.Toolkit_b3ao1qf4_wpftmp.csproj]
F:\Berry-Work\dev\DiffusionTool\BerryAIGen.Toolkit\Controls\ThumbnailView.xaml.cs(51,16): warning CS8618: Non-nullable property 'OnRemoveEntries' must contain a non-null value when exiting constructor. Consider adding the 'required' modifier or declaring the property as nullable. [F:\Berry-Work\dev\DiffusionTool\BerryAIGen.Toolkit\BerryAIGen.Toolkit_b3ao1qf4_wpftmp.csproj]
F:\Berry-Work\dev\DiffusionTool\BerryAIGen.Toolkit\Controls\ThumbnailView.xaml.cs(51,16): warning CS8618: Non-nullable property 'OnExpandToFolder' must contain a non-null value when exiting constructor. Consider adding the 'required' modifier or declaring the property as nullable. [F:\Berry-Work\dev\DiffusionTool\BerryAIGen.Toolkit\BerryAIGen.Toolkit_b3ao1qf4_wpftmp.csproj]
F:\Berry-Work\dev\DiffusionTool\BerryAIGen.Toolkit\Controls\ThumbnailView.xaml.cs(51,16): warning CS8618: Non-nullable field 'CopyFiles' must contain a non-null value when exiting constructor. Consider adding the 'required' modifier or declaring the field as nullable. [F:\Berry-Work\dev\DiffusionTool\BerryAIGen.Toolkit\BerryAIGen.Toolkit_b3ao1qf4_wpftmp.csproj]
F:\Berry-Work\dev\DiffusionTool\BerryAIGen.Toolkit\Controls\ThumbnailView.xaml.cs(51,16): warning CS8618: Non-nullable field 'MoveFiles' must contain a non-null value when exiting constructor. Consider adding the 'required' modifier or declaring the field as nullable. [F:\Berry-Work\dev\DiffusionTool\BerryAIGen.Toolkit\BerryAIGen.Toolkit_b3ao1qf4_wpftmp.csproj]
F:\Berry-Work\dev\DiffusionTool\BerryAIGen.Toolkit\Controls\ThumbnailView.xaml.cs(51,16): warning CS8618: Non-nullable field '_debounceUpdateSelection' must contain a non-null value when exiting constructor. Consider adding the 'required' modifier or declaring the field as nullable. [F:\Berry-Work\dev\DiffusionTool\BerryAIGen.Toolkit\BerryAIGen.Toolkit_b3ao1qf4_wpftmp.csproj]
F:\Berry-Work\dev\DiffusionTool\BerryAIGen.Toolkit\Controls\ThumbnailView.xaml.cs(111,34): warning CS8602: Dereference of a possibly null reference. [F:\Berry-Work\dev\DiffusionTool\BerryAIGen.Toolkit\BerryAIGen.Toolkit_b3ao1qf4_wpftmp.csproj]
F:\Berry-Work\dev\DiffusionTool\BerryAIGen.Toolkit\Controls\ThumbnailView.xaml.cs(113,65): warning CS8604: Possible null reference argument for parameter 'folder' in 'Task ScanningService.ScanFolder(FolderViewModel folder, bool fullScan)'. [F:\Berry-Work\dev\DiffusionTool\BerryAIGen.Toolkit\BerryAIGen.Toolkit_b3ao1qf4_wpftmp.csproj]
F:\Berry-Work\dev\DiffusionTool\BerryAIGen.Toolkit\Controls\FilterControlModel.cs(667,19): warning CS8618: Non-nullable property 'Name' must contain a non-null value when exiting constructor. Consider adding the 'required' modifier or declaring the property as nullable. [F:\Berry-Work\dev\DiffusionTool\BerryAIGen.Toolkit\BerryAIGen.Toolkit_b3ao1qf4_wpftmp.csproj]
F:\Berry-Work\dev\DiffusionTool\BerryAIGen.Toolkit\Controls\FilterControlModel.cs(668,14): warning CS8618: Non-nullable property 'Value' must contain a non-null value when exiting constructor. Consider adding the 'required' modifier or declaring the property as nullable. [F:\Berry-Work\dev\DiffusionTool\BerryAIGen.Toolkit\BerryAIGen.Toolkit_b3ao1qf4_wpftmp.csproj]
F:\Berry-Work\dev\DiffusionTool\BerryAIGen.Toolkit\Controls\MessagePopup.xaml.cs(21,16): warning CS8618: Non-nullable field '_closing' must contain a non-null value when exiting constructor. Consider adding the 'required' modifier or declaring the field as nullable. [F:\Berry-Work\dev\DiffusionTool\BerryAIGen.Toolkit\BerryAIGen.Toolkit_b3ao1qf4_wpftmp.csproj]
F:\Berry-Work\dev\DiffusionTool\BerryAIGen.Toolkit\Controls\ThumbnailView.xaml.cs(137,25): warning CS8625: Cannot convert null literal to non-nullable reference type. [F:\Berry-Work\dev\DiffusionTool\BerryAIGen.Toolkit\BerryAIGen.Toolkit_b3ao1qf4_wpftmp.csproj]
F:\Berry-Work\dev\DiffusionTool\BerryAIGen.Toolkit\Controls\MetadataPanel.xaml.cs(89,17): warning CS8602: Dereference of a possibly null reference. [F:\Berry-Work\dev\DiffusionTool\BerryAIGen.Toolkit\BerryAIGen.Toolkit_b3ao1qf4_wpftmp.csproj]
F:\Berry-Work\dev\DiffusionTool\BerryAIGen.Toolkit\Controls\NodeFilter.cs(22,19): warning CS9264: Non-nullable property 'Node' must contain a non-null value when exiting constructor. Consider adding the 'required' modifier, or declaring the property as nullable, or safely handling the case where 'field' is null in the 'get' accessor. [F:\Berry-Work\dev\DiffusionTool\BerryAIGen.Toolkit\BerryAIGen.Toolkit_b3ao1qf4_wpftmp.csproj]
F:\Berry-Work\dev\DiffusionTool\BerryAIGen.Toolkit\Controls\NodeFilter.cs(28,19): warning CS9264: Non-nullable property 'Property' must contain a non-null value when exiting constructor. Consider adding the 'required' modifier, or declaring the property as nullable, or safely handling the case where 'field' is null in the 'get' accessor. [F:\Berry-Work\dev\DiffusionTool\BerryAIGen.Toolkit\BerryAIGen.Toolkit_b3ao1qf4_wpftmp.csproj]
F:\Berry-Work\dev\DiffusionTool\BerryAIGen.Toolkit\Controls\NodeFilter.cs(35,38): warning CS9264: Non-nullable property 'SelectedComparison' must contain a non-null value when exiting constructor. Consider adding the 'required' modifier, or declaring the property as nullable, or safely handling the case where 'field' is null in the 'get' accessor. [F:\Berry-Work\dev\DiffusionTool\BerryAIGen.Toolkit\BerryAIGen.Toolkit_b3ao1qf4_wpftmp.csproj]
F:\Berry-Work\dev\DiffusionTool\BerryAIGen.Toolkit\Controls\NodeFilter.cs(47,19): warning CS9264: Non-nullable property 'Value' must contain a non-null value when exiting constructor. Consider adding the 'required' modifier, or declaring the property as nullable, or safely handling the case where 'field' is null in the 'get' accessor. [F:\Berry-Work\dev\DiffusionTool\BerryAIGen.Toolkit\BerryAIGen.Toolkit_b3ao1qf4_wpftmp.csproj]
F:\Berry-Work\dev\DiffusionTool\BerryAIGen.Toolkit\Controls\NodeFilter.cs(53,21): warning CS8618: Non-nullable property 'RemoveCommand' must contain a non-null value when exiting constructor. Consider adding the 'required' modifier or declaring the property as nullable. [F:\Berry-Work\dev\DiffusionTool\BerryAIGen.Toolkit\BerryAIGen.Toolkit_b3ao1qf4_wpftmp.csproj]
F:\Berry-Work\dev\DiffusionTool\BerryAIGen.Toolkit\Controls\ThumbnailView.xaml.cs(188,21): warning CS8602: Dereference of a possibly null reference. [F:\Berry-Work\dev\DiffusionTool\BerryAIGen.Toolkit\BerryAIGen.Toolkit_b3ao1qf4_wpftmp.csproj]
F:\Berry-Work\dev\DiffusionTool\BerryAIGen.Toolkit\Controls\MessagePopup.xaml.cs(111,16): warning CS8618: Non-nullable field 't' must contain a non-null value when exiting constructor. Consider adding the 'required' modifier or declaring the field as nullable. [F:\Berry-Work\dev\DiffusionTool\BerryAIGen.Toolkit\BerryAIGen.Toolkit_b3ao1qf4_wpftmp.csproj]
F:\Berry-Work\dev\DiffusionTool\BerryAIGen.Toolkit\Controls\MessagePopup.xaml.cs(111,16): warning CS8618: Non-nullable field 't2' must contain a non-null value when exiting constructor. Consider adding the 'required' modifier or declaring the field as nullable. [F:\Berry-Work\dev\DiffusionTool\BerryAIGen.Toolkit\BerryAIGen.Toolkit_b3ao1qf4_wpftmp.csproj]
F:\Berry-Work\dev\DiffusionTool\BerryAIGen.Toolkit\Controls\ThumbnailIcons.cs(47,25): warning CS8602: Dereference of a possibly null reference. [F:\Berry-Work\dev\DiffusionTool\BerryAIGen.Toolkit\BerryAIGen.Toolkit_b3ao1qf4_wpftmp.csproj]
F:\Berry-Work\dev\DiffusionTool\BerryAIGen.Toolkit\Controls\StarRating.xaml.cs(99,13): warning CS8602: Dereference of a possibly null reference. [F:\Berry-Work\dev\DiffusionTool\BerryAIGen.Toolkit\BerryAIGen.Toolkit_b3ao1qf4_wpftmp.csproj]
F:\Berry-Work\dev\DiffusionTool\BerryAIGen.Toolkit\Localization\JsonLocalizationProvider.cs(37,47): warning CS8604: Possible null reference argument for parameter 'stream' in 'StreamReader.StreamReader(Stream stream)'. [F:\Berry-Work\dev\DiffusionTool\BerryAIGen.Toolkit\BerryAIGen.Toolkit_b3ao1qf4_wpftmp.csproj]
F:\Berry-Work\dev\DiffusionTool\BerryAIGen.Toolkit\Localization\JsonLocalizationProvider.cs(39,38): warning CS8601: Possible null reference assignment. [F:\Berry-Work\dev\DiffusionTool\BerryAIGen.Toolkit\BerryAIGen.Toolkit_b3ao1qf4_wpftmp.csproj]
F:\Berry-Work\dev\DiffusionTool\BerryAIGen.Toolkit\Localization\JsonLocalizationProvider.cs(47,40): warning CS8604: Possible null reference argument for parameter 'value' in 'void Dictionary<string, Dictionary<string, string>>.Add(string key, Dictionary<string, string> value)'. [F:\Berry-Work\dev\DiffusionTool\BerryAIGen.Toolkit\BerryAIGen.Toolkit_b3ao1qf4_wpftmp.csproj]
F:\Berry-Work\dev\DiffusionTool\BerryAIGen.Toolkit\Localization\JsonLocalizationProvider.cs(22,16): warning CS8618: Non-nullable field '_defaultDictionary' must contain a non-null value when exiting constructor. Consider adding the 'required' modifier or declaring the field as nullable. [F:\Berry-Work\dev\DiffusionTool\BerryAIGen.Toolkit\BerryAIGen.Toolkit_b3ao1qf4_wpftmp.csproj]
F:\Berry-Work\dev\DiffusionTool\BerryAIGen.Toolkit\Localization\JsonLocalizationProvider.cs(20,48): warning CS8618: Non-nullable property 'Instance' must contain a non-null value when exiting constructor. Consider adding the 'required' modifier or declaring the property as nullable. [F:\Berry-Work\dev\DiffusionTool\BerryAIGen.Toolkit\BerryAIGen.Toolkit_b3ao1qf4_wpftmp.csproj]
F:\Berry-Work\dev\DiffusionTool\BerryAIGen.Toolkit\Controls\ComfyNode.xaml.cs(106,25): warning CS8602: Dereference of a possibly null reference. [F:\Berry-Work\dev\DiffusionTool\BerryAIGen.Toolkit\BerryAIGen.Toolkit_b3ao1qf4_wpftmp.csproj]
F:\Berry-Work\dev\DiffusionTool\BerryAIGen.Toolkit\Controls\ComfyNode.xaml.cs(115,25): warning CS8602: Dereference of a possibly null reference. [F:\Berry-Work\dev\DiffusionTool\BerryAIGen.Toolkit\BerryAIGen.Toolkit_b3ao1qf4_wpftmp.csproj]
F:\Berry-Work\dev\DiffusionTool\BerryAIGen.Toolkit\Controls\ThumbnailView.xaml.cs(247,44): warning CS8509: The switch expression does not handle all possible values of its input type (it is not exhaustive). For example, the pattern 'System.Windows.Input.Key.None' is not covered. [F:\Berry-Work\dev\DiffusionTool\BerryAIGen.Toolkit\BerryAIGen.Toolkit_b3ao1qf4_wpftmp.csproj]
F:\Berry-Work\dev\DiffusionTool\BerryAIGen.Toolkit\Controls\ThumbnailView.xaml.cs(266,44): warning CS8509: The switch expression does not handle all possible values of its input type (it is not exhaustive). For example, the pattern 'System.Windows.Input.Key.None' is not covered. [F:\Berry-Work\dev\DiffusionTool\BerryAIGen.Toolkit\BerryAIGen.Toolkit_b3ao1qf4_wpftmp.csproj]
F:\Berry-Work\dev\DiffusionTool\BerryAIGen.Toolkit\Configuration\Settings.cs(13,28): warning CS8618: Non-nullable property 'Instance' must contain a non-null value when exiting constructor. Consider adding the 'required' modifier or declaring the property as nullable. [F:\Berry-Work\dev\DiffusionTool\BerryAIGen.Toolkit\BerryAIGen.Toolkit_b3ao1qf4_wpftmp.csproj]
F:\Berry-Work\dev\DiffusionTool\BerryAIGen.Toolkit\Controls\Thumbnail.cs(43,33): warning CS8602: Dereference of a possibly null reference. [F:\Berry-Work\dev\DiffusionTool\BerryAIGen.Toolkit\BerryAIGen.Toolkit_b3ao1qf4_wpftmp.csproj]
F:\Berry-Work\dev\DiffusionTool\BerryAIGen.Toolkit\Controls\Thumbnail.cs(46,33): warning CS8602: Dereference of a possibly null reference. [F:\Berry-Work\dev\DiffusionTool\BerryAIGen.Toolkit\BerryAIGen.Toolkit_b3ao1qf4_wpftmp.csproj]
F:\Berry-Work\dev\DiffusionTool\BerryAIGen.Toolkit\Controls\ThumbnailPanel.cs(20,25): warning CS8618: Non-nullable property 'BitmapSource' must contain a non-null value when exiting constructor. Consider adding the 'required' modifier or declaring the property as nullable. [F:\Berry-Work\dev\DiffusionTool\BerryAIGen.Toolkit\BerryAIGen.Toolkit_b3ao1qf4_wpftmp.csproj]
F:\Berry-Work\dev\DiffusionTool\BerryAIGen.Toolkit\Behaviors\DTBehaviors.UseIsMouseOverHandlers.cs(59,43): warning CS8602: Dereference of a possibly null reference. [F:\Berry-Work\dev\DiffusionTool\BerryAIGen.Toolkit\BerryAIGen.Toolkit_b3ao1qf4_wpftmp.csproj]
F:\Berry-Work\dev\DiffusionTool\BerryAIGen.Toolkit\Behaviors\DTBehaviors.UseIsMouseOverHandlers.cs(66,17): warning CS8602: Dereference of a possibly null reference. [F:\Berry-Work\dev\DiffusionTool\BerryAIGen.Toolkit\BerryAIGen.Toolkit_b3ao1qf4_wpftmp.csproj]
F:\Berry-Work\dev\DiffusionTool\BerryAIGen.Toolkit\Controls\StarRating.xaml.cs(115,13): warning CS8602: Dereference of a possibly null reference. [F:\Berry-Work\dev\DiffusionTool\BerryAIGen.Toolkit\BerryAIGen.Toolkit_b3ao1qf4_wpftmp.csproj]
F:\Berry-Work\dev\DiffusionTool\BerryAIGen.Toolkit\Controls\StarRating.xaml.cs(130,13): warning CS8602: Dereference of a possibly null reference. [F:\Berry-Work\dev\DiffusionTool\BerryAIGen.Toolkit\BerryAIGen.Toolkit_b3ao1qf4_wpftmp.csproj]
F:\Berry-Work\dev\DiffusionTool\BerryAIGen.Toolkit\Controls\StarRating.xaml.cs(136,13): warning CS8602: Dereference of a possibly null reference. [F:\Berry-Work\dev\DiffusionTool\BerryAIGen.Toolkit\BerryAIGen.Toolkit_b3ao1qf4_wpftmp.csproj]
F:\Berry-Work\dev\DiffusionTool\BerryAIGen.Toolkit\Controls\StarRating.xaml.cs(143,13): warning CS8602: Dereference of a possibly null reference. [F:\Berry-Work\dev\DiffusionTool\BerryAIGen.Toolkit\BerryAIGen.Toolkit_b3ao1qf4_wpftmp.csproj]
F:\Berry-Work\dev\DiffusionTool\BerryAIGen.Toolkit\Controls\Thumbnail.cs(89,82): warning CS8625: Cannot convert null literal to non-nullable reference type. [F:\Berry-Work\dev\DiffusionTool\BerryAIGen.Toolkit\BerryAIGen.Toolkit_b3ao1qf4_wpftmp.csproj]
F:\Berry-Work\dev\DiffusionTool\BerryAIGen.Toolkit\Controls\StarRating.xaml.cs(150,13): warning CS8602: Dereference of a possibly null reference. [F:\Berry-Work\dev\DiffusionTool\BerryAIGen.Toolkit\BerryAIGen.Toolkit_b3ao1qf4_wpftmp.csproj]
F:\Berry-Work\dev\DiffusionTool\BerryAIGen.Toolkit\Controls\ThumbnailPaneModel.cs(38,26): warning CS8619: Nullability of reference types in value of type 'ObservableCollection<string>' doesn't match target type 'ObservableCollection<string?>'. [F:\Berry-Work\dev\DiffusionTool\BerryAIGen.Toolkit\BerryAIGen.Toolkit_b3ao1qf4_wpftmp.csproj]
F:\Berry-Work\dev\DiffusionTool\BerryAIGen.Toolkit\Controls\ThumbnailPaneModel.cs(35,12): warning CS8618: Non-nullable field '_searchText' must contain a non-null value when exiting constructor. Consider adding the 'required' modifier or declaring the field as nullable. [F:\Berry-Work\dev\DiffusionTool\BerryAIGen.Toolkit\BerryAIGen.Toolkit_b3ao1qf4_wpftmp.csproj]
F:\Berry-Work\dev\DiffusionTool\BerryAIGen.Toolkit\Controls\ThumbnailPaneModel.cs(35,12): warning CS8618: Non-nullable field '_prevPage' must contain a non-null value when exiting constructor. Consider adding the 'required' modifier or declaring the field as nullable. [F:\Berry-Work\dev\DiffusionTool\BerryAIGen.Toolkit\BerryAIGen.Toolkit_b3ao1qf4_wpftmp.csproj]
F:\Berry-Work\dev\DiffusionTool\BerryAIGen.Toolkit\Controls\ThumbnailPaneModel.cs(35,12): warning CS8618: Non-nullable field '_nextPage' must contain a non-null value when exiting constructor. Consider adding the 'required' modifier or declaring the field as nullable. [F:\Berry-Work\dev\DiffusionTool\BerryAIGen.Toolkit\BerryAIGen.Toolkit_b3ao1qf4_wpftmp.csproj]
F:\Berry-Work\dev\DiffusionTool\BerryAIGen.Toolkit\Controls\ThumbnailPaneModel.cs(35,12): warning CS8618: Non-nullable field '_firstPage' must contain a non-null value when exiting constructor. Consider adding the 'required' modifier or declaring the field as nullable. [F:\Berry-Work\dev\DiffusionTool\BerryAIGen.Toolkit\BerryAIGen.Toolkit_b3ao1qf4_wpftmp.csproj]
F:\Berry-Work\dev\DiffusionTool\BerryAIGen.Toolkit\Controls\ThumbnailPaneModel.cs(35,12): warning CS8618: Non-nullable field '_lastPage' must contain a non-null value when exiting constructor. Consider adding the 'required' modifier or declaring the field as nullable. [F:\Berry-Work\dev\DiffusionTool\BerryAIGen.Toolkit\BerryAIGen.Toolkit_b3ao1qf4_wpftmp.csproj]
F:\Berry-Work\dev\DiffusionTool\BerryAIGen.Toolkit\Controls\ThumbnailPaneModel.cs(35,12): warning CS8618: Non-nullable property 'DataStore' must contain a non-null value when exiting constructor. Consider adding the 'required' modifier or declaring the property as nullable. [F:\Berry-Work\dev\DiffusionTool\BerryAIGen.Toolkit\BerryAIGen.Toolkit_b3ao1qf4_wpftmp.csproj]
F:\Berry-Work\dev\DiffusionTool\BerryAIGen.Toolkit\Controls\ThumbnailPaneModel.cs(35,12): warning CS9264: Non-nullable property 'ClearCommand' must contain a non-null value when exiting constructor. Consider adding the 'required' modifier, or declaring the property as nullable, or safely handling the case where 'field' is null in the 'get' accessor. [F:\Berry-Work\dev\DiffusionTool\BerryAIGen.Toolkit\BerryAIGen.Toolkit_b3ao1qf4_wpftmp.csproj]
F:\Berry-Work\dev\DiffusionTool\BerryAIGen.Toolkit\Controls\ThumbnailPaneModel.cs(35,12): warning CS9264: Non-nullable property 'SearchCommand' must contain a non-null value when exiting constructor. Consider adding the 'required' modifier, or declaring the property as nullable, or safely handling the case where 'field' is null in the 'get' accessor. [F:\Berry-Work\dev\DiffusionTool\BerryAIGen.Toolkit\BerryAIGen.Toolkit_b3ao1qf4_wpftmp.csproj]
F:\Berry-Work\dev\DiffusionTool\BerryAIGen.Toolkit\Controls\ThumbnailPaneModel.cs(35,12): warning CS9264: Non-nullable property 'Results' must contain a non-null value when exiting constructor. Consider adding the 'required' modifier, or declaring the property as nullable, or safely handling the case where 'field' is null in the 'get' accessor. [F:\Berry-Work\dev\DiffusionTool\BerryAIGen.Toolkit\BerryAIGen.Toolkit_b3ao1qf4_wpftmp.csproj]
F:\Berry-Work\dev\DiffusionTool\BerryAIGen.Toolkit\Controls\ThumbnailPaneModel.cs(35,12): warning CS9264: Non-nullable property 'ResultStatus' must contain a non-null value when exiting constructor. Consider adding the 'required' modifier, or declaring the property as nullable, or safely handling the case where 'field' is null in the 'get' accessor. [F:\Berry-Work\dev\DiffusionTool\BerryAIGen.Toolkit\BerryAIGen.Toolkit_b3ao1qf4_wpftmp.csproj]
F:\Berry-Work\dev\DiffusionTool\BerryAIGen.Toolkit\Controls\ThumbnailPaneModel.cs(35,12): warning CS9264: Non-nullable property 'Refresh' must contain a non-null value when exiting constructor. Consider adding the 'required' modifier, or declaring the property as nullable, or safely handling the case where 'field' is null in the 'get' accessor. [F:\Berry-Work\dev\DiffusionTool\BerryAIGen.Toolkit\BerryAIGen.Toolkit_b3ao1qf4_wpftmp.csproj]
F:\Berry-Work\dev\DiffusionTool\BerryAIGen.Toolkit\Controls\ThumbnailPaneModel.cs(35,12): warning CS9264: Non-nullable property 'FocusSearch' must contain a non-null value when exiting constructor. Consider adding the 'required' modifier, or declaring the property as nullable, or safely handling the case where 'field' is null in the 'get' accessor. [F:\Berry-Work\dev\DiffusionTool\BerryAIGen.Toolkit\BerryAIGen.Toolkit_b3ao1qf4_wpftmp.csproj]
F:\Berry-Work\dev\DiffusionTool\BerryAIGen.Toolkit\Controls\ThumbnailPaneModel.cs(35,12): warning CS9264: Non-nullable property 'ModeName' must contain a non-null value when exiting constructor. Consider adding the 'required' modifier, or declaring the property as nullable, or safely handling the case where 'field' is null in the 'get' accessor. [F:\Berry-Work\dev\DiffusionTool\BerryAIGen.Toolkit\BerryAIGen.Toolkit_b3ao1qf4_wpftmp.csproj]
F:\Berry-Work\dev\DiffusionTool\BerryAIGen.Toolkit\Controls\ThumbnailPaneModel.cs(35,12): warning CS9264: Non-nullable property 'ShowDropDown' must contain a non-null value when exiting constructor. Consider adding the 'required' modifier, or declaring the property as nullable, or safely handling the case where 'field' is null in the 'get' accessor. [F:\Berry-Work\dev\DiffusionTool\BerryAIGen.Toolkit\BerryAIGen.Toolkit_b3ao1qf4_wpftmp.csproj]
F:\Berry-Work\dev\DiffusionTool\BerryAIGen.Toolkit\Controls\ThumbnailPaneModel.cs(35,12): warning CS9264: Non-nullable property 'HideDropDown' must contain a non-null value when exiting constructor. Consider adding the 'required' modifier, or declaring the property as nullable, or safely handling the case where 'field' is null in the 'get' accessor. [F:\Berry-Work\dev\DiffusionTool\BerryAIGen.Toolkit\BerryAIGen.Toolkit_b3ao1qf4_wpftmp.csproj]
F:\Berry-Work\dev\DiffusionTool\BerryAIGen.Toolkit\Controls\ThumbnailPaneModel.cs(35,12): warning CS9264: Non-nullable property 'ToggleParameters' must contain a non-null value when exiting constructor. Consider adding the 'required' modifier, or declaring the property as nullable, or safely handling the case where 'field' is null in the 'get' accessor. [F:\Berry-Work\dev\DiffusionTool\BerryAIGen.Toolkit\BerryAIGen.Toolkit_b3ao1qf4_wpftmp.csproj]
F:\Berry-Work\dev\DiffusionTool\BerryAIGen.Toolkit\Controls\ThumbnailPaneModel.cs(35,12): warning CS9264: Non-nullable property 'CopyFiles' must contain a non-null value when exiting constructor. Consider adding the 'required' modifier, or declaring the property as nullable, or safely handling the case where 'field' is null in the 'get' accessor. [F:\Berry-Work\dev\DiffusionTool\BerryAIGen.Toolkit\BerryAIGen.Toolkit_b3ao1qf4_wpftmp.csproj]
F:\Berry-Work\dev\DiffusionTool\BerryAIGen.Toolkit\MainWindow.xaml.Albums.cs(28,44): warning CS8602: Dereference of a possibly null reference. [F:\Berry-Work\dev\DiffusionTool\BerryAIGen.Toolkit\BerryAIGen.Toolkit_b3ao1qf4_wpftmp.csproj]
F:\Berry-Work\dev\DiffusionTool\BerryAIGen.Toolkit\MainWindow.xaml.Albums.cs(32,28): warning CS8602: Dereference of a possibly null reference. [F:\Berry-Work\dev\DiffusionTool\BerryAIGen.Toolkit\BerryAIGen.Toolkit_b3ao1qf4_wpftmp.csproj]
F:\Berry-Work\dev\DiffusionTool\BerryAIGen.Toolkit\MainWindow.xaml.Albums.cs(48,44): warning CS8602: Dereference of a possibly null reference. [F:\Berry-Work\dev\DiffusionTool\BerryAIGen.Toolkit\BerryAIGen.Toolkit_b3ao1qf4_wpftmp.csproj]
F:\Berry-Work\dev\DiffusionTool\BerryAIGen.Toolkit\MainWindow.xaml.Albums.cs(50,24): warning CS8602: Dereference of a possibly null reference. [F:\Berry-Work\dev\DiffusionTool\BerryAIGen.Toolkit\BerryAIGen.Toolkit_b3ao1qf4_wpftmp.csproj]
F:\Berry-Work\dev\DiffusionTool\BerryAIGen.Toolkit\MainWindow.xaml.Albums.cs(67,30): warning CS8604: Possible null reference argument for parameter 'source' in 'List<ImageEntry> Enumerable.ToList<ImageEntry>(IEnumerable<ImageEntry> source)'. [F:\Berry-Work\dev\DiffusionTool\BerryAIGen.Toolkit\BerryAIGen.Toolkit_b3ao1qf4_wpftmp.csproj]
F:\Berry-Work\dev\DiffusionTool\BerryAIGen.Toolkit\MainWindow.xaml.Albums.cs(71,21): warning CS8602: Dereference of a possibly null reference. [F:\Berry-Work\dev\DiffusionTool\BerryAIGen.Toolkit\BerryAIGen.Toolkit_b3ao1qf4_wpftmp.csproj]
F:\Berry-Work\dev\DiffusionTool\BerryAIGen.Toolkit\MainWindow.xaml.Albums.cs(89,44): warning CS8602: Dereference of a possibly null reference. [F:\Berry-Work\dev\DiffusionTool\BerryAIGen.Toolkit\BerryAIGen.Toolkit_b3ao1qf4_wpftmp.csproj]
F:\Berry-Work\dev\DiffusionTool\BerryAIGen.Toolkit\MainWindow.xaml.Albums.cs(89,142): warning CS8602: Dereference of a possibly null reference. [F:\Berry-Work\dev\DiffusionTool\BerryAIGen.Toolkit\BerryAIGen.Toolkit_b3ao1qf4_wpftmp.csproj]
F:\Berry-Work\dev\DiffusionTool\BerryAIGen.Toolkit\MainWindow.xaml.Albums.cs(91,24): warning CS8602: Dereference of a possibly null reference. [F:\Berry-Work\dev\DiffusionTool\BerryAIGen.Toolkit\BerryAIGen.Toolkit_b3ao1qf4_wpftmp.csproj]
F:\Berry-Work\dev\DiffusionTool\BerryAIGen.Toolkit\MainWindow.xaml.Albums.cs(115,30): warning CS8604: Possible null reference argument for parameter 'source' in 'List<ImageEntry> Enumerable.ToList<ImageEntry>(IEnumerable<ImageEntry> source)'. [F:\Berry-Work\dev\DiffusionTool\BerryAIGen.Toolkit\BerryAIGen.Toolkit_b3ao1qf4_wpftmp.csproj]
F:\Berry-Work\dev\DiffusionTool\BerryAIGen.Toolkit\MainWindow.xaml.Albums.cs(116,62): warning CS8602: Dereference of a possibly null reference. [F:\Berry-Work\dev\DiffusionTool\BerryAIGen.Toolkit\BerryAIGen.Toolkit_b3ao1qf4_wpftmp.csproj]
F:\Berry-Work\dev\DiffusionTool\BerryAIGen.Toolkit\MainWindow.xaml.Albums.cs(122,17): warning CS8602: Dereference of a possibly null reference. [F:\Berry-Work\dev\DiffusionTool\BerryAIGen.Toolkit\BerryAIGen.Toolkit_b3ao1qf4_wpftmp.csproj]
F:\Berry-Work\dev\DiffusionTool\BerryAIGen.Toolkit\MainWindow.xaml.Albums.cs(135,131): warning CS8602: Dereference of a possibly null reference. [F:\Berry-Work\dev\DiffusionTool\BerryAIGen.Toolkit\BerryAIGen.Toolkit_b3ao1qf4_wpftmp.csproj]
F:\Berry-Work\dev\DiffusionTool\BerryAIGen.Toolkit\Controls\ThumbnailPane.xaml.cs(59,67): warning CS8602: Dereference of a possibly null reference. [F:\Berry-Work\dev\DiffusionTool\BerryAIGen.Toolkit\BerryAIGen.Toolkit_b3ao1qf4_wpftmp.csproj]
F:\Berry-Work\dev\DiffusionTool\BerryAIGen.Toolkit\Controls\ThumbnailPane.xaml.cs(60,66): warning CS8602: Dereference of a possibly null reference. [F:\Berry-Work\dev\DiffusionTool\BerryAIGen.Toolkit\BerryAIGen.Toolkit_b3ao1qf4_wpftmp.csproj]
F:\Berry-Work\dev\DiffusionTool\BerryAIGen.Toolkit\Controls\ThumbnailPane.xaml.cs(50,16): warning CS8618: Non-nullable property 'ClearQuery' must contain a non-null value when exiting constructor. Consider adding the 'required' modifier or declaring the property as nullable. [F:\Berry-Work\dev\DiffusionTool\BerryAIGen.Toolkit\BerryAIGen.Toolkit_b3ao1qf4_wpftmp.csproj]
F:\Berry-Work\dev\DiffusionTool\BerryAIGen.Toolkit\Controls\ThumbnailPane.xaml.cs(50,16): warning CS8618: Non-nullable property 'SearchImages' must contain a non-null value when exiting constructor. Consider adding the 'required' modifier or declaring the property as nullable. [F:\Berry-Work\dev\DiffusionTool\BerryAIGen.Toolkit\BerryAIGen.Toolkit_b3ao1qf4_wpftmp.csproj]
F:\Berry-Work\dev\DiffusionTool\BerryAIGen.Toolkit\MainWindow.xaml.cs(1196,45): warning CS8618: Non-nullable property 'hashes' must contain a non-null value when exiting constructor. Consider adding the 'required' modifier or declaring the property as nullable. [F:\Berry-Work\dev\DiffusionTool\BerryAIGen.Toolkit\BerryAIGen.Toolkit_b3ao1qf4_wpftmp.csproj]
F:\Berry-Work\dev\DiffusionTool\BerryAIGen.Toolkit\MainWindow.xaml.cs(1202,23): warning CS8618: Non-nullable property 'sha256' must contain a non-null value when exiting constructor. Consider adding the 'required' modifier or declaring the property as nullable. [F:\Berry-Work\dev\DiffusionTool\BerryAIGen.Toolkit\BerryAIGen.Toolkit_b3ao1qf4_wpftmp.csproj]
F:\Berry-Work\dev\DiffusionTool\BerryAIGen.Toolkit\Controls\ThumbnailTemplateSelector.cs(13,33): warning CS8600: Converting null literal or possible null value to non-nullable type. [F:\Berry-Work\dev\DiffusionTool\BerryAIGen.Toolkit\BerryAIGen.Toolkit_b3ao1qf4_wpftmp.csproj]
F:\Berry-Work\dev\DiffusionTool\BerryAIGen.Toolkit\Controls\ThumbnailTemplateSelector.cs(16,20): warning CS8603: Possible null reference return. [F:\Berry-Work\dev\DiffusionTool\BerryAIGen.Toolkit\BerryAIGen.Toolkit_b3ao1qf4_wpftmp.csproj]
F:\Berry-Work\dev\DiffusionTool\BerryAIGen.Toolkit\Controls\ThumbnailTemplateSelector.cs(32,20): warning CS8603: Possible null reference return. [F:\Berry-Work\dev\DiffusionTool\BerryAIGen.Toolkit\BerryAIGen.Toolkit_b3ao1qf4_wpftmp.csproj]
F:\Berry-Work\dev\DiffusionTool\BerryAIGen.Toolkit\ManageAlbumWindow.xaml.cs(28,22): warning CS9264: Non-nullable property 'SelectedAlbum' must contain a non-null value when exiting constructor. Consider adding the 'required' modifier, or declaring the property as nullable, or safely handling the case where 'field' is null in the 'get' accessor. [F:\Berry-Work\dev\DiffusionTool\BerryAIGen.Toolkit\BerryAIGen.Toolkit_b3ao1qf4_wpftmp.csproj]
F:\Berry-Work\dev\DiffusionTool\BerryAIGen.Toolkit\ManageAlbumWindow.xaml.cs(34,25): warning CS8618: Non-nullable property 'Escape' must contain a non-null value when exiting constructor. Consider adding the 'required' modifier or declaring the property as nullable. [F:\Berry-Work\dev\DiffusionTool\BerryAIGen.Toolkit\BerryAIGen.Toolkit_b3ao1qf4_wpftmp.csproj]
F:\Berry-Work\dev\DiffusionTool\BerryAIGen.Toolkit\ManageAlbumWindow.xaml.cs(35,35): warning CS8618: Non-nullable property 'Albums' must contain a non-null value when exiting constructor. Consider adding the 'required' modifier or declaring the property as nullable. [F:\Berry-Work\dev\DiffusionTool\BerryAIGen.Toolkit\BerryAIGen.Toolkit_b3ao1qf4_wpftmp.csproj]
F:\Berry-Work\dev\DiffusionTool\BerryAIGen.Toolkit\Controls\PreviewPane.xaml.cs(77,70): warning CS8604: Possible null reference argument for parameter 'depObj' in 'IEnumerable<T> PreviewPane.FindVisualChildren<T>(DependencyObject depObj)'. [F:\Berry-Work\dev\DiffusionTool\BerryAIGen.Toolkit\BerryAIGen.Toolkit_b3ao1qf4_wpftmp.csproj]
F:\Berry-Work\dev\DiffusionTool\BerryAIGen.Toolkit\Controls\Thumbnail.cs(96,13): warning CS8602: Dereference of a possibly null reference. [F:\Berry-Work\dev\DiffusionTool\BerryAIGen.Toolkit\BerryAIGen.Toolkit_b3ao1qf4_wpftmp.csproj]
F:\Berry-Work\dev\DiffusionTool\BerryAIGen.Toolkit\Controls\PreviewPane.xaml.cs(115,17): warning CS8602: Dereference of a possibly null reference. [F:\Berry-Work\dev\DiffusionTool\BerryAIGen.Toolkit\BerryAIGen.Toolkit_b3ao1qf4_wpftmp.csproj]
F:\Berry-Work\dev\DiffusionTool\BerryAIGen.Toolkit\MessagePopupManager.cs(24,12): warning CS8618: Non-nullable field 't' must contain a non-null value when exiting constructor. Consider adding the 'required' modifier or declaring the field as nullable. [F:\Berry-Work\dev\DiffusionTool\BerryAIGen.Toolkit\BerryAIGen.Toolkit_b3ao1qf4_wpftmp.csproj]
F:\Berry-Work\dev\DiffusionTool\BerryAIGen.Toolkit\Controls\Thumbnail.cs(171,13): warning CS0219: The variable 'margin' is assigned but its value is never used [F:\Berry-Work\dev\DiffusionTool\BerryAIGen.Toolkit\BerryAIGen.Toolkit_b3ao1qf4_wpftmp.csproj]
F:\Berry-Work\dev\DiffusionTool\BerryAIGen.Toolkit\Controls\PreviewPane.xaml.cs(152,16): warning CS8618: Non-nullable field 'handCursor' must contain a non-null value when exiting constructor. Consider adding the 'required' modifier or declaring the field as nullable. [F:\Berry-Work\dev\DiffusionTool\BerryAIGen.Toolkit\BerryAIGen.Toolkit_b3ao1qf4_wpftmp.csproj]
F:\Berry-Work\dev\DiffusionTool\BerryAIGen.Toolkit\Controls\PreviewPane.xaml.cs(152,16): warning CS8618: Non-nullable field 'grabCursor' must contain a non-null value when exiting constructor. Consider adding the 'required' modifier or declaring the field as nullable. [F:\Berry-Work\dev\DiffusionTool\BerryAIGen.Toolkit\BerryAIGen.Toolkit_b3ao1qf4_wpftmp.csproj]
F:\Berry-Work\dev\DiffusionTool\BerryAIGen.Toolkit\Controls\PreviewPane.xaml.cs(152,16): warning CS8618: Non-nullable field '_rate' must contain a non-null value when exiting constructor. Consider adding the 'required' modifier or declaring the field as nullable. [F:\Berry-Work\dev\DiffusionTool\BerryAIGen.Toolkit\BerryAIGen.Toolkit_b3ao1qf4_wpftmp.csproj]
F:\Berry-Work\dev\DiffusionTool\BerryAIGen.Toolkit\Controls\PreviewPane.xaml.cs(152,16): warning CS8618: Non-nullable property 'OnPopout' must contain a non-null value when exiting constructor. Consider adding the 'required' modifier or declaring the property as nullable. [F:\Berry-Work\dev\DiffusionTool\BerryAIGen.Toolkit\BerryAIGen.Toolkit_b3ao1qf4_wpftmp.csproj]
F:\Berry-Work\dev\DiffusionTool\BerryAIGen.Toolkit\UnavailableFilesModel.cs(36,48): warning CS9264: Non-nullable property 'ImagePaths' must contain a non-null value when exiting constructor. Consider adding the 'required' modifier, or declaring the property as nullable, or safely handling the case where 'field' is null in the 'get' accessor. [F:\Berry-Work\dev\DiffusionTool\BerryAIGen.Toolkit\BerryAIGen.Toolkit_b3ao1qf4_wpftmp.csproj]
F:\Berry-Work\dev\DiffusionTool\BerryAIGen.Toolkit\Models\SettingsModel.cs(20,12): warning CS8618: Non-nullable field '_imagePaths' must contain a non-null value when exiting constructor. Consider adding the 'required' modifier or declaring the field as nullable. [F:\Berry-Work\dev\DiffusionTool\BerryAIGen.Toolkit\BerryAIGen.Toolkit_b3ao1qf4_wpftmp.csproj]
F:\Berry-Work\dev\DiffusionTool\BerryAIGen.Toolkit\Models\SettingsModel.cs(20,12): warning CS8618: Non-nullable field '_excludePaths' must contain a non-null value when exiting constructor. Consider adding the 'required' modifier or declaring the field as nullable. [F:\Berry-Work\dev\DiffusionTool\BerryAIGen.Toolkit\BerryAIGen.Toolkit_b3ao1qf4_wpftmp.csproj]
F:\Berry-Work\dev\DiffusionTool\BerryAIGen.Toolkit\Models\SettingsModel.cs(20,12): warning CS9264: Non-nullable property 'FileExtensions' must contain a non-null value when exiting constructor. Consider adding the 'required' modifier, or declaring the property as nullable, or safely handling the case where 'field' is null in the 'get' accessor. [F:\Berry-Work\dev\DiffusionTool\BerryAIGen.Toolkit\BerryAIGen.Toolkit_b3ao1qf4_wpftmp.csproj]
F:\Berry-Work\dev\DiffusionTool\BerryAIGen.Toolkit\Models\SettingsModel.cs(20,12): warning CS9264: Non-nullable property 'ModelRootPath' must contain a non-null value when exiting constructor. Consider adding the 'required' modifier, or declaring the property as nullable, or safely handling the case where 'field' is null in the 'get' accessor. [F:\Berry-Work\dev\DiffusionTool\BerryAIGen.Toolkit\BerryAIGen.Toolkit_b3ao1qf4_wpftmp.csproj]
F:\Berry-Work\dev\DiffusionTool\BerryAIGen.Toolkit\Models\SettingsModel.cs(20,12): warning CS9264: Non-nullable property 'Theme' must contain a non-null value when exiting constructor. Consider adding the 'required' modifier, or declaring the property as nullable, or safely handling the case where 'field' is null in the 'get' accessor. [F:\Berry-Work\dev\DiffusionTool\BerryAIGen.Toolkit\BerryAIGen.Toolkit_b3ao1qf4_wpftmp.csproj]
F:\Berry-Work\dev\DiffusionTool\BerryAIGen.Toolkit\Models\SettingsModel.cs(20,12): warning CS9264: Non-nullable property 'Culture' must contain a non-null value when exiting constructor. Consider adding the 'required' modifier, or declaring the property as nullable, or safely handling the case where 'field' is null in the 'get' accessor. [F:\Berry-Work\dev\DiffusionTool\BerryAIGen.Toolkit\BerryAIGen.Toolkit_b3ao1qf4_wpftmp.csproj]
F:\Berry-Work\dev\DiffusionTool\BerryAIGen.Toolkit\Models\SettingsModel.cs(20,12): warning CS9264: Non-nullable property 'Cultures' must contain a non-null value when exiting constructor. Consider adding the 'required' modifier, or declaring the property as nullable, or safely handling the case where 'field' is null in the 'get' accessor. [F:\Berry-Work\dev\DiffusionTool\BerryAIGen.Toolkit\BerryAIGen.Toolkit_b3ao1qf4_wpftmp.csproj]
F:\Berry-Work\dev\DiffusionTool\BerryAIGen.Toolkit\Models\SettingsModel.cs(20,12): warning CS9264: Non-nullable property 'NSFWTags' must contain a non-null value when exiting constructor. Consider adding the 'required' modifier, or declaring the property as nullable, or safely handling the case where 'field' is null in the 'get' accessor. [F:\Berry-Work\dev\DiffusionTool\BerryAIGen.Toolkit\BerryAIGen.Toolkit_b3ao1qf4_wpftmp.csproj]
F:\Berry-Work\dev\DiffusionTool\BerryAIGen.Toolkit\Models\SettingsModel.cs(20,12): warning CS9264: Non-nullable property 'HashCache' must contain a non-null value when exiting constructor. Consider adding the 'required' modifier, or declaring the property as nullable, or safely handling the case where 'field' is null in the 'get' accessor. [F:\Berry-Work\dev\DiffusionTool\BerryAIGen.Toolkit\BerryAIGen.Toolkit_b3ao1qf4_wpftmp.csproj]
F:\Berry-Work\dev\DiffusionTool\BerryAIGen.Toolkit\Models\SettingsModel.cs(20,12): warning CS9264: Non-nullable property 'Escape' must contain a non-null value when exiting constructor. Consider adding the 'required' modifier, or declaring the property as nullable, or safely handling the case where 'field' is null in the 'get' accessor. [F:\Berry-Work\dev\DiffusionTool\BerryAIGen.Toolkit\BerryAIGen.Toolkit_b3ao1qf4_wpftmp.csproj]
F:\Berry-Work\dev\DiffusionTool\BerryAIGen.Toolkit\Models\SettingsModel.cs(20,12): warning CS9264: Non-nullable property 'CustomCommandLine' must contain a non-null value when exiting constructor. Consider adding the 'required' modifier, or declaring the property as nullable, or safely handling the case where 'field' is null in the 'get' accessor. [F:\Berry-Work\dev\DiffusionTool\BerryAIGen.Toolkit\BerryAIGen.Toolkit_b3ao1qf4_wpftmp.csproj]
F:\Berry-Work\dev\DiffusionTool\BerryAIGen.Toolkit\Models\SettingsModel.cs(20,12): warning CS9264: Non-nullable property 'CustomCommandLineArgs' must contain a non-null value when exiting constructor. Consider adding the 'required' modifier, or declaring the property as nullable, or safely handling the case where 'field' is null in the 'get' accessor. [F:\Berry-Work\dev\DiffusionTool\BerryAIGen.Toolkit\BerryAIGen.Toolkit_b3ao1qf4_wpftmp.csproj]
F:\Berry-Work\dev\DiffusionTool\BerryAIGen.Toolkit\Models\SettingsModel.cs(20,12): warning CS9264: Non-nullable property 'ThemeOptions' must contain a non-null value when exiting constructor. Consider adding the 'required' modifier, or declaring the property as nullable, or safely handling the case where 'field' is null in the 'get' accessor. [F:\Berry-Work\dev\DiffusionTool\BerryAIGen.Toolkit\BerryAIGen.Toolkit_b3ao1qf4_wpftmp.csproj]
F:\Berry-Work\dev\DiffusionTool\BerryAIGen.Toolkit\Models\SettingsModel.cs(20,12): warning CS9264: Non-nullable property 'DatabasePath' must contain a non-null value when exiting constructor. Consider adding the 'required' modifier, or declaring the property as nullable, or safely handling the case where 'field' is null in the 'get' accessor. [F:\Berry-Work\dev\DiffusionTool\BerryAIGen.Toolkit\BerryAIGen.Toolkit_b3ao1qf4_wpftmp.csproj]
F:\Berry-Work\dev\DiffusionTool\BerryAIGen.Toolkit\Pages\Settings.xaml.cs(35,52): warning CS8603: Possible null reference return. [F:\Berry-Work\dev\DiffusionTool\BerryAIGen.Toolkit\BerryAIGen.Toolkit_b3ao1qf4_wpftmp.csproj]
F:\Berry-Work\dev\DiffusionTool\BerryAIGen.Toolkit\Pages\Models.xaml.cs(23,53): warning CS8603: Possible null reference return. [F:\Berry-Work\dev\DiffusionTool\BerryAIGen.Toolkit\BerryAIGen.Toolkit_b3ao1qf4_wpftmp.csproj]
F:\Berry-Work\dev\DiffusionTool\BerryAIGen.Toolkit\Controls\ThumbnailPanel.cs(120,13): warning CS4014: Because this call is not awaited, execution of the current method continues before the call is completed. Consider applying the 'await' operator to the result of the call. [F:\Berry-Work\dev\DiffusionTool\BerryAIGen.Toolkit\BerryAIGen.Toolkit_b3ao1qf4_wpftmp.csproj]
F:\Berry-Work\dev\DiffusionTool\BerryAIGen.Toolkit\Controls\ThumbnailPanel.cs(100,43): warning CS8602: Dereference of a possibly null reference. [F:\Berry-Work\dev\DiffusionTool\BerryAIGen.Toolkit\BerryAIGen.Toolkit_b3ao1qf4_wpftmp.csproj]
F:\Berry-Work\dev\DiffusionTool\BerryAIGen.Toolkit\Controls\ThumbnailPanel.cs(132,41): warning CS8602: Dereference of a possibly null reference. [F:\Berry-Work\dev\DiffusionTool\BerryAIGen.Toolkit\BerryAIGen.Toolkit_b3ao1qf4_wpftmp.csproj]
F:\Berry-Work\dev\DiffusionTool\BerryAIGen.Toolkit\Pages\Settings.xaml.cs(39,41): warning CS8603: Possible null reference return. [F:\Berry-Work\dev\DiffusionTool\BerryAIGen.Toolkit\BerryAIGen.Toolkit_b3ao1qf4_wpftmp.csproj]
F:\Berry-Work\dev\DiffusionTool\BerryAIGen.Toolkit\Pages\Models.xaml.cs(27,16): warning CS8618: Non-nullable property 'OnModelUpdated' must contain a non-null value when exiting constructor. Consider adding the 'required' modifier or declaring the property as nullable. [F:\Berry-Work\dev\DiffusionTool\BerryAIGen.Toolkit\BerryAIGen.Toolkit_b3ao1qf4_wpftmp.csproj]
F:\Berry-Work\dev\DiffusionTool\BerryAIGen.Toolkit\Pages\Settings.xaml.cs(43,86): warning CS8625: Cannot convert null literal to non-nullable reference type. [F:\Berry-Work\dev\DiffusionTool\BerryAIGen.Toolkit\BerryAIGen.Toolkit_b3ao1qf4_wpftmp.csproj]
F:\Berry-Work\dev\DiffusionTool\BerryAIGen.Toolkit\UnavailableFilesModel.cs(16,19): warning CS8618: Non-nullable property 'Path' must contain a non-null value when exiting constructor. Consider adding the 'required' modifier or declaring the property as nullable. [F:\Berry-Work\dev\DiffusionTool\BerryAIGen.Toolkit\BerryAIGen.Toolkit_b3ao1qf4_wpftmp.csproj]
F:\Berry-Work\dev\DiffusionTool\BerryAIGen.Toolkit\UnavailableFilesModel.cs(18,19): warning CS8618: Non-nullable property 'DisplayPath' must contain a non-null value when exiting constructor. Consider adding the 'required' modifier or declaring the property as nullable. [F:\Berry-Work\dev\DiffusionTool\BerryAIGen.Toolkit\BerryAIGen.Toolkit_b3ao1qf4_wpftmp.csproj]
F:\Berry-Work\dev\DiffusionTool\BerryAIGen.Toolkit\Models\SettingsModel.cs(49,9): warning CS8602: Dereference of a possibly null reference. [F:\Berry-Work\dev\DiffusionTool\BerryAIGen.Toolkit\BerryAIGen.Toolkit_b3ao1qf4_wpftmp.csproj]
F:\Berry-Work\dev\DiffusionTool\BerryAIGen.Toolkit\Controls\ThumbnailPanel.cs(147,13): warning CS0219: The variable 'iconWidth' is assigned but its value is never used [F:\Berry-Work\dev\DiffusionTool\BerryAIGen.Toolkit\BerryAIGen.Toolkit_b3ao1qf4_wpftmp.csproj]
F:\Berry-Work\dev\DiffusionTool\BerryAIGen.Toolkit\Controls\ThumbnailPanel.cs(148,13): warning CS0219: The variable 'iconHeight' is assigned but its value is never used [F:\Berry-Work\dev\DiffusionTool\BerryAIGen.Toolkit\BerryAIGen.Toolkit_b3ao1qf4_wpftmp.csproj]
F:\Berry-Work\dev\DiffusionTool\BerryAIGen.Toolkit\Models\AlbumModel.cs(11,19): warning CS9264: Non-nullable property 'Name' must contain a non-null value when exiting constructor. Consider adding the 'required' modifier, or declaring the property as nullable, or safely handling the case where 'field' is null in the 'get' accessor. [F:\Berry-Work\dev\DiffusionTool\BerryAIGen.Toolkit\BerryAIGen.Toolkit_b3ao1qf4_wpftmp.csproj]
F:\Berry-Work\dev\DiffusionTool\BerryAIGen.Toolkit\Behaviors\DTBehaviors.UseIsMouseOverHandlers.cs(84,43): warning CS8602: Dereference of a possibly null reference. [F:\Berry-Work\dev\DiffusionTool\BerryAIGen.Toolkit\BerryAIGen.Toolkit_b3ao1qf4_wpftmp.csproj]
F:\Berry-Work\dev\DiffusionTool\BerryAIGen.Toolkit\Behaviors\DTBehaviors.UseIsMouseOverHandlers.cs(91,17): warning CS8602: Dereference of a possibly null reference. [F:\Berry-Work\dev\DiffusionTool\BerryAIGen.Toolkit\BerryAIGen.Toolkit_b3ao1qf4_wpftmp.csproj]
F:\Berry-Work\dev\DiffusionTool\BerryAIGen.Toolkit\Pages\Settings.xaml.cs(58,13): warning CS8602: Dereference of a possibly null reference. [F:\Berry-Work\dev\DiffusionTool\BerryAIGen.Toolkit\BerryAIGen.Toolkit_b3ao1qf4_wpftmp.csproj]
F:\Berry-Work\dev\DiffusionTool\BerryAIGen.Toolkit\Pages\ModelViewModel.cs(8,19): warning CS8618: Non-nullable property 'Path' must contain a non-null value when exiting constructor. Consider adding the 'required' modifier or declaring the property as nullable. [F:\Berry-Work\dev\DiffusionTool\BerryAIGen.Toolkit\BerryAIGen.Toolkit_b3ao1qf4_wpftmp.csproj]
F:\Berry-Work\dev\DiffusionTool\BerryAIGen.Toolkit\Pages\ModelViewModel.cs(9,19): warning CS8618: Non-nullable property 'Filename' must contain a non-null value when exiting constructor. Consider adding the 'required' modifier or declaring the property as nullable. [F:\Berry-Work\dev\DiffusionTool\BerryAIGen.Toolkit\BerryAIGen.Toolkit_b3ao1qf4_wpftmp.csproj]
F:\Berry-Work\dev\DiffusionTool\BerryAIGen.Toolkit\Pages\ModelViewModel.cs(11,19): warning CS9264: Non-nullable property 'Hash' must contain a non-null value when exiting constructor. Consider adding the 'required' modifier, or declaring the property as nullable, or safely handling the case where 'field' is null in the 'get' accessor. [F:\Berry-Work\dev\DiffusionTool\BerryAIGen.Toolkit\BerryAIGen.Toolkit_b3ao1qf4_wpftmp.csproj]
F:\Berry-Work\dev\DiffusionTool\BerryAIGen.Toolkit\Pages\ModelViewModel.cs(23,19): warning CS9264: Non-nullable property 'SHA256' must contain a non-null value when exiting constructor. Consider adding the 'required' modifier, or declaring the property as nullable, or safely handling the case where 'field' is null in the 'get' accessor. [F:\Berry-Work\dev\DiffusionTool\BerryAIGen.Toolkit\BerryAIGen.Toolkit_b3ao1qf4_wpftmp.csproj]
F:\Berry-Work\dev\DiffusionTool\BerryAIGen.Toolkit\Preview.xaml.cs(24,41): warning CS8603: Possible null reference return. [F:\Berry-Work\dev\DiffusionTool\BerryAIGen.Toolkit\BerryAIGen.Toolkit_b3ao1qf4_wpftmp.csproj]
F:\Berry-Work\dev\DiffusionTool\BerryAIGen.Toolkit\Controls\ThumbnailView.xaml.cs(372,61): warning CS8602: Dereference of a possibly null reference. [F:\Berry-Work\dev\DiffusionTool\BerryAIGen.Toolkit\BerryAIGen.Toolkit_b3ao1qf4_wpftmp.csproj]
F:\Berry-Work\dev\DiffusionTool\BerryAIGen.Toolkit\Pages\Prompts.xaml.cs(28,41): warning CS8603: Possible null reference return. [F:\Berry-Work\dev\DiffusionTool\BerryAIGen.Toolkit\BerryAIGen.Toolkit_b3ao1qf4_wpftmp.csproj]
F:\Berry-Work\dev\DiffusionTool\BerryAIGen.Toolkit\Pages\Prompts.xaml.cs(29,53): warning CS8603: Possible null reference return. [F:\Berry-Work\dev\DiffusionTool\BerryAIGen.Toolkit\BerryAIGen.Toolkit_b3ao1qf4_wpftmp.csproj]
F:\Berry-Work\dev\DiffusionTool\BerryAIGen.Toolkit\PreviewModel.cs(14,12): warning CS8618: Non-nullable property 'Close' must contain a non-null value when exiting constructor. Consider adding the 'required' modifier or declaring the property as nullable. [F:\Berry-Work\dev\DiffusionTool\BerryAIGen.Toolkit\BerryAIGen.Toolkit_b3ao1qf4_wpftmp.csproj]
F:\Berry-Work\dev\DiffusionTool\BerryAIGen.Toolkit\PreviewModel.cs(14,12): warning CS8618: Non-nullable property 'ToggleFitToPreview' must contain a non-null value when exiting constructor. Consider adding the 'required' modifier or declaring the property as nullable. [F:\Berry-Work\dev\DiffusionTool\BerryAIGen.Toolkit\BerryAIGen.Toolkit_b3ao1qf4_wpftmp.csproj]
F:\Berry-Work\dev\DiffusionTool\BerryAIGen.Toolkit\PreviewModel.cs(14,12): warning CS8618: Non-nullable property 'ToggleActualSize' must contain a non-null value when exiting constructor. Consider adding the 'required' modifier or declaring the property as nullable. [F:\Berry-Work\dev\DiffusionTool\BerryAIGen.Toolkit\BerryAIGen.Toolkit_b3ao1qf4_wpftmp.csproj]
F:\Berry-Work\dev\DiffusionTool\BerryAIGen.Toolkit\PreviewModel.cs(14,12): warning CS8618: Non-nullable property 'ToggleTagsCommand' must contain a non-null value when exiting constructor. Consider adding the 'required' modifier or declaring the property as nullable. [F:\Berry-Work\dev\DiffusionTool\BerryAIGen.Toolkit\BerryAIGen.Toolkit_b3ao1qf4_wpftmp.csproj]
F:\Berry-Work\dev\DiffusionTool\BerryAIGen.Toolkit\PreviewModel.cs(14,12): warning CS8618: Non-nullable property 'ToggleAutoAdvance' must contain a non-null value when exiting constructor. Consider adding the 'required' modifier or declaring the property as nullable. [F:\Berry-Work\dev\DiffusionTool\BerryAIGen.Toolkit\BerryAIGen.Toolkit_b3ao1qf4_wpftmp.csproj]
F:\Berry-Work\dev\DiffusionTool\BerryAIGen.Toolkit\PreviewModel.cs(14,12): warning CS8618: Non-nullable property 'StartStopSlideShow' must contain a non-null value when exiting constructor. Consider adding the 'required' modifier or declaring the property as nullable. [F:\Berry-Work\dev\DiffusionTool\BerryAIGen.Toolkit\BerryAIGen.Toolkit_b3ao1qf4_wpftmp.csproj]
F:\Berry-Work\dev\DiffusionTool\BerryAIGen.Toolkit\PreviewModel.cs(14,12): warning CS8618: Non-nullable property 'ToggleInfo' must contain a non-null value when exiting constructor. Consider adding the 'required' modifier or declaring the property as nullable. [F:\Berry-Work\dev\DiffusionTool\BerryAIGen.Toolkit\BerryAIGen.Toolkit_b3ao1qf4_wpftmp.csproj]
F:\Berry-Work\dev\DiffusionTool\BerryAIGen.Toolkit\PreviewModel.cs(14,12): warning CS8618: Non-nullable property 'ToggleFullScreen' must contain a non-null value when exiting constructor. Consider adding the 'required' modifier or declaring the property as nullable. [F:\Berry-Work\dev\DiffusionTool\BerryAIGen.Toolkit\BerryAIGen.Toolkit_b3ao1qf4_wpftmp.csproj]
F:\Berry-Work\dev\DiffusionTool\BerryAIGen.Toolkit\PreviewModel.cs(14,12): warning CS8618: Non-nullable property 'OpenWithCommand' must contain a non-null value when exiting constructor. Consider adding the 'required' modifier or declaring the property as nullable. [F:\Berry-Work\dev\DiffusionTool\BerryAIGen.Toolkit\BerryAIGen.Toolkit_b3ao1qf4_wpftmp.csproj]
F:\Berry-Work\dev\DiffusionTool\BerryAIGen.Toolkit\Controls\ThumbnailPanel.cs(191,17): warning CS0219: The variable 'iconWidth' is assigned but its value is never used [F:\Berry-Work\dev\DiffusionTool\BerryAIGen.Toolkit\BerryAIGen.Toolkit_b3ao1qf4_wpftmp.csproj]
F:\Berry-Work\dev\DiffusionTool\BerryAIGen.Toolkit\Controls\ThumbnailPanel.cs(192,17): warning CS0219: The variable 'iconHeight' is assigned but its value is never used [F:\Berry-Work\dev\DiffusionTool\BerryAIGen.Toolkit\BerryAIGen.Toolkit_b3ao1qf4_wpftmp.csproj]
F:\Berry-Work\dev\DiffusionTool\BerryAIGen.Toolkit\Pages\Models.xaml.cs(71,26): warning CS8601: Possible null reference assignment. [F:\Berry-Work\dev\DiffusionTool\BerryAIGen.Toolkit\BerryAIGen.Toolkit_b3ao1qf4_wpftmp.csproj]
F:\Berry-Work\dev\DiffusionTool\BerryAIGen.Toolkit\Controls\ThumbnailPaneModel.cs(81,29): warning CS8601: Possible null reference assignment. [F:\Berry-Work\dev\DiffusionTool\BerryAIGen.Toolkit\BerryAIGen.Toolkit_b3ao1qf4_wpftmp.csproj]
F:\Berry-Work\dev\DiffusionTool\BerryAIGen.Toolkit\Pages\ModelsModel.cs(9,40): warning CS9264: Non-nullable property 'Models' must contain a non-null value when exiting constructor. Consider adding the 'required' modifier, or declaring the property as nullable, or safely handling the case where 'field' is null in the 'get' accessor. [F:\Berry-Work\dev\DiffusionTool\BerryAIGen.Toolkit\BerryAIGen.Toolkit_b3ao1qf4_wpftmp.csproj]
F:\Berry-Work\dev\DiffusionTool\BerryAIGen.Toolkit\Pages\ModelsModel.cs(15,40): warning CS9264: Non-nullable property 'FilteredModels' must contain a non-null value when exiting constructor. Consider adding the 'required' modifier, or declaring the property as nullable, or safely handling the case where 'field' is null in the 'get' accessor. [F:\Berry-Work\dev\DiffusionTool\BerryAIGen.Toolkit\BerryAIGen.Toolkit_b3ao1qf4_wpftmp.csproj]
F:\Berry-Work\dev\DiffusionTool\BerryAIGen.Toolkit\Pages\ModelsModel.cs(21,19): warning CS9264: Non-nullable property 'Search' must contain a non-null value when exiting constructor. Consider adding the 'required' modifier, or declaring the property as nullable, or safely handling the case where 'field' is null in the 'get' accessor. [F:\Berry-Work\dev\DiffusionTool\BerryAIGen.Toolkit\BerryAIGen.Toolkit_b3ao1qf4_wpftmp.csproj]
F:\Berry-Work\dev\DiffusionTool\BerryAIGen.Toolkit\Pages\ModelsModel.cs(27,27): warning CS9264: Non-nullable property 'SelectedModel' must contain a non-null value when exiting constructor. Consider adding the 'required' modifier, or declaring the property as nullable, or safely handling the case where 'field' is null in the 'get' accessor. [F:\Berry-Work\dev\DiffusionTool\BerryAIGen.Toolkit\BerryAIGen.Toolkit_b3ao1qf4_wpftmp.csproj]
F:\Berry-Work\dev\DiffusionTool\BerryAIGen.Toolkit\Pages\Prompts.xaml.cs(37,13): warning CS8602: Dereference of a possibly null reference. [F:\Berry-Work\dev\DiffusionTool\BerryAIGen.Toolkit\BerryAIGen.Toolkit_b3ao1qf4_wpftmp.csproj]
F:\Berry-Work\dev\DiffusionTool\BerryAIGen.Toolkit\Pages\Prompts.xaml.cs(33,16): warning CS8618: Non-nullable property 'Settings' must contain a non-null value when exiting constructor. Consider adding the 'required' modifier or declaring the property as nullable. [F:\Berry-Work\dev\DiffusionTool\BerryAIGen.Toolkit\BerryAIGen.Toolkit_b3ao1qf4_wpftmp.csproj]
F:\Berry-Work\dev\DiffusionTool\BerryAIGen.Toolkit\Controls\PreviewPane.xaml.cs(212,13): warning CS8602: Dereference of a possibly null reference. [F:\Berry-Work\dev\DiffusionTool\BerryAIGen.Toolkit\BerryAIGen.Toolkit_b3ao1qf4_wpftmp.csproj]
F:\Berry-Work\dev\DiffusionTool\BerryAIGen.Toolkit\Controls\PreviewPane.xaml.cs(221,39): warning CS8603: Possible null reference return. [F:\Berry-Work\dev\DiffusionTool\BerryAIGen.Toolkit\BerryAIGen.Toolkit_b3ao1qf4_wpftmp.csproj]
F:\Berry-Work\dev\DiffusionTool\BerryAIGen.Toolkit\Behaviors\DTBehaviors.UseIsMouseOverHandlers.cs(129,43): warning CS8602: Dereference of a possibly null reference. [F:\Berry-Work\dev\DiffusionTool\BerryAIGen.Toolkit\BerryAIGen.Toolkit_b3ao1qf4_wpftmp.csproj]
F:\Berry-Work\dev\DiffusionTool\BerryAIGen.Toolkit\Behaviors\DTBehaviors.UseIsMouseOverHandlers.cs(136,17): warning CS8602: Dereference of a possibly null reference. [F:\Berry-Work\dev\DiffusionTool\BerryAIGen.Toolkit\BerryAIGen.Toolkit_b3ao1qf4_wpftmp.csproj]
F:\Berry-Work\dev\DiffusionTool\BerryAIGen.Toolkit\Controls\PreviewPane.xaml.cs(233,30): warning CS0168: The variable 'e' is declared but never used [F:\Berry-Work\dev\DiffusionTool\BerryAIGen.Toolkit\BerryAIGen.Toolkit_b3ao1qf4_wpftmp.csproj]
F:\Berry-Work\dev\DiffusionTool\BerryAIGen.Toolkit\Pages\Settings.xaml.cs(116,30): warning CS8601: Possible null reference assignment. [F:\Berry-Work\dev\DiffusionTool\BerryAIGen.Toolkit\BerryAIGen.Toolkit_b3ao1qf4_wpftmp.csproj]
F:\Berry-Work\dev\DiffusionTool\BerryAIGen.Toolkit\MessagePopupManager.cs(46,34): warning CS0168: The variable 'exception' is declared but never used [F:\Berry-Work\dev\DiffusionTool\BerryAIGen.Toolkit\BerryAIGen.Toolkit_b3ao1qf4_wpftmp.csproj]
F:\Berry-Work\dev\DiffusionTool\BerryAIGen.Toolkit\Models\ExternalApplicationModel.cs(6,19): warning CS9264: Non-nullable property 'Name' must contain a non-null value when exiting constructor. Consider adding the 'required' modifier, or declaring the property as nullable, or safely handling the case where 'field' is null in the 'get' accessor. [F:\Berry-Work\dev\DiffusionTool\BerryAIGen.Toolkit\BerryAIGen.Toolkit_b3ao1qf4_wpftmp.csproj]
F:\Berry-Work\dev\DiffusionTool\BerryAIGen.Toolkit\Models\ExternalApplicationModel.cs(12,19): warning CS9264: Non-nullable property 'Path' must contain a non-null value when exiting constructor. Consider adding the 'required' modifier, or declaring the property as nullable, or safely handling the case where 'field' is null in the 'get' accessor. [F:\Berry-Work\dev\DiffusionTool\BerryAIGen.Toolkit\BerryAIGen.Toolkit_b3ao1qf4_wpftmp.csproj]
F:\Berry-Work\dev\DiffusionTool\BerryAIGen.Toolkit\Models\ExternalApplicationModel.cs(18,19): warning CS9264: Non-nullable property 'CommandLineArgs' must contain a non-null value when exiting constructor. Consider adding the 'required' modifier, or declaring the property as nullable, or safely handling the case where 'field' is null in the 'get' accessor. [F:\Berry-Work\dev\DiffusionTool\BerryAIGen.Toolkit\BerryAIGen.Toolkit_b3ao1qf4_wpftmp.csproj]
F:\Berry-Work\dev\DiffusionTool\BerryAIGen.Toolkit\Models\ExternalApplicationModel.cs(24,19): warning CS9264: Non-nullable property 'Shortcut' must contain a non-null value when exiting constructor. Consider adding the 'required' modifier, or declaring the property as nullable, or safely handling the case where 'field' is null in the 'get' accessor. [F:\Berry-Work\dev\DiffusionTool\BerryAIGen.Toolkit\BerryAIGen.Toolkit_b3ao1qf4_wpftmp.csproj]
F:\Berry-Work\dev\DiffusionTool\BerryAIGen.Toolkit\Preview.xaml.cs(59,41): warning CS8602: Dereference of a possibly null reference. [F:\Berry-Work\dev\DiffusionTool\BerryAIGen.Toolkit\BerryAIGen.Toolkit_b3ao1qf4_wpftmp.csproj]
F:\Berry-Work\dev\DiffusionTool\BerryAIGen.Toolkit\Preview.xaml.cs(39,16): warning CS8618: Non-nullable field '_onNext' must contain a non-null value when exiting constructor. Consider adding the 'required' modifier or declaring the field as nullable. [F:\Berry-Work\dev\DiffusionTool\BerryAIGen.Toolkit\BerryAIGen.Toolkit_b3ao1qf4_wpftmp.csproj]
F:\Berry-Work\dev\DiffusionTool\BerryAIGen.Toolkit\Preview.xaml.cs(39,16): warning CS8618: Non-nullable property 'OnDrop' must contain a non-null value when exiting constructor. Consider adding the 'required' modifier or declaring the property as nullable. [F:\Berry-Work\dev\DiffusionTool\BerryAIGen.Toolkit\BerryAIGen.Toolkit_b3ao1qf4_wpftmp.csproj]
F:\Berry-Work\dev\DiffusionTool\BerryAIGen.Toolkit\Preview.xaml.cs(39,16): warning CS8618: Non-nullable property 'AdvanceSlideShow' must contain a non-null value when exiting constructor. Consider adding the 'required' modifier or declaring the property as nullable. [F:\Berry-Work\dev\DiffusionTool\BerryAIGen.Toolkit\BerryAIGen.Toolkit_b3ao1qf4_wpftmp.csproj]
F:\Berry-Work\dev\DiffusionTool\BerryAIGen.Toolkit\Preview.xaml.cs(39,16): warning CS8618: Non-nullable field '_background' must contain a non-null value when exiting constructor. Consider adding the 'required' modifier or declaring the field as nullable. [F:\Berry-Work\dev\DiffusionTool\BerryAIGen.Toolkit\BerryAIGen.Toolkit_b3ao1qf4_wpftmp.csproj]
F:\Berry-Work\dev\DiffusionTool\BerryAIGen.Toolkit\Controls\PreviewPane.xaml.cs(261,17): warning CS8602: Dereference of a possibly null reference. [F:\Berry-Work\dev\DiffusionTool\BerryAIGen.Toolkit\BerryAIGen.Toolkit_b3ao1qf4_wpftmp.csproj]
F:\Berry-Work\dev\DiffusionTool\BerryAIGen.Toolkit\Controls\PreviewPane.xaml.cs(269,25): warning CS8602: Dereference of a possibly null reference. [F:\Berry-Work\dev\DiffusionTool\BerryAIGen.Toolkit\BerryAIGen.Toolkit_b3ao1qf4_wpftmp.csproj]
F:\Berry-Work\dev\DiffusionTool\BerryAIGen.Toolkit\MessagePopupManager.cs(72,34): warning CS0168: The variable 'exception' is declared but never used [F:\Berry-Work\dev\DiffusionTool\BerryAIGen.Toolkit\BerryAIGen.Toolkit_b3ao1qf4_wpftmp.csproj]
F:\Berry-Work\dev\DiffusionTool\BerryAIGen.Toolkit\Models\FolderViewModel.cs(15,35): warning CS8603: Possible null reference return. [F:\Berry-Work\dev\DiffusionTool\BerryAIGen.Toolkit\BerryAIGen.Toolkit_b3ao1qf4_wpftmp.csproj]
F:\Berry-Work\dev\DiffusionTool\BerryAIGen.Toolkit\Preview.xaml.cs(105,40): warning CS8602: Dereference of a possibly null reference. [F:\Berry-Work\dev\DiffusionTool\BerryAIGen.Toolkit\BerryAIGen.Toolkit_b3ao1qf4_wpftmp.csproj]
F:\Berry-Work\dev\DiffusionTool\BerryAIGen.Toolkit\Pages\Settings.xaml.cs(140,49): warning CS8602: Dereference of a possibly null reference. [F:\Berry-Work\dev\DiffusionTool\BerryAIGen.Toolkit\BerryAIGen.Toolkit_b3ao1qf4_wpftmp.csproj]
F:\Berry-Work\dev\DiffusionTool\BerryAIGen.Toolkit\MainWindow.xaml.Albums.cs(251,17): warning CS8602: Dereference of a possibly null reference. [F:\Berry-Work\dev\DiffusionTool\BerryAIGen.Toolkit\BerryAIGen.Toolkit_b3ao1qf4_wpftmp.csproj]
F:\Berry-Work\dev\DiffusionTool\BerryAIGen.Toolkit\MainWindow.xaml.Albums.cs(257,23): warning CS8602: Dereference of a possibly null reference. [F:\Berry-Work\dev\DiffusionTool\BerryAIGen.Toolkit\BerryAIGen.Toolkit_b3ao1qf4_wpftmp.csproj]
F:\Berry-Work\dev\DiffusionTool\BerryAIGen.Toolkit\MainWindow.xaml.Albums.cs(255,36): warning CS0168: The variable 'ex' is declared but never used [F:\Berry-Work\dev\DiffusionTool\BerryAIGen.Toolkit\BerryAIGen.Toolkit_b3ao1qf4_wpftmp.csproj]
F:\Berry-Work\dev\DiffusionTool\BerryAIGen.Toolkit\Models\ImageEntry.cs(17,12): warning CS8618: Non-nullable field '_sizeFormatted' must contain a non-null value when exiting constructor. Consider adding the 'required' modifier or declaring the field as nullable. [F:\Berry-Work\dev\DiffusionTool\BerryAIGen.Toolkit\BerryAIGen.Toolkit_b3ao1qf4_wpftmp.csproj]
F:\Berry-Work\dev\DiffusionTool\BerryAIGen.Toolkit\Models\ImageEntry.cs(17,12): warning CS9264: Non-nullable property 'Name' must contain a non-null value when exiting constructor. Consider adding the 'required' modifier, or declaring the property as nullable, or safely handling the case where 'field' is null in the 'get' accessor. [F:\Berry-Work\dev\DiffusionTool\BerryAIGen.Toolkit\BerryAIGen.Toolkit_b3ao1qf4_wpftmp.csproj]
F:\Berry-Work\dev\DiffusionTool\BerryAIGen.Toolkit\Models\ImageEntry.cs(17,12): warning CS9264: Non-nullable property 'Path' must contain a non-null value when exiting constructor. Consider adding the 'required' modifier, or declaring the property as nullable, or safely handling the case where 'field' is null in the 'get' accessor. [F:\Berry-Work\dev\DiffusionTool\BerryAIGen.Toolkit\BerryAIGen.Toolkit_b3ao1qf4_wpftmp.csproj]
F:\Berry-Work\dev\DiffusionTool\BerryAIGen.Toolkit\Models\ImageEntry.cs(17,12): warning CS9264: Non-nullable property 'Albums' must contain a non-null value when exiting constructor. Consider adding the 'required' modifier, or declaring the property as nullable, or safely handling the case where 'field' is null in the 'get' accessor. [F:\Berry-Work\dev\DiffusionTool\BerryAIGen.Toolkit\BerryAIGen.Toolkit_b3ao1qf4_wpftmp.csproj]
F:\Berry-Work\dev\DiffusionTool\BerryAIGen.Toolkit\Models\FolderViewModel.cs(52,19): warning CS8618: Non-nullable property 'Path' must contain a non-null value when exiting constructor. Consider adding the 'required' modifier or declaring the property as nullable. [F:\Berry-Work\dev\DiffusionTool\BerryAIGen.Toolkit\BerryAIGen.Toolkit_b3ao1qf4_wpftmp.csproj]
F:\Berry-Work\dev\DiffusionTool\BerryAIGen.Toolkit\Models\FolderViewModel.cs(56,19): warning CS9264: Non-nullable property 'Name' must contain a non-null value when exiting constructor. Consider adding the 'required' modifier, or declaring the property as nullable, or safely handling the case where 'field' is null in the 'get' accessor. [F:\Berry-Work\dev\DiffusionTool\BerryAIGen.Toolkit\BerryAIGen.Toolkit_b3ao1qf4_wpftmp.csproj]
F:\Berry-Work\dev\DiffusionTool\BerryAIGen.Toolkit\Pages\Search.xaml.cs(60,16): warning CS8618: Non-nullable property 'LastQuery' must contain a non-null value when exiting constructor. Consider adding the 'required' modifier or declaring the property as nullable. [F:\Berry-Work\dev\DiffusionTool\BerryAIGen.Toolkit\BerryAIGen.Toolkit_b3ao1qf4_wpftmp.csproj]
F:\Berry-Work\dev\DiffusionTool\BerryAIGen.Toolkit\Pages\Search.xaml.cs(60,16): warning CS8618: Non-nullable property 'Name' must contain a non-null value when exiting constructor. Consider adding the 'required' modifier or declaring the property as nullable. [F:\Berry-Work\dev\DiffusionTool\BerryAIGen.Toolkit\BerryAIGen.Toolkit_b3ao1qf4_wpftmp.csproj]
F:\Berry-Work\dev\DiffusionTool\BerryAIGen.Toolkit\Pages\Search.xaml.cs(60,16): warning CS8618: Non-nullable property 'Key' must contain a non-null value when exiting constructor. Consider adding the 'required' modifier or declaring the property as nullable. [F:\Berry-Work\dev\DiffusionTool\BerryAIGen.Toolkit\BerryAIGen.Toolkit_b3ao1qf4_wpftmp.csproj]
F:\Berry-Work\dev\DiffusionTool\BerryAIGen.Toolkit\MainWindow.xaml.Albums.cs(272,21): warning CS8602: Dereference of a possibly null reference. [F:\Berry-Work\dev\DiffusionTool\BerryAIGen.Toolkit\BerryAIGen.Toolkit_b3ao1qf4_wpftmp.csproj]
F:\Berry-Work\dev\DiffusionTool\BerryAIGen.Toolkit\Preview.xaml.cs(226,13): warning CS8602: Dereference of a possibly null reference. [F:\Berry-Work\dev\DiffusionTool\BerryAIGen.Toolkit\BerryAIGen.Toolkit_b3ao1qf4_wpftmp.csproj]
F:\Berry-Work\dev\DiffusionTool\BerryAIGen.Toolkit\Preview.xaml.cs(231,13): warning CS8602: Dereference of a possibly null reference. [F:\Berry-Work\dev\DiffusionTool\BerryAIGen.Toolkit\BerryAIGen.Toolkit_b3ao1qf4_wpftmp.csproj]
F:\Berry-Work\dev\DiffusionTool\BerryAIGen.Toolkit\Preview.xaml.cs(236,89): warning CS8604: Possible null reference argument for parameter 's' in 'int int.Parse(string s)'. [F:\Berry-Work\dev\DiffusionTool\BerryAIGen.Toolkit\BerryAIGen.Toolkit_b3ao1qf4_wpftmp.csproj]
F:\Berry-Work\dev\DiffusionTool\BerryAIGen.Toolkit\Models\ImageViewModel.cs(303,19): warning CS8618: Non-nullable property 'Name' must contain a non-null value when exiting constructor. Consider adding the 'required' modifier or declaring the property as nullable. [F:\Berry-Work\dev\DiffusionTool\BerryAIGen.Toolkit\BerryAIGen.Toolkit_b3ao1qf4_wpftmp.csproj]
F:\Berry-Work\dev\DiffusionTool\BerryAIGen.Toolkit\Models\ImageViewModel.cs(22,12): warning CS8618: Non-nullable field '_prompt' must contain a non-null value when exiting constructor. Consider adding the 'required' modifier or declaring the field as nullable. [F:\Berry-Work\dev\DiffusionTool\BerryAIGen.Toolkit\BerryAIGen.Toolkit_b3ao1qf4_wpftmp.csproj]
F:\Berry-Work\dev\DiffusionTool\BerryAIGen.Toolkit\Models\ImageViewModel.cs(22,12): warning CS8618: Non-nullable field '_negativePrompt' must contain a non-null value when exiting constructor. Consider adding the 'required' modifier or declaring the field as nullable. [F:\Berry-Work\dev\DiffusionTool\BerryAIGen.Toolkit\BerryAIGen.Toolkit_b3ao1qf4_wpftmp.csproj]
F:\Berry-Work\dev\DiffusionTool\BerryAIGen.Toolkit\Models\ImageViewModel.cs(22,12): warning CS8618: Non-nullable field '_otherParameters' must contain a non-null value when exiting constructor. Consider adding the 'required' modifier or declaring the field as nullable. [F:\Berry-Work\dev\DiffusionTool\BerryAIGen.Toolkit\BerryAIGen.Toolkit_b3ao1qf4_wpftmp.csproj]
F:\Berry-Work\dev\DiffusionTool\BerryAIGen.Toolkit\Models\ImageViewModel.cs(22,12): warning CS8618: Non-nullable field '_modelHash' must contain a non-null value when exiting constructor. Consider adding the 'required' modifier or declaring the field as nullable. [F:\Berry-Work\dev\DiffusionTool\BerryAIGen.Toolkit\BerryAIGen.Toolkit_b3ao1qf4_wpftmp.csproj]
F:\Berry-Work\dev\DiffusionTool\BerryAIGen.Toolkit\Models\ImageViewModel.cs(22,12): warning CS9264: Non-nullable property 'Path' must contain a non-null value when exiting constructor. Consider adding the 'required' modifier, or declaring the property as nullable, or safely handling the case where 'field' is null in the 'get' accessor. [F:\Berry-Work\dev\DiffusionTool\BerryAIGen.Toolkit\BerryAIGen.Toolkit_b3ao1qf4_wpftmp.csproj]
F:\Berry-Work\dev\DiffusionTool\BerryAIGen.Toolkit\Models\ImageViewModel.cs(22,12): warning CS9264: Non-nullable property 'ModelName' must contain a non-null value when exiting constructor. Consider adding the 'required' modifier, or declaring the property as nullable, or safely handling the case where 'field' is null in the 'get' accessor. [F:\Berry-Work\dev\DiffusionTool\BerryAIGen.Toolkit\BerryAIGen.Toolkit_b3ao1qf4_wpftmp.csproj]
F:\Berry-Work\dev\DiffusionTool\BerryAIGen.Toolkit\Models\ImageViewModel.cs(22,12): warning CS9264: Non-nullable property 'Date' must contain a non-null value when exiting constructor. Consider adding the 'required' modifier, or declaring the property as nullable, or safely handling the case where 'field' is null in the 'get' accessor. [F:\Berry-Work\dev\DiffusionTool\BerryAIGen.Toolkit\BerryAIGen.Toolkit_b3ao1qf4_wpftmp.csproj]
F:\Berry-Work\dev\DiffusionTool\BerryAIGen.Toolkit\Models\ImageViewModel.cs(22,12): warning CS9264: Non-nullable property 'SearchModelCommand' must contain a non-null value when exiting constructor. Consider adding the 'required' modifier, or declaring the property as nullable, or safely handling the case where 'field' is null in the 'get' accessor. [F:\Berry-Work\dev\DiffusionTool\BerryAIGen.Toolkit\BerryAIGen.Toolkit_b3ao1qf4_wpftmp.csproj]
F:\Berry-Work\dev\DiffusionTool\BerryAIGen.Toolkit\Models\ImageViewModel.cs(22,12): warning CS9264: Non-nullable property 'ShowInExplorerCommand' must contain a non-null value when exiting constructor. Consider adding the 'required' modifier, or declaring the property as nullable, or safely handling the case where 'field' is null in the 'get' accessor. [F:\Berry-Work\dev\DiffusionTool\BerryAIGen.Toolkit\BerryAIGen.Toolkit_b3ao1qf4_wpftmp.csproj]
F:\Berry-Work\dev\DiffusionTool\BerryAIGen.Toolkit\Models\ImageViewModel.cs(22,12): warning CS9264: Non-nullable property 'DeleteCommand' must contain a non-null value when exiting constructor. Consider adding the 'required' modifier, or declaring the property as nullable, or safely handling the case where 'field' is null in the 'get' accessor. [F:\Berry-Work\dev\DiffusionTool\BerryAIGen.Toolkit\BerryAIGen.Toolkit_b3ao1qf4_wpftmp.csproj]
F:\Berry-Work\dev\DiffusionTool\BerryAIGen.Toolkit\Models\ImageViewModel.cs(22,12): warning CS9264: Non-nullable property 'FavoriteCommand' must contain a non-null value when exiting constructor. Consider adding the 'required' modifier, or declaring the property as nullable, or safely handling the case where 'field' is null in the 'get' accessor. [F:\Berry-Work\dev\DiffusionTool\BerryAIGen.Toolkit\BerryAIGen.Toolkit_b3ao1qf4_wpftmp.csproj]
F:\Berry-Work\dev\DiffusionTool\BerryAIGen.Toolkit\Models\ImageViewModel.cs(22,12): warning CS9264: Non-nullable property 'ShowInThumbnails' must contain a non-null value when exiting constructor. Consider adding the 'required' modifier, or declaring the property as nullable, or safely handling the case where 'field' is null in the 'get' accessor. [F:\Berry-Work\dev\DiffusionTool\BerryAIGen.Toolkit\BerryAIGen.Toolkit_b3ao1qf4_wpftmp.csproj]
F:\Berry-Work\dev\DiffusionTool\BerryAIGen.Toolkit\Models\ImageViewModel.cs(22,12): warning CS9264: Non-nullable property 'ToggleParameters' must contain a non-null value when exiting constructor. Consider adding the 'required' modifier, or declaring the property as nullable, or safely handling the case where 'field' is null in the 'get' accessor. [F:\Berry-Work\dev\DiffusionTool\BerryAIGen.Toolkit\BerryAIGen.Toolkit_b3ao1qf4_wpftmp.csproj]
F:\Berry-Work\dev\DiffusionTool\BerryAIGen.Toolkit\Models\ImageViewModel.cs(22,12): warning CS9264: Non-nullable property 'Albums' must contain a non-null value when exiting constructor. Consider adding the 'required' modifier, or declaring the property as nullable, or safely handling the case where 'field' is null in the 'get' accessor. [F:\Berry-Work\dev\DiffusionTool\BerryAIGen.Toolkit\BerryAIGen.Toolkit_b3ao1qf4_wpftmp.csproj]
F:\Berry-Work\dev\DiffusionTool\BerryAIGen.Toolkit\Models\ImageViewModel.cs(22,12): warning CS9264: Non-nullable property 'Message' must contain a non-null value when exiting constructor. Consider adding the 'required' modifier, or declaring the property as nullable, or safely handling the case where 'field' is null in the 'get' accessor. [F:\Berry-Work\dev\DiffusionTool\BerryAIGen.Toolkit\BerryAIGen.Toolkit_b3ao1qf4_wpftmp.csproj]
F:\Berry-Work\dev\DiffusionTool\BerryAIGen.Toolkit\Models\ImageViewModel.cs(22,12): warning CS9264: Non-nullable property 'OpenAlbumCommand' must contain a non-null value when exiting constructor. Consider adding the 'required' modifier, or declaring the property as nullable, or safely handling the case where 'field' is null in the 'get' accessor. [F:\Berry-Work\dev\DiffusionTool\BerryAIGen.Toolkit\BerryAIGen.Toolkit_b3ao1qf4_wpftmp.csproj]
F:\Berry-Work\dev\DiffusionTool\BerryAIGen.Toolkit\Models\ImageViewModel.cs(22,12): warning CS9264: Non-nullable property 'RemoveFromAlbumCommand' must contain a non-null value when exiting constructor. Consider adding the 'required' modifier, or declaring the property as nullable, or safely handling the case where 'field' is null in the 'get' accessor. [F:\Berry-Work\dev\DiffusionTool\BerryAIGen.Toolkit\BerryAIGen.Toolkit_b3ao1qf4_wpftmp.csproj]
F:\Berry-Work\dev\DiffusionTool\BerryAIGen.Toolkit\Models\ImageViewModel.cs(22,12): warning CS9264: Non-nullable property 'Nodes' must contain a non-null value when exiting constructor. Consider adding the 'required' modifier, or declaring the property as nullable, or safely handling the case where 'field' is null in the 'get' accessor. [F:\Berry-Work\dev\DiffusionTool\BerryAIGen.Toolkit\BerryAIGen.Toolkit_b3ao1qf4_wpftmp.csproj]
F:\Berry-Work\dev\DiffusionTool\BerryAIGen.Toolkit\Models\ImageViewModel.cs(22,12): warning CS9264: Non-nullable property 'ImageTags' must contain a non-null value when exiting constructor. Consider adding the 'required' modifier, or declaring the property as nullable, or safely handling the case where 'field' is null in the 'get' accessor. [F:\Berry-Work\dev\DiffusionTool\BerryAIGen.Toolkit\BerryAIGen.Toolkit_b3ao1qf4_wpftmp.csproj]
F:\Berry-Work\dev\DiffusionTool\BerryAIGen.Toolkit\Models\ImageViewModel.cs(22,12): warning CS9264: Non-nullable property 'ErrorMessage' must contain a non-null value when exiting constructor. Consider adding the 'required' modifier, or declaring the property as nullable, or safely handling the case where 'field' is null in the 'get' accessor. [F:\Berry-Work\dev\DiffusionTool\BerryAIGen.Toolkit\BerryAIGen.Toolkit_b3ao1qf4_wpftmp.csproj]
F:\Berry-Work\dev\DiffusionTool\BerryAIGen.Toolkit\Models\ImageViewModel.cs(34,35): warning CS8603: Possible null reference return. [F:\Berry-Work\dev\DiffusionTool\BerryAIGen.Toolkit\BerryAIGen.Toolkit_b3ao1qf4_wpftmp.csproj]
F:\Berry-Work\dev\DiffusionTool\BerryAIGen.Toolkit\Models\ImageViewModel.cs(315,19): warning CS8618: Non-nullable property 'Name' must contain a non-null value when exiting constructor. Consider adding the 'required' modifier or declaring the property as nullable. [F:\Berry-Work\dev\DiffusionTool\BerryAIGen.Toolkit\BerryAIGen.Toolkit_b3ao1qf4_wpftmp.csproj]
F:\Berry-Work\dev\DiffusionTool\BerryAIGen.Toolkit\Pages\Search.xaml.cs(78,13): warning CS8602: Dereference of a possibly null reference. [F:\Berry-Work\dev\DiffusionTool\BerryAIGen.Toolkit\BerryAIGen.Toolkit_b3ao1qf4_wpftmp.csproj]
F:\Berry-Work\dev\DiffusionTool\BerryAIGen.Toolkit\PreviewModel.cs(54,35): warning CS8603: Possible null reference return. [F:\Berry-Work\dev\DiffusionTool\BerryAIGen.Toolkit\BerryAIGen.Toolkit_b3ao1qf4_wpftmp.csproj]
F:\Berry-Work\dev\DiffusionTool\BerryAIGen.Toolkit\Pages\Prompts.xaml.cs(124,48): warning CS8604: Possible null reference argument for parameter 'prompt' in 'int DataStore.CountPrompt(string prompt)'. [F:\Berry-Work\dev\DiffusionTool\BerryAIGen.Toolkit\BerryAIGen.Toolkit_b3ao1qf4_wpftmp.csproj]
F:\Berry-Work\dev\DiffusionTool\BerryAIGen.Toolkit\Controls\PreviewPane.xaml.cs(292,36): warning CS8602: Dereference of a possibly null reference. [F:\Berry-Work\dev\DiffusionTool\BerryAIGen.Toolkit\BerryAIGen.Toolkit_b3ao1qf4_wpftmp.csproj]
F:\Berry-Work\dev\DiffusionTool\BerryAIGen.Toolkit\Controls\PreviewPane.xaml.cs(300,21): warning CS8602: Dereference of a possibly null reference. [F:\Berry-Work\dev\DiffusionTool\BerryAIGen.Toolkit\BerryAIGen.Toolkit_b3ao1qf4_wpftmp.csproj]
F:\Berry-Work\dev\DiffusionTool\BerryAIGen.Toolkit\Controls\PreviewPane.xaml.cs(290,17): warning CS0219: The variable 'active' is assigned but its value is never used [F:\Berry-Work\dev\DiffusionTool\BerryAIGen.Toolkit\BerryAIGen.Toolkit_b3ao1qf4_wpftmp.csproj]
F:\Berry-Work\dev\DiffusionTool\BerryAIGen.Toolkit\ResourceHelper.cs(16,40): warning CS8600: Converting null literal or possible null value to non-nullable type. [F:\Berry-Work\dev\DiffusionTool\BerryAIGen.Toolkit\BerryAIGen.Toolkit_b3ao1qf4_wpftmp.csproj]
F:\Berry-Work\dev\DiffusionTool\BerryAIGen.Toolkit\Models\MainModel.cs(26,12): warning CS8618: Non-nullable field '_removeMarked' must contain a non-null value when exiting constructor. Consider adding the 'required' modifier or declaring the field as nullable. [F:\Berry-Work\dev\DiffusionTool\BerryAIGen.Toolkit\BerryAIGen.Toolkit_b3ao1qf4_wpftmp.csproj]
F:\Berry-Work\dev\DiffusionTool\BerryAIGen.Toolkit\Models\MainModel.cs(26,12): warning CS8618: Non-nullable field '_showSettingsCommand' must contain a non-null value when exiting constructor. Consider adding the 'required' modifier or declaring the field as nullable. [F:\Berry-Work\dev\DiffusionTool\BerryAIGen.Toolkit\BerryAIGen.Toolkit_b3ao1qf4_wpftmp.csproj]
F:\Berry-Work\dev\DiffusionTool\BerryAIGen.Toolkit\Models\MainModel.cs(26,12): warning CS9264: Non-nullable property 'QueryText' must contain a non-null value when exiting constructor. Consider adding the 'required' modifier, or declaring the property as nullable, or safely handling the case where 'field' is null in the 'get' accessor. [F:\Berry-Work\dev\DiffusionTool\BerryAIGen.Toolkit\BerryAIGen.Toolkit_b3ao1qf4_wpftmp.csproj]
F:\Berry-Work\dev\DiffusionTool\BerryAIGen.Toolkit\Models\MainModel.cs(26,12): warning CS9264: Non-nullable property 'Page' must contain a non-null value when exiting constructor. Consider adding the 'required' modifier, or declaring the property as nullable, or safely handling the case where 'field' is null in the 'get' accessor. [F:\Berry-Work\dev\DiffusionTool\BerryAIGen.Toolkit\BerryAIGen.Toolkit_b3ao1qf4_wpftmp.csproj]
F:\Berry-Work\dev\DiffusionTool\BerryAIGen.Toolkit\Models\MainModel.cs(26,12): warning CS9264: Non-nullable property 'Rescan' must contain a non-null value when exiting constructor. Consider adding the 'required' modifier, or declaring the property as nullable, or safely handling the case where 'field' is null in the 'get' accessor. [F:\Berry-Work\dev\DiffusionTool\BerryAIGen.Toolkit\BerryAIGen.Toolkit_b3ao1qf4_wpftmp.csproj]
F:\Berry-Work\dev\DiffusionTool\BerryAIGen.Toolkit\Models\MainModel.cs(26,12): warning CS8618: Non-nullable property 'RenameFileCommand' must contain a non-null value when exiting constructor. Consider adding the 'required' modifier or declaring the property as nullable. [F:\Berry-Work\dev\DiffusionTool\BerryAIGen.Toolkit\BerryAIGen.Toolkit_b3ao1qf4_wpftmp.csproj]
F:\Berry-Work\dev\DiffusionTool\BerryAIGen.Toolkit\Models\MainModel.cs(26,12): warning CS9264: Non-nullable property 'OpenWithCommand' must contain a non-null value when exiting constructor. Consider adding the 'required' modifier, or declaring the property as nullable, or safely handling the case where 'field' is null in the 'get' accessor. [F:\Berry-Work\dev\DiffusionTool\BerryAIGen.Toolkit\BerryAIGen.Toolkit_b3ao1qf4_wpftmp.csproj]
F:\Berry-Work\dev\DiffusionTool\BerryAIGen.Toolkit\Models\MainModel.cs(26,12): warning CS9264: Non-nullable property 'SettingsCommand' must contain a non-null value when exiting constructor. Consider adding the 'required' modifier, or declaring the property as nullable, or safely handling the case where 'field' is null in the 'get' accessor. [F:\Berry-Work\dev\DiffusionTool\BerryAIGen.Toolkit\BerryAIGen.Toolkit_b3ao1qf4_wpftmp.csproj]
F:\Berry-Work\dev\DiffusionTool\BerryAIGen.Toolkit\Models\MainModel.cs(26,12): warning CS9264: Non-nullable property 'CloseCommand' must contain a non-null value when exiting constructor. Consider adding the 'required' modifier, or declaring the property as nullable, or safely handling the case where 'field' is null in the 'get' accessor. [F:\Berry-Work\dev\DiffusionTool\BerryAIGen.Toolkit\BerryAIGen.Toolkit_b3ao1qf4_wpftmp.csproj]
F:\Berry-Work\dev\DiffusionTool\BerryAIGen.Toolkit\Models\MainModel.cs(26,12): warning CS9264: Non-nullable property 'Rebuild' must contain a non-null value when exiting constructor. Consider adding the 'required' modifier, or declaring the property as nullable, or safely handling the case where 'field' is null in the 'get' accessor. [F:\Berry-Work\dev\DiffusionTool\BerryAIGen.Toolkit\BerryAIGen.Toolkit_b3ao1qf4_wpftmp.csproj]
F:\Berry-Work\dev\DiffusionTool\BerryAIGen.Toolkit\Models\MainModel.cs(26,12): warning CS9264: Non-nullable property 'ReloadHashes' must contain a non-null value when exiting constructor. Consider adding the 'required' modifier, or declaring the property as nullable, or safely handling the case where 'field' is null in the 'get' accessor. [F:\Berry-Work\dev\DiffusionTool\BerryAIGen.Toolkit\BerryAIGen.Toolkit_b3ao1qf4_wpftmp.csproj]
F:\Berry-Work\dev\DiffusionTool\BerryAIGen.Toolkit\Models\MainModel.cs(26,12): warning CS9264: Non-nullable property 'GotoUrl' must contain a non-null value when exiting constructor. Consider adding the 'required' modifier, or declaring the property as nullable, or safely handling the case where 'field' is null in the 'get' accessor. [F:\Berry-Work\dev\DiffusionTool\BerryAIGen.Toolkit\BerryAIGen.Toolkit_b3ao1qf4_wpftmp.csproj]
F:\Berry-Work\dev\DiffusionTool\BerryAIGen.Toolkit\Models\MainModel.cs(26,12): warning CS9264: Non-nullable property 'CancelCommand' must contain a non-null value when exiting constructor. Consider adding the 'required' modifier, or declaring the property as nullable, or safely handling the case where 'field' is null in the 'get' accessor. [F:\Berry-Work\dev\DiffusionTool\BerryAIGen.Toolkit\BerryAIGen.Toolkit_b3ao1qf4_wpftmp.csproj]
F:\Berry-Work\dev\DiffusionTool\BerryAIGen.Toolkit\Models\MainModel.cs(26,12): warning CS9264: Non-nullable property 'AboutCommand' must contain a non-null value when exiting constructor. Consider adding the 'required' modifier, or declaring the property as nullable, or safely handling the case where 'field' is null in the 'get' accessor. [F:\Berry-Work\dev\DiffusionTool\BerryAIGen.Toolkit\BerryAIGen.Toolkit_b3ao1qf4_wpftmp.csproj]
F:\Berry-Work\dev\DiffusionTool\BerryAIGen.Toolkit\Models\MainModel.cs(26,12): warning CS8618: Non-nullable property 'ReleaseNotesCommand' must contain a non-null value when exiting constructor. Consider adding the 'required' modifier or declaring the property as nullable. [F:\Berry-Work\dev\DiffusionTool\BerryAIGen.Toolkit\BerryAIGen.Toolkit_b3ao1qf4_wpftmp.csproj]
F:\Berry-Work\dev\DiffusionTool\BerryAIGen.Toolkit\Models\MainModel.cs(26,12): warning CS9264: Non-nullable property 'HelpCommand' must contain a non-null value when exiting constructor. Consider adding the 'required' modifier, or declaring the property as nullable, or safely handling the case where 'field' is null in the 'get' accessor. [F:\Berry-Work\dev\DiffusionTool\BerryAIGen.Toolkit\BerryAIGen.Toolkit_b3ao1qf4_wpftmp.csproj]
F:\Berry-Work\dev\DiffusionTool\BerryAIGen.Toolkit\Models\MainModel.cs(26,12): warning CS9264: Non-nullable property 'ToggleInfoCommand' must contain a non-null value when exiting constructor. Consider adding the 'required' modifier, or declaring the property as nullable, or safely handling the case where 'field' is null in the 'get' accessor. [F:\Berry-Work\dev\DiffusionTool\BerryAIGen.Toolkit\BerryAIGen.Toolkit_b3ao1qf4_wpftmp.csproj]
F:\Berry-Work\dev\DiffusionTool\BerryAIGen.Toolkit\Models\MainModel.cs(26,12): warning CS9264: Non-nullable property 'ToggleNSFWBlurCommand' must contain a non-null value when exiting constructor. Consider adding the 'required' modifier, or declaring the property as nullable, or safely handling the case where 'field' is null in the 'get' accessor. [F:\Berry-Work\dev\DiffusionTool\BerryAIGen.Toolkit\BerryAIGen.Toolkit_b3ao1qf4_wpftmp.csproj]
F:\Berry-Work\dev\DiffusionTool\BerryAIGen.Toolkit\Models\MainModel.cs(26,12): warning CS8618: Non-nullable property 'ToggleVisibilityCommand' must contain a non-null value when exiting constructor. Consider adding the 'required' modifier or declaring the property as nullable. [F:\Berry-Work\dev\DiffusionTool\BerryAIGen.Toolkit\BerryAIGen.Toolkit_b3ao1qf4_wpftmp.csproj]
F:\Berry-Work\dev\DiffusionTool\BerryAIGen.Toolkit\Models\MainModel.cs(26,12): warning CS9264: Non-nullable property 'ToggleTagsCommand' must contain a non-null value when exiting constructor. Consider adding the 'required' modifier, or declaring the property as nullable, or safely handling the case where 'field' is null in the 'get' accessor. [F:\Berry-Work\dev\DiffusionTool\BerryAIGen.Toolkit\BerryAIGen.Toolkit_b3ao1qf4_wpftmp.csproj]
F:\Berry-Work\dev\DiffusionTool\BerryAIGen.Toolkit\Models\MainModel.cs(26,12): warning CS9264: Non-nullable property 'ToggleAutoAdvance' must contain a non-null value when exiting constructor. Consider adding the 'required' modifier, or declaring the property as nullable, or safely handling the case where 'field' is null in the 'get' accessor. [F:\Berry-Work\dev\DiffusionTool\BerryAIGen.Toolkit\BerryAIGen.Toolkit_b3ao1qf4_wpftmp.csproj]
F:\Berry-Work\dev\DiffusionTool\BerryAIGen.Toolkit\Models\MainModel.cs(26,12): warning CS9264: Non-nullable property 'ToggleHideNSFW' must contain a non-null value when exiting constructor. Consider adding the 'required' modifier, or declaring the property as nullable, or safely handling the case where 'field' is null in the 'get' accessor. [F:\Berry-Work\dev\DiffusionTool\BerryAIGen.Toolkit\BerryAIGen.Toolkit_b3ao1qf4_wpftmp.csproj]
F:\Berry-Work\dev\DiffusionTool\BerryAIGen.Toolkit\Models\MainModel.cs(26,12): warning CS9264: Non-nullable property 'ToggleHideDeleted' must contain a non-null value when exiting constructor. Consider adding the 'required' modifier, or declaring the property as nullable, or safely handling the case where 'field' is null in the 'get' accessor. [F:\Berry-Work\dev\DiffusionTool\BerryAIGen.Toolkit\BerryAIGen.Toolkit_b3ao1qf4_wpftmp.csproj]
F:\Berry-Work\dev\DiffusionTool\BerryAIGen.Toolkit\Models\MainModel.cs(26,12): warning CS9264: Non-nullable property 'ToggleHideUnavailable' must contain a non-null value when exiting constructor. Consider adding the 'required' modifier, or declaring the property as nullable, or safely handling the case where 'field' is null in the 'get' accessor. [F:\Berry-Work\dev\DiffusionTool\BerryAIGen.Toolkit\BerryAIGen.Toolkit_b3ao1qf4_wpftmp.csproj]
F:\Berry-Work\dev\DiffusionTool\BerryAIGen.Toolkit\Models\MainModel.cs(26,12): warning CS9264: Non-nullable property 'ToggleFilenamesCommand' must contain a non-null value when exiting constructor. Consider adding the 'required' modifier, or declaring the property as nullable, or safely handling the case where 'field' is null in the 'get' accessor. [F:\Berry-Work\dev\DiffusionTool\BerryAIGen.Toolkit\BerryAIGen.Toolkit_b3ao1qf4_wpftmp.csproj]
F:\Berry-Work\dev\DiffusionTool\BerryAIGen.Toolkit\Models\MainModel.cs(26,12): warning CS9264: Non-nullable property 'ToggleFitToPreview' must contain a non-null value when exiting constructor. Consider adding the 'required' modifier, or declaring the property as nullable, or safely handling the case where 'field' is null in the 'get' accessor. [F:\Berry-Work\dev\DiffusionTool\BerryAIGen.Toolkit\BerryAIGen.Toolkit_b3ao1qf4_wpftmp.csproj]
F:\Berry-Work\dev\DiffusionTool\BerryAIGen.Toolkit\Models\MainModel.cs(26,12): warning CS9264: Non-nullable property 'ToggleActualSize' must contain a non-null value when exiting constructor. Consider adding the 'required' modifier, or declaring the property as nullable, or safely handling the case where 'field' is null in the 'get' accessor. [F:\Berry-Work\dev\DiffusionTool\BerryAIGen.Toolkit\BerryAIGen.Toolkit_b3ao1qf4_wpftmp.csproj]
F:\Berry-Work\dev\DiffusionTool\BerryAIGen.Toolkit\Models\MainModel.cs(26,12): warning CS9264: Non-nullable property 'SetThumbnailSize' must contain a non-null value when exiting constructor. Consider adding the 'required' modifier, or declaring the property as nullable, or safely handling the case where 'field' is null in the 'get' accessor. [F:\Berry-Work\dev\DiffusionTool\BerryAIGen.Toolkit\BerryAIGen.Toolkit_b3ao1qf4_wpftmp.csproj]
F:\Berry-Work\dev\DiffusionTool\BerryAIGen.Toolkit\Models\MainModel.cs(26,12): warning CS9264: Non-nullable property 'PoputPreview' must contain a non-null value when exiting constructor. Consider adding the 'required' modifier, or declaring the property as nullable, or safely handling the case where 'field' is null in the 'get' accessor. [F:\Berry-Work\dev\DiffusionTool\BerryAIGen.Toolkit\BerryAIGen.Toolkit_b3ao1qf4_wpftmp.csproj]
F:\Berry-Work\dev\DiffusionTool\BerryAIGen.Toolkit\Models\MainModel.cs(26,12): warning CS9264: Non-nullable property 'ResetLayout' must contain a non-null value when exiting constructor. Consider adding the 'required' modifier, or declaring the property as nullable, or safely handling the case where 'field' is null in the 'get' accessor. [F:\Berry-Work\dev\DiffusionTool\BerryAIGen.Toolkit\BerryAIGen.Toolkit_b3ao1qf4_wpftmp.csproj]
F:\Berry-Work\dev\DiffusionTool\BerryAIGen.Toolkit\Models\MainModel.cs(26,12): warning CS9264: Non-nullable property 'TogglePreview' must contain a non-null value when exiting constructor. Consider adding the 'required' modifier, or declaring the property as nullable, or safely handling the case where 'field' is null in the 'get' accessor. [F:\Berry-Work\dev\DiffusionTool\BerryAIGen.Toolkit\BerryAIGen.Toolkit_b3ao1qf4_wpftmp.csproj]
F:\Berry-Work\dev\DiffusionTool\BerryAIGen.Toolkit\Models\MainModel.cs(26,12): warning CS8618: Non-nullable property 'SaveQuery' must contain a non-null value when exiting constructor. Consider adding the 'required' modifier or declaring the property as nullable. [F:\Berry-Work\dev\DiffusionTool\BerryAIGen.Toolkit\BerryAIGen.Toolkit_b3ao1qf4_wpftmp.csproj]
F:\Berry-Work\dev\DiffusionTool\BerryAIGen.Toolkit\Models\MainModel.cs(26,12): warning CS8618: Non-nullable property 'RescanResults' must contain a non-null value when exiting constructor. Consider adding the 'required' modifier or declaring the property as nullable. [F:\Berry-Work\dev\DiffusionTool\BerryAIGen.Toolkit\BerryAIGen.Toolkit_b3ao1qf4_wpftmp.csproj]
F:\Berry-Work\dev\DiffusionTool\BerryAIGen.Toolkit\Models\MainModel.cs(26,12): warning CS9264: Non-nullable property 'AddAllToAlbum' must contain a non-null value when exiting constructor. Consider adding the 'required' modifier, or declaring the property as nullable, or safely handling the case where 'field' is null in the 'get' accessor. [F:\Berry-Work\dev\DiffusionTool\BerryAIGen.Toolkit\BerryAIGen.Toolkit_b3ao1qf4_wpftmp.csproj]
F:\Berry-Work\dev\DiffusionTool\BerryAIGen.Toolkit\Models\MainModel.cs(26,12): warning CS9264: Non-nullable property 'MarkAllForDeletion' must contain a non-null value when exiting constructor. Consider adding the 'required' modifier, or declaring the property as nullable, or safely handling the case where 'field' is null in the 'get' accessor. [F:\Berry-Work\dev\DiffusionTool\BerryAIGen.Toolkit\BerryAIGen.Toolkit_b3ao1qf4_wpftmp.csproj]
F:\Berry-Work\dev\DiffusionTool\BerryAIGen.Toolkit\Models\MainModel.cs(26,12): warning CS9264: Non-nullable property 'UnmarkAllForDeletion' must contain a non-null value when exiting constructor. Consider adding the 'required' modifier, or declaring the property as nullable, or safely handling the case where 'field' is null in the 'get' accessor. [F:\Berry-Work\dev\DiffusionTool\BerryAIGen.Toolkit\BerryAIGen.Toolkit_b3ao1qf4_wpftmp.csproj]
F:\Berry-Work\dev\DiffusionTool\BerryAIGen.Toolkit\Models\MainModel.cs(26,12): warning CS9264: Non-nullable property 'RemoveMatching' must contain a non-null value when exiting constructor. Consider adding the 'required' modifier, or declaring the property as nullable, or safely handling the case where 'field' is null in the 'get' accessor. [F:\Berry-Work\dev\DiffusionTool\BerryAIGen.Toolkit\BerryAIGen.Toolkit_b3ao1qf4_wpftmp.csproj]
F:\Berry-Work\dev\DiffusionTool\BerryAIGen.Toolkit\Models\MainModel.cs(26,12): warning CS9264: Non-nullable property 'AutoTagNSFW' must contain a non-null value when exiting constructor. Consider adding the 'required' modifier, or declaring the property as nullable, or safely handling the case where 'field' is null in the 'get' accessor. [F:\Berry-Work\dev\DiffusionTool\BerryAIGen.Toolkit\BerryAIGen.Toolkit_b3ao1qf4_wpftmp.csproj]
F:\Berry-Work\dev\DiffusionTool\BerryAIGen.Toolkit\Models\MainModel.cs(26,12): warning CS9264: Non-nullable property 'ClearModelsCommand' must contain a non-null value when exiting constructor. Consider adding the 'required' modifier, or declaring the property as nullable, or safely handling the case where 'field' is null in the 'get' accessor. [F:\Berry-Work\dev\DiffusionTool\BerryAIGen.Toolkit\BerryAIGen.Toolkit_b3ao1qf4_wpftmp.csproj]
F:\Berry-Work\dev\DiffusionTool\BerryAIGen.Toolkit\Models\MainModel.cs(26,12): warning CS9264: Non-nullable property 'ClearAlbumsCommand' must contain a non-null value when exiting constructor. Consider adding the 'required' modifier, or declaring the property as nullable, or safely handling the case where 'field' is null in the 'get' accessor. [F:\Berry-Work\dev\DiffusionTool\BerryAIGen.Toolkit\BerryAIGen.Toolkit_b3ao1qf4_wpftmp.csproj]
F:\Berry-Work\dev\DiffusionTool\BerryAIGen.Toolkit\Models\MainModel.cs(26,12): warning CS9264: Non-nullable property 'SortAlbumCommand' must contain a non-null value when exiting constructor. Consider adding the 'required' modifier, or declaring the property as nullable, or safely handling the case where 'field' is null in the 'get' accessor. [F:\Berry-Work\dev\DiffusionTool\BerryAIGen.Toolkit\BerryAIGen.Toolkit_b3ao1qf4_wpftmp.csproj]
F:\Berry-Work\dev\DiffusionTool\BerryAIGen.Toolkit\Models\MainModel.cs(26,12): warning CS9264: Non-nullable property 'Refresh' must contain a non-null value when exiting constructor. Consider adding the 'required' modifier, or declaring the property as nullable, or safely handling the case where 'field' is null in the 'get' accessor. [F:\Berry-Work\dev\DiffusionTool\BerryAIGen.Toolkit\BerryAIGen.Toolkit_b3ao1qf4_wpftmp.csproj]
F:\Berry-Work\dev\DiffusionTool\BerryAIGen.Toolkit\Models\MainModel.cs(26,12): warning CS9264: Non-nullable property 'QuickCopy' must contain a non-null value when exiting constructor. Consider adding the 'required' modifier, or declaring the property as nullable, or safely handling the case where 'field' is null in the 'get' accessor. [F:\Berry-Work\dev\DiffusionTool\BerryAIGen.Toolkit\BerryAIGen.Toolkit_b3ao1qf4_wpftmp.csproj]
F:\Berry-Work\dev\DiffusionTool\BerryAIGen.Toolkit\Models\MainModel.cs(26,12): warning CS9264: Non-nullable property 'Escape' must contain a non-null value when exiting constructor. Consider adding the 'required' modifier, or declaring the property as nullable, or safely handling the case where 'field' is null in the 'get' accessor. [F:\Berry-Work\dev\DiffusionTool\BerryAIGen.Toolkit\BerryAIGen.Toolkit_b3ao1qf4_wpftmp.csproj]
F:\Berry-Work\dev\DiffusionTool\BerryAIGen.Toolkit\Models\MainModel.cs(26,12): warning CS9264: Non-nullable property 'DownloadCivitai' must contain a non-null value when exiting constructor. Consider adding the 'required' modifier, or declaring the property as nullable, or safely handling the case where 'field' is null in the 'get' accessor. [F:\Berry-Work\dev\DiffusionTool\BerryAIGen.Toolkit\BerryAIGen.Toolkit_b3ao1qf4_wpftmp.csproj]
F:\Berry-Work\dev\DiffusionTool\BerryAIGen.Toolkit\Models\MainModel.cs(26,12): warning CS9264: Non-nullable property 'Albums' must contain a non-null value when exiting constructor. Consider adding the 'required' modifier, or declaring the property as nullable, or safely handling the case where 'field' is null in the 'get' accessor. [F:\Berry-Work\dev\DiffusionTool\BerryAIGen.Toolkit\BerryAIGen.Toolkit_b3ao1qf4_wpftmp.csproj]
F:\Berry-Work\dev\DiffusionTool\BerryAIGen.Toolkit\Models\MainModel.cs(26,12): warning CS9264: Non-nullable property 'Tags' must contain a non-null value when exiting constructor. Consider adding the 'required' modifier, or declaring the property as nullable, or safely handling the case where 'field' is null in the 'get' accessor. [F:\Berry-Work\dev\DiffusionTool\BerryAIGen.Toolkit\BerryAIGen.Toolkit_b3ao1qf4_wpftmp.csproj]
F:\Berry-Work\dev\DiffusionTool\BerryAIGen.Toolkit\Models\MainModel.cs(26,12): warning CS9264: Non-nullable property 'Queries' must contain a non-null value when exiting constructor. Consider adding the 'required' modifier, or declaring the property as nullable, or safely handling the case where 'field' is null in the 'get' accessor. [F:\Berry-Work\dev\DiffusionTool\BerryAIGen.Toolkit\BerryAIGen.Toolkit_b3ao1qf4_wpftmp.csproj]
F:\Berry-Work\dev\DiffusionTool\BerryAIGen.Toolkit\Models\MainModel.cs(26,12): warning CS9264: Non-nullable property 'AddAlbumCommand' must contain a non-null value when exiting constructor. Consider adding the 'required' modifier, or declaring the property as nullable, or safely handling the case where 'field' is null in the 'get' accessor. [F:\Berry-Work\dev\DiffusionTool\BerryAIGen.Toolkit\BerryAIGen.Toolkit_b3ao1qf4_wpftmp.csproj]
F:\Berry-Work\dev\DiffusionTool\BerryAIGen.Toolkit\Models\MainModel.cs(26,12): warning CS9264: Non-nullable property 'AddToAlbumCommand' must contain a non-null value when exiting constructor. Consider adding the 'required' modifier, or declaring the property as nullable, or safely handling the case where 'field' is null in the 'get' accessor. [F:\Berry-Work\dev\DiffusionTool\BerryAIGen.Toolkit\BerryAIGen.Toolkit_b3ao1qf4_wpftmp.csproj]
F:\Berry-Work\dev\DiffusionTool\BerryAIGen.Toolkit\Models\MainModel.cs(26,12): warning CS9264: Non-nullable property 'RemoveFromAlbumCommand' must contain a non-null value when exiting constructor. Consider adding the 'required' modifier, or declaring the property as nullable, or safely handling the case where 'field' is null in the 'get' accessor. [F:\Berry-Work\dev\DiffusionTool\BerryAIGen.Toolkit\BerryAIGen.Toolkit_b3ao1qf4_wpftmp.csproj]
F:\Berry-Work\dev\DiffusionTool\BerryAIGen.Toolkit\Models\MainModel.cs(26,12): warning CS9264: Non-nullable property 'RenameAlbumCommand' must contain a non-null value when exiting constructor. Consider adding the 'required' modifier, or declaring the property as nullable, or safely handling the case where 'field' is null in the 'get' accessor. [F:\Berry-Work\dev\DiffusionTool\BerryAIGen.Toolkit\BerryAIGen.Toolkit_b3ao1qf4_wpftmp.csproj]
F:\Berry-Work\dev\DiffusionTool\BerryAIGen.Toolkit\Models\MainModel.cs(26,12): warning CS9264: Non-nullable property 'AddTagCommand' must contain a non-null value when exiting constructor. Consider adding the 'required' modifier, or declaring the property as nullable, or safely handling the case where 'field' is null in the 'get' accessor. [F:\Berry-Work\dev\DiffusionTool\BerryAIGen.Toolkit\BerryAIGen.Toolkit_b3ao1qf4_wpftmp.csproj]
F:\Berry-Work\dev\DiffusionTool\BerryAIGen.Toolkit\Models\MainModel.cs(26,12): warning CS9264: Non-nullable property 'RenameTagCommand' must contain a non-null value when exiting constructor. Consider adding the 'required' modifier, or declaring the property as nullable, or safely handling the case where 'field' is null in the 'get' accessor. [F:\Berry-Work\dev\DiffusionTool\BerryAIGen.Toolkit\BerryAIGen.Toolkit_b3ao1qf4_wpftmp.csproj]
F:\Berry-Work\dev\DiffusionTool\BerryAIGen.Toolkit\Models\MainModel.cs(26,12): warning CS9264: Non-nullable property 'RemoveAlbumCommand' must contain a non-null value when exiting constructor. Consider adding the 'required' modifier, or declaring the property as nullable, or safely handling the case where 'field' is null in the 'get' accessor. [F:\Berry-Work\dev\DiffusionTool\BerryAIGen.Toolkit\BerryAIGen.Toolkit_b3ao1qf4_wpftmp.csproj]
F:\Berry-Work\dev\DiffusionTool\BerryAIGen.Toolkit\Models\MainModel.cs(26,12): warning CS9264: Non-nullable property 'RemoveTagCommand' must contain a non-null value when exiting constructor. Consider adding the 'required' modifier, or declaring the property as nullable, or safely handling the case where 'field' is null in the 'get' accessor. [F:\Berry-Work\dev\DiffusionTool\BerryAIGen.Toolkit\BerryAIGen.Toolkit_b3ao1qf4_wpftmp.csproj]
F:\Berry-Work\dev\DiffusionTool\BerryAIGen.Toolkit\Models\MainModel.cs(26,12): warning CS9264: Non-nullable property 'RenameQueryCommand' must contain a non-null value when exiting constructor. Consider adding the 'required' modifier, or declaring the property as nullable, or safely handling the case where 'field' is null in the 'get' accessor. [F:\Berry-Work\dev\DiffusionTool\BerryAIGen.Toolkit\BerryAIGen.Toolkit_b3ao1qf4_wpftmp.csproj]
F:\Berry-Work\dev\DiffusionTool\BerryAIGen.Toolkit\Models\MainModel.cs(26,12): warning CS9264: Non-nullable property 'RemoveQueryCommand' must contain a non-null value when exiting constructor. Consider adding the 'required' modifier, or declaring the property as nullable, or safely handling the case where 'field' is null in the 'get' accessor. [F:\Berry-Work\dev\DiffusionTool\BerryAIGen.Toolkit\BerryAIGen.Toolkit_b3ao1qf4_wpftmp.csproj]
F:\Berry-Work\dev\DiffusionTool\BerryAIGen.Toolkit\Models\MainModel.cs(26,12): warning CS8618: Non-nullable property 'CreateAlbumCommand' must contain a non-null value when exiting constructor. Consider adding the 'required' modifier or declaring the property as nullable. [F:\Berry-Work\dev\DiffusionTool\BerryAIGen.Toolkit\BerryAIGen.Toolkit_b3ao1qf4_wpftmp.csproj]
F:\Berry-Work\dev\DiffusionTool\BerryAIGen.Toolkit\Models\MainModel.cs(26,12): warning CS8618: Non-nullable property 'CreateTagCommand' must contain a non-null value when exiting constructor. Consider adding the 'required' modifier or declaring the property as nullable. [F:\Berry-Work\dev\DiffusionTool\BerryAIGen.Toolkit\BerryAIGen.Toolkit_b3ao1qf4_wpftmp.csproj]
F:\Berry-Work\dev\DiffusionTool\BerryAIGen.Toolkit\Models\MainModel.cs(26,12): warning CS8618: Non-nullable property 'AddSelectedImagesToAlbum' must contain a non-null value when exiting constructor. Consider adding the 'required' modifier or declaring the property as nullable. [F:\Berry-Work\dev\DiffusionTool\BerryAIGen.Toolkit\BerryAIGen.Toolkit_b3ao1qf4_wpftmp.csproj]
F:\Berry-Work\dev\DiffusionTool\BerryAIGen.Toolkit\Models\MainModel.cs(26,12): warning CS9264: Non-nullable property 'FixFoldersCommand' must contain a non-null value when exiting constructor. Consider adding the 'required' modifier, or declaring the property as nullable, or safely handling the case where 'field' is null in the 'get' accessor. [F:\Berry-Work\dev\DiffusionTool\BerryAIGen.Toolkit\BerryAIGen.Toolkit_b3ao1qf4_wpftmp.csproj]
F:\Berry-Work\dev\DiffusionTool\BerryAIGen.Toolkit\Models\MainModel.cs(26,12): warning CS9264: Non-nullable property 'RemoveExcludedImagesCommand' must contain a non-null value when exiting constructor. Consider adding the 'required' modifier, or declaring the property as nullable, or safely handling the case where 'field' is null in the 'get' accessor. [F:\Berry-Work\dev\DiffusionTool\BerryAIGen.Toolkit\BerryAIGen.Toolkit_b3ao1qf4_wpftmp.csproj]
F:\Berry-Work\dev\DiffusionTool\BerryAIGen.Toolkit\Models\MainModel.cs(26,12): warning CS9264: Non-nullable property 'CleanRemovedFoldersCommand' must contain a non-null value when exiting constructor. Consider adding the 'required' modifier, or declaring the property as nullable, or safely handling the case where 'field' is null in the 'get' accessor. [F:\Berry-Work\dev\DiffusionTool\BerryAIGen.Toolkit\BerryAIGen.Toolkit_b3ao1qf4_wpftmp.csproj]
F:\Berry-Work\dev\DiffusionTool\BerryAIGen.Toolkit\Models\MainModel.cs(26,12): warning CS9264: Non-nullable property 'UnavailableFilesCommand' must contain a non-null value when exiting constructor. Consider adding the 'required' modifier, or declaring the property as nullable, or safely handling the case where 'field' is null in the 'get' accessor. [F:\Berry-Work\dev\DiffusionTool\BerryAIGen.Toolkit\BerryAIGen.Toolkit_b3ao1qf4_wpftmp.csproj]
F:\Berry-Work\dev\DiffusionTool\BerryAIGen.Toolkit\Models\MainModel.cs(26,12): warning CS9264: Non-nullable property 'ShowFilterCommand' must contain a non-null value when exiting constructor. Consider adding the 'required' modifier, or declaring the property as nullable, or safely handling the case where 'field' is null in the 'get' accessor. [F:\Berry-Work\dev\DiffusionTool\BerryAIGen.Toolkit\BerryAIGen.Toolkit_b3ao1qf4_wpftmp.csproj]
F:\Berry-Work\dev\DiffusionTool\BerryAIGen.Toolkit\Models\MainModel.cs(26,12): warning CS9264: Non-nullable property 'ToggleAutoRefresh' must contain a non-null value when exiting constructor. Consider adding the 'required' modifier, or declaring the property as nullable, or safely handling the case where 'field' is null in the 'get' accessor. [F:\Berry-Work\dev\DiffusionTool\BerryAIGen.Toolkit\BerryAIGen.Toolkit_b3ao1qf4_wpftmp.csproj]
F:\Berry-Work\dev\DiffusionTool\BerryAIGen.Toolkit\Models\MainModel.cs(26,12): warning CS9264: Non-nullable property 'ImageModelNames' must contain a non-null value when exiting constructor. Consider adding the 'required' modifier, or declaring the property as nullable, or safely handling the case where 'field' is null in the 'get' accessor. [F:\Berry-Work\dev\DiffusionTool\BerryAIGen.Toolkit\BerryAIGen.Toolkit_b3ao1qf4_wpftmp.csproj]
F:\Berry-Work\dev\DiffusionTool\BerryAIGen.Toolkit\Models\MainModel.cs(26,12): warning CS9264: Non-nullable property 'ActiveView' must contain a non-null value when exiting constructor. Consider adding the 'required' modifier, or declaring the property as nullable, or safely handling the case where 'field' is null in the 'get' accessor. [F:\Berry-Work\dev\DiffusionTool\BerryAIGen.Toolkit\BerryAIGen.Toolkit_b3ao1qf4_wpftmp.csproj]
F:\Berry-Work\dev\DiffusionTool\BerryAIGen.Toolkit\Models\MainModel.cs(26,12): warning CS9264: Non-nullable property 'Settings' must contain a non-null value when exiting constructor. Consider adding the 'required' modifier, or declaring the property as nullable, or safely handling the case where 'field' is null in the 'get' accessor. [F:\Berry-Work\dev\DiffusionTool\BerryAIGen.Toolkit\BerryAIGen.Toolkit_b3ao1qf4_wpftmp.csproj]
F:\Berry-Work\dev\DiffusionTool\BerryAIGen.Toolkit\Models\MainModel.cs(26,12): warning CS8618: Non-nullable property 'MoveSelectedImagesToFolder' must contain a non-null value when exiting constructor. Consider adding the 'required' modifier or declaring the property as nullable. [F:\Berry-Work\dev\DiffusionTool\BerryAIGen.Toolkit\BerryAIGen.Toolkit_b3ao1qf4_wpftmp.csproj]
F:\Berry-Work\dev\DiffusionTool\BerryAIGen.Toolkit\Models\MainModel.cs(26,12): warning CS9264: Non-nullable property 'ReloadFoldersCommand' must contain a non-null value when exiting constructor. Consider adding the 'required' modifier, or declaring the property as nullable, or safely handling the case where 'field' is null in the 'get' accessor. [F:\Berry-Work\dev\DiffusionTool\BerryAIGen.Toolkit\BerryAIGen.Toolkit_b3ao1qf4_wpftmp.csproj]
F:\Berry-Work\dev\DiffusionTool\BerryAIGen.Toolkit\Models\MainModel.cs(26,12): warning CS8618: Non-nullable property 'ScanFolderCommand' must contain a non-null value when exiting constructor. Consider adding the 'required' modifier or declaring the property as nullable. [F:\Berry-Work\dev\DiffusionTool\BerryAIGen.Toolkit\BerryAIGen.Toolkit_b3ao1qf4_wpftmp.csproj]
F:\Berry-Work\dev\DiffusionTool\BerryAIGen.Toolkit\Models\MainModel.cs(26,12): warning CS8618: Non-nullable property 'RescanFolderCommand' must contain a non-null value when exiting constructor. Consider adding the 'required' modifier or declaring the property as nullable. [F:\Berry-Work\dev\DiffusionTool\BerryAIGen.Toolkit\BerryAIGen.Toolkit_b3ao1qf4_wpftmp.csproj]
F:\Berry-Work\dev\DiffusionTool\BerryAIGen.Toolkit\Models\MainModel.cs(26,12): warning CS8618: Non-nullable property 'CreateFolderCommand' must contain a non-null value when exiting constructor. Consider adding the 'required' modifier or declaring the property as nullable. [F:\Berry-Work\dev\DiffusionTool\BerryAIGen.Toolkit\BerryAIGen.Toolkit_b3ao1qf4_wpftmp.csproj]
F:\Berry-Work\dev\DiffusionTool\BerryAIGen.Toolkit\Models\MainModel.cs(26,12): warning CS8618: Non-nullable property 'RenameFolderCommand' must contain a non-null value when exiting constructor. Consider adding the 'required' modifier or declaring the property as nullable. [F:\Berry-Work\dev\DiffusionTool\BerryAIGen.Toolkit\BerryAIGen.Toolkit_b3ao1qf4_wpftmp.csproj]
F:\Berry-Work\dev\DiffusionTool\BerryAIGen.Toolkit\Models\MainModel.cs(26,12): warning CS8618: Non-nullable property 'RemoveFolderCommand' must contain a non-null value when exiting constructor. Consider adding the 'required' modifier or declaring the property as nullable. [F:\Berry-Work\dev\DiffusionTool\BerryAIGen.Toolkit\BerryAIGen.Toolkit_b3ao1qf4_wpftmp.csproj]
F:\Berry-Work\dev\DiffusionTool\BerryAIGen.Toolkit\Models\MainModel.cs(26,12): warning CS8618: Non-nullable property 'DeleteFolderCommand' must contain a non-null value when exiting constructor. Consider adding the 'required' modifier or declaring the property as nullable. [F:\Berry-Work\dev\DiffusionTool\BerryAIGen.Toolkit\BerryAIGen.Toolkit_b3ao1qf4_wpftmp.csproj]
F:\Berry-Work\dev\DiffusionTool\BerryAIGen.Toolkit\Models\MainModel.cs(26,12): warning CS8618: Non-nullable property 'ArchiveFolderCommand' must contain a non-null value when exiting constructor. Consider adding the 'required' modifier or declaring the property as nullable. [F:\Berry-Work\dev\DiffusionTool\BerryAIGen.Toolkit\BerryAIGen.Toolkit_b3ao1qf4_wpftmp.csproj]
F:\Berry-Work\dev\DiffusionTool\BerryAIGen.Toolkit\Models\MainModel.cs(26,12): warning CS8618: Non-nullable property 'ArchiveFolderRecursiveCommand' must contain a non-null value when exiting constructor. Consider adding the 'required' modifier or declaring the property as nullable. [F:\Berry-Work\dev\DiffusionTool\BerryAIGen.Toolkit\BerryAIGen.Toolkit_b3ao1qf4_wpftmp.csproj]
F:\Berry-Work\dev\DiffusionTool\BerryAIGen.Toolkit\Models\MainModel.cs(26,12): warning CS8618: Non-nullable property 'ExcludeFolderCommand' must contain a non-null value when exiting constructor. Consider adding the 'required' modifier or declaring the property as nullable. [F:\Berry-Work\dev\DiffusionTool\BerryAIGen.Toolkit\BerryAIGen.Toolkit_b3ao1qf4_wpftmp.csproj]
F:\Berry-Work\dev\DiffusionTool\BerryAIGen.Toolkit\Models\MainModel.cs(26,12): warning CS8618: Non-nullable property 'ExcludeFolderRecursiveCommand' must contain a non-null value when exiting constructor. Consider adding the 'required' modifier or declaring the property as nullable. [F:\Berry-Work\dev\DiffusionTool\BerryAIGen.Toolkit\BerryAIGen.Toolkit_b3ao1qf4_wpftmp.csproj]
F:\Berry-Work\dev\DiffusionTool\BerryAIGen.Toolkit\Models\MainModel.cs(26,12): warning CS8618: Non-nullable property 'ToggleNavigationPane' must contain a non-null value when exiting constructor. Consider adding the 'required' modifier or declaring the property as nullable. [F:\Berry-Work\dev\DiffusionTool\BerryAIGen.Toolkit\BerryAIGen.Toolkit_b3ao1qf4_wpftmp.csproj]
F:\Berry-Work\dev\DiffusionTool\BerryAIGen.Toolkit\Models\MainModel.cs(26,12): warning CS8618: Non-nullable property 'ShowInExplorerCommand' must contain a non-null value when exiting constructor. Consider adding the 'required' modifier or declaring the property as nullable. [F:\Berry-Work\dev\DiffusionTool\BerryAIGen.Toolkit\BerryAIGen.Toolkit_b3ao1qf4_wpftmp.csproj]
F:\Berry-Work\dev\DiffusionTool\BerryAIGen.Toolkit\Models\MainModel.cs(26,12): warning CS9264: Non-nullable property 'ToastMessage' must contain a non-null value when exiting constructor. Consider adding the 'required' modifier, or declaring the property as nullable, or safely handling the case where 'field' is null in the 'get' accessor. [F:\Berry-Work\dev\DiffusionTool\BerryAIGen.Toolkit\BerryAIGen.Toolkit_b3ao1qf4_wpftmp.csproj]
F:\Berry-Work\dev\DiffusionTool\BerryAIGen.Toolkit\Models\MainModel.cs(26,12): warning CS8618: Non-nullable property 'CurrentQuery' must contain a non-null value when exiting constructor. Consider adding the 'required' modifier or declaring the property as nullable. [F:\Berry-Work\dev\DiffusionTool\BerryAIGen.Toolkit\BerryAIGen.Toolkit_b3ao1qf4_wpftmp.csproj]
F:\Berry-Work\dev\DiffusionTool\BerryAIGen.Toolkit\Models\MainModel.cs(26,12): warning CS9264: Non-nullable property 'OpenWithMenuItems' must contain a non-null value when exiting constructor. Consider adding the 'required' modifier, or declaring the property as nullable, or safely handling the case where 'field' is null in the 'get' accessor. [F:\Berry-Work\dev\DiffusionTool\BerryAIGen.Toolkit\BerryAIGen.Toolkit_b3ao1qf4_wpftmp.csproj]
F:\Berry-Work\dev\DiffusionTool\BerryAIGen.Toolkit\Models\MainModel.cs(26,12): warning CS8618: Non-nullable property 'ToggleNotificationsCommand' must contain a non-null value when exiting constructor. Consider adding the 'required' modifier or declaring the property as nullable. [F:\Berry-Work\dev\DiffusionTool\BerryAIGen.Toolkit\BerryAIGen.Toolkit_b3ao1qf4_wpftmp.csproj]
F:\Berry-Work\dev\DiffusionTool\BerryAIGen.Toolkit\Models\MainModel.cs(26,12): warning CS8618: Non-nullable property 'NavigateToParentFolderCommand' must contain a non-null value when exiting constructor. Consider adding the 'required' modifier or declaring the property as nullable. [F:\Berry-Work\dev\DiffusionTool\BerryAIGen.Toolkit\BerryAIGen.Toolkit_b3ao1qf4_wpftmp.csproj]
F:\Berry-Work\dev\DiffusionTool\BerryAIGen.Toolkit\Models\MainModel.cs(26,12): warning CS9264: Non-nullable property 'AlbumMenuItems' must contain a non-null value when exiting constructor. Consider adding the 'required' modifier, or declaring the property as nullable, or safely handling the case where 'field' is null in the 'get' accessor. [F:\Berry-Work\dev\DiffusionTool\BerryAIGen.Toolkit\BerryAIGen.Toolkit_b3ao1qf4_wpftmp.csproj]
F:\Berry-Work\dev\DiffusionTool\BerryAIGen.Toolkit\Models\MainModel.cs(26,12): warning CS9264: Non-nullable property 'SelectionAlbumMenuItems' must contain a non-null value when exiting constructor. Consider adding the 'required' modifier, or declaring the property as nullable, or safely handling the case where 'field' is null in the 'get' accessor. [F:\Berry-Work\dev\DiffusionTool\BerryAIGen.Toolkit\BerryAIGen.Toolkit_b3ao1qf4_wpftmp.csproj]
F:\Berry-Work\dev\DiffusionTool\BerryAIGen.Toolkit\Models\MainModel.cs(26,12): warning CS9264: Non-nullable property 'SelectedImageEntry' must contain a non-null value when exiting constructor. Consider adding the 'required' modifier, or declaring the property as nullable, or safely handling the case where 'field' is null in the 'get' accessor. [F:\Berry-Work\dev\DiffusionTool\BerryAIGen.Toolkit\BerryAIGen.Toolkit_b3ao1qf4_wpftmp.csproj]
F:\Berry-Work\dev\DiffusionTool\BerryAIGen.Toolkit\Models\MainModel.cs(26,12): warning CS9264: Non-nullable property 'CurrentImageEntry' must contain a non-null value when exiting constructor. Consider adding the 'required' modifier, or declaring the property as nullable, or safely handling the case where 'field' is null in the 'get' accessor. [F:\Berry-Work\dev\DiffusionTool\BerryAIGen.Toolkit\BerryAIGen.Toolkit_b3ao1qf4_wpftmp.csproj]
F:\Berry-Work\dev\DiffusionTool\BerryAIGen.Toolkit\Models\MainModel.cs(26,12): warning CS8618: Non-nullable property 'CurrentImage' must contain a non-null value when exiting constructor. Consider adding the 'required' modifier or declaring the property as nullable. [F:\Berry-Work\dev\DiffusionTool\BerryAIGen.Toolkit\BerryAIGen.Toolkit_b3ao1qf4_wpftmp.csproj]
F:\Berry-Work\dev\DiffusionTool\BerryAIGen.Toolkit\Models\MainModel.cs(26,12): warning CS8618: Non-nullable property 'ToggleThumbnailViewModeCommand' must contain a non-null value when exiting constructor. Consider adding the 'required' modifier or declaring the property as nullable. [F:\Berry-Work\dev\DiffusionTool\BerryAIGen.Toolkit\BerryAIGen.Toolkit_b3ao1qf4_wpftmp.csproj]
F:\Berry-Work\dev\DiffusionTool\BerryAIGen.Toolkit\Models\MainModel.cs(26,12): warning CS8618: Non-nullable property 'FocusSearch' must contain a non-null value when exiting constructor. Consider adding the 'required' modifier or declaring the property as nullable. [F:\Berry-Work\dev\DiffusionTool\BerryAIGen.Toolkit\BerryAIGen.Toolkit_b3ao1qf4_wpftmp.csproj]
F:\Berry-Work\dev\DiffusionTool\BerryAIGen.Toolkit\Models\MainModel.cs(26,12): warning CS8618: Non-nullable property 'RefreshFolderCommand' must contain a non-null value when exiting constructor. Consider adding the 'required' modifier or declaring the property as nullable. [F:\Berry-Work\dev\DiffusionTool\BerryAIGen.Toolkit\BerryAIGen.Toolkit_b3ao1qf4_wpftmp.csproj]
F:\Berry-Work\dev\DiffusionTool\BerryAIGen.Toolkit\SearchResultsModel.cs(9,21): warning CS8618: Non-nullable property 'Escape' must contain a non-null value when exiting constructor. Consider adding the 'required' modifier or declaring the property as nullable. [F:\Berry-Work\dev\DiffusionTool\BerryAIGen.Toolkit\BerryAIGen.Toolkit_b3ao1qf4_wpftmp.csproj]
F:\Berry-Work\dev\DiffusionTool\BerryAIGen.Toolkit\Models\MessagePopupModel.cs(9,12): warning CS9264: Non-nullable property 'PlacementTarget' must contain a non-null value when exiting constructor. Consider adding the 'required' modifier, or declaring the property as nullable, or safely handling the case where 'field' is null in the 'get' accessor. [F:\Berry-Work\dev\DiffusionTool\BerryAIGen.Toolkit\BerryAIGen.Toolkit_b3ao1qf4_wpftmp.csproj]
F:\Berry-Work\dev\DiffusionTool\BerryAIGen.Toolkit\Models\MessagePopupModel.cs(9,12): warning CS9264: Non-nullable property 'Title' must contain a non-null value when exiting constructor. Consider adding the 'required' modifier, or declaring the property as nullable, or safely handling the case where 'field' is null in the 'get' accessor. [F:\Berry-Work\dev\DiffusionTool\BerryAIGen.Toolkit\BerryAIGen.Toolkit_b3ao1qf4_wpftmp.csproj]
F:\Berry-Work\dev\DiffusionTool\BerryAIGen.Toolkit\Models\MessagePopupModel.cs(9,12): warning CS9264: Non-nullable property 'Message' must contain a non-null value when exiting constructor. Consider adding the 'required' modifier, or declaring the property as nullable, or safely handling the case where 'field' is null in the 'get' accessor. [F:\Berry-Work\dev\DiffusionTool\BerryAIGen.Toolkit\BerryAIGen.Toolkit_b3ao1qf4_wpftmp.csproj]
F:\Berry-Work\dev\DiffusionTool\BerryAIGen.Toolkit\Models\MessagePopupModel.cs(9,12): warning CS9264: Non-nullable property 'OKCommand' must contain a non-null value when exiting constructor. Consider adding the 'required' modifier, or declaring the property as nullable, or safely handling the case where 'field' is null in the 'get' accessor. [F:\Berry-Work\dev\DiffusionTool\BerryAIGen.Toolkit\BerryAIGen.Toolkit_b3ao1qf4_wpftmp.csproj]
F:\Berry-Work\dev\DiffusionTool\BerryAIGen.Toolkit\Models\MessagePopupModel.cs(9,12): warning CS9264: Non-nullable property 'CancelCommand' must contain a non-null value when exiting constructor. Consider adding the 'required' modifier, or declaring the property as nullable, or safely handling the case where 'field' is null in the 'get' accessor. [F:\Berry-Work\dev\DiffusionTool\BerryAIGen.Toolkit\BerryAIGen.Toolkit_b3ao1qf4_wpftmp.csproj]
F:\Berry-Work\dev\DiffusionTool\BerryAIGen.Toolkit\Models\MessagePopupModel.cs(9,12): warning CS9264: Non-nullable property 'YesCommand' must contain a non-null value when exiting constructor. Consider adding the 'required' modifier, or declaring the property as nullable, or safely handling the case where 'field' is null in the 'get' accessor. [F:\Berry-Work\dev\DiffusionTool\BerryAIGen.Toolkit\BerryAIGen.Toolkit_b3ao1qf4_wpftmp.csproj]
F:\Berry-Work\dev\DiffusionTool\BerryAIGen.Toolkit\Models\MessagePopupModel.cs(9,12): warning CS9264: Non-nullable property 'NoCommand' must contain a non-null value when exiting constructor. Consider adding the 'required' modifier, or declaring the property as nullable, or safely handling the case where 'field' is null in the 'get' accessor. [F:\Berry-Work\dev\DiffusionTool\BerryAIGen.Toolkit\BerryAIGen.Toolkit_b3ao1qf4_wpftmp.csproj]
F:\Berry-Work\dev\DiffusionTool\BerryAIGen.Toolkit\Pages\Settings.xaml.cs(296,38): warning CS8602: Dereference of a possibly null reference. [F:\Berry-Work\dev\DiffusionTool\BerryAIGen.Toolkit\BerryAIGen.Toolkit_b3ao1qf4_wpftmp.csproj]
F:\Berry-Work\dev\DiffusionTool\BerryAIGen.Toolkit\Controls\PreviewPane.xaml.cs(339,17): warning CS8602: Dereference of a possibly null reference. [F:\Berry-Work\dev\DiffusionTool\BerryAIGen.Toolkit\BerryAIGen.Toolkit_b3ao1qf4_wpftmp.csproj]
F:\Berry-Work\dev\DiffusionTool\BerryAIGen.Toolkit\Controls\PreviewPane.xaml.cs(341,49): warning CS8602: Dereference of a possibly null reference. [F:\Berry-Work\dev\DiffusionTool\BerryAIGen.Toolkit\BerryAIGen.Toolkit_b3ao1qf4_wpftmp.csproj]
F:\Berry-Work\dev\DiffusionTool\BerryAIGen.Toolkit\Controls\PreviewPane.xaml.cs(344,25): warning CS8602: Dereference of a possibly null reference. [F:\Berry-Work\dev\DiffusionTool\BerryAIGen.Toolkit\BerryAIGen.Toolkit_b3ao1qf4_wpftmp.csproj]
F:\Berry-Work\dev\DiffusionTool\BerryAIGen.Toolkit\ReleaseNotes.xaml.cs(112,13): warning CS8602: Dereference of a possibly null reference. [F:\Berry-Work\dev\DiffusionTool\BerryAIGen.Toolkit\BerryAIGen.Toolkit_b3ao1qf4_wpftmp.csproj]
F:\Berry-Work\dev\DiffusionTool\BerryAIGen.Toolkit\Models\SearchSettings.cs(10,19): warning CS9264: Non-nullable property 'IncludeNodeProperties' must contain a non-null value when exiting constructor. Consider adding the 'required' modifier, or declaring the property as nullable, or safely handling the case where 'field' is null in the 'get' accessor. [F:\Berry-Work\dev\DiffusionTool\BerryAIGen.Toolkit\BerryAIGen.Toolkit_b3ao1qf4_wpftmp.csproj]
F:\Berry-Work\dev\DiffusionTool\BerryAIGen.Toolkit\Services\WindowService.cs(8,20): warning CS8618: Non-nullable field '_window' must contain a non-null value when exiting constructor. Consider adding the 'required' modifier or declaring the field as nullable. [F:\Berry-Work\dev\DiffusionTool\BerryAIGen.Toolkit\BerryAIGen.Toolkit_b3ao1qf4_wpftmp.csproj]
F:\Berry-Work\dev\DiffusionTool\BerryAIGen.Toolkit\Services\ToastService.cs(18,35): warning CS8603: Possible null reference return. [F:\Berry-Work\dev\DiffusionTool\BerryAIGen.Toolkit\BerryAIGen.Toolkit_b3ao1qf4_wpftmp.csproj]
F:\Berry-Work\dev\DiffusionTool\BerryAIGen.Toolkit\Pages\Models.xaml.cs(101,29): warning CS8602: Dereference of a possibly null reference. [F:\Berry-Work\dev\DiffusionTool\BerryAIGen.Toolkit\BerryAIGen.Toolkit_b3ao1qf4_wpftmp.csproj]
F:\Berry-Work\dev\DiffusionTool\BerryAIGen.Toolkit\Services\AlbumService.cs(17,82): warning CS8625: Cannot convert null literal to non-nullable reference type. [F:\Berry-Work\dev\DiffusionTool\BerryAIGen.Toolkit\BerryAIGen.Toolkit_b3ao1qf4_wpftmp.csproj]
F:\Berry-Work\dev\DiffusionTool\BerryAIGen.Toolkit\ReleaseNotes.xaml.cs(49,16): warning CS8618: Non-nullable property 'Escape' must contain a non-null value when exiting constructor. Consider adding the 'required' modifier or declaring the property as nullable. [F:\Berry-Work\dev\DiffusionTool\BerryAIGen.Toolkit\BerryAIGen.Toolkit_b3ao1qf4_wpftmp.csproj]
F:\Berry-Work\dev\DiffusionTool\BerryAIGen.Toolkit\ReleaseNotes.xaml.cs(49,16): warning CS9264: Non-nullable property 'Markdown' must contain a non-null value when exiting constructor. Consider adding the 'required' modifier, or declaring the property as nullable, or safely handling the case where 'field' is null in the 'get' accessor. [F:\Berry-Work\dev\DiffusionTool\BerryAIGen.Toolkit\BerryAIGen.Toolkit_b3ao1qf4_wpftmp.csproj]
F:\Berry-Work\dev\DiffusionTool\BerryAIGen.Toolkit\ReleaseNotes.xaml.cs(49,16): warning CS8618: Non-nullable property 'Reset' must contain a non-null value when exiting constructor. Consider adding the 'required' modifier or declaring the property as nullable. [F:\Berry-Work\dev\DiffusionTool\BerryAIGen.Toolkit\BerryAIGen.Toolkit_b3ao1qf4_wpftmp.csproj]
F:\Berry-Work\dev\DiffusionTool\BerryAIGen.Toolkit\Controls\ThumbnailView.xaml.cs(619,17): warning CS8602: Dereference of a possibly null reference. [F:\Berry-Work\dev\DiffusionTool\BerryAIGen.Toolkit\BerryAIGen.Toolkit_b3ao1qf4_wpftmp.csproj]
F:\Berry-Work\dev\DiffusionTool\BerryAIGen.Toolkit\Services\ToastService.cs(43,21): warning CS8602: Dereference of a possibly null reference. [F:\Berry-Work\dev\DiffusionTool\BerryAIGen.Toolkit\BerryAIGen.Toolkit_b3ao1qf4_wpftmp.csproj]
F:\Berry-Work\dev\DiffusionTool\BerryAIGen.Toolkit\Controls\PreviewPane.xaml.cs(391,45): warning CS8509: The switch expression does not handle all possible values of its input type (it is not exhaustive). For example, the pattern 'System.Windows.Input.Key.None' is not covered. [F:\Berry-Work\dev\DiffusionTool\BerryAIGen.Toolkit\BerryAIGen.Toolkit_b3ao1qf4_wpftmp.csproj]
F:\Berry-Work\dev\DiffusionTool\BerryAIGen.Toolkit\Controls\PreviewPane.xaml.cs(374,21): warning CS8602: Dereference of a possibly null reference. [F:\Berry-Work\dev\DiffusionTool\BerryAIGen.Toolkit\BerryAIGen.Toolkit_b3ao1qf4_wpftmp.csproj]
F:\Berry-Work\dev\DiffusionTool\BerryAIGen.Toolkit\Controls\PreviewPane.xaml.cs(378,21): warning CS8602: Dereference of a possibly null reference. [F:\Berry-Work\dev\DiffusionTool\BerryAIGen.Toolkit\BerryAIGen.Toolkit_b3ao1qf4_wpftmp.csproj]
F:\Berry-Work\dev\DiffusionTool\BerryAIGen.Toolkit\Controls\PreviewPane.xaml.cs(382,21): warning CS8602: Dereference of a possibly null reference. [F:\Berry-Work\dev\DiffusionTool\BerryAIGen.Toolkit\BerryAIGen.Toolkit_b3ao1qf4_wpftmp.csproj]
F:\Berry-Work\dev\DiffusionTool\BerryAIGen.Toolkit\Controls\PreviewPane.xaml.cs(386,21): warning CS8602: Dereference of a possibly null reference. [F:\Berry-Work\dev\DiffusionTool\BerryAIGen.Toolkit\BerryAIGen.Toolkit_b3ao1qf4_wpftmp.csproj]
F:\Berry-Work\dev\DiffusionTool\BerryAIGen.Toolkit\Controls\PreviewPane.xaml.cs(405,29): warning CS8602: Dereference of a possibly null reference. [F:\Berry-Work\dev\DiffusionTool\BerryAIGen.Toolkit\BerryAIGen.Toolkit_b3ao1qf4_wpftmp.csproj]
F:\Berry-Work\dev\DiffusionTool\BerryAIGen.Toolkit\Controls\PreviewPane.xaml.cs(432,13): warning CS8602: Dereference of a possibly null reference. [F:\Berry-Work\dev\DiffusionTool\BerryAIGen.Toolkit\BerryAIGen.Toolkit_b3ao1qf4_wpftmp.csproj]
F:\Berry-Work\dev\DiffusionTool\BerryAIGen.Toolkit\Controls\PreviewPane.xaml.cs(443,21): warning CS8602: Dereference of a possibly null reference. [F:\Berry-Work\dev\DiffusionTool\BerryAIGen.Toolkit\BerryAIGen.Toolkit_b3ao1qf4_wpftmp.csproj]
F:\Berry-Work\dev\DiffusionTool\BerryAIGen.Toolkit\Controls\PreviewPane.xaml.cs(450,21): warning CS8602: Dereference of a possibly null reference. [F:\Berry-Work\dev\DiffusionTool\BerryAIGen.Toolkit\BerryAIGen.Toolkit_b3ao1qf4_wpftmp.csproj]
F:\Berry-Work\dev\DiffusionTool\BerryAIGen.Toolkit\Services\Toast.cs(6,19): warning CS8618: Non-nullable property 'Message' must contain a non-null value when exiting constructor. Consider adding the 'required' modifier or declaring the property as nullable. [F:\Berry-Work\dev\DiffusionTool\BerryAIGen.Toolkit\BerryAIGen.Toolkit_b3ao1qf4_wpftmp.csproj]
F:\Berry-Work\dev\DiffusionTool\BerryAIGen.Toolkit\Services\Toast.cs(7,19): warning CS8618: Non-nullable property 'Caption' must contain a non-null value when exiting constructor. Consider adding the 'required' modifier or declaring the property as nullable. [F:\Berry-Work\dev\DiffusionTool\BerryAIGen.Toolkit\BerryAIGen.Toolkit_b3ao1qf4_wpftmp.csproj]
F:\Berry-Work\dev\DiffusionTool\BerryAIGen.Toolkit\Services\AlbumService.cs(22,19): warning CS8602: Dereference of a possibly null reference. [F:\Berry-Work\dev\DiffusionTool\BerryAIGen.Toolkit\BerryAIGen.Toolkit_b3ao1qf4_wpftmp.csproj]
F:\Berry-Work\dev\DiffusionTool\BerryAIGen.Toolkit\Services\AlbumService.cs(22,19): warning CS8604: Possible null reference argument for parameter 'source' in 'IEnumerable<ImageEntry> Enumerable.Where<ImageEntry>(IEnumerable<ImageEntry> source, Func<ImageEntry, bool> predicate)'. [F:\Berry-Work\dev\DiffusionTool\BerryAIGen.Toolkit\BerryAIGen.Toolkit_b3ao1qf4_wpftmp.csproj]
F:\Berry-Work\dev\DiffusionTool\BerryAIGen.Toolkit\Services\AlbumService.cs(28,26): warning CS8602: Dereference of a possibly null reference. [F:\Berry-Work\dev\DiffusionTool\BerryAIGen.Toolkit\BerryAIGen.Toolkit_b3ao1qf4_wpftmp.csproj]
F:\Berry-Work\dev\DiffusionTool\BerryAIGen.Toolkit\Services\ThumbnailNavigationService.cs(9,31): warning CS8618: Non-nullable event 'Previous' must contain a non-null value when exiting constructor. Consider adding the 'required' modifier or declaring the event as nullable. [F:\Berry-Work\dev\DiffusionTool\BerryAIGen.Toolkit\BerryAIGen.Toolkit_b3ao1qf4_wpftmp.csproj]
F:\Berry-Work\dev\DiffusionTool\BerryAIGen.Toolkit\Services\ThumbnailNavigationService.cs(10,31): warning CS8618: Non-nullable event 'Next' must contain a non-null value when exiting constructor. Consider adding the 'required' modifier or declaring the event as nullable. [F:\Berry-Work\dev\DiffusionTool\BerryAIGen.Toolkit\BerryAIGen.Toolkit_b3ao1qf4_wpftmp.csproj]
F:\Berry-Work\dev\DiffusionTool\BerryAIGen.Toolkit\Services\ThumbnailNavigationService.cs(11,31): warning CS8618: Non-nullable event 'PreviousPage' must contain a non-null value when exiting constructor. Consider adding the 'required' modifier or declaring the event as nullable. [F:\Berry-Work\dev\DiffusionTool\BerryAIGen.Toolkit\BerryAIGen.Toolkit_b3ao1qf4_wpftmp.csproj]
F:\Berry-Work\dev\DiffusionTool\BerryAIGen.Toolkit\Services\ThumbnailNavigationService.cs(12,31): warning CS8618: Non-nullable event 'NextPage' must contain a non-null value when exiting constructor. Consider adding the 'required' modifier or declaring the event as nullable. [F:\Berry-Work\dev\DiffusionTool\BerryAIGen.Toolkit\BerryAIGen.Toolkit_b3ao1qf4_wpftmp.csproj]
F:\Berry-Work\dev\DiffusionTool\BerryAIGen.Toolkit\Services\TagService.cs(16,9): warning CS8602: Dereference of a possibly null reference. [F:\Berry-Work\dev\DiffusionTool\BerryAIGen.Toolkit\BerryAIGen.Toolkit_b3ao1qf4_wpftmp.csproj]
F:\Berry-Work\dev\DiffusionTool\BerryAIGen.Toolkit\Services\AlbumService.cs(62,22): warning CS8602: Dereference of a possibly null reference. [F:\Berry-Work\dev\DiffusionTool\BerryAIGen.Toolkit\BerryAIGen.Toolkit_b3ao1qf4_wpftmp.csproj]
F:\Berry-Work\dev\DiffusionTool\BerryAIGen.Toolkit\Services\AlbumService.cs(71,9): warning CS8602: Dereference of a possibly null reference. [F:\Berry-Work\dev\DiffusionTool\BerryAIGen.Toolkit\BerryAIGen.Toolkit_b3ao1qf4_wpftmp.csproj]
F:\Berry-Work\dev\DiffusionTool\BerryAIGen.Toolkit\Services\TagService.cs(21,9): warning CS8602: Dereference of a possibly null reference. [F:\Berry-Work\dev\DiffusionTool\BerryAIGen.Toolkit\BerryAIGen.Toolkit_b3ao1qf4_wpftmp.csproj]
F:\Berry-Work\dev\DiffusionTool\BerryAIGen.Toolkit\Services\AlbumService.cs(77,9): warning CS8602: Dereference of a possibly null reference. [F:\Berry-Work\dev\DiffusionTool\BerryAIGen.Toolkit\BerryAIGen.Toolkit_b3ao1qf4_wpftmp.csproj]
F:\Berry-Work\dev\DiffusionTool\BerryAIGen.Toolkit\Services\AlbumService.cs(82,9): warning CS8602: Dereference of a possibly null reference. [F:\Berry-Work\dev\DiffusionTool\BerryAIGen.Toolkit\BerryAIGen.Toolkit_b3ao1qf4_wpftmp.csproj]
F:\Berry-Work\dev\DiffusionTool\BerryAIGen.Toolkit\Models\PromptsModel.cs(18,12): warning CS8618: Non-nullable field '_promptQuery' must contain a non-null value when exiting constructor. Consider adding the 'required' modifier or declaring the field as nullable. [F:\Berry-Work\dev\DiffusionTool\BerryAIGen.Toolkit\BerryAIGen.Toolkit_b3ao1qf4_wpftmp.csproj]
F:\Berry-Work\dev\DiffusionTool\BerryAIGen.Toolkit\Models\PromptsModel.cs(18,12): warning CS9264: Non-nullable property 'Prompts' must contain a non-null value when exiting constructor. Consider adding the 'required' modifier, or declaring the property as nullable, or safely handling the case where 'field' is null in the 'get' accessor. [F:\Berry-Work\dev\DiffusionTool\BerryAIGen.Toolkit\BerryAIGen.Toolkit_b3ao1qf4_wpftmp.csproj]
F:\Berry-Work\dev\DiffusionTool\BerryAIGen.Toolkit\Models\PromptsModel.cs(18,12): warning CS9264: Non-nullable property 'NegativePrompts' must contain a non-null value when exiting constructor. Consider adding the 'required' modifier, or declaring the property as nullable, or safely handling the case where 'field' is null in the 'get' accessor. [F:\Berry-Work\dev\DiffusionTool\BerryAIGen.Toolkit\BerryAIGen.Toolkit_b3ao1qf4_wpftmp.csproj]
F:\Berry-Work\dev\DiffusionTool\BerryAIGen.Toolkit\Services\AlbumService.cs(92,9): warning CS8602: Dereference of a possibly null reference. [F:\Berry-Work\dev\DiffusionTool\BerryAIGen.Toolkit\BerryAIGen.Toolkit_b3ao1qf4_wpftmp.csproj]
F:\Berry-Work\dev\DiffusionTool\BerryAIGen.Toolkit\Services\TagService.cs(26,9): warning CS8602: Dereference of a possibly null reference. [F:\Berry-Work\dev\DiffusionTool\BerryAIGen.Toolkit\BerryAIGen.Toolkit_b3ao1qf4_wpftmp.csproj]
F:\Berry-Work\dev\DiffusionTool\BerryAIGen.Toolkit\Models\PromptsModel.cs(24,35): warning CS8603: Possible null reference return. [F:\Berry-Work\dev\DiffusionTool\BerryAIGen.Toolkit\BerryAIGen.Toolkit_b3ao1qf4_wpftmp.csproj]
F:\Berry-Work\dev\DiffusionTool\BerryAIGen.Toolkit\Thumbnails\ThumbnailService.cs(53,12): warning CS8618: Non-nullable field 'cancellationTokenSource' must contain a non-null value when exiting constructor. Consider adding the 'required' modifier or declaring the field as nullable. [F:\Berry-Work\dev\DiffusionTool\BerryAIGen.Toolkit\BerryAIGen.Toolkit_b3ao1qf4_wpftmp.csproj]
F:\Berry-Work\dev\DiffusionTool\BerryAIGen.Toolkit\Controls\PreviewPane.xaml.cs(485,31): warning CS8602: Dereference of a possibly null reference. [F:\Berry-Work\dev\DiffusionTool\BerryAIGen.Toolkit\BerryAIGen.Toolkit_b3ao1qf4_wpftmp.csproj]
F:\Berry-Work\dev\DiffusionTool\BerryAIGen.Toolkit\Controls\ThumbnailView.xaml.cs(646,21): warning CS4014: Because this call is not awaited, execution of the current method continues before the call is completed. Consider applying the 'await' operator to the result of the call. [F:\Berry-Work\dev\DiffusionTool\BerryAIGen.Toolkit\BerryAIGen.Toolkit_b3ao1qf4_wpftmp.csproj]
F:\Berry-Work\dev\DiffusionTool\BerryAIGen.Toolkit\Controls\ThumbnailView.xaml.cs(638,36): warning CS8602: Dereference of a possibly null reference. [F:\Berry-Work\dev\DiffusionTool\BerryAIGen.Toolkit\BerryAIGen.Toolkit_b3ao1qf4_wpftmp.csproj]
F:\Berry-Work\dev\DiffusionTool\BerryAIGen.Toolkit\Controls\ThumbnailView.xaml.cs(653,33): warning CS8602: Dereference of a possibly null reference. [F:\Berry-Work\dev\DiffusionTool\BerryAIGen.Toolkit\BerryAIGen.Toolkit_b3ao1qf4_wpftmp.csproj]
F:\Berry-Work\dev\DiffusionTool\BerryAIGen.Toolkit\Themes\ThemeManager.cs(15,30): warning CS8618: Non-nullable property 'CurrentTheme' must contain a non-null value when exiting constructor. Consider adding the 'required' modifier or declaring the property as nullable. [F:\Berry-Work\dev\DiffusionTool\BerryAIGen.Toolkit\BerryAIGen.Toolkit_b3ao1qf4_wpftmp.csproj]
F:\Berry-Work\dev\DiffusionTool\BerryAIGen.Toolkit\Services\TagService.cs(31,23): warning CS8602: Dereference of a possibly null reference. [F:\Berry-Work\dev\DiffusionTool\BerryAIGen.Toolkit\BerryAIGen.Toolkit_b3ao1qf4_wpftmp.csproj]
F:\Berry-Work\dev\DiffusionTool\BerryAIGen.Toolkit\TipsWindow.xaml.cs(12,23): warning CS9264: Non-nullable property 'Markdown' must contain a non-null value when exiting constructor. Consider adding the 'required' modifier, or declaring the property as nullable, or safely handling the case where 'field' is null in the 'get' accessor. [F:\Berry-Work\dev\DiffusionTool\BerryAIGen.Toolkit\BerryAIGen.Toolkit_b3ao1qf4_wpftmp.csproj]
F:\Berry-Work\dev\DiffusionTool\BerryAIGen.Toolkit\TipsWindow.xaml.cs(18,22): warning CS9264: Non-nullable property 'Style' must contain a non-null value when exiting constructor. Consider adding the 'required' modifier, or declaring the property as nullable, or safely handling the case where 'field' is null in the 'get' accessor. [F:\Berry-Work\dev\DiffusionTool\BerryAIGen.Toolkit\BerryAIGen.Toolkit_b3ao1qf4_wpftmp.csproj]
F:\Berry-Work\dev\DiffusionTool\BerryAIGen.Toolkit\TipsWindow.xaml.cs(24,25): warning CS9264: Non-nullable property 'Escape' must contain a non-null value when exiting constructor. Consider adding the 'required' modifier, or declaring the property as nullable, or safely handling the case where 'field' is null in the 'get' accessor. [F:\Berry-Work\dev\DiffusionTool\BerryAIGen.Toolkit\BerryAIGen.Toolkit_b3ao1qf4_wpftmp.csproj]
F:\Berry-Work\dev\DiffusionTool\BerryAIGen.Toolkit\Models\QueryModel.cs(10,19): warning CS9264: Non-nullable property 'Name' must contain a non-null value when exiting constructor. Consider adding the 'required' modifier, or declaring the property as nullable, or safely handling the case where 'field' is null in the 'get' accessor. [F:\Berry-Work\dev\DiffusionTool\BerryAIGen.Toolkit\BerryAIGen.Toolkit_b3ao1qf4_wpftmp.csproj]
F:\Berry-Work\dev\DiffusionTool\BerryAIGen.Toolkit\Models\SearchModel.cs(40,12): warning CS8618: Non-nullable field '_mainModel' must contain a non-null value when exiting constructor. Consider adding the 'required' modifier or declaring the field as nullable. [F:\Berry-Work\dev\DiffusionTool\BerryAIGen.Toolkit\BerryAIGen.Toolkit_b3ao1qf4_wpftmp.csproj]
F:\Berry-Work\dev\DiffusionTool\BerryAIGen.Toolkit\Models\SearchModel.cs(40,12): warning CS8618: Non-nullable field '_albums' must contain a non-null value when exiting constructor. Consider adding the 'required' modifier or declaring the field as nullable. [F:\Berry-Work\dev\DiffusionTool\BerryAIGen.Toolkit\BerryAIGen.Toolkit_b3ao1qf4_wpftmp.csproj]
F:\Berry-Work\dev\DiffusionTool\BerryAIGen.Toolkit\Models\SearchModel.cs(40,12): warning CS9264: Non-nullable property 'SearchCommand' must contain a non-null value when exiting constructor. Consider adding the 'required' modifier, or declaring the property as nullable, or safely handling the case where 'field' is null in the 'get' accessor. [F:\Berry-Work\dev\DiffusionTool\BerryAIGen.Toolkit\BerryAIGen.Toolkit_b3ao1qf4_wpftmp.csproj]
F:\Berry-Work\dev\DiffusionTool\BerryAIGen.Toolkit\Models\SearchModel.cs(40,12): warning CS9264: Non-nullable property 'Results' must contain a non-null value when exiting constructor. Consider adding the 'required' modifier, or declaring the property as nullable, or safely handling the case where 'field' is null in the 'get' accessor. [F:\Berry-Work\dev\DiffusionTool\BerryAIGen.Toolkit\BerryAIGen.Toolkit_b3ao1qf4_wpftmp.csproj]
F:\Berry-Work\dev\DiffusionTool\BerryAIGen.Toolkit\Models\SearchModel.cs(40,12): warning CS9264: Non-nullable property 'ResultStatus' must contain a non-null value when exiting constructor. Consider adding the 'required' modifier, or declaring the property as nullable, or safely handling the case where 'field' is null in the 'get' accessor. [F:\Berry-Work\dev\DiffusionTool\BerryAIGen.Toolkit\BerryAIGen.Toolkit_b3ao1qf4_wpftmp.csproj]
F:\Berry-Work\dev\DiffusionTool\BerryAIGen.Toolkit\Models\SearchModel.cs(40,12): warning CS9264: Non-nullable property 'ShowSearchHelp' must contain a non-null value when exiting constructor. Consider adding the 'required' modifier, or declaring the property as nullable, or safely handling the case where 'field' is null in the 'get' accessor. [F:\Berry-Work\dev\DiffusionTool\BerryAIGen.Toolkit\BerryAIGen.Toolkit_b3ao1qf4_wpftmp.csproj]
F:\Berry-Work\dev\DiffusionTool\BerryAIGen.Toolkit\Models\SearchModel.cs(40,12): warning CS9264: Non-nullable property 'ShowSearchSettings' must contain a non-null value when exiting constructor. Consider adding the 'required' modifier, or declaring the property as nullable, or safely handling the case where 'field' is null in the 'get' accessor. [F:\Berry-Work\dev\DiffusionTool\BerryAIGen.Toolkit\BerryAIGen.Toolkit_b3ao1qf4_wpftmp.csproj]
F:\Berry-Work\dev\DiffusionTool\BerryAIGen.Toolkit\Models\SearchModel.cs(40,12): warning CS9264: Non-nullable property 'ShowFilter' must contain a non-null value when exiting constructor. Consider adding the 'required' modifier, or declaring the property as nullable, or safely handling the case where 'field' is null in the 'get' accessor. [F:\Berry-Work\dev\DiffusionTool\BerryAIGen.Toolkit\BerryAIGen.Toolkit_b3ao1qf4_wpftmp.csproj]
F:\Berry-Work\dev\DiffusionTool\BerryAIGen.Toolkit\Models\SearchModel.cs(40,12): warning CS9264: Non-nullable property 'HideFilter' must contain a non-null value when exiting constructor. Consider adding the 'required' modifier, or declaring the property as nullable, or safely handling the case where 'field' is null in the 'get' accessor. [F:\Berry-Work\dev\DiffusionTool\BerryAIGen.Toolkit\BerryAIGen.Toolkit_b3ao1qf4_wpftmp.csproj]
F:\Berry-Work\dev\DiffusionTool\BerryAIGen.Toolkit\Models\SearchModel.cs(40,12): warning CS9264: Non-nullable property 'ClearSearch' must contain a non-null value when exiting constructor. Consider adding the 'required' modifier, or declaring the property as nullable, or safely handling the case where 'field' is null in the 'get' accessor. [F:\Berry-Work\dev\DiffusionTool\BerryAIGen.Toolkit\BerryAIGen.Toolkit_b3ao1qf4_wpftmp.csproj]
F:\Berry-Work\dev\DiffusionTool\BerryAIGen.Toolkit\Models\SearchModel.cs(40,12): warning CS9264: Non-nullable property 'FilterCommand' must contain a non-null value when exiting constructor. Consider adding the 'required' modifier, or declaring the property as nullable, or safely handling the case where 'field' is null in the 'get' accessor. [F:\Berry-Work\dev\DiffusionTool\BerryAIGen.Toolkit\BerryAIGen.Toolkit_b3ao1qf4_wpftmp.csproj]
F:\Berry-Work\dev\DiffusionTool\BerryAIGen.Toolkit\Models\SearchModel.cs(40,12): warning CS9264: Non-nullable property 'ClearCommand' must contain a non-null value when exiting constructor. Consider adding the 'required' modifier, or declaring the property as nullable, or safely handling the case where 'field' is null in the 'get' accessor. [F:\Berry-Work\dev\DiffusionTool\BerryAIGen.Toolkit\BerryAIGen.Toolkit_b3ao1qf4_wpftmp.csproj]
F:\Berry-Work\dev\DiffusionTool\BerryAIGen.Toolkit\Models\SearchModel.cs(40,12): warning CS9264: Non-nullable property 'SortOptions' must contain a non-null value when exiting constructor. Consider adding the 'required' modifier, or declaring the property as nullable, or safely handling the case where 'field' is null in the 'get' accessor. [F:\Berry-Work\dev\DiffusionTool\BerryAIGen.Toolkit\BerryAIGen.Toolkit_b3ao1qf4_wpftmp.csproj]
F:\Berry-Work\dev\DiffusionTool\BerryAIGen.Toolkit\Models\SearchModel.cs(40,12): warning CS9264: Non-nullable property 'SortOrderOptions' must contain a non-null value when exiting constructor. Consider adding the 'required' modifier, or declaring the property as nullable, or safely handling the case where 'field' is null in the 'get' accessor. [F:\Berry-Work\dev\DiffusionTool\BerryAIGen.Toolkit\BerryAIGen.Toolkit_b3ao1qf4_wpftmp.csproj]
F:\Berry-Work\dev\DiffusionTool\BerryAIGen.Toolkit\Models\SearchModel.cs(40,12): warning CS9264: Non-nullable property 'OpenCommand' must contain a non-null value when exiting constructor. Consider adding the 'required' modifier, or declaring the property as nullable, or safely handling the case where 'field' is null in the 'get' accessor. [F:\Berry-Work\dev\DiffusionTool\BerryAIGen.Toolkit\BerryAIGen.Toolkit_b3ao1qf4_wpftmp.csproj]
F:\Berry-Work\dev\DiffusionTool\BerryAIGen.Toolkit\Models\SearchModel.cs(40,12): warning CS9264: Non-nullable property 'GoHome' must contain a non-null value when exiting constructor. Consider adding the 'required' modifier, or declaring the property as nullable, or safely handling the case where 'field' is null in the 'get' accessor. [F:\Berry-Work\dev\DiffusionTool\BerryAIGen.Toolkit\BerryAIGen.Toolkit_b3ao1qf4_wpftmp.csproj]
F:\Berry-Work\dev\DiffusionTool\BerryAIGen.Toolkit\Models\SearchModel.cs(40,12): warning CS9264: Non-nullable property 'GoUp' must contain a non-null value when exiting constructor. Consider adding the 'required' modifier, or declaring the property as nullable, or safely handling the case where 'field' is null in the 'get' accessor. [F:\Berry-Work\dev\DiffusionTool\BerryAIGen.Toolkit\BerryAIGen.Toolkit_b3ao1qf4_wpftmp.csproj]
F:\Berry-Work\dev\DiffusionTool\BerryAIGen.Toolkit\Models\SearchModel.cs(40,12): warning CS9264: Non-nullable property 'FolderPath' must contain a non-null value when exiting constructor. Consider adding the 'required' modifier, or declaring the property as nullable, or safely handling the case where 'field' is null in the 'get' accessor. [F:\Berry-Work\dev\DiffusionTool\BerryAIGen.Toolkit\BerryAIGen.Toolkit_b3ao1qf4_wpftmp.csproj]
F:\Berry-Work\dev\DiffusionTool\BerryAIGen.Toolkit\Models\SearchModel.cs(40,12): warning CS9264: Non-nullable property 'Album' must contain a non-null value when exiting constructor. Consider adding the 'required' modifier, or declaring the property as nullable, or safely handling the case where 'field' is null in the 'get' accessor. [F:\Berry-Work\dev\DiffusionTool\BerryAIGen.Toolkit\BerryAIGen.Toolkit_b3ao1qf4_wpftmp.csproj]
F:\Berry-Work\dev\DiffusionTool\BerryAIGen.Toolkit\Models\SearchModel.cs(40,12): warning CS9264: Non-nullable property 'PageChangedCommand' must contain a non-null value when exiting constructor. Consider adding the 'required' modifier, or declaring the property as nullable, or safely handling the case where 'field' is null in the 'get' accessor. [F:\Berry-Work\dev\DiffusionTool\BerryAIGen.Toolkit\BerryAIGen.Toolkit_b3ao1qf4_wpftmp.csproj]
F:\Berry-Work\dev\DiffusionTool\BerryAIGen.Toolkit\Models\SearchModel.cs(40,12): warning CS9264: Non-nullable property 'CurrentMode' must contain a non-null value when exiting constructor. Consider adding the 'required' modifier, or declaring the property as nullable, or safely handling the case where 'field' is null in the 'get' accessor. [F:\Berry-Work\dev\DiffusionTool\BerryAIGen.Toolkit\BerryAIGen.Toolkit_b3ao1qf4_wpftmp.csproj]
F:\Berry-Work\dev\DiffusionTool\BerryAIGen.Toolkit\Models\SearchModel.cs(40,12): warning CS9264: Non-nullable property 'SearchHelpMarkdown' must contain a non-null value when exiting constructor. Consider adding the 'required' modifier, or declaring the property as nullable, or safely handling the case where 'field' is null in the 'get' accessor. [F:\Berry-Work\dev\DiffusionTool\BerryAIGen.Toolkit\BerryAIGen.Toolkit_b3ao1qf4_wpftmp.csproj]
F:\Berry-Work\dev\DiffusionTool\BerryAIGen.Toolkit\Models\SearchModel.cs(40,12): warning CS9264: Non-nullable property 'SearchHelpStyle' must contain a non-null value when exiting constructor. Consider adding the 'required' modifier, or declaring the property as nullable, or safely handling the case where 'field' is null in the 'get' accessor. [F:\Berry-Work\dev\DiffusionTool\BerryAIGen.Toolkit\BerryAIGen.Toolkit_b3ao1qf4_wpftmp.csproj]
F:\Berry-Work\dev\DiffusionTool\BerryAIGen.Toolkit\Models\ModelViewModel.cs(12,19): warning CS8618: Non-nullable property 'Name' must contain a non-null value when exiting constructor. Consider adding the 'required' modifier or declaring the property as nullable. [F:\Berry-Work\dev\DiffusionTool\BerryAIGen.Toolkit\BerryAIGen.Toolkit_b3ao1qf4_wpftmp.csproj]
F:\Berry-Work\dev\DiffusionTool\BerryAIGen.Toolkit\Models\ModelViewModel.cs(13,19): warning CS8618: Non-nullable property 'Hash' must contain a non-null value when exiting constructor. Consider adding the 'required' modifier or declaring the property as nullable. [F:\Berry-Work\dev\DiffusionTool\BerryAIGen.Toolkit\BerryAIGen.Toolkit_b3ao1qf4_wpftmp.csproj]
F:\Berry-Work\dev\DiffusionTool\BerryAIGen.Toolkit\Models\ModelViewModel.cs(14,19): warning CS8618: Non-nullable property 'Hashv2' must contain a non-null value when exiting constructor. Consider adding the 'required' modifier or declaring the property as nullable. [F:\Berry-Work\dev\DiffusionTool\BerryAIGen.Toolkit\BerryAIGen.Toolkit_b3ao1qf4_wpftmp.csproj]
F:\Berry-Work\dev\DiffusionTool\BerryAIGen.Toolkit\Models\ModelViewModel.cs(15,19): warning CS8618: Non-nullable property 'SHA256' must contain a non-null value when exiting constructor. Consider adding the 'required' modifier or declaring the property as nullable. [F:\Berry-Work\dev\DiffusionTool\BerryAIGen.Toolkit\BerryAIGen.Toolkit_b3ao1qf4_wpftmp.csproj]
F:\Berry-Work\dev\DiffusionTool\BerryAIGen.Toolkit\Models\SearchModel.cs(64,13): warning CS8602: Dereference of a possibly null reference. [F:\Berry-Work\dev\DiffusionTool\BerryAIGen.Toolkit\BerryAIGen.Toolkit_b3ao1qf4_wpftmp.csproj]
F:\Berry-Work\dev\DiffusionTool\BerryAIGen.Toolkit\Models\SearchModel.cs(64,53): warning CS8601: Possible null reference assignment. [F:\Berry-Work\dev\DiffusionTool\BerryAIGen.Toolkit\BerryAIGen.Toolkit_b3ao1qf4_wpftmp.csproj]
F:\Berry-Work\dev\DiffusionTool\BerryAIGen.Toolkit\Models\SearchModel.cs(68,13): warning CS8602: Dereference of a possibly null reference. [F:\Berry-Work\dev\DiffusionTool\BerryAIGen.Toolkit\BerryAIGen.Toolkit_b3ao1qf4_wpftmp.csproj]
F:\Berry-Work\dev\DiffusionTool\BerryAIGen.Toolkit\Models\SearchModel.cs(68,59): warning CS8601: Possible null reference assignment. [F:\Berry-Work\dev\DiffusionTool\BerryAIGen.Toolkit\BerryAIGen.Toolkit_b3ao1qf4_wpftmp.csproj]
F:\Berry-Work\dev\DiffusionTool\BerryAIGen.Toolkit\Models\SearchModel.cs(91,35): warning CS8603: Possible null reference return. [F:\Berry-Work\dev\DiffusionTool\BerryAIGen.Toolkit\BerryAIGen.Toolkit_b3ao1qf4_wpftmp.csproj]
F:\Berry-Work\dev\DiffusionTool\BerryAIGen.Toolkit\Thumbnails\Job.cs(8,14): warning CS8618: Non-nullable property 'Data' must contain a non-null value when exiting constructor. Consider adding the 'required' modifier or declaring the property as nullable. [F:\Berry-Work\dev\DiffusionTool\BerryAIGen.Toolkit\BerryAIGen.Toolkit_b3ao1qf4_wpftmp.csproj]
F:\Berry-Work\dev\DiffusionTool\BerryAIGen.Toolkit\Thumbnails\Job.cs(9,25): warning CS8618: Non-nullable property 'Completion' must contain a non-null value when exiting constructor. Consider adding the 'required' modifier or declaring the property as nullable. [F:\Berry-Work\dev\DiffusionTool\BerryAIGen.Toolkit\BerryAIGen.Toolkit_b3ao1qf4_wpftmp.csproj]
F:\Berry-Work\dev\DiffusionTool\BerryAIGen.Toolkit\Models\ResultsView.cs(13,12): warning CS8618: Non-nullable field '_images' must contain a non-null value when exiting constructor. Consider adding the 'required' modifier or declaring the field as nullable. [F:\Berry-Work\dev\DiffusionTool\BerryAIGen.Toolkit\BerryAIGen.Toolkit_b3ao1qf4_wpftmp.csproj]
F:\Berry-Work\dev\DiffusionTool\BerryAIGen.Toolkit\Models\ResultsView.cs(13,12): warning CS9264: Non-nullable property 'Results' must contain a non-null value when exiting constructor. Consider adding the 'required' modifier, or declaring the property as nullable, or safely handling the case where 'field' is null in the 'get' accessor. [F:\Berry-Work\dev\DiffusionTool\BerryAIGen.Toolkit\BerryAIGen.Toolkit_b3ao1qf4_wpftmp.csproj]
F:\Berry-Work\dev\DiffusionTool\BerryAIGen.Toolkit\Models\ResultsView.cs(13,12): warning CS9264: Non-nullable property 'PageChangedCommand' must contain a non-null value when exiting constructor. Consider adding the 'required' modifier, or declaring the property as nullable, or safely handling the case where 'field' is null in the 'get' accessor. [F:\Berry-Work\dev\DiffusionTool\BerryAIGen.Toolkit\BerryAIGen.Toolkit_b3ao1qf4_wpftmp.csproj]
F:\Berry-Work\dev\DiffusionTool\BerryAIGen.Toolkit\Models\ResultsView.cs(13,12): warning CS9264: Non-nullable property 'OpenCommand' must contain a non-null value when exiting constructor. Consider adding the 'required' modifier, or declaring the property as nullable, or safely handling the case where 'field' is null in the 'get' accessor. [F:\Berry-Work\dev\DiffusionTool\BerryAIGen.Toolkit\BerryAIGen.Toolkit_b3ao1qf4_wpftmp.csproj]
F:\Berry-Work\dev\DiffusionTool\BerryAIGen.Toolkit\Models\ResultsView.cs(13,12): warning CS9264: Non-nullable property 'CopyFiles' must contain a non-null value when exiting constructor. Consider adding the 'required' modifier, or declaring the property as nullable, or safely handling the case where 'field' is null in the 'get' accessor. [F:\Berry-Work\dev\DiffusionTool\BerryAIGen.Toolkit\BerryAIGen.Toolkit_b3ao1qf4_wpftmp.csproj]
F:\Berry-Work\dev\DiffusionTool\BerryAIGen.Toolkit\Models\ResultsView.cs(23,29): warning CS8601: Possible null reference assignment. [F:\Berry-Work\dev\DiffusionTool\BerryAIGen.Toolkit\BerryAIGen.Toolkit_b3ao1qf4_wpftmp.csproj]
F:\Berry-Work\dev\DiffusionTool\BerryAIGen.Toolkit\Models\ResultsView.cs(38,35): warning CS8603: Possible null reference return. [F:\Berry-Work\dev\DiffusionTool\BerryAIGen.Toolkit\BerryAIGen.Toolkit_b3ao1qf4_wpftmp.csproj]
F:\Berry-Work\dev\DiffusionTool\BerryAIGen.Toolkit\Thumbnails\ThumbnailCache.cs(15,25): warning CS8618: Non-nullable property 'BitmapSource' must contain a non-null value when exiting constructor. Consider adding the 'required' modifier or declaring the property as nullable. [F:\Berry-Work\dev\DiffusionTool\BerryAIGen.Toolkit\BerryAIGen.Toolkit_b3ao1qf4_wpftmp.csproj]
F:\Berry-Work\dev\DiffusionTool\BerryAIGen.Toolkit\Models\ImageViewModel.cs(59,29): warning CS8601: Possible null reference assignment. [F:\Berry-Work\dev\DiffusionTool\BerryAIGen.Toolkit\BerryAIGen.Toolkit_b3ao1qf4_wpftmp.csproj]
F:\Berry-Work\dev\DiffusionTool\BerryAIGen.Toolkit\Thumbnails\ThumbnailCache.cs(96,19): warning CS8618: Non-nullable property 'Filename' must contain a non-null value when exiting constructor. Consider adding the 'required' modifier or declaring the property as nullable. [F:\Berry-Work\dev\DiffusionTool\BerryAIGen.Toolkit\BerryAIGen.Toolkit_b3ao1qf4_wpftmp.csproj]
F:\Berry-Work\dev\DiffusionTool\BerryAIGen.Toolkit\Thumbnails\ThumbnailCache.cs(97,19): warning CS8618: Non-nullable property 'Data' must contain a non-null value when exiting constructor. Consider adding the 'required' modifier or declaring the property as nullable. [F:\Berry-Work\dev\DiffusionTool\BerryAIGen.Toolkit\BerryAIGen.Toolkit_b3ao1qf4_wpftmp.csproj]
F:\Berry-Work\dev\DiffusionTool\BerryAIGen.Toolkit\Models\ImageViewModel.cs(65,29): warning CS8601: Possible null reference assignment. [F:\Berry-Work\dev\DiffusionTool\BerryAIGen.Toolkit\BerryAIGen.Toolkit_b3ao1qf4_wpftmp.csproj]
F:\Berry-Work\dev\DiffusionTool\BerryAIGen.Toolkit\Models\ImageViewModel.cs(71,29): warning CS8601: Possible null reference assignment. [F:\Berry-Work\dev\DiffusionTool\BerryAIGen.Toolkit\BerryAIGen.Toolkit_b3ao1qf4_wpftmp.csproj]
F:\Berry-Work\dev\DiffusionTool\BerryAIGen.Toolkit\Services\DatabaseWriterService.cs(26,20): warning CS8618: Non-nullable property 'Task' must contain a non-null value when exiting constructor. Consider adding the 'required' modifier or declaring the property as nullable. [F:\Berry-Work\dev\DiffusionTool\BerryAIGen.Toolkit\BerryAIGen.Toolkit_b3ao1qf4_wpftmp.csproj]
F:\Berry-Work\dev\DiffusionTool\BerryAIGen.Toolkit\Services\ContextMenuService.cs(39,9): warning CS8602: Dereference of a possibly null reference. [F:\Berry-Work\dev\DiffusionTool\BerryAIGen.Toolkit\BerryAIGen.Toolkit_b3ao1qf4_wpftmp.csproj]
F:\Berry-Work\dev\DiffusionTool\BerryAIGen.Toolkit\Services\ContextMenuService.cs(85,13): warning CS8602: Dereference of a possibly null reference. [F:\Berry-Work\dev\DiffusionTool\BerryAIGen.Toolkit\BerryAIGen.Toolkit_b3ao1qf4_wpftmp.csproj]
F:\Berry-Work\dev\DiffusionTool\BerryAIGen.Toolkit\Services\ContextMenuService.cs(93,44): warning CS8602: Dereference of a possibly null reference. [F:\Berry-Work\dev\DiffusionTool\BerryAIGen.Toolkit\BerryAIGen.Toolkit_b3ao1qf4_wpftmp.csproj]
F:\Berry-Work\dev\DiffusionTool\BerryAIGen.Toolkit\Pages\Prompts.xaml.cs(200,25): warning CS8602: Dereference of a possibly null reference. [F:\Berry-Work\dev\DiffusionTool\BerryAIGen.Toolkit\BerryAIGen.Toolkit_b3ao1qf4_wpftmp.csproj]
F:\Berry-Work\dev\DiffusionTool\BerryAIGen.Toolkit\Services\DatabaseWriterService.cs(77,13): warning CS8602: Dereference of a possibly null reference. [F:\Berry-Work\dev\DiffusionTool\BerryAIGen.Toolkit\BerryAIGen.Toolkit_b3ao1qf4_wpftmp.csproj]
F:\Berry-Work\dev\DiffusionTool\BerryAIGen.Toolkit\Services\DatabaseWriterService.cs(78,13): warning CS8602: Dereference of a possibly null reference. [F:\Berry-Work\dev\DiffusionTool\BerryAIGen.Toolkit\BerryAIGen.Toolkit_b3ao1qf4_wpftmp.csproj]
F:\Berry-Work\dev\DiffusionTool\BerryAIGen.Toolkit\Services\DatabaseWriterService.cs(86,21): warning CS8602: Dereference of a possibly null reference. [F:\Berry-Work\dev\DiffusionTool\BerryAIGen.Toolkit\BerryAIGen.Toolkit_b3ao1qf4_wpftmp.csproj]
F:\Berry-Work\dev\DiffusionTool\BerryAIGen.Toolkit\Services\DatabaseWriterService.cs(88,21): warning CS8602: Dereference of a possibly null reference. [F:\Berry-Work\dev\DiffusionTool\BerryAIGen.Toolkit\BerryAIGen.Toolkit_b3ao1qf4_wpftmp.csproj]
F:\Berry-Work\dev\DiffusionTool\BerryAIGen.Toolkit\Services\DatabaseWriterService.cs(72,12): warning CS8618: Non-nullable field 'currentTask' must contain a non-null value when exiting constructor. Consider adding the 'required' modifier or declaring the field as nullable. [F:\Berry-Work\dev\DiffusionTool\BerryAIGen.Toolkit\BerryAIGen.Toolkit_b3ao1qf4_wpftmp.csproj]
F:\Berry-Work\dev\DiffusionTool\BerryAIGen.Toolkit\Services\ContextMenuService.cs(101,9): warning CS8602: Dereference of a possibly null reference. [F:\Berry-Work\dev\DiffusionTool\BerryAIGen.Toolkit\BerryAIGen.Toolkit_b3ao1qf4_wpftmp.csproj]
F:\Berry-Work\dev\DiffusionTool\BerryAIGen.Toolkit\Services\ContextMenuService.cs(109,9): warning CS8602: Dereference of a possibly null reference. [F:\Berry-Work\dev\DiffusionTool\BerryAIGen.Toolkit\BerryAIGen.Toolkit_b3ao1qf4_wpftmp.csproj]
F:\Berry-Work\dev\DiffusionTool\BerryAIGen.Toolkit\MainWindow.xaml.cs(58,41): warning CS8603: Possible null reference return. [F:\Berry-Work\dev\DiffusionTool\BerryAIGen.Toolkit\BerryAIGen.Toolkit_b3ao1qf4_wpftmp.csproj]
F:\Berry-Work\dev\DiffusionTool\BerryAIGen.Toolkit\Services\TagService.cs(43,23): warning CS8602: Dereference of a possibly null reference. [F:\Berry-Work\dev\DiffusionTool\BerryAIGen.Toolkit\BerryAIGen.Toolkit_b3ao1qf4_wpftmp.csproj]
F:\Berry-Work\dev\DiffusionTool\BerryAIGen.Toolkit\Services\TagService.cs(57,21): warning CS8602: Dereference of a possibly null reference. [F:\Berry-Work\dev\DiffusionTool\BerryAIGen.Toolkit\BerryAIGen.Toolkit_b3ao1qf4_wpftmp.csproj]
F:\Berry-Work\dev\DiffusionTool\BerryAIGen.Toolkit\Services\TagService.cs(57,21): warning CS8602: Dereference of a possibly null reference. [F:\Berry-Work\dev\DiffusionTool\BerryAIGen.Toolkit\BerryAIGen.Toolkit_b3ao1qf4_wpftmp.csproj]
F:\Berry-Work\dev\DiffusionTool\BerryAIGen.Toolkit\Services\TagService.cs(12,19): warning CS8618: Non-nullable field 'LoadTags' must contain a non-null value when exiting constructor. Consider adding the 'required' modifier or declaring the field as nullable. [F:\Berry-Work\dev\DiffusionTool\BerryAIGen.Toolkit\BerryAIGen.Toolkit_b3ao1qf4_wpftmp.csproj]
F:\Berry-Work\dev\DiffusionTool\BerryAIGen.Toolkit\Thumbnails\ThumbnailCache.cs(172,22): warning CS8625: Cannot convert null literal to non-nullable reference type. [F:\Berry-Work\dev\DiffusionTool\BerryAIGen.Toolkit\BerryAIGen.Toolkit_b3ao1qf4_wpftmp.csproj]
F:\Berry-Work\dev\DiffusionTool\BerryAIGen.Toolkit\Thumbnails\ThumbnailCache.cs(69,28): warning CS8601: Possible null reference assignment. [F:\Berry-Work\dev\DiffusionTool\BerryAIGen.Toolkit\BerryAIGen.Toolkit_b3ao1qf4_wpftmp.csproj]
F:\Berry-Work\dev\DiffusionTool\BerryAIGen.Toolkit\Thumbnails\ThumbnailCache.cs(25,38): warning CS8618: Non-nullable field '_instance' must contain a non-null value when exiting constructor. Consider adding the 'required' modifier or declaring the field as nullable. [F:\Berry-Work\dev\DiffusionTool\BerryAIGen.Toolkit\BerryAIGen.Toolkit_b3ao1qf4_wpftmp.csproj]
F:\Berry-Work\dev\DiffusionTool\BerryAIGen.Toolkit\Services\DatabaseWriterService.cs(233,12): warning CS8618: Non-nullable field '_updateChannel' must contain a non-null value when exiting constructor. Consider adding the 'required' modifier or declaring the field as nullable. [F:\Berry-Work\dev\DiffusionTool\BerryAIGen.Toolkit\BerryAIGen.Toolkit_b3ao1qf4_wpftmp.csproj]
F:\Berry-Work\dev\DiffusionTool\BerryAIGen.Toolkit\Services\DatabaseWriterService.cs(233,12): warning CS8618: Non-nullable field '_addChannel' must contain a non-null value when exiting constructor. Consider adding the 'required' modifier or declaring the field as nullable. [F:\Berry-Work\dev\DiffusionTool\BerryAIGen.Toolkit\BerryAIGen.Toolkit_b3ao1qf4_wpftmp.csproj]
F:\Berry-Work\dev\DiffusionTool\BerryAIGen.Toolkit\Services\DatabaseWriterService.cs(233,12): warning CS8618: Non-nullable field '_cancellationTokenSource' must contain a non-null value when exiting constructor. Consider adding the 'required' modifier or declaring the field as nullable. [F:\Berry-Work\dev\DiffusionTool\BerryAIGen.Toolkit\BerryAIGen.Toolkit_b3ao1qf4_wpftmp.csproj]
F:\Berry-Work\dev\DiffusionTool\BerryAIGen.Toolkit\Services\DatabaseWriterService.cs(233,12): warning CS8618: Non-nullable field '_queueTask' must contain a non-null value when exiting constructor. Consider adding the 'required' modifier or declaring the field as nullable. [F:\Berry-Work\dev\DiffusionTool\BerryAIGen.Toolkit\BerryAIGen.Toolkit_b3ao1qf4_wpftmp.csproj]
F:\Berry-Work\dev\DiffusionTool\BerryAIGen.Toolkit\Services\DatabaseWriterService.cs(233,12): warning CS8618: Non-nullable field '_currentTask' must contain a non-null value when exiting constructor. Consider adding the 'required' modifier or declaring the field as nullable. [F:\Berry-Work\dev\DiffusionTool\BerryAIGen.Toolkit\BerryAIGen.Toolkit_b3ao1qf4_wpftmp.csproj]
F:\Berry-Work\dev\DiffusionTool\BerryAIGen.Toolkit\Controls\PreviewPane.xaml.cs(545,17): warning CS8602: Dereference of a possibly null reference. [F:\Berry-Work\dev\DiffusionTool\BerryAIGen.Toolkit\BerryAIGen.Toolkit_b3ao1qf4_wpftmp.csproj]
F:\Berry-Work\dev\DiffusionTool\BerryAIGen.Toolkit\Thumbnails\ThumbnailCache.cs(134,35): warning CS8618: Non-nullable field '_instance' must contain a non-null value when exiting constructor. Consider adding the 'required' modifier or declaring the field as nullable. [F:\Berry-Work\dev\DiffusionTool\BerryAIGen.Toolkit\BerryAIGen.Toolkit_b3ao1qf4_wpftmp.csproj]
F:\Berry-Work\dev\DiffusionTool\BerryAIGen.Toolkit\Services\ExternalApplicationsService.cs(17,9): warning CS8602: Dereference of a possibly null reference. [F:\Berry-Work\dev\DiffusionTool\BerryAIGen.Toolkit\BerryAIGen.Toolkit_b3ao1qf4_wpftmp.csproj]
F:\Berry-Work\dev\DiffusionTool\BerryAIGen.Toolkit\Thumbnails\ThumbnailService.cs(98,45): warning CS8602: Dereference of a possibly null reference. [F:\Berry-Work\dev\DiffusionTool\BerryAIGen.Toolkit\BerryAIGen.Toolkit_b3ao1qf4_wpftmp.csproj]
F:\Berry-Work\dev\DiffusionTool\BerryAIGen.Toolkit\Services\FileScanJob.cs(6,19): warning CS8618: Non-nullable property 'Path' must contain a non-null value when exiting constructor. Consider adding the 'required' modifier or declaring the property as nullable. [F:\Berry-Work\dev\DiffusionTool\BerryAIGen.Toolkit\BerryAIGen.Toolkit_b3ao1qf4_wpftmp.csproj]
F:\Berry-Work\dev\DiffusionTool\BerryAIGen.Toolkit\Thumbnails\ThumbnailService.cs(135,45): warning CS8602: Dereference of a possibly null reference. [F:\Berry-Work\dev\DiffusionTool\BerryAIGen.Toolkit\BerryAIGen.Toolkit_b3ao1qf4_wpftmp.csproj]
F:\Berry-Work\dev\DiffusionTool\BerryAIGen.Toolkit\Services\TaggingService.cs(28,9): warning CS8602: Dereference of a possibly null reference. [F:\Berry-Work\dev\DiffusionTool\BerryAIGen.Toolkit\BerryAIGen.Toolkit_b3ao1qf4_wpftmp.csproj]
F:\Berry-Work\dev\DiffusionTool\BerryAIGen.Toolkit\Services\TaggingService.cs(29,104): warning CS8601: Possible null reference assignment. [F:\Berry-Work\dev\DiffusionTool\BerryAIGen.Toolkit\BerryAIGen.Toolkit_b3ao1qf4_wpftmp.csproj]
F:\Berry-Work\dev\DiffusionTool\BerryAIGen.Toolkit\Thumbnails\ThumbnailJob.cs(11,19): warning CS8618: Non-nullable property 'Path' must contain a non-null value when exiting constructor. Consider adding the 'required' modifier or declaring the property as nullable. [F:\Berry-Work\dev\DiffusionTool\BerryAIGen.Toolkit\BerryAIGen.Toolkit_b3ao1qf4_wpftmp.csproj]
F:\Berry-Work\dev\DiffusionTool\BerryAIGen.Toolkit\Services\TaggingService.cs(34,9): warning CS8602: Dereference of a possibly null reference. [F:\Berry-Work\dev\DiffusionTool\BerryAIGen.Toolkit\BerryAIGen.Toolkit_b3ao1qf4_wpftmp.csproj]
F:\Berry-Work\dev\DiffusionTool\BerryAIGen.Toolkit\Controls\ThumbnailView.xaml.cs(676,25): warning CS8602: Dereference of a possibly null reference. [F:\Berry-Work\dev\DiffusionTool\BerryAIGen.Toolkit\BerryAIGen.Toolkit_b3ao1qf4_wpftmp.csproj]
F:\Berry-Work\dev\DiffusionTool\BerryAIGen.Toolkit\Controls\ThumbnailView.xaml.cs(684,40): warning CS8602: Dereference of a possibly null reference. [F:\Berry-Work\dev\DiffusionTool\BerryAIGen.Toolkit\BerryAIGen.Toolkit_b3ao1qf4_wpftmp.csproj]
F:\Berry-Work\dev\DiffusionTool\BerryAIGen.Toolkit\Controls\ThumbnailView.xaml.cs(704,33): warning CS8602: Dereference of a possibly null reference. [F:\Berry-Work\dev\DiffusionTool\BerryAIGen.Toolkit\BerryAIGen.Toolkit_b3ao1qf4_wpftmp.csproj]
F:\Berry-Work\dev\DiffusionTool\BerryAIGen.Toolkit\Services\FileService.cs(21,19): warning CS8618: Non-nullable property 'Name' must contain a non-null value when exiting constructor. Consider adding the 'required' modifier or declaring the property as nullable. [F:\Berry-Work\dev\DiffusionTool\BerryAIGen.Toolkit\BerryAIGen.Toolkit_b3ao1qf4_wpftmp.csproj]
F:\Berry-Work\dev\DiffusionTool\BerryAIGen.Toolkit\Services\FileService.cs(22,19): warning CS8618: Non-nullable property 'Path' must contain a non-null value when exiting constructor. Consider adding the 'required' modifier or declaring the property as nullable. [F:\Berry-Work\dev\DiffusionTool\BerryAIGen.Toolkit\BerryAIGen.Toolkit_b3ao1qf4_wpftmp.csproj]
F:\Berry-Work\dev\DiffusionTool\BerryAIGen.Toolkit\Services\FileService.cs(23,19): warning CS8618: Non-nullable property 'FileName' must contain a non-null value when exiting constructor. Consider adding the 'required' modifier or declaring the property as nullable. [F:\Berry-Work\dev\DiffusionTool\BerryAIGen.Toolkit\BerryAIGen.Toolkit_b3ao1qf4_wpftmp.csproj]
F:\Berry-Work\dev\DiffusionTool\BerryAIGen.Toolkit\Services\TaggingService.cs(39,9): warning CS8602: Dereference of a possibly null reference. [F:\Berry-Work\dev\DiffusionTool\BerryAIGen.Toolkit\BerryAIGen.Toolkit_b3ao1qf4_wpftmp.csproj]
F:\Berry-Work\dev\DiffusionTool\BerryAIGen.Toolkit\Services\FileService.cs(45,13): warning CS8602: Dereference of a possibly null reference. [F:\Berry-Work\dev\DiffusionTool\BerryAIGen.Toolkit\BerryAIGen.Toolkit_b3ao1qf4_wpftmp.csproj]
F:\Berry-Work\dev\DiffusionTool\BerryAIGen.Toolkit\Services\FolderChange.cs(7,19): warning CS8618: Non-nullable property 'Path' must contain a non-null value when exiting constructor. Consider adding the 'required' modifier or declaring the property as nullable. [F:\Berry-Work\dev\DiffusionTool\BerryAIGen.Toolkit\BerryAIGen.Toolkit_b3ao1qf4_wpftmp.csproj]
F:\Berry-Work\dev\DiffusionTool\BerryAIGen.Toolkit\Services\FolderChange.cs(8,19): warning CS8618: Non-nullable property 'NewPath' must contain a non-null value when exiting constructor. Consider adding the 'required' modifier or declaring the property as nullable. [F:\Berry-Work\dev\DiffusionTool\BerryAIGen.Toolkit\BerryAIGen.Toolkit_b3ao1qf4_wpftmp.csproj]
F:\Berry-Work\dev\DiffusionTool\BerryAIGen.Toolkit\Services\FileService.cs(53,82): warning CS8625: Cannot convert null literal to non-nullable reference type. [F:\Berry-Work\dev\DiffusionTool\BerryAIGen.Toolkit\BerryAIGen.Toolkit_b3ao1qf4_wpftmp.csproj]
F:\Berry-Work\dev\DiffusionTool\BerryAIGen.Toolkit\Services\TaggingService.cs(45,9): warning CS8602: Dereference of a possibly null reference. [F:\Berry-Work\dev\DiffusionTool\BerryAIGen.Toolkit\BerryAIGen.Toolkit_b3ao1qf4_wpftmp.csproj]
F:\Berry-Work\dev\DiffusionTool\BerryAIGen.Toolkit\Services\TaggingService.cs(24,50): warning CS8618: Non-nullable event 'TagUpdated' must contain a non-null value when exiting constructor. Consider adding the 'required' modifier or declaring the event as nullable. [F:\Berry-Work\dev\DiffusionTool\BerryAIGen.Toolkit\BerryAIGen.Toolkit_b3ao1qf4_wpftmp.csproj]
F:\Berry-Work\dev\DiffusionTool\BerryAIGen.Toolkit\Services\FileService.cs(58,13): warning CS8602: Dereference of a possibly null reference. [F:\Berry-Work\dev\DiffusionTool\BerryAIGen.Toolkit\BerryAIGen.Toolkit_b3ao1qf4_wpftmp.csproj]
F:\Berry-Work\dev\DiffusionTool\BerryAIGen.Toolkit\Services\FolderService.cs(49,86): warning CS8625: Cannot convert null literal to non-nullable reference type. [F:\Berry-Work\dev\DiffusionTool\BerryAIGen.Toolkit\BerryAIGen.Toolkit_b3ao1qf4_wpftmp.csproj]
F:\Berry-Work\dev\DiffusionTool\BerryAIGen.Toolkit\Services\TaggingService.cs(19,19): warning CS8618: Non-nullable property 'Value' must contain a non-null value when exiting constructor. Consider adding the 'required' modifier or declaring the property as nullable. [F:\Berry-Work\dev\DiffusionTool\BerryAIGen.Toolkit\BerryAIGen.Toolkit_b3ao1qf4_wpftmp.csproj]
F:\Berry-Work\dev\DiffusionTool\BerryAIGen.Toolkit\Services\ExternalApplicationsService.cs(19,44): warning CS8602: Dereference of a possibly null reference. [F:\Berry-Work\dev\DiffusionTool\BerryAIGen.Toolkit\BerryAIGen.Toolkit_b3ao1qf4_wpftmp.csproj]
F:\Berry-Work\dev\DiffusionTool\BerryAIGen.Toolkit\Services\ExternalApplicationsService.cs(23,49): warning CS8602: Dereference of a possibly null reference. [F:\Berry-Work\dev\DiffusionTool\BerryAIGen.Toolkit\BerryAIGen.Toolkit_b3ao1qf4_wpftmp.csproj]
F:\Berry-Work\dev\DiffusionTool\BerryAIGen.Toolkit\Services\ContextMenuService.cs(117,9): warning CS8602: Dereference of a possibly null reference. [F:\Berry-Work\dev\DiffusionTool\BerryAIGen.Toolkit\BerryAIGen.Toolkit_b3ao1qf4_wpftmp.csproj]
F:\Berry-Work\dev\DiffusionTool\BerryAIGen.Toolkit\Services\ContextMenuService.cs(125,9): warning CS8602: Dereference of a possibly null reference. [F:\Berry-Work\dev\DiffusionTool\BerryAIGen.Toolkit\BerryAIGen.Toolkit_b3ao1qf4_wpftmp.csproj]
F:\Berry-Work\dev\DiffusionTool\BerryAIGen.Toolkit\Services\ContextMenuService.cs(122,13): warning CS0472: The result of the expression is always 'false' since a value of type 'long' is never equal to 'null' of type 'long?' [F:\Berry-Work\dev\DiffusionTool\BerryAIGen.Toolkit\BerryAIGen.Toolkit_b3ao1qf4_wpftmp.csproj]
F:\Berry-Work\dev\DiffusionTool\BerryAIGen.Toolkit\Services\ExternalApplicationsService.cs(38,39): warning CS8602: Dereference of a possibly null reference. [F:\Berry-Work\dev\DiffusionTool\BerryAIGen.Toolkit\BerryAIGen.Toolkit_b3ao1qf4_wpftmp.csproj]
F:\Berry-Work\dev\DiffusionTool\BerryAIGen.Toolkit\Services\ExternalApplicationsService.cs(38,39): warning CS8604: Possible null reference argument for parameter 'source' in 'IEnumerable<string> Enumerable.Select<ImageEntry, string>(IEnumerable<ImageEntry> source, Func<ImageEntry, string> selector)'. [F:\Berry-Work\dev\DiffusionTool\BerryAIGen.Toolkit\BerryAIGen.Toolkit_b3ao1qf4_wpftmp.csproj]
F:\Berry-Work\dev\DiffusionTool\BerryAIGen.Toolkit\Services\ExternalApplicationsService.cs(72,19): warning CS8602: Dereference of a possibly null reference. [F:\Berry-Work\dev\DiffusionTool\BerryAIGen.Toolkit\BerryAIGen.Toolkit_b3ao1qf4_wpftmp.csproj]
F:\Berry-Work\dev\DiffusionTool\BerryAIGen.Toolkit\Services\ContextMenuService.cs(133,9): warning CS8602: Dereference of a possibly null reference. [F:\Berry-Work\dev\DiffusionTool\BerryAIGen.Toolkit\BerryAIGen.Toolkit_b3ao1qf4_wpftmp.csproj]
F:\Berry-Work\dev\DiffusionTool\BerryAIGen.Toolkit\Services\FileService.cs(91,17): warning CS8602: Dereference of a possibly null reference. [F:\Berry-Work\dev\DiffusionTool\BerryAIGen.Toolkit\BerryAIGen.Toolkit_b3ao1qf4_wpftmp.csproj]
F:\Berry-Work\dev\DiffusionTool\BerryAIGen.Toolkit\Services\FileService.cs(112,36): warning CS8602: Dereference of a possibly null reference. [F:\Berry-Work\dev\DiffusionTool\BerryAIGen.Toolkit\BerryAIGen.Toolkit_b3ao1qf4_wpftmp.csproj]
F:\Berry-Work\dev\DiffusionTool\BerryAIGen.Toolkit\Services\FileService.cs(133,19): warning CS8602: Dereference of a possibly null reference. [F:\Berry-Work\dev\DiffusionTool\BerryAIGen.Toolkit\BerryAIGen.Toolkit_b3ao1qf4_wpftmp.csproj]
F:\Berry-Work\dev\DiffusionTool\BerryAIGen.Toolkit\Services\FileService.cs(136,9): warning CS8602: Dereference of a possibly null reference. [F:\Berry-Work\dev\DiffusionTool\BerryAIGen.Toolkit\BerryAIGen.Toolkit_b3ao1qf4_wpftmp.csproj]
F:\Berry-Work\dev\DiffusionTool\BerryAIGen.Toolkit\Services\ContextMenuService.cs(144,9): warning CS8602: Dereference of a possibly null reference. [F:\Berry-Work\dev\DiffusionTool\BerryAIGen.Toolkit\BerryAIGen.Toolkit_b3ao1qf4_wpftmp.csproj]
F:\Berry-Work\dev\DiffusionTool\BerryAIGen.Toolkit\Services\ContextMenuService.cs(155,9): warning CS8602: Dereference of a possibly null reference. [F:\Berry-Work\dev\DiffusionTool\BerryAIGen.Toolkit\BerryAIGen.Toolkit_b3ao1qf4_wpftmp.csproj]
F:\Berry-Work\dev\DiffusionTool\BerryAIGen.Toolkit\Models\ImageViewModel.cs(217,29): warning CS8601: Possible null reference assignment. [F:\Berry-Work\dev\DiffusionTool\BerryAIGen.Toolkit\BerryAIGen.Toolkit_b3ao1qf4_wpftmp.csproj]
F:\Berry-Work\dev\DiffusionTool\BerryAIGen.Toolkit\Services\DatabaseWriterService.cs(401,63): warning CS8602: Dereference of a possibly null reference. [F:\Berry-Work\dev\DiffusionTool\BerryAIGen.Toolkit\BerryAIGen.Toolkit_b3ao1qf4_wpftmp.csproj]
F:\Berry-Work\dev\DiffusionTool\BerryAIGen.Toolkit\Services\DatabaseWriterService.cs(147,27): warning CS8602: Dereference of a possibly null reference. [F:\Berry-Work\dev\DiffusionTool\BerryAIGen.Toolkit\BerryAIGen.Toolkit_b3ao1qf4_wpftmp.csproj]
F:\Berry-Work\dev\DiffusionTool\BerryAIGen.Toolkit\Services\FileService.cs(150,39): warning CS8602: Dereference of a possibly null reference. [F:\Berry-Work\dev\DiffusionTool\BerryAIGen.Toolkit\BerryAIGen.Toolkit_b3ao1qf4_wpftmp.csproj]
F:\Berry-Work\dev\DiffusionTool\BerryAIGen.Toolkit\Services\FileService.cs(157,23): warning CS8602: Dereference of a possibly null reference. [F:\Berry-Work\dev\DiffusionTool\BerryAIGen.Toolkit\BerryAIGen.Toolkit_b3ao1qf4_wpftmp.csproj]
F:\Berry-Work\dev\DiffusionTool\BerryAIGen.Toolkit\Services\FileService.cs(162,44): warning CS8604: Possible null reference argument for parameter 'path1' in 'string Path.Combine(string path1, string path2)'. [F:\Berry-Work\dev\DiffusionTool\BerryAIGen.Toolkit\BerryAIGen.Toolkit_b3ao1qf4_wpftmp.csproj]
F:\Berry-Work\dev\DiffusionTool\BerryAIGen.Toolkit\Services\FileService.cs(169,21): warning CS8602: Dereference of a possibly null reference. [F:\Berry-Work\dev\DiffusionTool\BerryAIGen.Toolkit\BerryAIGen.Toolkit_b3ao1qf4_wpftmp.csproj]
F:\Berry-Work\dev\DiffusionTool\BerryAIGen.Toolkit\Services\FileService.cs(171,21): warning CS8602: Dereference of a possibly null reference. [F:\Berry-Work\dev\DiffusionTool\BerryAIGen.Toolkit\BerryAIGen.Toolkit_b3ao1qf4_wpftmp.csproj]
F:\Berry-Work\dev\DiffusionTool\BerryAIGen.Toolkit\Services\DatabaseWriterService.cs(181,30): warning CS8602: Dereference of a possibly null reference. [F:\Berry-Work\dev\DiffusionTool\BerryAIGen.Toolkit\BerryAIGen.Toolkit_b3ao1qf4_wpftmp.csproj]
F:\Berry-Work\dev\DiffusionTool\BerryAIGen.Toolkit\Services\DatabaseWriterService.cs(188,13): warning CS8602: Dereference of a possibly null reference. [F:\Berry-Work\dev\DiffusionTool\BerryAIGen.Toolkit\BerryAIGen.Toolkit_b3ao1qf4_wpftmp.csproj]
F:\Berry-Work\dev\DiffusionTool\BerryAIGen.Toolkit\Services\DatabaseWriterService.cs(424,27): warning CS8602: Dereference of a possibly null reference. [F:\Berry-Work\dev\DiffusionTool\BerryAIGen.Toolkit\BerryAIGen.Toolkit_b3ao1qf4_wpftmp.csproj]
F:\Berry-Work\dev\DiffusionTool\BerryAIGen.Toolkit\Services\DatabaseWriterService.cs(474,38): warning CS0168: The variable 'e' is declared but never used [F:\Berry-Work\dev\DiffusionTool\BerryAIGen.Toolkit\BerryAIGen.Toolkit_b3ao1qf4_wpftmp.csproj]
F:\Berry-Work\dev\DiffusionTool\BerryAIGen.Toolkit\Services\FileService.cs(203,21): warning CS8602: Dereference of a possibly null reference. [F:\Berry-Work\dev\DiffusionTool\BerryAIGen.Toolkit\BerryAIGen.Toolkit_b3ao1qf4_wpftmp.csproj]
F:\Berry-Work\dev\DiffusionTool\BerryAIGen.Toolkit\Services\FileService.cs(211,19): warning CS8602: Dereference of a possibly null reference. [F:\Berry-Work\dev\DiffusionTool\BerryAIGen.Toolkit\BerryAIGen.Toolkit_b3ao1qf4_wpftmp.csproj]
F:\Berry-Work\dev\DiffusionTool\BerryAIGen.Toolkit\Services\FileService.cs(215,23): warning CS8602: Dereference of a possibly null reference. [F:\Berry-Work\dev\DiffusionTool\BerryAIGen.Toolkit\BerryAIGen.Toolkit_b3ao1qf4_wpftmp.csproj]
F:\Berry-Work\dev\DiffusionTool\BerryAIGen.Toolkit\Services\FileService.cs(219,28): warning CS8602: Dereference of a possibly null reference. [F:\Berry-Work\dev\DiffusionTool\BerryAIGen.Toolkit\BerryAIGen.Toolkit_b3ao1qf4_wpftmp.csproj]
F:\Berry-Work\dev\DiffusionTool\BerryAIGen.Toolkit\Services\FileService.cs(238,25): warning CS8602: Dereference of a possibly null reference. [F:\Berry-Work\dev\DiffusionTool\BerryAIGen.Toolkit\BerryAIGen.Toolkit_b3ao1qf4_wpftmp.csproj]
F:\Berry-Work\dev\DiffusionTool\BerryAIGen.Toolkit\Services\FileService.cs(204,13): warning CS0219: The variable 'count' is assigned but its value is never used [F:\Berry-Work\dev\DiffusionTool\BerryAIGen.Toolkit\BerryAIGen.Toolkit_b3ao1qf4_wpftmp.csproj]
F:\Berry-Work\dev\DiffusionTool\BerryAIGen.Toolkit\MainWindow.xaml.cs(108,49): warning CS8622: Nullability of reference types in type of parameter 'sender' of 'void MainWindow.OnNavigate(object sender, NavigateEventArgs args)' doesn't match the target delegate 'EventHandler<NavigateEventArgs>' (possibly because of nullability attributes). [F:\Berry-Work\dev\DiffusionTool\BerryAIGen.Toolkit\BerryAIGen.Toolkit_b3ao1qf4_wpftmp.csproj]
F:\Berry-Work\dev\DiffusionTool\BerryAIGen.Toolkit\MainWindow.xaml.cs(125,58): warning CS8622: Nullability of reference types in type of parameter 'o' of 'Task MainWindow.RescanTask(object o)' doesn't match the target delegate 'Func<object?, Task>' (possibly because of nullability attributes). [F:\Berry-Work\dev\DiffusionTool\BerryAIGen.Toolkit\BerryAIGen.Toolkit_b3ao1qf4_wpftmp.csproj]
F:\Berry-Work\dev\DiffusionTool\BerryAIGen.Toolkit\MainWindow.xaml.cs(126,59): warning CS8622: Nullability of reference types in type of parameter 'o' of 'Task MainWindow.RebuildTask(object o)' doesn't match the target delegate 'Func<object?, Task>' (possibly because of nullability attributes). [F:\Berry-Work\dev\DiffusionTool\BerryAIGen.Toolkit\BerryAIGen.Toolkit_b3ao1qf4_wpftmp.csproj]
F:\Berry-Work\dev\DiffusionTool\BerryAIGen.Toolkit\MainWindow.xaml.cs(131,27): warning CS8602: Dereference of a possibly null reference. [F:\Berry-Work\dev\DiffusionTool\BerryAIGen.Toolkit\BerryAIGen.Toolkit_b3ao1qf4_wpftmp.csproj]
F:\Berry-Work\dev\DiffusionTool\BerryAIGen.Toolkit\MainWindow.xaml.cs(199,38): warning CS8600: Converting null literal or possible null value to non-nullable type. [F:\Berry-Work\dev\DiffusionTool\BerryAIGen.Toolkit\BerryAIGen.Toolkit_b3ao1qf4_wpftmp.csproj]
F:\Berry-Work\dev\DiffusionTool\BerryAIGen.Toolkit\MainWindow.xaml.cs(73,16): warning CS8618: Non-nullable field '_model' must contain a non-null value when exiting constructor. Consider adding the 'required' modifier or declaring the field as nullable. [F:\Berry-Work\dev\DiffusionTool\BerryAIGen.Toolkit\BerryAIGen.Toolkit_b3ao1qf4_wpftmp.csproj]
F:\Berry-Work\dev\DiffusionTool\BerryAIGen.Toolkit\MainWindow.xaml.cs(73,16): warning CS8618: Non-nullable field '_navigatorService' must contain a non-null value when exiting constructor. Consider adding the 'required' modifier or declaring the field as nullable. [F:\Berry-Work\dev\DiffusionTool\BerryAIGen.Toolkit\BerryAIGen.Toolkit_b3ao1qf4_wpftmp.csproj]
F:\Berry-Work\dev\DiffusionTool\BerryAIGen.Toolkit\MainWindow.xaml.cs(73,16): warning CS8618: Non-nullable field '_settings' must contain a non-null value when exiting constructor. Consider adding the 'required' modifier or declaring the field as nullable. [F:\Berry-Work\dev\DiffusionTool\BerryAIGen.Toolkit\BerryAIGen.Toolkit_b3ao1qf4_wpftmp.csproj]
F:\Berry-Work\dev\DiffusionTool\BerryAIGen.Toolkit\MainWindow.xaml.cs(73,16): warning CS8618: Non-nullable field '_configuration' must contain a non-null value when exiting constructor. Consider adding the 'required' modifier or declaring the field as nullable. [F:\Berry-Work\dev\DiffusionTool\BerryAIGen.Toolkit\BerryAIGen.Toolkit_b3ao1qf4_wpftmp.csproj]
F:\Berry-Work\dev\DiffusionTool\BerryAIGen.Toolkit\MainWindow.xaml.cs(73,16): warning CS8618: Non-nullable field '_search' must contain a non-null value when exiting constructor. Consider adding the 'required' modifier or declaring the field as nullable. [F:\Berry-Work\dev\DiffusionTool\BerryAIGen.Toolkit\BerryAIGen.Toolkit_b3ao1qf4_wpftmp.csproj]
F:\Berry-Work\dev\DiffusionTool\BerryAIGen.Toolkit\MainWindow.xaml.cs(73,16): warning CS8618: Non-nullable field '_settingsPage' must contain a non-null value when exiting constructor. Consider adding the 'required' modifier or declaring the field as nullable. [F:\Berry-Work\dev\DiffusionTool\BerryAIGen.Toolkit\BerryAIGen.Toolkit_b3ao1qf4_wpftmp.csproj]
F:\Berry-Work\dev\DiffusionTool\BerryAIGen.Toolkit\MainWindow.xaml.cs(73,16): warning CS8618: Non-nullable field '_models' must contain a non-null value when exiting constructor. Consider adding the 'required' modifier or declaring the field as nullable. [F:\Berry-Work\dev\DiffusionTool\BerryAIGen.Toolkit\BerryAIGen.Toolkit_b3ao1qf4_wpftmp.csproj]
F:\Berry-Work\dev\DiffusionTool\BerryAIGen.Toolkit\MainWindow.xaml.cs(73,16): warning CS8618: Non-nullable field '_messagePopupManager' must contain a non-null value when exiting constructor. Consider adding the 'required' modifier or declaring the field as nullable. [F:\Berry-Work\dev\DiffusionTool\BerryAIGen.Toolkit\BerryAIGen.Toolkit_b3ao1qf4_wpftmp.csproj]
F:\Berry-Work\dev\DiffusionTool\BerryAIGen.Toolkit\MainWindow.xaml.cs(73,16): warning CS8618: Non-nullable field '_modelsCollection' must contain a non-null value when exiting constructor. Consider adding the 'required' modifier or declaring the field as nullable. [F:\Berry-Work\dev\DiffusionTool\BerryAIGen.Toolkit\BerryAIGen.Toolkit_b3ao1qf4_wpftmp.csproj]
F:\Berry-Work\dev\DiffusionTool\BerryAIGen.Toolkit\MainWindow.xaml.cs(73,16): warning CS8618: Non-nullable field '_prompts' must contain a non-null value when exiting constructor. Consider adding the 'required' modifier or declaring the field as nullable. [F:\Berry-Work\dev\DiffusionTool\BerryAIGen.Toolkit\BerryAIGen.Toolkit_b3ao1qf4_wpftmp.csproj]
F:\Berry-Work\dev\DiffusionTool\BerryAIGen.Toolkit\Models\SearchControlModelExtensions.cs(38,23): warning CS8601: Possible null reference assignment. [F:\Berry-Work\dev\DiffusionTool\BerryAIGen.Toolkit\BerryAIGen.Toolkit_b3ao1qf4_wpftmp.csproj]
F:\Berry-Work\dev\DiffusionTool\BerryAIGen.Toolkit\Models\SearchControlModelExtensions.cs(39,24): warning CS8601: Possible null reference assignment. [F:\Berry-Work\dev\DiffusionTool\BerryAIGen.Toolkit\BerryAIGen.Toolkit_b3ao1qf4_wpftmp.csproj]
F:\Berry-Work\dev\DiffusionTool\BerryAIGen.Toolkit\Models\SearchControlModelExtensions.cs(91,75): warning CS8604: Possible null reference argument for parameter 'source' in 'IEnumerable<NodeFilter> Enumerable.Select<NodeFilter, NodeFilter>(IEnumerable<NodeFilter> source, Func<NodeFilter, NodeFilter> selector)'. [F:\Berry-Work\dev\DiffusionTool\BerryAIGen.Toolkit\BerryAIGen.Toolkit_b3ao1qf4_wpftmp.csproj]
F:\Berry-Work\dev\DiffusionTool\BerryAIGen.Toolkit\Thumbnails\ThumbnailService.cs(269,59): warning CS8604: Possible null reference argument for parameter 'image' in 'ThumbailResult.ThumbailResult(BitmapSource image)'. [F:\Berry-Work\dev\DiffusionTool\BerryAIGen.Toolkit\BerryAIGen.Toolkit_b3ao1qf4_wpftmp.csproj]
F:\Berry-Work\dev\DiffusionTool\BerryAIGen.Toolkit\Pages\Search.xaml.cs(216,17): warning CS8602: Dereference of a possibly null reference. [F:\Berry-Work\dev\DiffusionTool\BerryAIGen.Toolkit\BerryAIGen.Toolkit_b3ao1qf4_wpftmp.csproj]
F:\Berry-Work\dev\DiffusionTool\BerryAIGen.Toolkit\Pages\Search.xaml.cs(288,13): warning CS8602: Dereference of a possibly null reference. [F:\Berry-Work\dev\DiffusionTool\BerryAIGen.Toolkit\BerryAIGen.Toolkit_b3ao1qf4_wpftmp.csproj]
F:\Berry-Work\dev\DiffusionTool\BerryAIGen.Toolkit\Pages\Search.xaml.cs(306,49): warning CS8602: Dereference of a possibly null reference. [F:\Berry-Work\dev\DiffusionTool\BerryAIGen.Toolkit\BerryAIGen.Toolkit_b3ao1qf4_wpftmp.csproj]
F:\Berry-Work\dev\DiffusionTool\BerryAIGen.Toolkit\Pages\Search.xaml.cs(334,17): warning CS8602: Dereference of a possibly null reference. [F:\Berry-Work\dev\DiffusionTool\BerryAIGen.Toolkit\BerryAIGen.Toolkit_b3ao1qf4_wpftmp.csproj]
F:\Berry-Work\dev\DiffusionTool\BerryAIGen.Toolkit\Pages\Search.xaml.cs(346,21): warning CS8602: Dereference of a possibly null reference. [F:\Berry-Work\dev\DiffusionTool\BerryAIGen.Toolkit\BerryAIGen.Toolkit_b3ao1qf4_wpftmp.csproj]
F:\Berry-Work\dev\DiffusionTool\BerryAIGen.Toolkit\Pages\Search.xaml.cs(347,22): warning CS8602: Dereference of a possibly null reference. [F:\Berry-Work\dev\DiffusionTool\BerryAIGen.Toolkit\BerryAIGen.Toolkit_b3ao1qf4_wpftmp.csproj]
F:\Berry-Work\dev\DiffusionTool\BerryAIGen.Toolkit\Pages\Search.xaml.cs(357,31): warning CS8625: Cannot convert null literal to non-nullable reference type. [F:\Berry-Work\dev\DiffusionTool\BerryAIGen.Toolkit\BerryAIGen.Toolkit_b3ao1qf4_wpftmp.csproj]
F:\Berry-Work\dev\DiffusionTool\BerryAIGen.Toolkit\Pages\Search.xaml.cs(585,34): warning CS8604: Possible null reference argument for parameter 'path' in 'Task Search.ExpandToPath(string path)'. [F:\Berry-Work\dev\DiffusionTool\BerryAIGen.Toolkit\BerryAIGen.Toolkit_b3ao1qf4_wpftmp.csproj]
F:\Berry-Work\dev\DiffusionTool\BerryAIGen.Toolkit\Pages\Search.xaml.cs(195,16): warning CS8618: Non-nullable field '_currentModeSettings' must contain a non-null value when exiting constructor. Consider adding the 'required' modifier or declaring the field as nullable. [F:\Berry-Work\dev\DiffusionTool\BerryAIGen.Toolkit\BerryAIGen.Toolkit_b3ao1qf4_wpftmp.csproj]
F:\Berry-Work\dev\DiffusionTool\BerryAIGen.Toolkit\Pages\Search.xaml.cs(195,16): warning CS8618: Non-nullable property 'OnCurrentImageChange' must contain a non-null value when exiting constructor. Consider adding the 'required' modifier or declaring the property as nullable. [F:\Berry-Work\dev\DiffusionTool\BerryAIGen.Toolkit\BerryAIGen.Toolkit_b3ao1qf4_wpftmp.csproj]
F:\Berry-Work\dev\DiffusionTool\BerryAIGen.Toolkit\Pages\Search.xaml.cs(195,16): warning CS8618: Non-nullable property 'OnCurrentImageOpen' must contain a non-null value when exiting constructor. Consider adding the 'required' modifier or declaring the property as nullable. [F:\Berry-Work\dev\DiffusionTool\BerryAIGen.Toolkit\BerryAIGen.Toolkit_b3ao1qf4_wpftmp.csproj]
F:\Berry-Work\dev\DiffusionTool\BerryAIGen.Toolkit\Pages\Search.xaml.cs(195,16): warning CS8618: Non-nullable property 'Sorting' must contain a non-null value when exiting constructor. Consider adding the 'required' modifier or declaring the property as nullable. [F:\Berry-Work\dev\DiffusionTool\BerryAIGen.Toolkit\BerryAIGen.Toolkit_b3ao1qf4_wpftmp.csproj]
F:\Berry-Work\dev\DiffusionTool\BerryAIGen.Toolkit\Pages\Search.xaml.cs(195,16): warning CS8618: Non-nullable event 'NavigationCompleted' must contain a non-null value when exiting constructor. Consider adding the 'required' modifier or declaring the event as nullable. [F:\Berry-Work\dev\DiffusionTool\BerryAIGen.Toolkit\BerryAIGen.Toolkit_b3ao1qf4_wpftmp.csproj]
F:\Berry-Work\dev\DiffusionTool\BerryAIGen.Toolkit\Services\DatabaseWriterService.cs(498,27): warning CS8602: Dereference of a possibly null reference. [F:\Berry-Work\dev\DiffusionTool\BerryAIGen.Toolkit\BerryAIGen.Toolkit_b3ao1qf4_wpftmp.csproj]
F:\Berry-Work\dev\DiffusionTool\BerryAIGen.Toolkit\Services\DatabaseWriterService.cs(558,38): warning CS0168: The variable 'e' is declared but never used [F:\Berry-Work\dev\DiffusionTool\BerryAIGen.Toolkit\BerryAIGen.Toolkit_b3ao1qf4_wpftmp.csproj]
F:\Berry-Work\dev\DiffusionTool\BerryAIGen.Toolkit\Controls\ThumbnailView.xaml.cs(864,30): warning CS8600: Converting null literal or possible null value to non-nullable type. [F:\Berry-Work\dev\DiffusionTool\BerryAIGen.Toolkit\BerryAIGen.Toolkit_b3ao1qf4_wpftmp.csproj]
F:\Berry-Work\dev\DiffusionTool\BerryAIGen.Toolkit\Controls\ThumbnailView.xaml.cs(866,38): warning CS8604: Possible null reference argument for parameter 'obj' in 'void Action<ImageEntry>.Invoke(ImageEntry obj)'. [F:\Berry-Work\dev\DiffusionTool\BerryAIGen.Toolkit\BerryAIGen.Toolkit_b3ao1qf4_wpftmp.csproj]
F:\Berry-Work\dev\DiffusionTool\BerryAIGen.Toolkit\Pages\Search.xaml.cs(619,17): warning CS8602: Dereference of a possibly null reference. [F:\Berry-Work\dev\DiffusionTool\BerryAIGen.Toolkit\BerryAIGen.Toolkit_b3ao1qf4_wpftmp.csproj]
F:\Berry-Work\dev\DiffusionTool\BerryAIGen.Toolkit\Services\MetadataScannerService.cs(41,13): warning CS4014: Because this call is not awaited, execution of the current method continues before the call is completed. Consider applying the 'await' operator to the result of the call. [F:\Berry-Work\dev\DiffusionTool\BerryAIGen.Toolkit\BerryAIGen.Toolkit_b3ao1qf4_wpftmp.csproj]
F:\Berry-Work\dev\DiffusionTool\BerryAIGen.Toolkit\Services\MetadataScannerService.cs(82,13): warning CS4014: Because this call is not awaited, execution of the current method continues before the call is completed. Consider applying the 'await' operator to the result of the call. [F:\Berry-Work\dev\DiffusionTool\BerryAIGen.Toolkit\BerryAIGen.Toolkit_b3ao1qf4_wpftmp.csproj]
F:\Berry-Work\dev\DiffusionTool\BerryAIGen.Toolkit\Services\MetadataScannerService.cs(59,17): warning CS8602: Dereference of a possibly null reference. [F:\Berry-Work\dev\DiffusionTool\BerryAIGen.Toolkit\BerryAIGen.Toolkit_b3ao1qf4_wpftmp.csproj]
F:\Berry-Work\dev\DiffusionTool\BerryAIGen.Toolkit\Services\MetadataScannerService.cs(67,25): warning CS8602: Dereference of a possibly null reference. [F:\Berry-Work\dev\DiffusionTool\BerryAIGen.Toolkit\BerryAIGen.Toolkit_b3ao1qf4_wpftmp.csproj]
F:\Berry-Work\dev\DiffusionTool\BerryAIGen.Toolkit\Services\MetadataScannerService.cs(69,25): warning CS8602: Dereference of a possibly null reference. [F:\Berry-Work\dev\DiffusionTool\BerryAIGen.Toolkit\BerryAIGen.Toolkit_b3ao1qf4_wpftmp.csproj]
F:\Berry-Work\dev\DiffusionTool\BerryAIGen.Toolkit\Pages\Search.xaml.cs(652,86): warning CS8625: Cannot convert null literal to non-nullable reference type. [F:\Berry-Work\dev\DiffusionTool\BerryAIGen.Toolkit\BerryAIGen.Toolkit_b3ao1qf4_wpftmp.csproj]
F:\Berry-Work\dev\DiffusionTool\BerryAIGen.Toolkit\Pages\Search.xaml.cs(657,13): warning CS8602: Dereference of a possibly null reference. [F:\Berry-Work\dev\DiffusionTool\BerryAIGen.Toolkit\BerryAIGen.Toolkit_b3ao1qf4_wpftmp.csproj]
F:\Berry-Work\dev\DiffusionTool\BerryAIGen.Toolkit\Pages\Search.xaml.cs(662,13): warning CS8602: Dereference of a possibly null reference. [F:\Berry-Work\dev\DiffusionTool\BerryAIGen.Toolkit\BerryAIGen.Toolkit_b3ao1qf4_wpftmp.csproj]
F:\Berry-Work\dev\DiffusionTool\BerryAIGen.Toolkit\Pages\Search.xaml.cs(667,13): warning CS8602: Dereference of a possibly null reference. [F:\Berry-Work\dev\DiffusionTool\BerryAIGen.Toolkit\BerryAIGen.Toolkit_b3ao1qf4_wpftmp.csproj]
F:\Berry-Work\dev\DiffusionTool\BerryAIGen.Toolkit\Services\FolderService.cs(79,61): warning CS8602: Dereference of a possibly null reference. [F:\Berry-Work\dev\DiffusionTool\BerryAIGen.Toolkit\BerryAIGen.Toolkit_b3ao1qf4_wpftmp.csproj]
F:\Berry-Work\dev\DiffusionTool\BerryAIGen.Toolkit\Pages\Search.xaml.cs(672,13): warning CS8602: Dereference of a possibly null reference. [F:\Berry-Work\dev\DiffusionTool\BerryAIGen.Toolkit\BerryAIGen.Toolkit_b3ao1qf4_wpftmp.csproj]
F:\Berry-Work\dev\DiffusionTool\BerryAIGen.Toolkit\MainWindow.xaml.cs(264,17): warning CS4014: Because this call is not awaited, execution of the current method continues before the call is completed. Consider applying the 'await' operator to the result of the call. [F:\Berry-Work\dev\DiffusionTool\BerryAIGen.Toolkit\BerryAIGen.Toolkit_b3ao1qf4_wpftmp.csproj]
F:\Berry-Work\dev\DiffusionTool\BerryAIGen.Toolkit\MainWindow.xaml.cs(257,40): warning CS8602: Dereference of a possibly null reference. [F:\Berry-Work\dev\DiffusionTool\BerryAIGen.Toolkit\BerryAIGen.Toolkit_b3ao1qf4_wpftmp.csproj]
F:\Berry-Work\dev\DiffusionTool\BerryAIGen.Toolkit\Pages\Search.xaml.cs(677,13): warning CS8602: Dereference of a possibly null reference. [F:\Berry-Work\dev\DiffusionTool\BerryAIGen.Toolkit\BerryAIGen.Toolkit_b3ao1qf4_wpftmp.csproj]
F:\Berry-Work\dev\DiffusionTool\BerryAIGen.Toolkit\Services\FolderService.cs(114,64): warning CS8602: Dereference of a possibly null reference. [F:\Berry-Work\dev\DiffusionTool\BerryAIGen.Toolkit\BerryAIGen.Toolkit_b3ao1qf4_wpftmp.csproj]
F:\Berry-Work\dev\DiffusionTool\BerryAIGen.Toolkit\Pages\Search.xaml.cs(682,13): warning CS8602: Dereference of a possibly null reference. [F:\Berry-Work\dev\DiffusionTool\BerryAIGen.Toolkit\BerryAIGen.Toolkit_b3ao1qf4_wpftmp.csproj]
F:\Berry-Work\dev\DiffusionTool\BerryAIGen.Toolkit\Services\MetadataScannerService.cs(122,9): warning CS4014: Because this call is not awaited, execution of the current method continues before the call is completed. Consider applying the 'await' operator to the result of the call. [F:\Berry-Work\dev\DiffusionTool\BerryAIGen.Toolkit\BerryAIGen.Toolkit_b3ao1qf4_wpftmp.csproj]
F:\Berry-Work\dev\DiffusionTool\BerryAIGen.Toolkit\Pages\Search.xaml.cs(701,50): warning CS8603: Possible null reference return. [F:\Berry-Work\dev\DiffusionTool\BerryAIGen.Toolkit\BerryAIGen.Toolkit_b3ao1qf4_wpftmp.csproj]
F:\Berry-Work\dev\DiffusionTool\BerryAIGen.Toolkit\Pages\Search.xaml.cs(707,40): warning CS8604: Possible null reference argument for parameter 'obj' in 'void Action<ImageViewModel>.Invoke(ImageViewModel obj)'. [F:\Berry-Work\dev\DiffusionTool\BerryAIGen.Toolkit\BerryAIGen.Toolkit_b3ao1qf4_wpftmp.csproj]
F:\Berry-Work\dev\DiffusionTool\BerryAIGen.Toolkit\Services\SearchService.cs(36,12): warning CS8618: Non-nullable event 'SortBy' must contain a non-null value when exiting constructor. Consider adding the 'required' modifier or declaring the event as nullable. [F:\Berry-Work\dev\DiffusionTool\BerryAIGen.Toolkit\BerryAIGen.Toolkit_b3ao1qf4_wpftmp.csproj]
F:\Berry-Work\dev\DiffusionTool\BerryAIGen.Toolkit\Services\SearchService.cs(36,12): warning CS8618: Non-nullable event 'SortOrder' must contain a non-null value when exiting constructor. Consider adding the 'required' modifier or declaring the event as nullable. [F:\Berry-Work\dev\DiffusionTool\BerryAIGen.Toolkit\BerryAIGen.Toolkit_b3ao1qf4_wpftmp.csproj]
F:\Berry-Work\dev\DiffusionTool\BerryAIGen.Toolkit\Services\SearchService.cs(36,12): warning CS8618: Non-nullable event 'SearchFilter' must contain a non-null value when exiting constructor. Consider adding the 'required' modifier or declaring the event as nullable. [F:\Berry-Work\dev\DiffusionTool\BerryAIGen.Toolkit\BerryAIGen.Toolkit_b3ao1qf4_wpftmp.csproj]
F:\Berry-Work\dev\DiffusionTool\BerryAIGen.Toolkit\Services\SearchService.cs(36,12): warning CS8618: Non-nullable event 'OpenFolder' must contain a non-null value when exiting constructor. Consider adding the 'required' modifier or declaring the event as nullable. [F:\Berry-Work\dev\DiffusionTool\BerryAIGen.Toolkit\BerryAIGen.Toolkit_b3ao1qf4_wpftmp.csproj]
F:\Berry-Work\dev\DiffusionTool\BerryAIGen.Toolkit\Services\SearchService.cs(36,12): warning CS8618: Non-nullable event 'OpenPath' must contain a non-null value when exiting constructor. Consider adding the 'required' modifier or declaring the event as nullable. [F:\Berry-Work\dev\DiffusionTool\BerryAIGen.Toolkit\BerryAIGen.Toolkit_b3ao1qf4_wpftmp.csproj]
F:\Berry-Work\dev\DiffusionTool\BerryAIGen.Toolkit\Services\SearchService.cs(36,12): warning CS8618: Non-nullable event 'Search' must contain a non-null value when exiting constructor. Consider adding the 'required' modifier or declaring the event as nullable. [F:\Berry-Work\dev\DiffusionTool\BerryAIGen.Toolkit\BerryAIGen.Toolkit_b3ao1qf4_wpftmp.csproj]
F:\Berry-Work\dev\DiffusionTool\BerryAIGen.Toolkit\Services\SearchService.cs(36,12): warning CS8618: Non-nullable event 'Refresh' must contain a non-null value when exiting constructor. Consider adding the 'required' modifier or declaring the event as nullable. [F:\Berry-Work\dev\DiffusionTool\BerryAIGen.Toolkit\BerryAIGen.Toolkit_b3ao1qf4_wpftmp.csproj]
F:\Berry-Work\dev\DiffusionTool\BerryAIGen.Toolkit\Services\SearchService.cs(36,12): warning CS8618: Non-nullable event 'View' must contain a non-null value when exiting constructor. Consider adding the 'required' modifier or declaring the event as nullable. [F:\Berry-Work\dev\DiffusionTool\BerryAIGen.Toolkit\BerryAIGen.Toolkit_b3ao1qf4_wpftmp.csproj]
F:\Berry-Work\dev\DiffusionTool\BerryAIGen.Toolkit\Services\ServiceLocator.cs(53,30): warning CS8618: Non-nullable property 'Dispatcher' must contain a non-null value when exiting constructor. Consider adding the 'required' modifier or declaring the property as nullable. [F:\Berry-Work\dev\DiffusionTool\BerryAIGen.Toolkit\BerryAIGen.Toolkit_b3ao1qf4_wpftmp.csproj]
F:\Berry-Work\dev\DiffusionTool\BerryAIGen.Toolkit\Services\FolderService.cs(175,62): warning CS8602: Dereference of a possibly null reference. [F:\Berry-Work\dev\DiffusionTool\BerryAIGen.Toolkit\BerryAIGen.Toolkit_b3ao1qf4_wpftmp.csproj]
F:\Berry-Work\dev\DiffusionTool\BerryAIGen.Toolkit\Services\FolderService.cs(182,58): warning CS8602: Dereference of a possibly null reference. [F:\Berry-Work\dev\DiffusionTool\BerryAIGen.Toolkit\BerryAIGen.Toolkit_b3ao1qf4_wpftmp.csproj]
F:\Berry-Work\dev\DiffusionTool\BerryAIGen.Toolkit\Services\FolderService.cs(187,56): warning CS8602: Dereference of a possibly null reference. [F:\Berry-Work\dev\DiffusionTool\BerryAIGen.Toolkit\BerryAIGen.Toolkit_b3ao1qf4_wpftmp.csproj]
F:\Berry-Work\dev\DiffusionTool\BerryAIGen.Toolkit\Services\FolderService.cs(196,70): warning CS8602: Dereference of a possibly null reference. [F:\Berry-Work\dev\DiffusionTool\BerryAIGen.Toolkit\BerryAIGen.Toolkit_b3ao1qf4_wpftmp.csproj]
F:\Berry-Work\dev\DiffusionTool\BerryAIGen.Toolkit\Services\FileService.cs(260,39): warning CS8602: Dereference of a possibly null reference. [F:\Berry-Work\dev\DiffusionTool\BerryAIGen.Toolkit\BerryAIGen.Toolkit_b3ao1qf4_wpftmp.csproj]
F:\Berry-Work\dev\DiffusionTool\BerryAIGen.Toolkit\Services\FileService.cs(326,29): warning CS8602: Dereference of a possibly null reference. [F:\Berry-Work\dev\DiffusionTool\BerryAIGen.Toolkit\BerryAIGen.Toolkit_b3ao1qf4_wpftmp.csproj]
F:\Berry-Work\dev\DiffusionTool\BerryAIGen.Toolkit\Services\FileService.cs(330,21): warning CS8602: Dereference of a possibly null reference. [F:\Berry-Work\dev\DiffusionTool\BerryAIGen.Toolkit\BerryAIGen.Toolkit_b3ao1qf4_wpftmp.csproj]
F:\Berry-Work\dev\DiffusionTool\BerryAIGen.Toolkit\Pages\Search.xaml.cs(759,17): warning CS8602: Dereference of a possibly null reference. [F:\Berry-Work\dev\DiffusionTool\BerryAIGen.Toolkit\BerryAIGen.Toolkit_b3ao1qf4_wpftmp.csproj]
F:\Berry-Work\dev\DiffusionTool\BerryAIGen.Toolkit\Services\FolderService.cs(204,72): warning CS8602: Dereference of a possibly null reference. [F:\Berry-Work\dev\DiffusionTool\BerryAIGen.Toolkit\BerryAIGen.Toolkit_b3ao1qf4_wpftmp.csproj]
F:\Berry-Work\dev\DiffusionTool\BerryAIGen.Toolkit\Services\FileService.cs(354,16): warning CS8602: Dereference of a possibly null reference. [F:\Berry-Work\dev\DiffusionTool\BerryAIGen.Toolkit\BerryAIGen.Toolkit_b3ao1qf4_wpftmp.csproj]
F:\Berry-Work\dev\DiffusionTool\BerryAIGen.Toolkit\Services\FolderService.cs(212,64): warning CS8602: Dereference of a possibly null reference. [F:\Berry-Work\dev\DiffusionTool\BerryAIGen.Toolkit\BerryAIGen.Toolkit_b3ao1qf4_wpftmp.csproj]
F:\Berry-Work\dev\DiffusionTool\BerryAIGen.Toolkit\Thumbnails\ThumbnailService.cs(433,30): warning CS8600: Converting null literal or possible null value to non-nullable type. [F:\Berry-Work\dev\DiffusionTool\BerryAIGen.Toolkit\BerryAIGen.Toolkit_b3ao1qf4_wpftmp.csproj]
F:\Berry-Work\dev\DiffusionTool\BerryAIGen.Toolkit\MainWindow.xaml.cs(370,52): warning CS8625: Cannot convert null literal to non-nullable reference type. [F:\Berry-Work\dev\DiffusionTool\BerryAIGen.Toolkit\BerryAIGen.Toolkit_b3ao1qf4_wpftmp.csproj]
F:\Berry-Work\dev\DiffusionTool\BerryAIGen.Toolkit\Services\ScanningService.cs(24,82): warning CS8625: Cannot convert null literal to non-nullable reference type. [F:\Berry-Work\dev\DiffusionTool\BerryAIGen.Toolkit\BerryAIGen.Toolkit_b3ao1qf4_wpftmp.csproj]
F:\Berry-Work\dev\DiffusionTool\BerryAIGen.Toolkit\Services\FolderService.cs(220,92): warning CS8602: Dereference of a possibly null reference. [F:\Berry-Work\dev\DiffusionTool\BerryAIGen.Toolkit\BerryAIGen.Toolkit_b3ao1qf4_wpftmp.csproj]
F:\Berry-Work\dev\DiffusionTool\BerryAIGen.Toolkit\Services\FolderService.cs(229,59): warning CS8604: Possible null reference argument for parameter 'item' in 'bool HashSet<string>.Contains(string item)'. [F:\Berry-Work\dev\DiffusionTool\BerryAIGen.Toolkit\BerryAIGen.Toolkit_b3ao1qf4_wpftmp.csproj]
F:\Berry-Work\dev\DiffusionTool\BerryAIGen.Toolkit\Services\RecordJob.cs(9,27): warning CS8618: Non-nullable property 'FileParameters' must contain a non-null value when exiting constructor. Consider adding the 'required' modifier or declaring the property as nullable. [F:\Berry-Work\dev\DiffusionTool\BerryAIGen.Toolkit\BerryAIGen.Toolkit_b3ao1qf4_wpftmp.csproj]
F:\Berry-Work\dev\DiffusionTool\BerryAIGen.Toolkit\Services\ScanningEventArgs.cs(9,19): warning CS8618: Non-nullable property 'Message' must contain a non-null value when exiting constructor. Consider adding the 'required' modifier or declaring the property as nullable. [F:\Berry-Work\dev\DiffusionTool\BerryAIGen.Toolkit\BerryAIGen.Toolkit_b3ao1qf4_wpftmp.csproj]
F:\Berry-Work\dev\DiffusionTool\BerryAIGen.Toolkit\Services\ProgressService.cs(23,82): warning CS8625: Cannot convert null literal to non-nullable reference type. [F:\Berry-Work\dev\DiffusionTool\BerryAIGen.Toolkit\BerryAIGen.Toolkit_b3ao1qf4_wpftmp.csproj]
F:\Berry-Work\dev\DiffusionTool\BerryAIGen.Toolkit\Services\ProgressService.cs(26,12): warning CS8618: Non-nullable field '_progressCancellationTokenSource' must contain a non-null value when exiting constructor. Consider adding the 'required' modifier or declaring the field as nullable. [F:\Berry-Work\dev\DiffusionTool\BerryAIGen.Toolkit\BerryAIGen.Toolkit_b3ao1qf4_wpftmp.csproj]
F:\Berry-Work\dev\DiffusionTool\BerryAIGen.Toolkit\Services\NotificationService.cs(9,43): warning CS8618: Non-nullable event 'Notify' must contain a non-null value when exiting constructor. Consider adding the 'required' modifier or declaring the event as nullable. [F:\Berry-Work\dev\DiffusionTool\BerryAIGen.Toolkit\BerryAIGen.Toolkit_b3ao1qf4_wpftmp.csproj]
F:\Berry-Work\dev\DiffusionTool\BerryAIGen.Toolkit\Services\ProgressService.cs(35,13): warning CS8602: Dereference of a possibly null reference. [F:\Berry-Work\dev\DiffusionTool\BerryAIGen.Toolkit\BerryAIGen.Toolkit_b3ao1qf4_wpftmp.csproj]
F:\Berry-Work\dev\DiffusionTool\BerryAIGen.Toolkit\Services\ScanningService.cs(33,13): warning CS8602: Dereference of a possibly null reference. [F:\Berry-Work\dev\DiffusionTool\BerryAIGen.Toolkit\BerryAIGen.Toolkit_b3ao1qf4_wpftmp.csproj]
F:\Berry-Work\dev\DiffusionTool\BerryAIGen.Toolkit\Services\PreviewService.cs(12,20): warning CS8618: Non-nullable field '_owner' must contain a non-null value when exiting constructor. Consider adding the 'required' modifier or declaring the field as nullable. [F:\Berry-Work\dev\DiffusionTool\BerryAIGen.Toolkit\BerryAIGen.Toolkit_b3ao1qf4_wpftmp.csproj]
F:\Berry-Work\dev\DiffusionTool\BerryAIGen.Toolkit\Services\FolderService.cs(251,27): warning CS8602: Dereference of a possibly null reference. [F:\Berry-Work\dev\DiffusionTool\BerryAIGen.Toolkit\BerryAIGen.Toolkit_b3ao1qf4_wpftmp.csproj]
F:\Berry-Work\dev\DiffusionTool\BerryAIGen.Toolkit\Services\ProgressService.cs(48,17): warning CS8602: Dereference of a possibly null reference. [F:\Berry-Work\dev\DiffusionTool\BerryAIGen.Toolkit\BerryAIGen.Toolkit_b3ao1qf4_wpftmp.csproj]
F:\Berry-Work\dev\DiffusionTool\BerryAIGen.Toolkit\Services\ProgressService.cs(50,23): warning CS8602: Dereference of a possibly null reference. [F:\Berry-Work\dev\DiffusionTool\BerryAIGen.Toolkit\BerryAIGen.Toolkit_b3ao1qf4_wpftmp.csproj]
F:\Berry-Work\dev\DiffusionTool\BerryAIGen.Toolkit\Services\ProgressService.cs(70,13): warning CS8602: Dereference of a possibly null reference. [F:\Berry-Work\dev\DiffusionTool\BerryAIGen.Toolkit\BerryAIGen.Toolkit_b3ao1qf4_wpftmp.csproj]
F:\Berry-Work\dev\DiffusionTool\BerryAIGen.Toolkit\Services\ProgressService.cs(76,16): warning CS8602: Dereference of a possibly null reference. [F:\Berry-Work\dev\DiffusionTool\BerryAIGen.Toolkit\BerryAIGen.Toolkit_b3ao1qf4_wpftmp.csproj]
F:\Berry-Work\dev\DiffusionTool\BerryAIGen.Toolkit\Services\ProgressService.cs(89,34): warning CS8602: Dereference of a possibly null reference. [F:\Berry-Work\dev\DiffusionTool\BerryAIGen.Toolkit\BerryAIGen.Toolkit_b3ao1qf4_wpftmp.csproj]
F:\Berry-Work\dev\DiffusionTool\BerryAIGen.Toolkit\Services\ScanningService.cs(165,25): warning CS4014: Because this call is not awaited, execution of the current method continues before the call is completed. Consider applying the 'await' operator to the result of the call. [F:\Berry-Work\dev\DiffusionTool\BerryAIGen.Toolkit\BerryAIGen.Toolkit_b3ao1qf4_wpftmp.csproj]
F:\Berry-Work\dev\DiffusionTool\BerryAIGen.Toolkit\Services\ScanningService.cs(156,44): warning CS8602: Dereference of a possibly null reference. [F:\Berry-Work\dev\DiffusionTool\BerryAIGen.Toolkit\BerryAIGen.Toolkit_b3ao1qf4_wpftmp.csproj]
F:\Berry-Work\dev\DiffusionTool\BerryAIGen.Toolkit\Services\ScanningService.cs(164,25): warning CS8602: Dereference of a possibly null reference. [F:\Berry-Work\dev\DiffusionTool\BerryAIGen.Toolkit\BerryAIGen.Toolkit_b3ao1qf4_wpftmp.csproj]
F:\Berry-Work\dev\DiffusionTool\BerryAIGen.Toolkit\Services\ProgressService.cs(104,13): warning CS8602: Dereference of a possibly null reference. [F:\Berry-Work\dev\DiffusionTool\BerryAIGen.Toolkit\BerryAIGen.Toolkit_b3ao1qf4_wpftmp.csproj]
F:\Berry-Work\dev\DiffusionTool\BerryAIGen.Toolkit\Services\ProgressService.cs(113,13): warning CS8602: Dereference of a possibly null reference. [F:\Berry-Work\dev\DiffusionTool\BerryAIGen.Toolkit\BerryAIGen.Toolkit_b3ao1qf4_wpftmp.csproj]
F:\Berry-Work\dev\DiffusionTool\BerryAIGen.Toolkit\Services\ProgressService.cs(123,13): warning CS8602: Dereference of a possibly null reference. [F:\Berry-Work\dev\DiffusionTool\BerryAIGen.Toolkit\BerryAIGen.Toolkit_b3ao1qf4_wpftmp.csproj]
F:\Berry-Work\dev\DiffusionTool\BerryAIGen.Toolkit\Services\ProgressService.cs(131,13): warning CS8602: Dereference of a possibly null reference. [F:\Berry-Work\dev\DiffusionTool\BerryAIGen.Toolkit\BerryAIGen.Toolkit_b3ao1qf4_wpftmp.csproj]
F:\Berry-Work\dev\DiffusionTool\BerryAIGen.Toolkit\Services\ProgressService.cs(149,13): warning CS8602: Dereference of a possibly null reference. [F:\Berry-Work\dev\DiffusionTool\BerryAIGen.Toolkit\BerryAIGen.Toolkit_b3ao1qf4_wpftmp.csproj]
F:\Berry-Work\dev\DiffusionTool\BerryAIGen.Toolkit\Services\ProgressService.cs(161,13): warning CS8602: Dereference of a possibly null reference. [F:\Berry-Work\dev\DiffusionTool\BerryAIGen.Toolkit\BerryAIGen.Toolkit_b3ao1qf4_wpftmp.csproj]
F:\Berry-Work\dev\DiffusionTool\BerryAIGen.Toolkit\Services\MetadataScannerService.cs(201,39): warning CS8602: Dereference of a possibly null reference. [F:\Berry-Work\dev\DiffusionTool\BerryAIGen.Toolkit\BerryAIGen.Toolkit_b3ao1qf4_wpftmp.csproj]
F:\Berry-Work\dev\DiffusionTool\BerryAIGen.Toolkit\Services\MetadataScannerService.cs(201,81): warning CS8602: Dereference of a possibly null reference. [F:\Berry-Work\dev\DiffusionTool\BerryAIGen.Toolkit\BerryAIGen.Toolkit_b3ao1qf4_wpftmp.csproj]
F:\Berry-Work\dev\DiffusionTool\BerryAIGen.Toolkit\Services\MetadataScannerService.cs(201,81): warning CS8604: Possible null reference argument for parameter 'hash' in 'IReadOnlyCollection<HashMatch> DataStore.GetImageIdByHash(string hash)'. [F:\Berry-Work\dev\DiffusionTool\BerryAIGen.Toolkit\BerryAIGen.Toolkit_b3ao1qf4_wpftmp.csproj]
F:\Berry-Work\dev\DiffusionTool\BerryAIGen.Toolkit\Services\ScanningService.cs(227,86): warning CS8625: Cannot convert null literal to non-nullable reference type. [F:\Berry-Work\dev\DiffusionTool\BerryAIGen.Toolkit\BerryAIGen.Toolkit_b3ao1qf4_wpftmp.csproj]
F:\Berry-Work\dev\DiffusionTool\BerryAIGen.Toolkit\Services\ScanningService.cs(232,19): warning CS8602: Dereference of a possibly null reference. [F:\Berry-Work\dev\DiffusionTool\BerryAIGen.Toolkit\BerryAIGen.Toolkit_b3ao1qf4_wpftmp.csproj]
F:\Berry-Work\dev\DiffusionTool\BerryAIGen.Toolkit\Services\ScanningService.cs(181,14): warning CS0219: The variable 'foldersUnavailable' is assigned but its value is never used [F:\Berry-Work\dev\DiffusionTool\BerryAIGen.Toolkit\BerryAIGen.Toolkit_b3ao1qf4_wpftmp.csproj]
F:\Berry-Work\dev\DiffusionTool\BerryAIGen.Toolkit\Services\ScanningService.cs(182,14): warning CS0219: The variable 'foldersRestored' is assigned but its value is never used [F:\Berry-Work\dev\DiffusionTool\BerryAIGen.Toolkit\BerryAIGen.Toolkit_b3ao1qf4_wpftmp.csproj]
F:\Berry-Work\dev\DiffusionTool\BerryAIGen.Toolkit\Services\ScanningService.cs(184,13): warning CS0219: The variable 'unavailable' is assigned but its value is never used [F:\Berry-Work\dev\DiffusionTool\BerryAIGen.Toolkit\BerryAIGen.Toolkit_b3ao1qf4_wpftmp.csproj]
F:\Berry-Work\dev\DiffusionTool\BerryAIGen.Toolkit\Services\ScanningService.cs(185,13): warning CS0219: The variable 'added' is assigned but its value is never used [F:\Berry-Work\dev\DiffusionTool\BerryAIGen.Toolkit\BerryAIGen.Toolkit_b3ao1qf4_wpftmp.csproj]
F:\Berry-Work\dev\DiffusionTool\BerryAIGen.Toolkit\Services\ProgressService.cs(170,13): warning CS8602: Dereference of a possibly null reference. [F:\Berry-Work\dev\DiffusionTool\BerryAIGen.Toolkit\BerryAIGen.Toolkit_b3ao1qf4_wpftmp.csproj]
F:\Berry-Work\dev\DiffusionTool\BerryAIGen.Toolkit\Services\ProgressService.cs(178,13): warning CS8602: Dereference of a possibly null reference. [F:\Berry-Work\dev\DiffusionTool\BerryAIGen.Toolkit\BerryAIGen.Toolkit_b3ao1qf4_wpftmp.csproj]
F:\Berry-Work\dev\DiffusionTool\BerryAIGen.Toolkit\Services\FolderService.cs(275,27): warning CS8602: Dereference of a possibly null reference. [F:\Berry-Work\dev\DiffusionTool\BerryAIGen.Toolkit\BerryAIGen.Toolkit_b3ao1qf4_wpftmp.csproj]
F:\Berry-Work\dev\DiffusionTool\BerryAIGen.Toolkit\Services\FolderService.cs(279,25): warning CS8602: Dereference of a possibly null reference. [F:\Berry-Work\dev\DiffusionTool\BerryAIGen.Toolkit\BerryAIGen.Toolkit_b3ao1qf4_wpftmp.csproj]
F:\Berry-Work\dev\DiffusionTool\BerryAIGen.Toolkit\Services\MetadataScannerService.cs(264,25): warning CS8602: Dereference of a possibly null reference. [F:\Berry-Work\dev\DiffusionTool\BerryAIGen.Toolkit\BerryAIGen.Toolkit_b3ao1qf4_wpftmp.csproj]
F:\Berry-Work\dev\DiffusionTool\BerryAIGen.Toolkit\Services\MetadataScannerService.cs(266,43): warning CS8602: Dereference of a possibly null reference. [F:\Berry-Work\dev\DiffusionTool\BerryAIGen.Toolkit\BerryAIGen.Toolkit_b3ao1qf4_wpftmp.csproj]
F:\Berry-Work\dev\DiffusionTool\BerryAIGen.Toolkit\Services\MetadataScannerService.cs(283,25): warning CS8602: Dereference of a possibly null reference. [F:\Berry-Work\dev\DiffusionTool\BerryAIGen.Toolkit\BerryAIGen.Toolkit_b3ao1qf4_wpftmp.csproj]
F:\Berry-Work\dev\DiffusionTool\BerryAIGen.Toolkit\Services\MetadataScannerService.cs(25,34): warning CS8618: Non-nullable field '_channel' must contain a non-null value when exiting constructor. Consider adding the 'required' modifier or declaring the field as nullable. [F:\Berry-Work\dev\DiffusionTool\BerryAIGen.Toolkit\BerryAIGen.Toolkit_b3ao1qf4_wpftmp.csproj]
F:\Berry-Work\dev\DiffusionTool\BerryAIGen.Toolkit\Services\MetadataScannerService.cs(28,37): warning CS8618: Non-nullable field '_cancellationTokenSource' must contain a non-null value when exiting constructor. Consider adding the 'required' modifier or declaring the field as nullable. [F:\Berry-Work\dev\DiffusionTool\BerryAIGen.Toolkit\BerryAIGen.Toolkit_b3ao1qf4_wpftmp.csproj]
F:\Berry-Work\dev\DiffusionTool\BerryAIGen.Toolkit\Services\MetadataScannerService.cs(130,23): warning CS8618: Non-nullable field '_currentTask' must contain a non-null value when exiting constructor. Consider adding the 'required' modifier or declaring the field as nullable. [F:\Berry-Work\dev\DiffusionTool\BerryAIGen.Toolkit\BerryAIGen.Toolkit_b3ao1qf4_wpftmp.csproj]
F:\Berry-Work\dev\DiffusionTool\BerryAIGen.Toolkit\Services\FolderService.cs(382,35): warning CS8602: Dereference of a possibly null reference. [F:\Berry-Work\dev\DiffusionTool\BerryAIGen.Toolkit\BerryAIGen.Toolkit_b3ao1qf4_wpftmp.csproj]
F:\Berry-Work\dev\DiffusionTool\BerryAIGen.Toolkit\Services\FolderService.cs(387,41): warning CS8604: Possible null reference argument for parameter 'source' in 'FolderViewModel? Enumerable.FirstOrDefault<FolderViewModel>(IEnumerable<FolderViewModel> source, Func<FolderViewModel, bool> predicate)'. [F:\Berry-Work\dev\DiffusionTool\BerryAIGen.Toolkit\BerryAIGen.Toolkit_b3ao1qf4_wpftmp.csproj]
F:\Berry-Work\dev\DiffusionTool\BerryAIGen.Toolkit\Services\FolderService.cs(402,39): warning CS8604: Possible null reference argument for parameter 'source' in 'List<FolderViewModel> Enumerable.ToList<FolderViewModel>(IEnumerable<FolderViewModel> source)'. [F:\Berry-Work\dev\DiffusionTool\BerryAIGen.Toolkit\BerryAIGen.Toolkit_b3ao1qf4_wpftmp.csproj]
F:\Berry-Work\dev\DiffusionTool\BerryAIGen.Toolkit\Controls\ThumbnailView.xaml.Page.cs(142,21): warning CS8602: Dereference of a possibly null reference. [F:\Berry-Work\dev\DiffusionTool\BerryAIGen.Toolkit\BerryAIGen.Toolkit_b3ao1qf4_wpftmp.csproj]
F:\Berry-Work\dev\DiffusionTool\BerryAIGen.Toolkit\Services\FolderService.cs(440,26): warning CS8602: Dereference of a possibly null reference. [F:\Berry-Work\dev\DiffusionTool\BerryAIGen.Toolkit\BerryAIGen.Toolkit_b3ao1qf4_wpftmp.csproj]
F:\Berry-Work\dev\DiffusionTool\BerryAIGen.Toolkit\Controls\ThumbnailView.xaml.Page.cs(167,17): warning CS4014: Because this call is not awaited, execution of the current method continues before the call is completed. Consider applying the 'await' operator to the result of the call. [F:\Berry-Work\dev\DiffusionTool\BerryAIGen.Toolkit\BerryAIGen.Toolkit_b3ao1qf4_wpftmp.csproj]
F:\Berry-Work\dev\DiffusionTool\BerryAIGen.Toolkit\Services\FolderService.cs(463,39): warning CS8602: Dereference of a possibly null reference. [F:\Berry-Work\dev\DiffusionTool\BerryAIGen.Toolkit\BerryAIGen.Toolkit_b3ao1qf4_wpftmp.csproj]
F:\Berry-Work\dev\DiffusionTool\BerryAIGen.Toolkit\Services\FolderService.cs(483,29): warning CS8602: Dereference of a possibly null reference. [F:\Berry-Work\dev\DiffusionTool\BerryAIGen.Toolkit\BerryAIGen.Toolkit_b3ao1qf4_wpftmp.csproj]
F:\Berry-Work\dev\DiffusionTool\BerryAIGen.Toolkit\Services\FolderService.cs(506,32): warning CS8602: Dereference of a possibly null reference. [F:\Berry-Work\dev\DiffusionTool\BerryAIGen.Toolkit\BerryAIGen.Toolkit_b3ao1qf4_wpftmp.csproj]
F:\Berry-Work\dev\DiffusionTool\BerryAIGen.Toolkit\Services\FolderService.cs(531,29): warning CS8602: Dereference of a possibly null reference. [F:\Berry-Work\dev\DiffusionTool\BerryAIGen.Toolkit\BerryAIGen.Toolkit_b3ao1qf4_wpftmp.csproj]
F:\Berry-Work\dev\DiffusionTool\BerryAIGen.Toolkit\Services\FolderService.cs(587,35): warning CS8602: Dereference of a possibly null reference. [F:\Berry-Work\dev\DiffusionTool\BerryAIGen.Toolkit\BerryAIGen.Toolkit_b3ao1qf4_wpftmp.csproj]
F:\Berry-Work\dev\DiffusionTool\BerryAIGen.Toolkit\Pages\Search.xaml.cs(793,30): warning CS8604: Possible null reference argument for parameter 'source' in 'IEnumerable<ModelViewModel> Enumerable.Where<ModelViewModel>(IEnumerable<ModelViewModel> source, Func<ModelViewModel, bool> predicate)'. [F:\Berry-Work\dev\DiffusionTool\BerryAIGen.Toolkit\BerryAIGen.Toolkit_b3ao1qf4_wpftmp.csproj]
F:\Berry-Work\dev\DiffusionTool\BerryAIGen.Toolkit\Pages\Search.xaml.cs(800,21): warning CS8602: Dereference of a possibly null reference. [F:\Berry-Work\dev\DiffusionTool\BerryAIGen.Toolkit\BerryAIGen.Toolkit_b3ao1qf4_wpftmp.csproj]
F:\Berry-Work\dev\DiffusionTool\BerryAIGen.Toolkit\Pages\Search.xaml.cs(840,41): warning CS8601: Possible null reference assignment. [F:\Berry-Work\dev\DiffusionTool\BerryAIGen.Toolkit\BerryAIGen.Toolkit_b3ao1qf4_wpftmp.csproj]
F:\Berry-Work\dev\DiffusionTool\BerryAIGen.Toolkit\Pages\Search.xaml.cs(844,25): warning CS8602: Dereference of a possibly null reference. [F:\Berry-Work\dev\DiffusionTool\BerryAIGen.Toolkit\BerryAIGen.Toolkit_b3ao1qf4_wpftmp.csproj]
F:\Berry-Work\dev\DiffusionTool\BerryAIGen.Toolkit\Pages\Search.xaml.cs(909,60): warning CS8619: Nullability of reference types in value of type 'List<string>' doesn't match target type 'List<string?>'. [F:\Berry-Work\dev\DiffusionTool\BerryAIGen.Toolkit\BerryAIGen.Toolkit_b3ao1qf4_wpftmp.csproj]
F:\Berry-Work\dev\DiffusionTool\BerryAIGen.Toolkit\Pages\Search.xaml.cs(915,37): warning CS8602: Dereference of a possibly null reference. [F:\Berry-Work\dev\DiffusionTool\BerryAIGen.Toolkit\BerryAIGen.Toolkit_b3ao1qf4_wpftmp.csproj]
F:\Berry-Work\dev\DiffusionTool\BerryAIGen.Toolkit\Pages\Search.xaml.cs(928,48): warning CS8602: Dereference of a possibly null reference. [F:\Berry-Work\dev\DiffusionTool\BerryAIGen.Toolkit\BerryAIGen.Toolkit_b3ao1qf4_wpftmp.csproj]
F:\Berry-Work\dev\DiffusionTool\BerryAIGen.Toolkit\Pages\Search.xaml.cs(969,25): warning CS8602: Dereference of a possibly null reference. [F:\Berry-Work\dev\DiffusionTool\BerryAIGen.Toolkit\BerryAIGen.Toolkit_b3ao1qf4_wpftmp.csproj]
F:\Berry-Work\dev\DiffusionTool\BerryAIGen.Toolkit\Pages\Search.xaml.cs(977,17): warning CS8602: Dereference of a possibly null reference. [F:\Berry-Work\dev\DiffusionTool\BerryAIGen.Toolkit\BerryAIGen.Toolkit_b3ao1qf4_wpftmp.csproj]
F:\Berry-Work\dev\DiffusionTool\BerryAIGen.Toolkit\Pages\Search.xaml.cs(985,20): warning CS8602: Dereference of a possibly null reference. [F:\Berry-Work\dev\DiffusionTool\BerryAIGen.Toolkit\BerryAIGen.Toolkit_b3ao1qf4_wpftmp.csproj]
F:\Berry-Work\dev\DiffusionTool\BerryAIGen.Toolkit\Pages\Search.xaml.cs(986,20): warning CS8602: Dereference of a possibly null reference. [F:\Berry-Work\dev\DiffusionTool\BerryAIGen.Toolkit\BerryAIGen.Toolkit_b3ao1qf4_wpftmp.csproj]
F:\Berry-Work\dev\DiffusionTool\BerryAIGen.Toolkit\Pages\Search.xaml.cs(1006,17): warning CS8602: Dereference of a possibly null reference. [F:\Berry-Work\dev\DiffusionTool\BerryAIGen.Toolkit\BerryAIGen.Toolkit_b3ao1qf4_wpftmp.csproj]
F:\Berry-Work\dev\DiffusionTool\BerryAIGen.Toolkit\Pages\Search.xaml.cs(1012,17): warning CS8602: Dereference of a possibly null reference. [F:\Berry-Work\dev\DiffusionTool\BerryAIGen.Toolkit\BerryAIGen.Toolkit_b3ao1qf4_wpftmp.csproj]
F:\Berry-Work\dev\DiffusionTool\BerryAIGen.Toolkit\Pages\Search.xaml.cs(1018,17): warning CS8602: Dereference of a possibly null reference. [F:\Berry-Work\dev\DiffusionTool\BerryAIGen.Toolkit\BerryAIGen.Toolkit_b3ao1qf4_wpftmp.csproj]
F:\Berry-Work\dev\DiffusionTool\BerryAIGen.Toolkit\Services\FolderService.cs(606,58): warning CS8604: Possible null reference argument for parameter 'second' in 'IEnumerable<FolderViewModel> Enumerable.Except<FolderViewModel>(IEnumerable<FolderViewModel> first, IEnumerable<FolderViewModel> second)'. [F:\Berry-Work\dev\DiffusionTool\BerryAIGen.Toolkit\BerryAIGen.Toolkit_b3ao1qf4_wpftmp.csproj]
F:\Berry-Work\dev\DiffusionTool\BerryAIGen.Toolkit\Services\FolderService.cs(609,39): warning CS8602: Dereference of a possibly null reference. [F:\Berry-Work\dev\DiffusionTool\BerryAIGen.Toolkit\BerryAIGen.Toolkit_b3ao1qf4_wpftmp.csproj]
F:\Berry-Work\dev\DiffusionTool\BerryAIGen.Toolkit\Services\FolderService.cs(627,39): warning CS8602: Dereference of a possibly null reference. [F:\Berry-Work\dev\DiffusionTool\BerryAIGen.Toolkit\BerryAIGen.Toolkit_b3ao1qf4_wpftmp.csproj]
F:\Berry-Work\dev\DiffusionTool\BerryAIGen.Toolkit\Services\FolderService.cs(661,47): warning CS0168: The variable 'ex' is declared but never used [F:\Berry-Work\dev\DiffusionTool\BerryAIGen.Toolkit\BerryAIGen.Toolkit_b3ao1qf4_wpftmp.csproj]
F:\Berry-Work\dev\DiffusionTool\BerryAIGen.Toolkit\Services\FolderService.cs(674,30): warning CS8602: Dereference of a possibly null reference. [F:\Berry-Work\dev\DiffusionTool\BerryAIGen.Toolkit\BerryAIGen.Toolkit_b3ao1qf4_wpftmp.csproj]
F:\Berry-Work\dev\DiffusionTool\BerryAIGen.Toolkit\Pages\Search.xaml.cs(1083,27): warning CS8602: Dereference of a possibly null reference. [F:\Berry-Work\dev\DiffusionTool\BerryAIGen.Toolkit\BerryAIGen.Toolkit_b3ao1qf4_wpftmp.csproj]
F:\Berry-Work\dev\DiffusionTool\BerryAIGen.Toolkit\Pages\Search.xaml.cs(1090,38): warning CS8602: Dereference of a possibly null reference. [F:\Berry-Work\dev\DiffusionTool\BerryAIGen.Toolkit\BerryAIGen.Toolkit_b3ao1qf4_wpftmp.csproj]
F:\Berry-Work\dev\DiffusionTool\BerryAIGen.Toolkit\Pages\Search.xaml.cs(1103,45): warning CS8602: Dereference of a possibly null reference. [F:\Berry-Work\dev\DiffusionTool\BerryAIGen.Toolkit\BerryAIGen.Toolkit_b3ao1qf4_wpftmp.csproj]
F:\Berry-Work\dev\DiffusionTool\BerryAIGen.Toolkit\Pages\Search.xaml.cs(1161,61): warning CS8604: Possible null reference argument for parameter 'workflowId' in 'IReadOnlyCollection<Node>? ComfyUIParser.Parse(string workflowId, string? workflow)'. [F:\Berry-Work\dev\DiffusionTool\BerryAIGen.Toolkit\BerryAIGen.Toolkit_b3ao1qf4_wpftmp.csproj]
F:\Berry-Work\dev\DiffusionTool\BerryAIGen.Toolkit\Pages\Search.xaml.cs(1161,48): warning CS8601: Possible null reference assignment. [F:\Berry-Work\dev\DiffusionTool\BerryAIGen.Toolkit\BerryAIGen.Toolkit_b3ao1qf4_wpftmp.csproj]
F:\Berry-Work\dev\DiffusionTool\BerryAIGen.Toolkit\Pages\Search.xaml.cs(1214,17): warning CS8602: Dereference of a possibly null reference. [F:\Berry-Work\dev\DiffusionTool\BerryAIGen.Toolkit\BerryAIGen.Toolkit_b3ao1qf4_wpftmp.csproj]
F:\Berry-Work\dev\DiffusionTool\BerryAIGen.Toolkit\Pages\Search.xaml.cs(1218,17): warning CS8602: Dereference of a possibly null reference. [F:\Berry-Work\dev\DiffusionTool\BerryAIGen.Toolkit\BerryAIGen.Toolkit_b3ao1qf4_wpftmp.csproj]
F:\Berry-Work\dev\DiffusionTool\BerryAIGen.Toolkit\Services\FolderService.cs(719,13): warning CS8602: Dereference of a possibly null reference. [F:\Berry-Work\dev\DiffusionTool\BerryAIGen.Toolkit\BerryAIGen.Toolkit_b3ao1qf4_wpftmp.csproj]
F:\Berry-Work\dev\DiffusionTool\BerryAIGen.Toolkit\Services\FolderService.cs(729,36): warning CS8602: Dereference of a possibly null reference. [F:\Berry-Work\dev\DiffusionTool\BerryAIGen.Toolkit\BerryAIGen.Toolkit_b3ao1qf4_wpftmp.csproj]
F:\Berry-Work\dev\DiffusionTool\BerryAIGen.Toolkit\Services\FolderService.cs(745,98): warning CS8625: Cannot convert null literal to non-nullable reference type. [F:\Berry-Work\dev\DiffusionTool\BerryAIGen.Toolkit\BerryAIGen.Toolkit_b3ao1qf4_wpftmp.csproj]
F:\Berry-Work\dev\DiffusionTool\BerryAIGen.Toolkit\Services\FolderService.cs(818,51): warning CS8604: Possible null reference argument for parameter 'path' in 'bool FolderService.IsExcludedOrArchived(string path)'. [F:\Berry-Work\dev\DiffusionTool\BerryAIGen.Toolkit\BerryAIGen.Toolkit_b3ao1qf4_wpftmp.csproj]
F:\Berry-Work\dev\DiffusionTool\BerryAIGen.Toolkit\MainWindow.xaml.cs(689,21): warning CS4014: Because this call is not awaited, execution of the current method continues before the call is completed. Consider applying the 'await' operator to the result of the call. [F:\Berry-Work\dev\DiffusionTool\BerryAIGen.Toolkit\BerryAIGen.Toolkit_b3ao1qf4_wpftmp.csproj]
F:\Berry-Work\dev\DiffusionTool\BerryAIGen.Toolkit\MainWindow.xaml.cs(769,21): warning CS0162: Unreachable code detected [F:\Berry-Work\dev\DiffusionTool\BerryAIGen.Toolkit\BerryAIGen.Toolkit_b3ao1qf4_wpftmp.csproj]
F:\Berry-Work\dev\DiffusionTool\BerryAIGen.Toolkit\MainWindow.xaml.cs(506,48): warning CS8600: Converting null literal or possible null value to non-nullable type. [F:\Berry-Work\dev\DiffusionTool\BerryAIGen.Toolkit\BerryAIGen.Toolkit_b3ao1qf4_wpftmp.csproj]
F:\Berry-Work\dev\DiffusionTool\BerryAIGen.Toolkit\MainWindow.xaml.cs(541,45): warning CS8601: Possible null reference assignment. [F:\Berry-Work\dev\DiffusionTool\BerryAIGen.Toolkit\BerryAIGen.Toolkit_b3ao1qf4_wpftmp.csproj]
F:\Berry-Work\dev\DiffusionTool\BerryAIGen.Toolkit\MainWindow.xaml.cs(543,21): warning CS8602: Dereference of a possibly null reference. [F:\Berry-Work\dev\DiffusionTool\BerryAIGen.Toolkit\BerryAIGen.Toolkit_b3ao1qf4_wpftmp.csproj]
F:\Berry-Work\dev\DiffusionTool\BerryAIGen.Toolkit\MainWindow.xaml.cs(880,71): warning CS8604: Possible null reference argument for parameter 'source' in 'IEnumerable<FolderChange> Enumerable.Select<string, FolderChange>(IEnumerable<string> source, Func<string, FolderChange> selector)'. [F:\Berry-Work\dev\DiffusionTool\BerryAIGen.Toolkit\BerryAIGen.Toolkit_b3ao1qf4_wpftmp.csproj]
F:\Berry-Work\dev\DiffusionTool\BerryAIGen.Toolkit\MainWindow.xaml.cs(892,25): warning CS8602: Dereference of a possibly null reference. [F:\Berry-Work\dev\DiffusionTool\BerryAIGen.Toolkit\BerryAIGen.Toolkit_b3ao1qf4_wpftmp.csproj]
F:\Berry-Work\dev\DiffusionTool\BerryAIGen.Toolkit\MainWindow.xaml.cs(902,37): warning CS8602: Dereference of a possibly null reference. [F:\Berry-Work\dev\DiffusionTool\BerryAIGen.Toolkit\BerryAIGen.Toolkit_b3ao1qf4_wpftmp.csproj]
F:\Berry-Work\dev\DiffusionTool\BerryAIGen.Toolkit\MainWindow.xaml.cs(903,37): warning CS8602: Dereference of a possibly null reference. [F:\Berry-Work\dev\DiffusionTool\BerryAIGen.Toolkit\BerryAIGen.Toolkit_b3ao1qf4_wpftmp.csproj]
F:\Berry-Work\dev\DiffusionTool\BerryAIGen.Toolkit\MainWindow.xaml.cs(913,17): warning CS8602: Dereference of a possibly null reference. [F:\Berry-Work\dev\DiffusionTool\BerryAIGen.Toolkit\BerryAIGen.Toolkit_b3ao1qf4_wpftmp.csproj]
F:\Berry-Work\dev\DiffusionTool\BerryAIGen.Toolkit\MainWindow.xaml.cs(556,34): warning CS0168: The variable 'exception' is declared but never used [F:\Berry-Work\dev\DiffusionTool\BerryAIGen.Toolkit\BerryAIGen.Toolkit_b3ao1qf4_wpftmp.csproj]
F:\Berry-Work\dev\DiffusionTool\BerryAIGen.Toolkit\Services\ScanningService.cs(664,27): warning CS8602: Dereference of a possibly null reference. [F:\Berry-Work\dev\DiffusionTool\BerryAIGen.Toolkit\BerryAIGen.Toolkit_b3ao1qf4_wpftmp.csproj]
F:\Berry-Work\dev\DiffusionTool\BerryAIGen.Toolkit\Services\ScanningService.cs(683,27): warning CS8602: Dereference of a possibly null reference. [F:\Berry-Work\dev\DiffusionTool\BerryAIGen.Toolkit\BerryAIGen.Toolkit_b3ao1qf4_wpftmp.csproj]
F:\Berry-Work\dev\DiffusionTool\BerryAIGen.Toolkit\Services\ScanningService.cs(699,27): warning CS8602: Dereference of a possibly null reference. [F:\Berry-Work\dev\DiffusionTool\BerryAIGen.Toolkit\BerryAIGen.Toolkit_b3ao1qf4_wpftmp.csproj]
F:\Berry-Work\dev\DiffusionTool\BerryAIGen.Toolkit\Services\FolderService.cs(845,29): warning CS8602: Dereference of a possibly null reference. [F:\Berry-Work\dev\DiffusionTool\BerryAIGen.Toolkit\BerryAIGen.Toolkit_b3ao1qf4_wpftmp.csproj]
F:\Berry-Work\dev\DiffusionTool\BerryAIGen.Toolkit\Services\ScanningService.cs(719,13): warning CS8602: Dereference of a possibly null reference. [F:\Berry-Work\dev\DiffusionTool\BerryAIGen.Toolkit\BerryAIGen.Toolkit_b3ao1qf4_wpftmp.csproj]
F:\Berry-Work\dev\DiffusionTool\BerryAIGen.Toolkit\Services\ScanningService.cs(745,17): warning CS8602: Dereference of a possibly null reference. [F:\Berry-Work\dev\DiffusionTool\BerryAIGen.Toolkit\BerryAIGen.Toolkit_b3ao1qf4_wpftmp.csproj]
F:\Berry-Work\dev\DiffusionTool\BerryAIGen.Toolkit\Services\FolderService.cs(929,17): warning CS8602: Dereference of a possibly null reference. [F:\Berry-Work\dev\DiffusionTool\BerryAIGen.Toolkit\BerryAIGen.Toolkit_b3ao1qf4_wpftmp.csproj]
F:\Berry-Work\dev\DiffusionTool\BerryAIGen.Toolkit\MainWindow.xaml.cs(1050,27): warning CS8601: Possible null reference assignment. [F:\Berry-Work\dev\DiffusionTool\BerryAIGen.Toolkit\BerryAIGen.Toolkit_b3ao1qf4_wpftmp.csproj]
F:\Berry-Work\dev\DiffusionTool\BerryAIGen.Toolkit\Services\FolderService.cs(949,32): warning CS8602: Dereference of a possibly null reference. [F:\Berry-Work\dev\DiffusionTool\BerryAIGen.Toolkit\BerryAIGen.Toolkit_b3ao1qf4_wpftmp.csproj]
F:\Berry-Work\dev\DiffusionTool\BerryAIGen.Toolkit\Services\FolderService.cs(953,32): warning CS8602: Dereference of a possibly null reference. [F:\Berry-Work\dev\DiffusionTool\BerryAIGen.Toolkit\BerryAIGen.Toolkit_b3ao1qf4_wpftmp.csproj]
F:\Berry-Work\dev\DiffusionTool\BerryAIGen.Toolkit\Services\FolderService.cs(968,21): warning CS8602: Dereference of a possibly null reference. [F:\Berry-Work\dev\DiffusionTool\BerryAIGen.Toolkit\BerryAIGen.Toolkit_b3ao1qf4_wpftmp.csproj]
F:\Berry-Work\dev\DiffusionTool\BerryAIGen.Toolkit\Services\FolderService.cs(997,13): warning CS8602: Dereference of a possibly null reference. [F:\Berry-Work\dev\DiffusionTool\BerryAIGen.Toolkit\BerryAIGen.Toolkit_b3ao1qf4_wpftmp.csproj]
F:\Berry-Work\dev\DiffusionTool\BerryAIGen.Toolkit\Services\FolderService.cs(1005,40): warning CS8602: Dereference of a possibly null reference. [F:\Berry-Work\dev\DiffusionTool\BerryAIGen.Toolkit\BerryAIGen.Toolkit_b3ao1qf4_wpftmp.csproj]
F:\Berry-Work\dev\DiffusionTool\BerryAIGen.Toolkit\Services\FolderService.cs(1011,50): warning CS8604: Possible null reference argument for parameter 'filename' in 'bool FileUtility.IsValidFilename(string filename)'. [F:\Berry-Work\dev\DiffusionTool\BerryAIGen.Toolkit\BerryAIGen.Toolkit_b3ao1qf4_wpftmp.csproj]
F:\Berry-Work\dev\DiffusionTool\BerryAIGen.Toolkit\Services\FolderService.cs(1051,32): warning CS8602: Dereference of a possibly null reference. [F:\Berry-Work\dev\DiffusionTool\BerryAIGen.Toolkit\BerryAIGen.Toolkit_b3ao1qf4_wpftmp.csproj]
F:\Berry-Work\dev\DiffusionTool\BerryAIGen.Toolkit\Services\FolderService.cs(1055,17): warning CS8602: Dereference of a possibly null reference. [F:\Berry-Work\dev\DiffusionTool\BerryAIGen.Toolkit\BerryAIGen.Toolkit_b3ao1qf4_wpftmp.csproj]
F:\Berry-Work\dev\DiffusionTool\BerryAIGen.Toolkit\Services\FolderService.cs(1061,17): warning CS8602: Dereference of a possibly null reference. [F:\Berry-Work\dev\DiffusionTool\BerryAIGen.Toolkit\BerryAIGen.Toolkit_b3ao1qf4_wpftmp.csproj]
F:\Berry-Work\dev\DiffusionTool\BerryAIGen.Toolkit\MainWindow.xaml.cs(1082,42): warning CS8602: Dereference of a possibly null reference. [F:\Berry-Work\dev\DiffusionTool\BerryAIGen.Toolkit\BerryAIGen.Toolkit_b3ao1qf4_wpftmp.csproj]
F:\Berry-Work\dev\DiffusionTool\BerryAIGen.Toolkit\MainWindow.xaml.cs(1136,43): warning CS8602: Dereference of a possibly null reference. [F:\Berry-Work\dev\DiffusionTool\BerryAIGen.Toolkit\BerryAIGen.Toolkit_b3ao1qf4_wpftmp.csproj]
F:\Berry-Work\dev\DiffusionTool\BerryAIGen.Toolkit\MainWindow.xaml.cs(1178,27): warning CS8602: Dereference of a possibly null reference. [F:\Berry-Work\dev\DiffusionTool\BerryAIGen.Toolkit\BerryAIGen.Toolkit_b3ao1qf4_wpftmp.csproj]
F:\Berry-Work\dev\DiffusionTool\BerryAIGen.Toolkit\MainWindow.xaml.cs(1185,23): warning CS8602: Dereference of a possibly null reference. [F:\Berry-Work\dev\DiffusionTool\BerryAIGen.Toolkit\BerryAIGen.Toolkit_b3ao1qf4_wpftmp.csproj]
F:\Berry-Work\dev\DiffusionTool\BerryAIGen.Toolkit\Services\FolderService.cs(1072,32): warning CS8602: Dereference of a possibly null reference. [F:\Berry-Work\dev\DiffusionTool\BerryAIGen.Toolkit\BerryAIGen.Toolkit_b3ao1qf4_wpftmp.csproj]
F:\Berry-Work\dev\DiffusionTool\BerryAIGen.Toolkit\Services\FolderService.cs(1076,17): warning CS8602: Dereference of a possibly null reference. [F:\Berry-Work\dev\DiffusionTool\BerryAIGen.Toolkit\BerryAIGen.Toolkit_b3ao1qf4_wpftmp.csproj]
F:\Berry-Work\dev\DiffusionTool\BerryAIGen.Toolkit\Services\FolderService.cs(1082,17): warning CS8602: Dereference of a possibly null reference. [F:\Berry-Work\dev\DiffusionTool\BerryAIGen.Toolkit\BerryAIGen.Toolkit_b3ao1qf4_wpftmp.csproj]
F:\Berry-Work\dev\DiffusionTool\BerryAIGen.Toolkit\Pages\Search.xaml.cs(1384,28): warning CS8602: Dereference of a possibly null reference. [F:\Berry-Work\dev\DiffusionTool\BerryAIGen.Toolkit\BerryAIGen.Toolkit_b3ao1qf4_wpftmp.csproj]
F:\Berry-Work\dev\DiffusionTool\BerryAIGen.Toolkit\Pages\Search.xaml.cs(1392,34): warning CS8602: Dereference of a possibly null reference. [F:\Berry-Work\dev\DiffusionTool\BerryAIGen.Toolkit\BerryAIGen.Toolkit_b3ao1qf4_wpftmp.csproj]
F:\Berry-Work\dev\DiffusionTool\BerryAIGen.Toolkit\Services\FolderService.cs(1093,43): warning CS8602: Dereference of a possibly null reference. [F:\Berry-Work\dev\DiffusionTool\BerryAIGen.Toolkit\BerryAIGen.Toolkit_b3ao1qf4_wpftmp.csproj]
F:\Berry-Work\dev\DiffusionTool\BerryAIGen.Toolkit\Services\FolderService.cs(1098,44): warning CS8604: Possible null reference argument for parameter 'path1' in 'string Path.Combine(string path1, string path2)'. [F:\Berry-Work\dev\DiffusionTool\BerryAIGen.Toolkit\BerryAIGen.Toolkit_b3ao1qf4_wpftmp.csproj]
F:\Berry-Work\dev\DiffusionTool\BerryAIGen.Toolkit\Services\FolderService.cs(1098,56): warning CS8604: Possible null reference argument for parameter 'path2' in 'string Path.Combine(string path1, string path2)'. [F:\Berry-Work\dev\DiffusionTool\BerryAIGen.Toolkit\BerryAIGen.Toolkit_b3ao1qf4_wpftmp.csproj]
F:\Berry-Work\dev\DiffusionTool\BerryAIGen.Toolkit\Services\FolderService.cs(1126,21): warning CS8602: Dereference of a possibly null reference. [F:\Berry-Work\dev\DiffusionTool\BerryAIGen.Toolkit\BerryAIGen.Toolkit_b3ao1qf4_wpftmp.csproj]
F:\Berry-Work\dev\DiffusionTool\BerryAIGen.Toolkit\Services\FolderService.cs(1130,34): warning CS8602: Dereference of a possibly null reference. [F:\Berry-Work\dev\DiffusionTool\BerryAIGen.Toolkit\BerryAIGen.Toolkit_b3ao1qf4_wpftmp.csproj]
F:\Berry-Work\dev\DiffusionTool\BerryAIGen.Toolkit\Services\FolderService.cs(1146,29): warning CS8602: Dereference of a possibly null reference. [F:\Berry-Work\dev\DiffusionTool\BerryAIGen.Toolkit\BerryAIGen.Toolkit_b3ao1qf4_wpftmp.csproj]
F:\Berry-Work\dev\DiffusionTool\BerryAIGen.Toolkit\MainWindow.xaml.Events.cs(88,74): warning CS8622: Nullability of reference types in type of parameter 'o' of 'Task MainWindow.CleanRemovedFolders(object o)' doesn't match the target delegate 'Func<object?, Task>' (possibly because of nullability attributes). [F:\Berry-Work\dev\DiffusionTool\BerryAIGen.Toolkit\BerryAIGen.Toolkit_b3ao1qf4_wpftmp.csproj]
F:\Berry-Work\dev\DiffusionTool\BerryAIGen.Toolkit\MainWindow.xaml.Events.cs(90,71): warning CS8622: Nullability of reference types in type of parameter 'o' of 'Task MainWindow.UnavailableFiles(object o)' doesn't match the target delegate 'Func<object?, Task>' (possibly because of nullability attributes). [F:\Berry-Work\dev\DiffusionTool\BerryAIGen.Toolkit\BerryAIGen.Toolkit_b3ao1qf4_wpftmp.csproj]
F:\Berry-Work\dev\DiffusionTool\BerryAIGen.Toolkit\Services\FolderService.cs(1185,35): warning CS8602: Dereference of a possibly null reference. [F:\Berry-Work\dev\DiffusionTool\BerryAIGen.Toolkit\BerryAIGen.Toolkit_b3ao1qf4_wpftmp.csproj]
F:\Berry-Work\dev\DiffusionTool\BerryAIGen.Toolkit\Services\FolderService.cs(1290,17): warning CS8602: Dereference of a possibly null reference. [F:\Berry-Work\dev\DiffusionTool\BerryAIGen.Toolkit\BerryAIGen.Toolkit_b3ao1qf4_wpftmp.csproj]
F:\Berry-Work\dev\DiffusionTool\BerryAIGen.Toolkit\Services\FolderService.cs(1292,37): warning CS8602: Dereference of a possibly null reference. [F:\Berry-Work\dev\DiffusionTool\BerryAIGen.Toolkit\BerryAIGen.Toolkit_b3ao1qf4_wpftmp.csproj]
F:\Berry-Work\dev\DiffusionTool\BerryAIGen.Toolkit\Services\FolderService.cs(1294,28): warning CS8602: Dereference of a possibly null reference. [F:\Berry-Work\dev\DiffusionTool\BerryAIGen.Toolkit\BerryAIGen.Toolkit_b3ao1qf4_wpftmp.csproj]
F:\Berry-Work\dev\DiffusionTool\BerryAIGen.Toolkit\Services\FolderService.cs(1296,42): warning CS8600: Converting null literal or possible null value to non-nullable type. [F:\Berry-Work\dev\DiffusionTool\BerryAIGen.Toolkit\BerryAIGen.Toolkit_b3ao1qf4_wpftmp.csproj]
F:\Berry-Work\dev\DiffusionTool\BerryAIGen.Toolkit\Services\FolderService.cs(1308,66): warning CS8604: Possible null reference argument for parameter 'path' in 'void SearchService.ExecuteOpenPath(string path)'. [F:\Berry-Work\dev\DiffusionTool\BerryAIGen.Toolkit\BerryAIGen.Toolkit_b3ao1qf4_wpftmp.csproj]
F:\Berry-Work\dev\DiffusionTool\BerryAIGen.Toolkit\Services\FolderService.cs(1296,33): warning CS0219: The variable 'folder' is assigned but its value is never used [F:\Berry-Work\dev\DiffusionTool\BerryAIGen.Toolkit\BerryAIGen.Toolkit_b3ao1qf4_wpftmp.csproj]
F:\Berry-Work\dev\DiffusionTool\BerryAIGen.Toolkit\Services\FolderService.cs(1317,20): warning CS8602: Dereference of a possibly null reference. [F:\Berry-Work\dev\DiffusionTool\BerryAIGen.Toolkit\BerryAIGen.Toolkit_b3ao1qf4_wpftmp.csproj]
F:\Berry-Work\dev\DiffusionTool\BerryAIGen.Toolkit\Services\FolderService.cs(1325,21): warning CS8602: Dereference of a possibly null reference. [F:\Berry-Work\dev\DiffusionTool\BerryAIGen.Toolkit\BerryAIGen.Toolkit_b3ao1qf4_wpftmp.csproj]
F:\Berry-Work\dev\DiffusionTool\BerryAIGen.Toolkit\Services\FolderService.cs(1334,21): warning CS8602: Dereference of a possibly null reference. [F:\Berry-Work\dev\DiffusionTool\BerryAIGen.Toolkit\BerryAIGen.Toolkit_b3ao1qf4_wpftmp.csproj]
F:\Berry-Work\dev\DiffusionTool\BerryAIGen.Toolkit\MainWindow.xaml.Events.cs(271,21): warning CS8602: Dereference of a possibly null reference. [F:\Berry-Work\dev\DiffusionTool\BerryAIGen.Toolkit\BerryAIGen.Toolkit_b3ao1qf4_wpftmp.csproj]
F:\Berry-Work\dev\DiffusionTool\BerryAIGen.Toolkit\MainWindow.xaml.Events.cs(298,21): warning CS8602: Dereference of a possibly null reference. [F:\Berry-Work\dev\DiffusionTool\BerryAIGen.Toolkit\BerryAIGen.Toolkit_b3ao1qf4_wpftmp.csproj]
F:\Berry-Work\dev\DiffusionTool\BerryAIGen.Toolkit\MainWindow.xaml.Events.cs(311,86): warning CS8625: Cannot convert null literal to non-nullable reference type. [F:\Berry-Work\dev\DiffusionTool\BerryAIGen.Toolkit\BerryAIGen.Toolkit_b3ao1qf4_wpftmp.csproj]
F:\Berry-Work\dev\DiffusionTool\BerryAIGen.Toolkit\MainWindow.xaml.Events.cs(381,79): warning CS8604: Possible null reference argument for parameter 'name' in 'CultureInfo.CultureInfo(string name)'. [F:\Berry-Work\dev\DiffusionTool\BerryAIGen.Toolkit\BerryAIGen.Toolkit_b3ao1qf4_wpftmp.csproj]
F:\Berry-Work\dev\DiffusionTool\BerryAIGen.Toolkit\MainWindow.xaml.Events.cs(390,89): warning CS8604: Possible null reference argument for parameter 's' in 'int int.Parse(string s)'. [F:\Berry-Work\dev\DiffusionTool\BerryAIGen.Toolkit\BerryAIGen.Toolkit_b3ao1qf4_wpftmp.csproj]
F:\Berry-Work\dev\DiffusionTool\BerryAIGen.Toolkit\MainWindow.xaml.Events.cs(395,38): warning CS8602: Dereference of a possibly null reference. [F:\Berry-Work\dev\DiffusionTool\BerryAIGen.Toolkit\BerryAIGen.Toolkit_b3ao1qf4_wpftmp.csproj]
F:\Berry-Work\dev\DiffusionTool\BerryAIGen.Toolkit\MainWindow.xaml.Events.cs(413,84): warning CS8604: Possible null reference argument for parameter 'oldName' in 'Task<(bool, NamePath?)> FolderService.ShowRenameFolderDialog(string oldName, string oldPath)'. [F:\Berry-Work\dev\DiffusionTool\BerryAIGen.Toolkit\BerryAIGen.Toolkit_b3ao1qf4_wpftmp.csproj]
F:\Berry-Work\dev\DiffusionTool\BerryAIGen.Toolkit\MainWindow.xaml.Events.cs(418,43): warning CS8602: Dereference of a possibly null reference. [F:\Berry-Work\dev\DiffusionTool\BerryAIGen.Toolkit\BerryAIGen.Toolkit_b3ao1qf4_wpftmp.csproj]
F:\Berry-Work\dev\DiffusionTool\BerryAIGen.Toolkit\MainWindow.xaml.Folders.cs(25,17): warning CS4014: Because this call is not awaited, execution of the current method continues before the call is completed. Consider applying the 'await' operator to the result of the call. [F:\Berry-Work\dev\DiffusionTool\BerryAIGen.Toolkit\BerryAIGen.Toolkit_b3ao1qf4_wpftmp.csproj]
F:\Berry-Work\dev\DiffusionTool\BerryAIGen.Toolkit\MainWindow.xaml.Folders.cs(35,17): warning CS4014: Because this call is not awaited, execution of the current method continues before the call is completed. Consider applying the 'await' operator to the result of the call. [F:\Berry-Work\dev\DiffusionTool\BerryAIGen.Toolkit\BerryAIGen.Toolkit_b3ao1qf4_wpftmp.csproj]
F:\Berry-Work\dev\DiffusionTool\BerryAIGen.Toolkit\MainWindow.xaml.Folders.cs(40,75): warning CS8604: Possible null reference argument for parameter 'parentFolder' in 'Task FolderService.ShowCreateFolderDialog(FolderViewModel parentFolder)'. [F:\Berry-Work\dev\DiffusionTool\BerryAIGen.Toolkit\BerryAIGen.Toolkit_b3ao1qf4_wpftmp.csproj]
F:\Berry-Work\dev\DiffusionTool\BerryAIGen.Toolkit\MainWindow.xaml.Folders.cs(46,75): warning CS8602: Dereference of a possibly null reference. [F:\Berry-Work\dev\DiffusionTool\BerryAIGen.Toolkit\BerryAIGen.Toolkit_b3ao1qf4_wpftmp.csproj]
F:\Berry-Work\dev\DiffusionTool\BerryAIGen.Toolkit\MainWindow.xaml.Folders.cs(51,21): warning CS8602: Dereference of a possibly null reference. [F:\Berry-Work\dev\DiffusionTool\BerryAIGen.Toolkit\BerryAIGen.Toolkit_b3ao1qf4_wpftmp.csproj]
F:\Berry-Work\dev\DiffusionTool\BerryAIGen.Toolkit\MainWindow.xaml.Folders.cs(80,25): warning CS8602: Dereference of a possibly null reference. [F:\Berry-Work\dev\DiffusionTool\BerryAIGen.Toolkit\BerryAIGen.Toolkit_b3ao1qf4_wpftmp.csproj]
F:\Berry-Work\dev\DiffusionTool\BerryAIGen.Toolkit\MainWindow.xaml.Folders.cs(95,25): warning CS8602: Dereference of a possibly null reference. [F:\Berry-Work\dev\DiffusionTool\BerryAIGen.Toolkit\BerryAIGen.Toolkit_b3ao1qf4_wpftmp.csproj]
F:\Berry-Work\dev\DiffusionTool\BerryAIGen.Toolkit\MainWindow.xaml.Folders.cs(117,17): warning CS8602: Dereference of a possibly null reference. [F:\Berry-Work\dev\DiffusionTool\BerryAIGen.Toolkit\BerryAIGen.Toolkit_b3ao1qf4_wpftmp.csproj]
F:\Berry-Work\dev\DiffusionTool\BerryAIGen.Toolkit\MainWindow.xaml.Folders.cs(135,17): warning CS8602: Dereference of a possibly null reference. [F:\Berry-Work\dev\DiffusionTool\BerryAIGen.Toolkit\BerryAIGen.Toolkit_b3ao1qf4_wpftmp.csproj]
F:\Berry-Work\dev\DiffusionTool\BerryAIGen.Toolkit\Pages\Search.xaml.cs(1447,25): warning CS8602: Dereference of a possibly null reference. [F:\Berry-Work\dev\DiffusionTool\BerryAIGen.Toolkit\BerryAIGen.Toolkit_b3ao1qf4_wpftmp.csproj]
F:\Berry-Work\dev\DiffusionTool\BerryAIGen.Toolkit\Pages\Search.xaml.cs(1449,21): warning CS8602: Dereference of a possibly null reference. [F:\Berry-Work\dev\DiffusionTool\BerryAIGen.Toolkit\BerryAIGen.Toolkit_b3ao1qf4_wpftmp.csproj]
F:\Berry-Work\dev\DiffusionTool\BerryAIGen.Toolkit\Pages\Search.xaml.cs(1449,21): warning CS8602: Dereference of a possibly null reference. [F:\Berry-Work\dev\DiffusionTool\BerryAIGen.Toolkit\BerryAIGen.Toolkit_b3ao1qf4_wpftmp.csproj]
F:\Berry-Work\dev\DiffusionTool\BerryAIGen.Toolkit\Pages\Search.xaml.cs(1537,49): warning CS8602: Dereference of a possibly null reference. [F:\Berry-Work\dev\DiffusionTool\BerryAIGen.Toolkit\BerryAIGen.Toolkit_b3ao1qf4_wpftmp.csproj]
F:\Berry-Work\dev\DiffusionTool\BerryAIGen.Toolkit\Pages\Search.xaml.cs(1660,31): warning CS8600: Converting null literal or possible null value to non-nullable type. [F:\Berry-Work\dev\DiffusionTool\BerryAIGen.Toolkit\BerryAIGen.Toolkit_b3ao1qf4_wpftmp.csproj]
F:\Berry-Work\dev\DiffusionTool\BerryAIGen.Toolkit\Pages\Search.xaml.cs(1666,67): warning CS8602: Dereference of a possibly null reference. [F:\Berry-Work\dev\DiffusionTool\BerryAIGen.Toolkit\BerryAIGen.Toolkit_b3ao1qf4_wpftmp.csproj]
F:\Berry-Work\dev\DiffusionTool\BerryAIGen.Toolkit\MainWindow.xaml.Models.cs(42,38): warning CS8619: Nullability of reference types in value of type 'IOrderedEnumerable<string?>' doesn't match target type 'IEnumerable<string>'. [F:\Berry-Work\dev\DiffusionTool\BerryAIGen.Toolkit\BerryAIGen.Toolkit_b3ao1qf4_wpftmp.csproj]
F:\Berry-Work\dev\DiffusionTool\BerryAIGen.Toolkit\Pages\Search.xaml.cs(1703,21): warning CS8602: Dereference of a possibly null reference. [F:\Berry-Work\dev\DiffusionTool\BerryAIGen.Toolkit\BerryAIGen.Toolkit_b3ao1qf4_wpftmp.csproj]
F:\Berry-Work\dev\DiffusionTool\BerryAIGen.Toolkit\Pages\Search.xaml.cs(1717,13): warning CS8602: Dereference of a possibly null reference. [F:\Berry-Work\dev\DiffusionTool\BerryAIGen.Toolkit\BerryAIGen.Toolkit_b3ao1qf4_wpftmp.csproj]
F:\Berry-Work\dev\DiffusionTool\BerryAIGen.Toolkit\Pages\Search.xaml.cs(1719,36): warning CS8619: Nullability of reference types in value of type 'ObservableCollection<string?>' doesn't match target type 'ObservableCollection<string>'. [F:\Berry-Work\dev\DiffusionTool\BerryAIGen.Toolkit\BerryAIGen.Toolkit_b3ao1qf4_wpftmp.csproj]
F:\Berry-Work\dev\DiffusionTool\BerryAIGen.Toolkit\MainWindow.xaml.Models.cs(50,38): warning CS8604: Possible null reference argument for parameter 'source' in 'IEnumerable<ModelViewModel> Enumerable.Where<ModelViewModel>(IEnumerable<ModelViewModel> source, Func<ModelViewModel, bool> predicate)'. [F:\Berry-Work\dev\DiffusionTool\BerryAIGen.Toolkit\BerryAIGen.Toolkit_b3ao1qf4_wpftmp.csproj]
F:\Berry-Work\dev\DiffusionTool\BerryAIGen.Toolkit\Pages\Search.xaml.cs(1750,13): warning CS8602: Dereference of a possibly null reference. [F:\Berry-Work\dev\DiffusionTool\BerryAIGen.Toolkit\BerryAIGen.Toolkit_b3ao1qf4_wpftmp.csproj]
F:\Berry-Work\dev\DiffusionTool\BerryAIGen.Toolkit\Pages\Search.xaml.cs(1810,84): warning CS8602: Dereference of a possibly null reference. [F:\Berry-Work\dev\DiffusionTool\BerryAIGen.Toolkit\BerryAIGen.Toolkit_b3ao1qf4_wpftmp.csproj]
F:\Berry-Work\dev\DiffusionTool\BerryAIGen.Toolkit\Pages\Search.xaml.cs(1835,69): warning CS8602: Dereference of a possibly null reference. [F:\Berry-Work\dev\DiffusionTool\BerryAIGen.Toolkit\BerryAIGen.Toolkit_b3ao1qf4_wpftmp.csproj]
F:\Berry-Work\dev\DiffusionTool\BerryAIGen.Toolkit\Pages\Search.xaml.cs(1856,29): warning CS8602: Dereference of a possibly null reference. [F:\Berry-Work\dev\DiffusionTool\BerryAIGen.Toolkit\BerryAIGen.Toolkit_b3ao1qf4_wpftmp.csproj]
F:\Berry-Work\dev\DiffusionTool\BerryAIGen.Toolkit\Pages\Search.xaml.cs(1857,25): warning CS8604: Possible null reference argument for parameter 'source' in 'ImageEntry? Enumerable.FirstOrDefault<ImageEntry>(IEnumerable<ImageEntry> source, Func<ImageEntry, bool> predicate)'. [F:\Berry-Work\dev\DiffusionTool\BerryAIGen.Toolkit\BerryAIGen.Toolkit_b3ao1qf4_wpftmp.csproj]
F:\Berry-Work\dev\DiffusionTool\BerryAIGen.Toolkit\MainWindow.xaml.Models.cs(187,46): warning CS8602: Dereference of a possibly null reference. [F:\Berry-Work\dev\DiffusionTool\BerryAIGen.Toolkit\BerryAIGen.Toolkit_b3ao1qf4_wpftmp.csproj]
F:\Berry-Work\dev\DiffusionTool\BerryAIGen.Toolkit\MainWindow.xaml.Models.cs(179,17): warning CS0219: The variable 'totalModels' is assigned but its value is never used [F:\Berry-Work\dev\DiffusionTool\BerryAIGen.Toolkit\BerryAIGen.Toolkit_b3ao1qf4_wpftmp.csproj]
F:\Berry-Work\dev\DiffusionTool\BerryAIGen.Toolkit\Pages\Search.xaml.cs(1944,13): warning CS8602: Dereference of a possibly null reference. [F:\Berry-Work\dev\DiffusionTool\BerryAIGen.Toolkit\BerryAIGen.Toolkit_b3ao1qf4_wpftmp.csproj]
F:\Berry-Work\dev\DiffusionTool\BerryAIGen.Toolkit\Pages\Search.xaml.cs(1962,13): warning CS8602: Dereference of a possibly null reference. [F:\Berry-Work\dev\DiffusionTool\BerryAIGen.Toolkit\BerryAIGen.Toolkit_b3ao1qf4_wpftmp.csproj]
F:\Berry-Work\dev\DiffusionTool\BerryAIGen.Toolkit\Pages\Search.xaml.cs(1962,83): warning CS8602: Dereference of a possibly null reference. [F:\Berry-Work\dev\DiffusionTool\BerryAIGen.Toolkit\BerryAIGen.Toolkit_b3ao1qf4_wpftmp.csproj]
F:\Berry-Work\dev\DiffusionTool\BerryAIGen.Toolkit\Pages\Search.xaml.cs(1978,13): warning CS8602: Dereference of a possibly null reference. [F:\Berry-Work\dev\DiffusionTool\BerryAIGen.Toolkit\BerryAIGen.Toolkit_b3ao1qf4_wpftmp.csproj]
F:\Berry-Work\dev\DiffusionTool\BerryAIGen.Toolkit\MainWindow.xaml.Portable.cs(124,34): warning CS8604: Possible null reference argument for parameter 'source' in 'void TypeHelpers.Copy(object source, object dest)'. [F:\Berry-Work\dev\DiffusionTool\BerryAIGen.Toolkit\BerryAIGen.Toolkit_b3ao1qf4_wpftmp.csproj]
F:\Berry-Work\dev\DiffusionTool\BerryAIGen.Toolkit\Pages\Search.xaml.cs(1992,37): warning CS8602: Dereference of a possibly null reference. [F:\Berry-Work\dev\DiffusionTool\BerryAIGen.Toolkit\BerryAIGen.Toolkit_b3ao1qf4_wpftmp.csproj]
F:\Berry-Work\dev\DiffusionTool\BerryAIGen.Toolkit\Pages\Search.xaml.cs(2007,46): warning CS8602: Dereference of a possibly null reference. [F:\Berry-Work\dev\DiffusionTool\BerryAIGen.Toolkit\BerryAIGen.Toolkit_b3ao1qf4_wpftmp.csproj]
F:\Berry-Work\dev\DiffusionTool\BerryAIGen.Toolkit\Pages\Search.xaml.Events.cs(39,33): warning CS8602: Dereference of a possibly null reference. [F:\Berry-Work\dev\DiffusionTool\BerryAIGen.Toolkit\BerryAIGen.Toolkit_b3ao1qf4_wpftmp.csproj]
F:\Berry-Work\dev\DiffusionTool\BerryAIGen.Toolkit\Pages\Search.xaml.Events.cs(55,34): warning CS8602: Dereference of a possibly null reference. [F:\Berry-Work\dev\DiffusionTool\BerryAIGen.Toolkit\BerryAIGen.Toolkit_b3ao1qf4_wpftmp.csproj]
F:\Berry-Work\dev\DiffusionTool\BerryAIGen.Toolkit\MainWindow.xaml.Queries.cs(52,99): warning CS8602: Dereference of a possibly null reference. [F:\Berry-Work\dev\DiffusionTool\BerryAIGen.Toolkit\BerryAIGen.Toolkit_b3ao1qf4_wpftmp.csproj]
F:\Berry-Work\dev\DiffusionTool\BerryAIGen.Toolkit\MainWindow.xaml.Queries.cs(64,125): warning CS8602: Dereference of a possibly null reference. [F:\Berry-Work\dev\DiffusionTool\BerryAIGen.Toolkit\BerryAIGen.Toolkit_b3ao1qf4_wpftmp.csproj]
F:\Berry-Work\dev\DiffusionTool\BerryAIGen.Toolkit\MainWindow.xaml.Queries.cs(66,24): warning CS8602: Dereference of a possibly null reference. [F:\Berry-Work\dev\DiffusionTool\BerryAIGen.Toolkit\BerryAIGen.Toolkit_b3ao1qf4_wpftmp.csproj]
F:\Berry-Work\dev\DiffusionTool\BerryAIGen.Toolkit\Pages\Search.xaml.Events.cs(64,32): warning CS8602: Dereference of a possibly null reference. [F:\Berry-Work\dev\DiffusionTool\BerryAIGen.Toolkit\BerryAIGen.Toolkit_b3ao1qf4_wpftmp.csproj]
F:\Berry-Work\dev\DiffusionTool\BerryAIGen.Toolkit\Pages\Search.xaml.Events.cs(78,35): warning CS8602: Dereference of a possibly null reference. [F:\Berry-Work\dev\DiffusionTool\BerryAIGen.Toolkit\BerryAIGen.Toolkit_b3ao1qf4_wpftmp.csproj]
F:\Berry-Work\dev\DiffusionTool\BerryAIGen.Toolkit\Pages\Search.xaml.Events.cs(98,40): warning CS8604: Possible null reference argument for parameter 'obj' in 'void Action<ImageViewModel>.Invoke(ImageViewModel obj)'. [F:\Berry-Work\dev\DiffusionTool\BerryAIGen.Toolkit\BerryAIGen.Toolkit_b3ao1qf4_wpftmp.csproj]
F:\Berry-Work\dev\DiffusionTool\BerryAIGen.Toolkit\MainWindow.xaml.Queries.cs(127,13): warning CS8602: Dereference of a possibly null reference. [F:\Berry-Work\dev\DiffusionTool\BerryAIGen.Toolkit\BerryAIGen.Toolkit_b3ao1qf4_wpftmp.csproj]
F:\Berry-Work\dev\DiffusionTool\BerryAIGen.Toolkit\MainWindow.xaml.Scanning.cs(32,30): warning CS8625: Cannot convert null literal to non-nullable reference type. [F:\Berry-Work\dev\DiffusionTool\BerryAIGen.Toolkit\BerryAIGen.Toolkit_b3ao1qf4_wpftmp.csproj]
F:\Berry-Work\dev\DiffusionTool\BerryAIGen.Toolkit\Pages\Search.xaml.Events.cs(144,20): warning CS8603: Possible null reference return. [F:\Berry-Work\dev\DiffusionTool\BerryAIGen.Toolkit\BerryAIGen.Toolkit_b3ao1qf4_wpftmp.csproj]
F:\Berry-Work\dev\DiffusionTool\BerryAIGen.Toolkit\MainWindow.xaml.Scanning.cs(52,30): warning CS8625: Cannot convert null literal to non-nullable reference type. [F:\Berry-Work\dev\DiffusionTool\BerryAIGen.Toolkit\BerryAIGen.Toolkit_b3ao1qf4_wpftmp.csproj]
F:\Berry-Work\dev\DiffusionTool\BerryAIGen.Toolkit\Pages\Search.xaml.Events.cs(187,13): warning CS8602: Dereference of a possibly null reference. [F:\Berry-Work\dev\DiffusionTool\BerryAIGen.Toolkit\BerryAIGen.Toolkit_b3ao1qf4_wpftmp.csproj]
F:\Berry-Work\dev\DiffusionTool\BerryAIGen.Toolkit\Pages\Search.xaml.Events.cs(196,21): warning CS8602: Dereference of a possibly null reference. [F:\Berry-Work\dev\DiffusionTool\BerryAIGen.Toolkit\BerryAIGen.Toolkit_b3ao1qf4_wpftmp.csproj]
F:\Berry-Work\dev\DiffusionTool\BerryAIGen.Toolkit\Pages\Search.xaml.Folders.cs(49,52): warning CS8602: Dereference of a possibly null reference. [F:\Berry-Work\dev\DiffusionTool\BerryAIGen.Toolkit\BerryAIGen.Toolkit_b3ao1qf4_wpftmp.csproj]
F:\Berry-Work\dev\DiffusionTool\BerryAIGen.Toolkit\Pages\Search.xaml.Folders.cs(78,24): warning CS8602: Dereference of a possibly null reference. [F:\Berry-Work\dev\DiffusionTool\BerryAIGen.Toolkit\BerryAIGen.Toolkit_b3ao1qf4_wpftmp.csproj]
F:\Berry-Work\dev\DiffusionTool\BerryAIGen.Toolkit\Pages\Search.xaml.Folders.cs(129,22): warning CS8602: Dereference of a possibly null reference. [F:\Berry-Work\dev\DiffusionTool\BerryAIGen.Toolkit\BerryAIGen.Toolkit_b3ao1qf4_wpftmp.csproj]
F:\Berry-Work\dev\DiffusionTool\BerryAIGen.Toolkit\MainWindow.xaml.Scanning.cs(120,45): warning CS8604: Possible null reference argument for parameter 'key' in 'bool Dictionary<string, Folder>.TryGetValue(string key, out Folder value)'. [F:\Berry-Work\dev\DiffusionTool\BerryAIGen.Toolkit\BerryAIGen.Toolkit_b3ao1qf4_wpftmp.csproj]
F:\Berry-Work\dev\DiffusionTool\BerryAIGen.Toolkit\MainWindow.xaml.Scanning.cs(151,13): warning CS8602: Dereference of a possibly null reference. [F:\Berry-Work\dev\DiffusionTool\BerryAIGen.Toolkit\BerryAIGen.Toolkit_b3ao1qf4_wpftmp.csproj]
F:\Berry-Work\dev\DiffusionTool\BerryAIGen.Toolkit\MainWindow.xaml.Scanning.cs(169,17): warning CS8602: Dereference of a possibly null reference. [F:\Berry-Work\dev\DiffusionTool\BerryAIGen.Toolkit\BerryAIGen.Toolkit_b3ao1qf4_wpftmp.csproj]
F:\Berry-Work\dev\DiffusionTool\BerryAIGen.Toolkit\Pages\Search.xaml.Folders.cs(159,58): warning CS8604: Possible null reference argument for parameter 'item' in 'bool List<FolderViewModel>.Contains(FolderViewModel item)'. [F:\Berry-Work\dev\DiffusionTool\BerryAIGen.Toolkit\BerryAIGen.Toolkit_b3ao1qf4_wpftmp.csproj]
F:\Berry-Work\dev\DiffusionTool\BerryAIGen.Toolkit\Pages\Search.xaml.Folders.cs(241,35): warning CS8602: Dereference of a possibly null reference. [F:\Berry-Work\dev\DiffusionTool\BerryAIGen.Toolkit\BerryAIGen.Toolkit_b3ao1qf4_wpftmp.csproj]
F:\Berry-Work\dev\DiffusionTool\BerryAIGen.Toolkit\Pages\Search.xaml.Folders.cs(257,26): warning CS8602: Dereference of a possibly null reference. [F:\Berry-Work\dev\DiffusionTool\BerryAIGen.Toolkit\BerryAIGen.Toolkit_b3ao1qf4_wpftmp.csproj]
F:\Berry-Work\dev\DiffusionTool\BerryAIGen.Toolkit\MainWindow.xaml.Scanning.cs(214,21): warning CS8602: Dereference of a possibly null reference. [F:\Berry-Work\dev\DiffusionTool\BerryAIGen.Toolkit\BerryAIGen.Toolkit_b3ao1qf4_wpftmp.csproj]
F:\Berry-Work\dev\DiffusionTool\BerryAIGen.Toolkit\MainWindow.xaml.Scanning.cs(215,21): warning CS8602: Dereference of a possibly null reference. [F:\Berry-Work\dev\DiffusionTool\BerryAIGen.Toolkit\BerryAIGen.Toolkit_b3ao1qf4_wpftmp.csproj]
F:\Berry-Work\dev\DiffusionTool\BerryAIGen.Toolkit\Pages\Search.xaml.Folders.cs(287,21): warning CS8602: Dereference of a possibly null reference. [F:\Berry-Work\dev\DiffusionTool\BerryAIGen.Toolkit\BerryAIGen.Toolkit_b3ao1qf4_wpftmp.csproj]
F:\Berry-Work\dev\DiffusionTool\BerryAIGen.Toolkit\Pages\Search.xaml.Folders.cs(307,21): warning CS8602: Dereference of a possibly null reference. [F:\Berry-Work\dev\DiffusionTool\BerryAIGen.Toolkit\BerryAIGen.Toolkit_b3ao1qf4_wpftmp.csproj]
F:\Berry-Work\dev\DiffusionTool\BerryAIGen.Toolkit\Pages\Search.xaml.Folders.cs(312,30): warning CS0168: The variable 'e' is declared but never used [F:\Berry-Work\dev\DiffusionTool\BerryAIGen.Toolkit\BerryAIGen.Toolkit_b3ao1qf4_wpftmp.csproj]
F:\Berry-Work\dev\DiffusionTool\BerryAIGen.Toolkit\MainWindow.xaml.Scanning.cs(234,13): warning CS8602: Dereference of a possibly null reference. [F:\Berry-Work\dev\DiffusionTool\BerryAIGen.Toolkit\BerryAIGen.Toolkit_b3ao1qf4_wpftmp.csproj]
F:\Berry-Work\dev\DiffusionTool\BerryAIGen.Toolkit\MainWindow.xaml.Scanning.cs(237,13): warning CS8602: Dereference of a possibly null reference. [F:\Berry-Work\dev\DiffusionTool\BerryAIGen.Toolkit\BerryAIGen.Toolkit_b3ao1qf4_wpftmp.csproj]
F:\Berry-Work\dev\DiffusionTool\BerryAIGen.Toolkit\MainWindow.xaml.Scanning.cs(242,35): warning CS8602: Dereference of a possibly null reference. [F:\Berry-Work\dev\DiffusionTool\BerryAIGen.Toolkit\BerryAIGen.Toolkit_b3ao1qf4_wpftmp.csproj]
F:\Berry-Work\dev\DiffusionTool\BerryAIGen.Toolkit\Pages\Search.xaml.Folders.cs(321,31): warning CS8602: Dereference of a possibly null reference. [F:\Berry-Work\dev\DiffusionTool\BerryAIGen.Toolkit\BerryAIGen.Toolkit_b3ao1qf4_wpftmp.csproj]
F:\Berry-Work\dev\DiffusionTool\BerryAIGen.Toolkit\Pages\Search.xaml.Folders.cs(369,43): warning CS8602: Dereference of a possibly null reference. [F:\Berry-Work\dev\DiffusionTool\BerryAIGen.Toolkit\BerryAIGen.Toolkit_b3ao1qf4_wpftmp.csproj]
F:\Berry-Work\dev\DiffusionTool\BerryAIGen.Toolkit\Pages\Search.xaml.Folders.cs(371,30): warning CS8602: Dereference of a possibly null reference. [F:\Berry-Work\dev\DiffusionTool\BerryAIGen.Toolkit\BerryAIGen.Toolkit_b3ao1qf4_wpftmp.csproj]
F:\Berry-Work\dev\DiffusionTool\BerryAIGen.Toolkit\MainWindow.xaml.Tags.cs(27,44): warning CS8602: Dereference of a possibly null reference. [F:\Berry-Work\dev\DiffusionTool\BerryAIGen.Toolkit\BerryAIGen.Toolkit_b3ao1qf4_wpftmp.csproj]
F:\Berry-Work\dev\DiffusionTool\BerryAIGen.Toolkit\MainWindow.xaml.Tags.cs(31,28): warning CS8602: Dereference of a possibly null reference. [F:\Berry-Work\dev\DiffusionTool\BerryAIGen.Toolkit\BerryAIGen.Toolkit_b3ao1qf4_wpftmp.csproj]
F:\Berry-Work\dev\DiffusionTool\BerryAIGen.Toolkit\MainWindow.xaml.Tags.cs(50,44): warning CS8602: Dereference of a possibly null reference. [F:\Berry-Work\dev\DiffusionTool\BerryAIGen.Toolkit\BerryAIGen.Toolkit_b3ao1qf4_wpftmp.csproj]
F:\Berry-Work\dev\DiffusionTool\BerryAIGen.Toolkit\MainWindow.xaml.Tags.cs(50,140): warning CS8602: Dereference of a possibly null reference. [F:\Berry-Work\dev\DiffusionTool\BerryAIGen.Toolkit\BerryAIGen.Toolkit_b3ao1qf4_wpftmp.csproj]
F:\Berry-Work\dev\DiffusionTool\BerryAIGen.Toolkit\MainWindow.xaml.Tags.cs(52,24): warning CS8602: Dereference of a possibly null reference. [F:\Berry-Work\dev\DiffusionTool\BerryAIGen.Toolkit\BerryAIGen.Toolkit_b3ao1qf4_wpftmp.csproj]
F:\Berry-Work\dev\DiffusionTool\BerryAIGen.Toolkit\MainWindow.xaml.Tags.cs(74,127): warning CS8602: Dereference of a possibly null reference. [F:\Berry-Work\dev\DiffusionTool\BerryAIGen.Toolkit\BerryAIGen.Toolkit_b3ao1qf4_wpftmp.csproj]
F:\Berry-Work\dev\DiffusionTool\BerryAIGen.Toolkit\MainWindow.xaml.Toast.cs(20,13): warning CS8602: Dereference of a possibly null reference. [F:\Berry-Work\dev\DiffusionTool\BerryAIGen.Toolkit\BerryAIGen.Toolkit_b3ao1qf4_wpftmp.csproj]
F:\Berry-Work\dev\DiffusionTool\BerryAIGen.Toolkit\Pages\Search.xaml.Folders.cs(514,21): warning CS8602: Dereference of a possibly null reference. [F:\Berry-Work\dev\DiffusionTool\BerryAIGen.Toolkit\BerryAIGen.Toolkit_b3ao1qf4_wpftmp.csproj]
F:\Berry-Work\dev\DiffusionTool\BerryAIGen.Toolkit\Pages\Search.xaml.Folders.cs(527,33): warning CS8602: Dereference of a possibly null reference. [F:\Berry-Work\dev\DiffusionTool\BerryAIGen.Toolkit\BerryAIGen.Toolkit_b3ao1qf4_wpftmp.csproj]
F:\Berry-Work\dev\DiffusionTool\BerryAIGen.Toolkit\Pages\Search.xaml.Folders.cs(544,33): warning CS8602: Dereference of a possibly null reference. [F:\Berry-Work\dev\DiffusionTool\BerryAIGen.Toolkit\BerryAIGen.Toolkit_b3ao1qf4_wpftmp.csproj]
F:\Berry-Work\dev\DiffusionTool\BerryAIGen.Toolkit\Pages\Search.xaml.Navigation.cs(19,31): warning CS8602: Dereference of a possibly null reference. [F:\Berry-Work\dev\DiffusionTool\BerryAIGen.Toolkit\BerryAIGen.Toolkit_b3ao1qf4_wpftmp.csproj]
F:\Berry-Work\dev\DiffusionTool\BerryAIGen.Toolkit\MainWindow.xaml.Tools.cs(38,84): warning CS8625: Cannot convert null literal to non-nullable reference type. [F:\Berry-Work\dev\DiffusionTool\BerryAIGen.Toolkit\BerryAIGen.Toolkit_b3ao1qf4_wpftmp.csproj]
F:\Berry-Work\dev\DiffusionTool\BerryAIGen.Toolkit\MainWindow.xaml.Tools.cs(78,32): warning CS8602: Dereference of a possibly null reference. [F:\Berry-Work\dev\DiffusionTool\BerryAIGen.Toolkit\BerryAIGen.Toolkit_b3ao1qf4_wpftmp.csproj]
F:\Berry-Work\dev\DiffusionTool\BerryAIGen.Toolkit\MainWindow.xaml.Tools.cs(90,17): warning CS8602: Dereference of a possibly null reference. [F:\Berry-Work\dev\DiffusionTool\BerryAIGen.Toolkit\BerryAIGen.Toolkit_b3ao1qf4_wpftmp.csproj]
F:\Berry-Work\dev\DiffusionTool\BerryAIGen.Toolkit\MainWindow.xaml.Tools.cs(252,17): warning CS8602: Dereference of a possibly null reference. [F:\Berry-Work\dev\DiffusionTool\BerryAIGen.Toolkit\BerryAIGen.Toolkit_b3ao1qf4_wpftmp.csproj]
F:\Berry-Work\dev\DiffusionTool\BerryAIGen.Toolkit\PreviewModel.cs(12,18): warning CS0169: The field 'PreviewModel._fitToPreview' is never used [F:\Berry-Work\dev\DiffusionTool\BerryAIGen.Toolkit\BerryAIGen.Toolkit_b3ao1qf4_wpftmp.csproj]
F:\Berry-Work\dev\DiffusionTool\BerryAIGen.Toolkit\Models\ImageEntry.cs(15,20): warning CS0169: The field 'ImageEntry._sizeFormatted' is never used [F:\Berry-Work\dev\DiffusionTool\BerryAIGen.Toolkit\BerryAIGen.Toolkit_b3ao1qf4_wpftmp.csproj]
F:\Berry-Work\dev\DiffusionTool\BerryAIGen.Toolkit\Services\ThumbnailNavigationService.cs(12,31): warning CS0067: The event 'ThumbnailNavigationService.NextPage' is never used [F:\Berry-Work\dev\DiffusionTool\BerryAIGen.Toolkit\BerryAIGen.Toolkit_b3ao1qf4_wpftmp.csproj]
F:\Berry-Work\dev\DiffusionTool\BerryAIGen.Toolkit\Controls\ComfyWorkflow.cs(12,24): warning CS0169: The field 'ComfyWorkflow._workflow' is never used [F:\Berry-Work\dev\DiffusionTool\BerryAIGen.Toolkit\BerryAIGen.Toolkit_b3ao1qf4_wpftmp.csproj]
F:\Berry-Work\dev\DiffusionTool\BerryAIGen.Toolkit\Controls\ThumbnailViewModel.cs(22,20): warning CS0169: The field 'ThumbnailViewModel._modeName' is never used [F:\Berry-Work\dev\DiffusionTool\BerryAIGen.Toolkit\BerryAIGen.Toolkit_b3ao1qf4_wpftmp.csproj]
F:\Berry-Work\dev\DiffusionTool\BerryAIGen.Toolkit\Controls\PreviewPane.xaml.cs(218,35): warning CS0169: The field 'PreviewPane._rate' is never used [F:\Berry-Work\dev\DiffusionTool\BerryAIGen.Toolkit\BerryAIGen.Toolkit_b3ao1qf4_wpftmp.csproj]
F:\Berry-Work\dev\DiffusionTool\BerryAIGen.Toolkit\Localization\JsonLocalizationProvider.cs(101,48): warning CS0067: The event 'JsonLocalizationProvider.ValueChanged' is never used [F:\Berry-Work\dev\DiffusionTool\BerryAIGen.Toolkit\BerryAIGen.Toolkit_b3ao1qf4_wpftmp.csproj]
F:\Berry-Work\dev\DiffusionTool\BerryAIGen.Toolkit\Controls\ThumbnailPanel.cs(69,46): warning CS0169: The field 'ThumbnailPanel._imageEntries' is never used [F:\Berry-Work\dev\DiffusionTool\BerryAIGen.Toolkit\BerryAIGen.Toolkit_b3ao1qf4_wpftmp.csproj]
F:\Berry-Work\dev\DiffusionTool\BerryAIGen.Toolkit\Services\ServiceLocator.cs(28,36): warning CS0169: The field 'ServiceLocator._thumbnailCache' is never used [F:\Berry-Work\dev\DiffusionTool\BerryAIGen.Toolkit\BerryAIGen.Toolkit_b3ao1qf4_wpftmp.csproj]
F:\Berry-Work\dev\DiffusionTool\BerryAIGen.Toolkit\Services\ServiceLocator.cs(23,39): warning CS0169: The field 'ServiceLocator._navigationService' is never used [F:\Berry-Work\dev\DiffusionTool\BerryAIGen.Toolkit\BerryAIGen.Toolkit_b3ao1qf4_wpftmp.csproj]
F:\Berry-Work\dev\DiffusionTool\BerryAIGen.Toolkit\Controls\ThumbnailPaneModel.cs(32,18): warning CS0169: The field 'ThumbnailPaneModel._lastPageEnabled' is never used [F:\Berry-Work\dev\DiffusionTool\BerryAIGen.Toolkit\BerryAIGen.Toolkit_b3ao1qf4_wpftmp.csproj]
F:\Berry-Work\dev\DiffusionTool\BerryAIGen.Toolkit\Models\ImageEntry.cs(14,18): warning CS0169: The field 'ImageEntry._isFolder' is never used [F:\Berry-Work\dev\DiffusionTool\BerryAIGen.Toolkit\BerryAIGen.Toolkit_b3ao1qf4_wpftmp.csproj]
F:\Berry-Work\dev\DiffusionTool\BerryAIGen.Toolkit\Preview.xaml.cs(26,24): warning CS0169: The field 'PreviewWindow._onNext' is never used [F:\Berry-Work\dev\DiffusionTool\BerryAIGen.Toolkit\BerryAIGen.Toolkit_b3ao1qf4_wpftmp.csproj]
F:\Berry-Work\dev\DiffusionTool\BerryAIGen.Toolkit\Controls\ThumbnailViewModel.cs(23,22): warning CS0169: The field 'ThumbnailViewModel._showDropDown' is never used [F:\Berry-Work\dev\DiffusionTool\BerryAIGen.Toolkit\BerryAIGen.Toolkit_b3ao1qf4_wpftmp.csproj]
F:\Berry-Work\dev\DiffusionTool\BerryAIGen.Toolkit\Models\SettingsModel.cs(14,42): warning CS0169: The field 'SettingsModel._imagePaths' is never used [F:\Berry-Work\dev\DiffusionTool\BerryAIGen.Toolkit\BerryAIGen.Toolkit_b3ao1qf4_wpftmp.csproj]
F:\Berry-Work\dev\DiffusionTool\BerryAIGen.Toolkit\Models\MainModel.cs(17,22): warning CS0169: The field 'MainModel._removeMarked' is never used [F:\Berry-Work\dev\DiffusionTool\BerryAIGen.Toolkit\BerryAIGen.Toolkit_b3ao1qf4_wpftmp.csproj]
F:\Berry-Work\dev\DiffusionTool\BerryAIGen.Toolkit\Controls\ThumbnailViewModel.cs(24,22): warning CS0169: The field 'ThumbnailViewModel._hideDropDown' is never used [F:\Berry-Work\dev\DiffusionTool\BerryAIGen.Toolkit\BerryAIGen.Toolkit_b3ao1qf4_wpftmp.csproj]
F:\Berry-Work\dev\DiffusionTool\BerryAIGen.Toolkit\Configuration\Settings.cs(15,26): warning CS0169: The field 'Settings._imagePaths' is never used [F:\Berry-Work\dev\DiffusionTool\BerryAIGen.Toolkit\BerryAIGen.Toolkit_b3ao1qf4_wpftmp.csproj]
F:\Berry-Work\dev\DiffusionTool\BerryAIGen.Toolkit\Services\ServiceLocator.cs(20,36): warning CS0169: The field 'ServiceLocator._messageService' is never used [F:\Berry-Work\dev\DiffusionTool\BerryAIGen.Toolkit\BerryAIGen.Toolkit_b3ao1qf4_wpftmp.csproj]
F:\Berry-Work\dev\DiffusionTool\BerryAIGen.Toolkit\Controls\ThumbnailViewModel.cs(26,22): warning CS0169: The field 'ThumbnailViewModel._showInThumbnails' is never used [F:\Berry-Work\dev\DiffusionTool\BerryAIGen.Toolkit\BerryAIGen.Toolkit_b3ao1qf4_wpftmp.csproj]
F:\Berry-Work\dev\DiffusionTool\BerryAIGen.Toolkit\Models\MainModel.cs(556,17): warning CS0169: The field 'MainModel._progressTarget' is never used [F:\Berry-Work\dev\DiffusionTool\BerryAIGen.Toolkit\BerryAIGen.Toolkit_b3ao1qf4_wpftmp.csproj]
F:\Berry-Work\dev\DiffusionTool\BerryAIGen.Toolkit\Controls\ThumbnailPaneModel.cs(29,18): warning CS0169: The field 'ThumbnailPaneModel._nextEnabled' is never used [F:\Berry-Work\dev\DiffusionTool\BerryAIGen.Toolkit\BerryAIGen.Toolkit_b3ao1qf4_wpftmp.csproj]
F:\Berry-Work\dev\DiffusionTool\BerryAIGen.Toolkit\Configuration\Settings.cs(16,26): warning CS0169: The field 'Settings._excludePaths' is never used [F:\Berry-Work\dev\DiffusionTool\BerryAIGen.Toolkit\BerryAIGen.Toolkit_b3ao1qf4_wpftmp.csproj]
F:\Berry-Work\dev\DiffusionTool\BerryAIGen.Toolkit\Models\SearchModel.cs(38,41): warning CS0169: The field 'SearchModel._albums' is never used [F:\Berry-Work\dev\DiffusionTool\BerryAIGen.Toolkit\BerryAIGen.Toolkit_b3ao1qf4_wpftmp.csproj]
F:\Berry-Work\dev\DiffusionTool\BerryAIGen.Toolkit\Controls\ThumbnailView.xaml.cs(40,36): warning CS0169: The field 'ThumbnailView._albums' is never used [F:\Berry-Work\dev\DiffusionTool\BerryAIGen.Toolkit\BerryAIGen.Toolkit_b3ao1qf4_wpftmp.csproj]
F:\Berry-Work\dev\DiffusionTool\BerryAIGen.Toolkit\Models\SettingsModel.cs(18,18): warning CS0169: The field 'SettingsModel._isFoldersDirty' is never used [F:\Berry-Work\dev\DiffusionTool\BerryAIGen.Toolkit\BerryAIGen.Toolkit_b3ao1qf4_wpftmp.csproj]
F:\Berry-Work\dev\DiffusionTool\BerryAIGen.Toolkit\Services\ServiceLocator.cs(48,34): warning CS0169: The field 'ServiceLocator._toastService' is never used [F:\Berry-Work\dev\DiffusionTool\BerryAIGen.Toolkit\BerryAIGen.Toolkit_b3ao1qf4_wpftmp.csproj]
F:\Berry-Work\dev\DiffusionTool\BerryAIGen.Toolkit\Controls\ThumbnailPaneModel.cs(30,18): warning CS0169: The field 'ThumbnailPaneModel._prevPageEnabled' is never used [F:\Berry-Work\dev\DiffusionTool\BerryAIGen.Toolkit\BerryAIGen.Toolkit_b3ao1qf4_wpftmp.csproj]
F:\Berry-Work\dev\DiffusionTool\BerryAIGen.Toolkit\Models\SettingsModel.cs(16,42): warning CS0169: The field 'SettingsModel._excludePaths' is never used [F:\Berry-Work\dev\DiffusionTool\BerryAIGen.Toolkit\BerryAIGen.Toolkit_b3ao1qf4_wpftmp.csproj]
F:\Berry-Work\dev\DiffusionTool\BerryAIGen.Toolkit\Services\ServiceLocator.cs(27,35): warning CS0169: The field 'ServiceLocator._searchService' is never used [F:\Berry-Work\dev\DiffusionTool\BerryAIGen.Toolkit\BerryAIGen.Toolkit_b3ao1qf4_wpftmp.csproj]
F:\Berry-Work\dev\DiffusionTool\BerryAIGen.Toolkit\Controls\ThumbnailPaneModel.cs(31,18): warning CS0169: The field 'ThumbnailPaneModel._firstPageEnabled' is never used [F:\Berry-Work\dev\DiffusionTool\BerryAIGen.Toolkit\BerryAIGen.Toolkit_b3ao1qf4_wpftmp.csproj]
F:\Berry-Work\dev\DiffusionTool\BerryAIGen.Toolkit\Models\SearchModel.cs(19,32): warning CS0169: The field 'SearchModel._mainModel' is never used [F:\Berry-Work\dev\DiffusionTool\BerryAIGen.Toolkit\BerryAIGen.Toolkit_b3ao1qf4_wpftmp.csproj]
F:\Berry-Work\dev\DiffusionTool\BerryAIGen.Toolkit\Configuration\Settings.cs(17,18): warning CS0169: The field 'Settings._dontShowWelcomeOnStartup' is never used [F:\Berry-Work\dev\DiffusionTool\BerryAIGen.Toolkit\BerryAIGen.Toolkit_b3ao1qf4_wpftmp.csproj]
F:\Berry-Work\dev\DiffusionTool\BerryAIGen.Toolkit\Controls\ThumbnailPanel.cs(68,17): warning CS0169: The field 'ThumbnailPanel._scrollTop' is never used [F:\Berry-Work\dev\DiffusionTool\BerryAIGen.Toolkit\BerryAIGen.Toolkit_b3ao1qf4_wpftmp.csproj]
F:\Berry-Work\dev\DiffusionTool\BerryAIGen.Toolkit\Controls\ThumbnailPaneModel.cs(25,22): warning CS0169: The field 'ThumbnailPaneModel._prevPage' is never used [F:\Berry-Work\dev\DiffusionTool\BerryAIGen.Toolkit\BerryAIGen.Toolkit_b3ao1qf4_wpftmp.csproj]
F:\Berry-Work\dev\DiffusionTool\BerryAIGen.Toolkit\Controls\ThumbnailPaneModel.cs(27,22): warning CS0169: The field 'ThumbnailPaneModel._firstPage' is never used [F:\Berry-Work\dev\DiffusionTool\BerryAIGen.Toolkit\BerryAIGen.Toolkit_b3ao1qf4_wpftmp.csproj]
F:\Berry-Work\dev\DiffusionTool\BerryAIGen.Toolkit\Services\ThumbnailNavigationService.cs(11,31): warning CS0067: The event 'ThumbnailNavigationService.PreviousPage' is never used [F:\Berry-Work\dev\DiffusionTool\BerryAIGen.Toolkit\BerryAIGen.Toolkit_b3ao1qf4_wpftmp.csproj]
F:\Berry-Work\dev\DiffusionTool\BerryAIGen.Toolkit\Controls\ComfyNodeStack.cs(60,17): warning CS0169: The field 'ComfyNodeStack.id' is never used [F:\Berry-Work\dev\DiffusionTool\BerryAIGen.Toolkit\BerryAIGen.Toolkit_b3ao1qf4_wpftmp.csproj]
F:\Berry-Work\dev\DiffusionTool\BerryAIGen.Toolkit\Localization\JsonLocalizationProvider.cs(97,51): warning CS0067: The event 'JsonLocalizationProvider.ProviderChanged' is never used [F:\Berry-Work\dev\DiffusionTool\BerryAIGen.Toolkit\BerryAIGen.Toolkit_b3ao1qf4_wpftmp.csproj]
F:\Berry-Work\dev\DiffusionTool\BerryAIGen.Toolkit\Controls\ThumbnailPaneModel.cs(26,22): warning CS0169: The field 'ThumbnailPaneModel._nextPage' is never used [F:\Berry-Work\dev\DiffusionTool\BerryAIGen.Toolkit\BerryAIGen.Toolkit_b3ao1qf4_wpftmp.csproj]
F:\Berry-Work\dev\DiffusionTool\BerryAIGen.Toolkit\Localization\JsonLocalizationProvider.cs(99,49): warning CS0067: The event 'JsonLocalizationProvider.ProviderError' is never used [F:\Berry-Work\dev\DiffusionTool\BerryAIGen.Toolkit\BerryAIGen.Toolkit_b3ao1qf4_wpftmp.csproj]
F:\Berry-Work\dev\DiffusionTool\BerryAIGen.Toolkit\Controls\ThumbnailPaneModel.cs(28,22): warning CS0169: The field 'ThumbnailPaneModel._lastPage' is never used [F:\Berry-Work\dev\DiffusionTool\BerryAIGen.Toolkit\BerryAIGen.Toolkit_b3ao1qf4_wpftmp.csproj]
F:\Berry-Work\dev\DiffusionTool\BerryAIGen.Toolkit\Controls\ThumbnailViewModel.cs(16,17): warning CS0169: The field 'ThumbnailViewModel._imageCount' is never used [F:\Berry-Work\dev\DiffusionTool\BerryAIGen.Toolkit\BerryAIGen.Toolkit_b3ao1qf4_wpftmp.csproj]
F:\Berry-Work\dev\DiffusionTool\BerryAIGen.Toolkit\Controls\ThumbnailPaneModel.cs(17,17): warning CS0169: The field 'ThumbnailPaneModel._imageCount' is never used [F:\Berry-Work\dev\DiffusionTool\BerryAIGen.Toolkit\BerryAIGen.Toolkit_b3ao1qf4_wpftmp.csproj]
F:\Berry-Work\dev\DiffusionTool\BerryAIGen.Toolkit\Models\ImageEntry.cs(13,18): warning CS0169: The field 'ImageEntry._isAlbum' is never used [F:\Berry-Work\dev\DiffusionTool\BerryAIGen.Toolkit\BerryAIGen.Toolkit_b3ao1qf4_wpftmp.csproj]
F:\Berry-Work\dev\DiffusionTool\BerryAIGen.Toolkit\Controls\ThumbnailPaneModel.cs(33,18): warning CS0169: The field 'ThumbnailPaneModel._fitToPreview' is never used [F:\Berry-Work\dev\DiffusionTool\BerryAIGen.Toolkit\BerryAIGen.Toolkit_b3ao1qf4_wpftmp.csproj]
F:\Berry-Work\dev\DiffusionTool\BerryAIGen.Toolkit\Models\MainModel.cs(24,22): warning CS0169: The field 'MainModel._showSettingsCommand' is never used [F:\Berry-Work\dev\DiffusionTool\BerryAIGen.Toolkit\BerryAIGen.Toolkit_b3ao1qf4_wpftmp.csproj]
F:\Berry-Work\dev\DiffusionTool\BerryAIGen.Toolkit\Services\ServiceLocator.cs(29,38): warning CS0169: The field 'ServiceLocator._thumbnailLoader' is never used [F:\Berry-Work\dev\DiffusionTool\BerryAIGen.Toolkit\BerryAIGen.Toolkit_b3ao1qf4_wpftmp.csproj]
F:\Berry-Work\dev\DiffusionTool\BerryAIGen.Toolkit\Thumbnails\ThumbnailService.cs(45,38): warning CS0169: The field 'ThumbnailService._instance' is never used [F:\Berry-Work\dev\DiffusionTool\BerryAIGen.Toolkit\BerryAIGen.Toolkit_b3ao1qf4_wpftmp.csproj]
F:\Berry-Work\dev\DiffusionTool\BerryAIGen.Toolkit\BorderlessWindow.cs(108,22): warning CS0414: The field 'BorderlessWindow.isManualDrag' is assigned but its value is never used [F:\Berry-Work\dev\DiffusionTool\BerryAIGen.Toolkit\BerryAIGen.Toolkit_b3ao1qf4_wpftmp.csproj]
F:\Berry-Work\dev\DiffusionTool\BerryAIGen.Toolkit\Controls\ThumbnailPanel.cs(97,17): warning CS0414: The field 'ThumbnailPanel.maxSize' is assigned but its value is never used [F:\Berry-Work\dev\DiffusionTool\BerryAIGen.Toolkit\BerryAIGen.Toolkit_b3ao1qf4_wpftmp.csproj]
F:\Berry-Work\dev\DiffusionTool\BerryAIGen.Toolkit\Pages\Search.xaml.Folders.cs(143,22): warning CS0414: The field 'Search._dragStarted' is assigned but its value is never used [F:\Berry-Work\dev\DiffusionTool\BerryAIGen.Toolkit\BerryAIGen.Toolkit_b3ao1qf4_wpftmp.csproj]
F:\Berry-Work\dev\DiffusionTool\BerryAIGen.Toolkit\LanguageSelectionWindow.xaml.cs(102,82): error CS0104: 'Uri' is an ambiguous reference between 'BerryAIGen.Toolkit.Common.Uri' and 'System.Uri' [F:\Berry-Work\dev\DiffusionTool\BerryAIGen.Toolkit\BerryAIGen.Toolkit_b3ao1qf4_wpftmp.csproj]
    1040 Warning(s)
    1 Error(s)

Time Elapsed 00:00:15.85
